  Determining projects to restore...
  All projects are up-to-date for restore.
  VideoForensics.Data.Common -> C:\Users\richa\source\repos\VideoForensics\src\data\common\data.common\bin\Debug\net10.0\VideoForensics.Data.Common.dll
  VideoForensics.Forensics -> C:\Users\richa\source\repos\VideoForensics\src\core\helpers\core.helpers\core.forensics\bin\Debug\net10.0\VideoForensics.Forensics.dll
  VideoForensics.Providers.Common -> C:\Users\richa\source\repos\VideoForensics\src\core\providers\providers-common\bin\Debug\net10.0\VideoForensics.Providers.Common.dll
  VideoForensics.Core.Logging -> C:\Users\richa\source\repos\VideoForensics\src\core\core\core.logging\bin\Debug\net10.0\VideoForensics.Core.Logging.dll
  VideoForensics.Providers.Common.Helpers -> C:\Users\richa\source\repos\VideoForensics\src\core\helpers\core.helpers\bin\Debug\net10.0\VideoForensics.Providers.Common.Helpers.dll
  VideoForensics.Providers.Ring.Common -> C:\Users\richa\source\repos\VideoForensics\src\providers\ring\common\bin\Debug\net10.0\VideoForensics.Providers.Ring.Common.dll
  VideoForensics.Providers.Ring.Video -> C:\Users\richa\source\repos\VideoForensics\src\providers\ring\video\bin\Debug\net10.0\VideoForensics.Providers.Ring.Video.dll
  VideoForensics.Data.Core -> C:\Users\richa\source\repos\VideoForensics\src\data\core\data.core\bin\Debug\net10.0\VideoForensics.Data.Core.dll
  VideoForensics.Client.Common -> C:\Users\richa\source\repos\VideoForensics\src\client\common\VideoForensics.Client.Common\bin\Debug\net10.0\VideoForensics.Client.Common.dll
  VideoForensics.Providers.Core -> C:\Users\richa\source\repos\VideoForensics\src\core\providers\providers-core\bin\Debug\net10.0\VideoForensics.Providers.Core.dll
  VideoForensics.Providers.Ring.Auth -> C:\Users\richa\source\repos\VideoForensics\src\providers\ring\auth\bin\Debug\net10.0\VideoForensics.Providers.Ring.Auth.dll
  VideoForensics.Providers.Ring.Forensics -> C:\Users\richa\source\repos\VideoForensics\src\core\forensics\bin\Debug\net10.0\VideoForensics.Providers.Ring.Forensics.dll
  VideoForensics.Providers.Ring.Core -> C:\Users\richa\source\repos\VideoForensics\src\providers\ring\core\bin\Debug\net10.0\VideoForensics.Providers.Ring.Core.dll
  VideoForensics.Providers.Ring -> C:\Users\richa\source\repos\VideoForensics\src\providers\ring\provider\bin\Debug\net10.0\VideoForensics.Ring.dll
  VideoForensics.Client.Core -> C:\Users\richa\source\repos\VideoForensics\src\client\core\VideoForensics.Client.Core\bin\Debug\net10.0\VideoForensics.Client.Core.dll
C:\Users\richa\source\repos\VideoForensics\src\client\ui\VideoForensics.Ui.Shared\Components\EventDetailsDialog.razor(3,1): warning RZ10012: Found markup element with unexpected name 'RadzenStack'. If this is intended to be a component, add a @using directive for its namespace. [C:\Users\richa\source\repos\VideoForensics\src\client\ui\VideoForensics.Ui.Shared\VideoForensics.Ui.Shared.csproj]
C:\Users\richa\source\repos\VideoForensics\src\client\ui\VideoForensics.Ui.Shared\Components\EventDetailsDialog.razor(16,5): warning RZ10012: Found markup element with unexpected name 'RadzenText'. If this is intended to be a component, add a @using directive for its namespace. [C:\Users\richa\source\repos\VideoForensics\src\client\ui\VideoForensics.Ui.Shared\VideoForensics.Ui.Shared.csproj]
C:\Users\richa\source\repos\VideoForensics\src\client\ui\VideoForensics.Ui.Shared\Components\EventDetailsDialog.razor(17,5): warning RZ10012: Found markup element with unexpected name 'RadzenStack'. If this is intended to be a component, add a @using directive for its namespace. [C:\Users\richa\source\repos\VideoForensics\src\client\ui\VideoForensics.Ui.Shared\VideoForensics.Ui.Shared.csproj]
C:\Users\richa\source\repos\VideoForensics\src\client\ui\VideoForensics.Ui.Shared\Components\EventDetailsDialog.razor(17,68): warning RZ10012: Found markup element with unexpected name 'RadzenText'. If this is intended to be a component, add a @using directive for its namespace. [C:\Users\richa\source\repos\VideoForensics\src\client\ui\VideoForensics.Ui.Shared\VideoForensics.Ui.Shared.csproj]
C:\Users\richa\source\repos\VideoForensics\src\client\ui\VideoForensics.Ui.Shared\Components\EventDetailsDialog.razor(17,126): warning RZ10012: Found markup element with unexpected name 'RadzenText'. If this is intended to be a component, add a @using directive for its namespace. [C:\Users\richa\source\repos\VideoForensics\src\client\ui\VideoForensics.Ui.Shared\VideoForensics.Ui.Shared.csproj]
C:\Users\richa\source\repos\VideoForensics\src\client\ui\VideoForensics.Ui.Shared\Components\EventDetailsDialog.razor(18,5): warning RZ10012: Found markup element with unexpected name 'RadzenStack'. If this is intended to be a component, add a @using directive for its namespace. [C:\Users\richa\source\repos\VideoForensics\src\client\ui\VideoForensics.Ui.Shared\VideoForensics.Ui.Shared.csproj]
C:\Users\richa\source\repos\VideoForensics\src\client\ui\VideoForensics.Ui.Shared\Components\EventDetailsDialog.razor(18,68): warning RZ10012: Found markup element with unexpected name 'RadzenText'. If this is intended to be a component, add a @using directive for its namespace. [C:\Users\richa\source\repos\VideoForensics\src\client\ui\VideoForensics.Ui.Shared\VideoForensics.Ui.Shared.csproj]
C:\Users\richa\source\repos\VideoForensics\src\client\ui\VideoForensics.Ui.Shared\Components\EventDetailsDialog.razor(18,139): warning RZ10012: Found markup element with unexpected name 'RadzenText'. If this is intended to be a component, add a @using directive for its namespace. [C:\Users\richa\source\repos\VideoForensics\src\client\ui\VideoForensics.Ui.Shared\VideoForensics.Ui.Shared.csproj]
C:\Users\richa\source\repos\VideoForensics\src\client\ui\VideoForensics.Ui.Shared\Components\EventDetailsDialog.razor(19,5): warning RZ10012: Found markup element with unexpected name 'RadzenStack'. If this is intended to be a component, add a @using directive for its namespace. [C:\Users\richa\source\repos\VideoForensics\src\client\ui\VideoForensics.Ui.Shared\VideoForensics.Ui.Shared.csproj]
C:\Users\richa\source\repos\VideoForensics\src\client\ui\VideoForensics.Ui.Shared\Components\EventDetailsDialog.razor(19,68): warning RZ10012: Found markup element with unexpected name 'RadzenText'. If this is intended to be a component, add a @using directive for its namespace. [C:\Users\richa\source\repos\VideoForensics\src\client\ui\VideoForensics.Ui.Shared\VideoForensics.Ui.Shared.csproj]
C:\Users\richa\source\repos\VideoForensics\src\client\ui\VideoForensics.Ui.Shared\Components\EventDetailsDialog.razor(19,141): warning RZ10012: Found markup element with unexpected name 'RadzenText'. If this is intended to be a component, add a @using directive for its namespace. [C:\Users\richa\source\repos\VideoForensics\src\client\ui\VideoForensics.Ui.Shared\VideoForensics.Ui.Shared.csproj]
C:\Users\richa\source\repos\VideoForensics\src\client\ui\VideoForensics.Ui.Shared\Components\EventDetailsDialog.razor(20,5): warning RZ10012: Found markup element with unexpected name 'RadzenStack'. If this is intended to be a component, add a @using directive for its namespace. [C:\Users\richa\source\repos\VideoForensics\src\client\ui\VideoForensics.Ui.Shared\VideoForensics.Ui.Shared.csproj]
C:\Users\richa\source\repos\VideoForensics\src\client\ui\VideoForensics.Ui.Shared\Components\EventDetailsDialog.razor(20,68): warning RZ10012: Found markup element with unexpected name 'RadzenText'. If this is intended to be a component, add a @using directive for its namespace. [C:\Users\richa\source\repos\VideoForensics\src\client\ui\VideoForensics.Ui.Shared\VideoForensics.Ui.Shared.csproj]
C:\Users\richa\source\repos\VideoForensics\src\client\ui\VideoForensics.Ui.Shared\Components\EventDetailsDialog.razor(20,141): warning RZ10012: Found markup element with unexpected name 'RadzenText'. If this is intended to be a component, add a @using directive for its namespace. [C:\Users\richa\source\repos\VideoForensics\src\client\ui\VideoForensics.Ui.Shared\VideoForensics.Ui.Shared.csproj]
C:\Users\richa\source\repos\VideoForensics\src\client\ui\VideoForensics.Ui.Shared\Components\EventDetailsDialog.razor(21,5): warning RZ10012: Found markup element with unexpected name 'RadzenStack'. If this is intended to be a component, add a @using directive for its namespace. [C:\Users\richa\source\repos\VideoForensics\src\client\ui\VideoForensics.Ui.Shared\VideoForensics.Ui.Shared.csproj]
C:\Users\richa\source\repos\VideoForensics\src\client\ui\VideoForensics.Ui.Shared\Components\EventDetailsDialog.razor(21,68): warning RZ10012: Found markup element with unexpected name 'RadzenText'. If this is intended to be a component, add a @using directive for its namespace. [C:\Users\richa\source\repos\VideoForensics\src\client\ui\VideoForensics.Ui.Shared\VideoForensics.Ui.Shared.csproj]
C:\Users\richa\source\repos\VideoForensics\src\client\ui\VideoForensics.Ui.Shared\Components\EventDetailsDialog.razor(21,139): warning RZ10012: Found markup element with unexpected name 'RadzenText'. If this is intended to be a component, add a @using directive for its namespace. [C:\Users\richa\source\repos\VideoForensics\src\client\ui\VideoForensics.Ui.Shared\VideoForensics.Ui.Shared.csproj]
C:\Users\richa\source\repos\VideoForensics\src\client\ui\VideoForensics.Ui.Shared\Components\EventDetailsDialog.razor(24,9): warning RZ10012: Found markup element with unexpected name 'RadzenStack'. If this is intended to be a component, add a @using directive for its namespace. [C:\Users\richa\source\repos\VideoForensics\src\client\ui\VideoForensics.Ui.Shared\VideoForensics.Ui.Shared.csproj]
C:\Users\richa\source\repos\VideoForensics\src\client\ui\VideoForensics.Ui.Shared\Components\EventDetailsDialog.razor(24,72): warning RZ10012: Found markup element with unexpected name 'RadzenText'. If this is intended to be a component, add a @using directive for its namespace. [C:\Users\richa\source\repos\VideoForensics\src\client\ui\VideoForensics.Ui.Shared\VideoForensics.Ui.Shared.csproj]
C:\Users\richa\source\repos\VideoForensics\src\client\ui\VideoForensics.Ui.Shared\Components\EventDetailsDialog.razor(24,138): warning RZ10012: Found markup element with unexpected name 'RadzenText'. If this is intended to be a component, add a @using directive for its namespace. [C:\Users\richa\source\repos\VideoForensics\src\client\ui\VideoForensics.Ui.Shared\VideoForensics.Ui.Shared.csproj]
C:\Users\richa\source\repos\VideoForensics\src\client\ui\VideoForensics.Ui.Shared\Components\EventDetailsDialog.razor(29,9): warning RZ10012: Found markup element with unexpected name 'RadzenText'. If this is intended to be a component, add a @using directive for its namespace. [C:\Users\richa\source\repos\VideoForensics\src\client\ui\VideoForensics.Ui.Shared\VideoForensics.Ui.Shared.csproj]
C:\Users\richa\source\repos\VideoForensics\src\client\ui\VideoForensics.Ui.Shared\Components\EventDetailsDialog.razor(30,9): warning RZ10012: Found markup element with unexpected name 'RadzenStack'. If this is intended to be a component, add a @using directive for its namespace. [C:\Users\richa\source\repos\VideoForensics\src\client\ui\VideoForensics.Ui.Shared\VideoForensics.Ui.Shared.csproj]
C:\Users\richa\source\repos\VideoForensics\src\client\ui\VideoForensics.Ui.Shared\Components\EventDetailsDialog.razor(30,72): warning RZ10012: Found markup element with unexpected name 'RadzenText'. If this is intended to be a component, add a @using directive for its namespace. [C:\Users\richa\source\repos\VideoForensics\src\client\ui\VideoForensics.Ui.Shared\VideoForensics.Ui.Shared.csproj]
C:\Users\richa\source\repos\VideoForensics\src\client\ui\VideoForensics.Ui.Shared\Components\EventDetailsDialog.razor(30,135): warning RZ10012: Found markup element with unexpected name 'RadzenText'. If this is intended to be a component, add a @using directive for its namespace. [C:\Users\richa\source\repos\VideoForensics\src\client\ui\VideoForensics.Ui.Shared\VideoForensics.Ui.Shared.csproj]
C:\Users\richa\source\repos\VideoForensics\src\client\ui\VideoForensics.Ui.Shared\Components\EventDetailsDialog.razor(31,9): warning RZ10012: Found markup element with unexpected name 'RadzenStack'. If this is intended to be a component, add a @using directive for its namespace. [C:\Users\richa\source\repos\VideoForensics\src\client\ui\VideoForensics.Ui.Shared\VideoForensics.Ui.Shared.csproj]
C:\Users\richa\source\repos\VideoForensics\src\client\ui\VideoForensics.Ui.Shared\Components\EventDetailsDialog.razor(31,72): warning RZ10012: Found markup element with unexpected name 'RadzenText'. If this is intended to be a component, add a @using directive for its namespace. [C:\Users\richa\source\repos\VideoForensics\src\client\ui\VideoForensics.Ui.Shared\VideoForensics.Ui.Shared.csproj]
C:\Users\richa\source\repos\VideoForensics\src\client\ui\VideoForensics.Ui.Shared\Components\EventDetailsDialog.razor(31,132): warning RZ10012: Found markup element with unexpected name 'RadzenText'. If this is intended to be a component, add a @using directive for its namespace. [C:\Users\richa\source\repos\VideoForensics\src\client\ui\VideoForensics.Ui.Shared\VideoForensics.Ui.Shared.csproj]
C:\Users\richa\source\repos\VideoForensics\src\client\ui\VideoForensics.Ui.Shared\Components\EventDetailsDialog.razor(32,9): warning RZ10012: Found markup element with unexpected name 'RadzenStack'. If this is intended to be a component, add a @using directive for its namespace. [C:\Users\richa\source\repos\VideoForensics\src\client\ui\VideoForensics.Ui.Shared\VideoForensics.Ui.Shared.csproj]
C:\Users\richa\source\repos\VideoForensics\src\client\ui\VideoForensics.Ui.Shared\Components\EventDetailsDialog.razor(32,72): warning RZ10012: Found markup element with unexpected name 'RadzenText'. If this is intended to be a component, add a @using directive for its namespace. [C:\Users\richa\source\repos\VideoForensics\src\client\ui\VideoForensics.Ui.Shared\VideoForensics.Ui.Shared.csproj]
C:\Users\richa\source\repos\VideoForensics\src\client\ui\VideoForensics.Ui.Shared\Components\EventDetailsDialog.razor(32,135): warning RZ10012: Found markup element with unexpected name 'RadzenText'. If this is intended to be a component, add a @using directive for its namespace. [C:\Users\richa\source\repos\VideoForensics\src\client\ui\VideoForensics.Ui.Shared\VideoForensics.Ui.Shared.csproj]
C:\Users\richa\source\repos\VideoForensics\src\client\ui\VideoForensics.Ui.Shared\Components\EventDetailsDialog.razor(35,13): warning RZ10012: Found markup element with unexpected name 'RadzenStack'. If this is intended to be a component, add a @using directive for its namespace. [C:\Users\richa\source\repos\VideoForensics\src\client\ui\VideoForensics.Ui.Shared\VideoForensics.Ui.Shared.csproj]
C:\Users\richa\source\repos\VideoForensics\src\client\ui\VideoForensics.Ui.Shared\Components\EventDetailsDialog.razor(35,76): warning RZ10012: Found markup element with unexpected name 'RadzenText'. If this is intended to be a component, add a @using directive for its namespace. [C:\Users\richa\source\repos\VideoForensics\src\client\ui\VideoForensics.Ui.Shared\VideoForensics.Ui.Shared.csproj]
C:\Users\richa\source\repos\VideoForensics\src\client\ui\VideoForensics.Ui.Shared\Components\EventDetailsDialog.razor(35,140): warning RZ10012: Found markup element with unexpected name 'RadzenText'. If this is intended to be a component, add a @using directive for its namespace. [C:\Users\richa\source\repos\VideoForensics\src\client\ui\VideoForensics.Ui.Shared\VideoForensics.Ui.Shared.csproj]
C:\Users\richa\source\repos\VideoForensics\src\client\ui\VideoForensics.Ui.Shared\Components\EventDetailsDialog.razor(37,9): warning RZ10012: Found markup element with unexpected name 'RadzenStack'. If this is intended to be a component, add a @using directive for its namespace. [C:\Users\richa\source\repos\VideoForensics\src\client\ui\VideoForensics.Ui.Shared\VideoForensics.Ui.Shared.csproj]
C:\Users\richa\source\repos\VideoForensics\src\client\ui\VideoForensics.Ui.Shared\Components\EventDetailsDialog.razor(37,72): warning RZ10012: Found markup element with unexpected name 'RadzenText'. If this is intended to be a component, add a @using directive for its namespace. [C:\Users\richa\source\repos\VideoForensics\src\client\ui\VideoForensics.Ui.Shared\VideoForensics.Ui.Shared.csproj]
C:\Users\richa\source\repos\VideoForensics\src\client\ui\VideoForensics.Ui.Shared\Components\EventDetailsDialog.razor(37,135): warning RZ10012: Found markup element with unexpected name 'RadzenText'. If this is intended to be a component, add a @using directive for its namespace. [C:\Users\richa\source\repos\VideoForensics\src\client\ui\VideoForensics.Ui.Shared\VideoForensics.Ui.Shared.csproj]
C:\Users\richa\source\repos\VideoForensics\src\client\ui\VideoForensics.Ui.Shared\Components\EventDetailsDialog.razor(38,9): warning RZ10012: Found markup element with unexpected name 'RadzenStack'. If this is intended to be a component, add a @using directive for its namespace. [C:\Users\richa\source\repos\VideoForensics\src\client\ui\VideoForensics.Ui.Shared\VideoForensics.Ui.Shared.csproj]
C:\Users\richa\source\repos\VideoForensics\src\client\ui\VideoForensics.Ui.Shared\Components\EventDetailsDialog.razor(38,72): warning RZ10012: Found markup element with unexpected name 'RadzenText'. If this is intended to be a component, add a @using directive for its namespace. [C:\Users\richa\source\repos\VideoForensics\src\client\ui\VideoForensics.Ui.Shared\VideoForensics.Ui.Shared.csproj]
C:\Users\richa\source\repos\VideoForensics\src\client\ui\VideoForensics.Ui.Shared\Components\EventDetailsDialog.razor(38,136): warning RZ10012: Found markup element with unexpected name 'RadzenText'. If this is intended to be a component, add a @using directive for its namespace. [C:\Users\richa\source\repos\VideoForensics\src\client\ui\VideoForensics.Ui.Shared\VideoForensics.Ui.Shared.csproj]
C:\Users\richa\source\repos\VideoForensics\src\client\ui\VideoForensics.Ui.Shared\Components\EventDetailsDialog.razor(41,5): warning RZ10012: Found markup element with unexpected name 'RadzenStack'. If this is intended to be a component, add a @using directive for its namespace. [C:\Users\richa\source\repos\VideoForensics\src\client\ui\VideoForensics.Ui.Shared\VideoForensics.Ui.Shared.csproj]
C:\Users\richa\source\repos\VideoForensics\src\client\ui\VideoForensics.Ui.Shared\Components\EventDetailsDialog.razor(42,9): warning RZ10012: Found markup element with unexpected name 'RadzenButton'. If this is intended to be a component, add a @using directive for its namespace. [C:\Users\richa\source\repos\VideoForensics\src\client\ui\VideoForensics.Ui.Shared\VideoForensics.Ui.Shared.csproj]
C:\Users\richa\source\repos\VideoForensics\src\client\ui\VideoForensics.Ui.Shared\Dialogs\FolderBrowserDialog.razor(9,5): warning RZ10012: Found markup element with unexpected name 'RadzenText'. If this is intended to be a component, add a @using directive for its namespace. [C:\Users\richa\source\repos\VideoForensics\src\client\ui\VideoForensics.Ui.Shared\VideoForensics.Ui.Shared.csproj]
C:\Users\richa\source\repos\VideoForensics\src\client\ui\VideoForensics.Ui.Shared\Dialogs\FolderBrowserDialog.razor(11,5): warning RZ10012: Found markup element with unexpected name 'RadzenStack'. If this is intended to be a component, add a @using directive for its namespace. [C:\Users\richa\source\repos\VideoForensics\src\client\ui\VideoForensics.Ui.Shared\VideoForensics.Ui.Shared.csproj]
C:\Users\richa\source\repos\VideoForensics\src\client\ui\VideoForensics.Ui.Shared\Dialogs\FolderBrowserDialog.razor(14,13): warning RZ10012: Found markup element with unexpected name 'RadzenButton'. If this is intended to be a component, add a @using directive for its namespace. [C:\Users\richa\source\repos\VideoForensics\src\client\ui\VideoForensics.Ui.Shared\VideoForensics.Ui.Shared.csproj]
C:\Users\richa\source\repos\VideoForensics\src\client\ui\VideoForensics.Ui.Shared\Dialogs\FolderBrowserDialog.razor(18,13): warning RZ10012: Found markup element with unexpected name 'RadzenButton'. If this is intended to be a component, add a @using directive for its namespace. [C:\Users\richa\source\repos\VideoForensics\src\client\ui\VideoForensics.Ui.Shared\VideoForensics.Ui.Shared.csproj]
C:\Users\richa\source\repos\VideoForensics\src\client\ui\VideoForensics.Ui.Shared\Dialogs\FolderBrowserDialog.razor(22,5): warning RZ10012: Found markup element with unexpected name 'RadzenStack'. If this is intended to be a component, add a @using directive for its namespace. [C:\Users\richa\source\repos\VideoForensics\src\client\ui\VideoForensics.Ui.Shared\VideoForensics.Ui.Shared.csproj]
C:\Users\richa\source\repos\VideoForensics\src\client\ui\VideoForensics.Ui.Shared\Dialogs\FolderBrowserDialog.razor(23,9): warning RZ10012: Found markup element with unexpected name 'RadzenButton'. If this is intended to be a component, add a @using directive for its namespace. [C:\Users\richa\source\repos\VideoForensics\src\client\ui\VideoForensics.Ui.Shared\VideoForensics.Ui.Shared.csproj]
C:\Users\richa\source\repos\VideoForensics\src\client\ui\VideoForensics.Ui.Shared\Dialogs\FolderBrowserDialog.razor(24,9): warning RZ10012: Found markup element with unexpected name 'RadzenButton'. If this is intended to be a component, add a @using directive for its namespace. [C:\Users\richa\source\repos\VideoForensics\src\client\ui\VideoForensics.Ui.Shared\VideoForensics.Ui.Shared.csproj]
C:\Users\richa\source\repos\VideoForensics\src\client\ui\VideoForensics.Ui.Shared\Layout\MainLayout.razor(16,13): warning RZ10012: Found markup element with unexpected name 'RadzenButton'. If this is intended to be a component, add a @using directive for its namespace. [C:\Users\richa\source\repos\VideoForensics\src\client\ui\VideoForensics.Ui.Shared\VideoForensics.Ui.Shared.csproj]
C:\Users\richa\source\repos\VideoForensics\src\client\ui\VideoForensics.Ui.Shared\Layout\MainLayout.razor(22,21): warning RZ10012: Found markup element with unexpected name 'RadzenButton'. If this is intended to be a component, add a @using directive for its namespace. [C:\Users\richa\source\repos\VideoForensics\src\client\ui\VideoForensics.Ui.Shared\VideoForensics.Ui.Shared.csproj]
C:\Users\richa\source\repos\VideoForensics\src\client\ui\VideoForensics.Ui.Shared\Layout\MainLayout.razor(28,13): warning RZ10012: Found markup element with unexpected name 'RadzenButton'. If this is intended to be a component, add a @using directive for its namespace. [C:\Users\richa\source\repos\VideoForensics\src\client\ui\VideoForensics.Ui.Shared\VideoForensics.Ui.Shared.csproj]
C:\Users\richa\source\repos\VideoForensics\src\client\ui\VideoForensics.Ui.Shared\Layout\MainLayout.razor(41,29): warning RZ10012: Found markup element with unexpected name 'RadzenButton'. If this is intended to be a component, add a @using directive for its namespace. [C:\Users\richa\source\repos\VideoForensics\src\client\ui\VideoForensics.Ui.Shared\VideoForensics.Ui.Shared.csproj]
C:\Users\richa\source\repos\VideoForensics\src\client\ui\VideoForensics.Ui.Shared\Dialogs\FolderBrowserDialog.razor(5,9): error CS0246: The type or namespace name 'DialogService' could not be found (are you missing a using directive or an assembly reference?) [C:\Users\richa\source\repos\VideoForensics\src\client\ui\VideoForensics.Ui.Shared\VideoForensics.Ui.Shared.csproj]
C:\Users\richa\source\repos\VideoForensics\src\client\ui\VideoForensics.Ui.Shared\Components\EventDetailsDialog.razor(1,9): error CS0246: The type or namespace name 'DialogService' could not be found (are you missing a using directive or an assembly reference?) [C:\Users\richa\source\repos\VideoForensics\src\client\ui\VideoForensics.Ui.Shared\VideoForensics.Ui.Shared.csproj]
C:\Users\richa\source\repos\VideoForensics\src\client\ui\VideoForensics.Ui.Shared\Pages\Events.razor(303,73): error CS0234: The type or namespace name 'GridContextMenuClickEventArgs<>' does not exist in the namespace 'Syncfusion.Blazor.Grids' (are you missing an assembly reference?) [C:\Users\richa\source\repos\VideoForensics\src\client\ui\VideoForensics.Ui.Shared\VideoForensics.Ui.Shared.csproj]
C:\Users\richa\source\repos\VideoForensics\src\client\ui\VideoForensics.Ui.Shared\Pages\Events.razor(19,9): error CS0246: The type or namespace name 'DialogService' could not be found (are you missing a using directive or an assembly reference?) [C:\Users\richa\source\repos\VideoForensics\src\client\ui\VideoForensics.Ui.Shared\VideoForensics.Ui.Shared.csproj]
C:\Users\richa\source\repos\VideoForensics\src\client\ui\VideoForensics.Ui.Shared\Pages\ImportExport.razor(9,9): error CS0246: The type or namespace name 'DialogService' could not be found (are you missing a using directive or an assembly reference?) [C:\Users\richa\source\repos\VideoForensics\src\client\ui\VideoForensics.Ui.Shared\VideoForensics.Ui.Shared.csproj]
C:\Users\richa\source\repos\VideoForensics\src\client\ui\VideoForensics.Ui.Shared\Pages\Events.razor(18,9): error CS0246: The type or namespace name 'ContextMenuService' could not be found (are you missing a using directive or an assembly reference?) [C:\Users\richa\source\repos\VideoForensics\src\client\ui\VideoForensics.Ui.Shared\VideoForensics.Ui.Shared.csproj]
C:\Users\richa\source\repos\VideoForensics\src\client\ui\VideoForensics.Ui.Shared\Pages\Events.razor(17,9): error CS0246: The type or namespace name 'NotificationService' could not be found (are you missing a using directive or an assembly reference?) [C:\Users\richa\source\repos\VideoForensics\src\client\ui\VideoForensics.Ui.Shared\VideoForensics.Ui.Shared.csproj]

Build FAILED.

C:\Users\richa\source\repos\VideoForensics\src\client\ui\VideoForensics.Ui.Shared\Components\EventDetailsDialog.razor(3,1): warning RZ10012: Found markup element with unexpected name 'RadzenStack'. If this is intended to be a component, add a @using directive for its namespace. [C:\Users\richa\source\repos\VideoForensics\src\client\ui\VideoForensics.Ui.Shared\VideoForensics.Ui.Shared.csproj]
C:\Users\richa\source\repos\VideoForensics\src\client\ui\VideoForensics.Ui.Shared\Components\EventDetailsDialog.razor(16,5): warning RZ10012: Found markup element with unexpected name 'RadzenText'. If this is intended to be a component, add a @using directive for its namespace. [C:\Users\richa\source\repos\VideoForensics\src\client\ui\VideoForensics.Ui.Shared\VideoForensics.Ui.Shared.csproj]
C:\Users\richa\source\repos\VideoForensics\src\client\ui\VideoForensics.Ui.Shared\Components\EventDetailsDialog.razor(17,5): warning RZ10012: Found markup element with unexpected name 'RadzenStack'. If this is intended to be a component, add a @using directive for its namespace. [C:\Users\richa\source\repos\VideoForensics\src\client\ui\VideoForensics.Ui.Shared\VideoForensics.Ui.Shared.csproj]
C:\Users\richa\source\repos\VideoForensics\src\client\ui\VideoForensics.Ui.Shared\Components\EventDetailsDialog.razor(17,68): warning RZ10012: Found markup element with unexpected name 'RadzenText'. If this is intended to be a component, add a @using directive for its namespace. [C:\Users\richa\source\repos\VideoForensics\src\client\ui\VideoForensics.Ui.Shared\VideoForensics.Ui.Shared.csproj]
C:\Users\richa\source\repos\VideoForensics\src\client\ui\VideoForensics.Ui.Shared\Components\EventDetailsDialog.razor(17,126): warning RZ10012: Found markup element with unexpected name 'RadzenText'. If this is intended to be a component, add a @using directive for its namespace. [C:\Users\richa\source\repos\VideoForensics\src\client\ui\VideoForensics.Ui.Shared\VideoForensics.Ui.Shared.csproj]
C:\Users\richa\source\repos\VideoForensics\src\client\ui\VideoForensics.Ui.Shared\Components\EventDetailsDialog.razor(18,5): warning RZ10012: Found markup element with unexpected name 'RadzenStack'. If this is intended to be a component, add a @using directive for its namespace. [C:\Users\richa\source\repos\VideoForensics\src\client\ui\VideoForensics.Ui.Shared\VideoForensics.Ui.Shared.csproj]
C:\Users\richa\source\repos\VideoForensics\src\client\ui\VideoForensics.Ui.Shared\Components\EventDetailsDialog.razor(18,68): warning RZ10012: Found markup element with unexpected name 'RadzenText'. If this is intended to be a component, add a @using directive for its namespace. [C:\Users\richa\source\repos\VideoForensics\src\client\ui\VideoForensics.Ui.Shared\VideoForensics.Ui.Shared.csproj]
C:\Users\richa\source\repos\VideoForensics\src\client\ui\VideoForensics.Ui.Shared\Components\EventDetailsDialog.razor(18,139): warning RZ10012: Found markup element with unexpected name 'RadzenText'. If this is intended to be a component, add a @using directive for its namespace. [C:\Users\richa\source\repos\VideoForensics\src\client\ui\VideoForensics.Ui.Shared\VideoForensics.Ui.Shared.csproj]
C:\Users\richa\source\repos\VideoForensics\src\client\ui\VideoForensics.Ui.Shared\Components\EventDetailsDialog.razor(19,5): warning RZ10012: Found markup element with unexpected name 'RadzenStack'. If this is intended to be a component, add a @using directive for its namespace. [C:\Users\richa\source\repos\VideoForensics\src\client\ui\VideoForensics.Ui.Shared\VideoForensics.Ui.Shared.csproj]
C:\Users\richa\source\repos\VideoForensics\src\client\ui\VideoForensics.Ui.Shared\Components\EventDetailsDialog.razor(19,68): warning RZ10012: Found markup element with unexpected name 'RadzenText'. If this is intended to be a component, add a @using directive for its namespace. [C:\Users\richa\source\repos\VideoForensics\src\client\ui\VideoForensics.Ui.Shared\VideoForensics.Ui.Shared.csproj]
C:\Users\richa\source\repos\VideoForensics\src\client\ui\VideoForensics.Ui.Shared\Components\EventDetailsDialog.razor(19,141): warning RZ10012: Found markup element with unexpected name 'RadzenText'. If this is intended to be a component, add a @using directive for its namespace. [C:\Users\richa\source\repos\VideoForensics\src\client\ui\VideoForensics.Ui.Shared\VideoForensics.Ui.Shared.csproj]
C:\Users\richa\source\repos\VideoForensics\src\client\ui\VideoForensics.Ui.Shared\Components\EventDetailsDialog.razor(20,5): warning RZ10012: Found markup element with unexpected name 'RadzenStack'. If this is intended to be a component, add a @using directive for its namespace. [C:\Users\richa\source\repos\VideoForensics\src\client\ui\VideoForensics.Ui.Shared\VideoForensics.Ui.Shared.csproj]
C:\Users\richa\source\repos\VideoForensics\src\client\ui\VideoForensics.Ui.Shared\Components\EventDetailsDialog.razor(20,68): warning RZ10012: Found markup element with unexpected name 'RadzenText'. If this is intended to be a component, add a @using directive for its namespace. [C:\Users\richa\source\repos\VideoForensics\src\client\ui\VideoForensics.Ui.Shared\VideoForensics.Ui.Shared.csproj]
C:\Users\richa\source\repos\VideoForensics\src\client\ui\VideoForensics.Ui.Shared\Components\EventDetailsDialog.razor(20,141): warning RZ10012: Found markup element with unexpected name 'RadzenText'. If this is intended to be a component, add a @using directive for its namespace. [C:\Users\richa\source\repos\VideoForensics\src\client\ui\VideoForensics.Ui.Shared\VideoForensics.Ui.Shared.csproj]
C:\Users\richa\source\repos\VideoForensics\src\client\ui\VideoForensics.Ui.Shared\Components\EventDetailsDialog.razor(21,5): warning RZ10012: Found markup element with unexpected name 'RadzenStack'. If this is intended to be a component, add a @using directive for its namespace. [C:\Users\richa\source\repos\VideoForensics\src\client\ui\VideoForensics.Ui.Shared\VideoForensics.Ui.Shared.csproj]
C:\Users\richa\source\repos\VideoForensics\src\client\ui\VideoForensics.Ui.Shared\Components\EventDetailsDialog.razor(21,68): warning RZ10012: Found markup element with unexpected name 'RadzenText'. If this is intended to be a component, add a @using directive for its namespace. [C:\Users\richa\source\repos\VideoForensics\src\client\ui\VideoForensics.Ui.Shared\VideoForensics.Ui.Shared.csproj]
C:\Users\richa\source\repos\VideoForensics\src\client\ui\VideoForensics.Ui.Shared\Components\EventDetailsDialog.razor(21,139): warning RZ10012: Found markup element with unexpected name 'RadzenText'. If this is intended to be a component, add a @using directive for its namespace. [C:\Users\richa\source\repos\VideoForensics\src\client\ui\VideoForensics.Ui.Shared\VideoForensics.Ui.Shared.csproj]
C:\Users\richa\source\repos\VideoForensics\src\client\ui\VideoForensics.Ui.Shared\Components\EventDetailsDialog.razor(24,9): warning RZ10012: Found markup element with unexpected name 'RadzenStack'. If this is intended to be a component, add a @using directive for its namespace. [C:\Users\richa\source\repos\VideoForensics\src\client\ui\VideoForensics.Ui.Shared\VideoForensics.Ui.Shared.csproj]
C:\Users\richa\source\repos\VideoForensics\src\client\ui\VideoForensics.Ui.Shared\Components\EventDetailsDialog.razor(24,72): warning RZ10012: Found markup element with unexpected name 'RadzenText'. If this is intended to be a component, add a @using directive for its namespace. [C:\Users\richa\source\repos\VideoForensics\src\client\ui\VideoForensics.Ui.Shared\VideoForensics.Ui.Shared.csproj]
C:\Users\richa\source\repos\VideoForensics\src\client\ui\VideoForensics.Ui.Shared\Components\EventDetailsDialog.razor(24,138): warning RZ10012: Found markup element with unexpected name 'RadzenText'. If this is intended to be a component, add a @using directive for its namespace. [C:\Users\richa\source\repos\VideoForensics\src\client\ui\VideoForensics.Ui.Shared\VideoForensics.Ui.Shared.csproj]
C:\Users\richa\source\repos\VideoForensics\src\client\ui\VideoForensics.Ui.Shared\Components\EventDetailsDialog.razor(29,9): warning RZ10012: Found markup element with unexpected name 'RadzenText'. If this is intended to be a component, add a @using directive for its namespace. [C:\Users\richa\source\repos\VideoForensics\src\client\ui\VideoForensics.Ui.Shared\VideoForensics.Ui.Shared.csproj]
C:\Users\richa\source\repos\VideoForensics\src\client\ui\VideoForensics.Ui.Shared\Components\EventDetailsDialog.razor(30,9): warning RZ10012: Found markup element with unexpected name 'RadzenStack'. If this is intended to be a component, add a @using directive for its namespace. [C:\Users\richa\source\repos\VideoForensics\src\client\ui\VideoForensics.Ui.Shared\VideoForensics.Ui.Shared.csproj]
C:\Users\richa\source\repos\VideoForensics\src\client\ui\VideoForensics.Ui.Shared\Components\EventDetailsDialog.razor(30,72): warning RZ10012: Found markup element with unexpected name 'RadzenText'. If this is intended to be a component, add a @using directive for its namespace. [C:\Users\richa\source\repos\VideoForensics\src\client\ui\VideoForensics.Ui.Shared\VideoForensics.Ui.Shared.csproj]
C:\Users\richa\source\repos\VideoForensics\src\client\ui\VideoForensics.Ui.Shared\Components\EventDetailsDialog.razor(30,135): warning RZ10012: Found markup element with unexpected name 'RadzenText'. If this is intended to be a component, add a @using directive for its namespace. [C:\Users\richa\source\repos\VideoForensics\src\client\ui\VideoForensics.Ui.Shared\VideoForensics.Ui.Shared.csproj]
C:\Users\richa\source\repos\VideoForensics\src\client\ui\VideoForensics.Ui.Shared\Components\EventDetailsDialog.razor(31,9): warning RZ10012: Found markup element with unexpected name 'RadzenStack'. If this is intended to be a component, add a @using directive for its namespace. [C:\Users\richa\source\repos\VideoForensics\src\client\ui\VideoForensics.Ui.Shared\VideoForensics.Ui.Shared.csproj]
C:\Users\richa\source\repos\VideoForensics\src\client\ui\VideoForensics.Ui.Shared\Components\EventDetailsDialog.razor(31,72): warning RZ10012: Found markup element with unexpected name 'RadzenText'. If this is intended to be a component, add a @using directive for its namespace. [C:\Users\richa\source\repos\VideoForensics\src\client\ui\VideoForensics.Ui.Shared\VideoForensics.Ui.Shared.csproj]
C:\Users\richa\source\repos\VideoForensics\src\client\ui\VideoForensics.Ui.Shared\Components\EventDetailsDialog.razor(31,132): warning RZ10012: Found markup element with unexpected name 'RadzenText'. If this is intended to be a component, add a @using directive for its namespace. [C:\Users\richa\source\repos\VideoForensics\src\client\ui\VideoForensics.Ui.Shared\VideoForensics.Ui.Shared.csproj]
C:\Users\richa\source\repos\VideoForensics\src\client\ui\VideoForensics.Ui.Shared\Components\EventDetailsDialog.razor(32,9): warning RZ10012: Found markup element with unexpected name 'RadzenStack'. If this is intended to be a component, add a @using directive for its namespace. [C:\Users\richa\source\repos\VideoForensics\src\client\ui\VideoForensics.Ui.Shared\VideoForensics.Ui.Shared.csproj]
C:\Users\richa\source\repos\VideoForensics\src\client\ui\VideoForensics.Ui.Shared\Components\EventDetailsDialog.razor(32,72): warning RZ10012: Found markup element with unexpected name 'RadzenText'. If this is intended to be a component, add a @using directive for its namespace. [C:\Users\richa\source\repos\VideoForensics\src\client\ui\VideoForensics.Ui.Shared\VideoForensics.Ui.Shared.csproj]
C:\Users\richa\source\repos\VideoForensics\src\client\ui\VideoForensics.Ui.Shared\Components\EventDetailsDialog.razor(32,135): warning RZ10012: Found markup element with unexpected name 'RadzenText'. If this is intended to be a component, add a @using directive for its namespace. [C:\Users\richa\source\repos\VideoForensics\src\client\ui\VideoForensics.Ui.Shared\VideoForensics.Ui.Shared.csproj]
C:\Users\richa\source\repos\VideoForensics\src\client\ui\VideoForensics.Ui.Shared\Components\EventDetailsDialog.razor(35,13): warning RZ10012: Found markup element with unexpected name 'RadzenStack'. If this is intended to be a component, add a @using directive for its namespace. [C:\Users\richa\source\repos\VideoForensics\src\client\ui\VideoForensics.Ui.Shared\VideoForensics.Ui.Shared.csproj]
C:\Users\richa\source\repos\VideoForensics\src\client\ui\VideoForensics.Ui.Shared\Components\EventDetailsDialog.razor(35,76): warning RZ10012: Found markup element with unexpected name 'RadzenText'. If this is intended to be a component, add a @using directive for its namespace. [C:\Users\richa\source\repos\VideoForensics\src\client\ui\VideoForensics.Ui.Shared\VideoForensics.Ui.Shared.csproj]
C:\Users\richa\source\repos\VideoForensics\src\client\ui\VideoForensics.Ui.Shared\Components\EventDetailsDialog.razor(35,140): warning RZ10012: Found markup element with unexpected name 'RadzenText'. If this is intended to be a component, add a @using directive for its namespace. [C:\Users\richa\source\repos\VideoForensics\src\client\ui\VideoForensics.Ui.Shared\VideoForensics.Ui.Shared.csproj]
C:\Users\richa\source\repos\VideoForensics\src\client\ui\VideoForensics.Ui.Shared\Components\EventDetailsDialog.razor(37,9): warning RZ10012: Found markup element with unexpected name 'RadzenStack'. If this is intended to be a component, add a @using directive for its namespace. [C:\Users\richa\source\repos\VideoForensics\src\client\ui\VideoForensics.Ui.Shared\VideoForensics.Ui.Shared.csproj]
C:\Users\richa\source\repos\VideoForensics\src\client\ui\VideoForensics.Ui.Shared\Components\EventDetailsDialog.razor(37,72): warning RZ10012: Found markup element with unexpected name 'RadzenText'. If this is intended to be a component, add a @using directive for its namespace. [C:\Users\richa\source\repos\VideoForensics\src\client\ui\VideoForensics.Ui.Shared\VideoForensics.Ui.Shared.csproj]
C:\Users\richa\source\repos\VideoForensics\src\client\ui\VideoForensics.Ui.Shared\Components\EventDetailsDialog.razor(37,135): warning RZ10012: Found markup element with unexpected name 'RadzenText'. If this is intended to be a component, add a @using directive for its namespace. [C:\Users\richa\source\repos\VideoForensics\src\client\ui\VideoForensics.Ui.Shared\VideoForensics.Ui.Shared.csproj]
C:\Users\richa\source\repos\VideoForensics\src\client\ui\VideoForensics.Ui.Shared\Components\EventDetailsDialog.razor(38,9): warning RZ10012: Found markup element with unexpected name 'RadzenStack'. If this is intended to be a component, add a @using directive for its namespace. [C:\Users\richa\source\repos\VideoForensics\src\client\ui\VideoForensics.Ui.Shared\VideoForensics.Ui.Shared.csproj]
C:\Users\richa\source\repos\VideoForensics\src\client\ui\VideoForensics.Ui.Shared\Components\EventDetailsDialog.razor(38,72): warning RZ10012: Found markup element with unexpected name 'RadzenText'. If this is intended to be a component, add a @using directive for its namespace. [C:\Users\richa\source\repos\VideoForensics\src\client\ui\VideoForensics.Ui.Shared\VideoForensics.Ui.Shared.csproj]
C:\Users\richa\source\repos\VideoForensics\src\client\ui\VideoForensics.Ui.Shared\Components\EventDetailsDialog.razor(38,136): warning RZ10012: Found markup element with unexpected name 'RadzenText'. If this is intended to be a component, add a @using directive for its namespace. [C:\Users\richa\source\repos\VideoForensics\src\client\ui\VideoForensics.Ui.Shared\VideoForensics.Ui.Shared.csproj]
C:\Users\richa\source\repos\VideoForensics\src\client\ui\VideoForensics.Ui.Shared\Components\EventDetailsDialog.razor(41,5): warning RZ10012: Found markup element with unexpected name 'RadzenStack'. If this is intended to be a component, add a @using directive for its namespace. [C:\Users\richa\source\repos\VideoForensics\src\client\ui\VideoForensics.Ui.Shared\VideoForensics.Ui.Shared.csproj]
C:\Users\richa\source\repos\VideoForensics\src\client\ui\VideoForensics.Ui.Shared\Components\EventDetailsDialog.razor(42,9): warning RZ10012: Found markup element with unexpected name 'RadzenButton'. If this is intended to be a component, add a @using directive for its namespace. [C:\Users\richa\source\repos\VideoForensics\src\client\ui\VideoForensics.Ui.Shared\VideoForensics.Ui.Shared.csproj]
C:\Users\richa\source\repos\VideoForensics\src\client\ui\VideoForensics.Ui.Shared\Dialogs\FolderBrowserDialog.razor(9,5): warning RZ10012: Found markup element with unexpected name 'RadzenText'. If this is intended to be a component, add a @using directive for its namespace. [C:\Users\richa\source\repos\VideoForensics\src\client\ui\VideoForensics.Ui.Shared\VideoForensics.Ui.Shared.csproj]
C:\Users\richa\source\repos\VideoForensics\src\client\ui\VideoForensics.Ui.Shared\Dialogs\FolderBrowserDialog.razor(11,5): warning RZ10012: Found markup element with unexpected name 'RadzenStack'. If this is intended to be a component, add a @using directive for its namespace. [C:\Users\richa\source\repos\VideoForensics\src\client\ui\VideoForensics.Ui.Shared\VideoForensics.Ui.Shared.csproj]
C:\Users\richa\source\repos\VideoForensics\src\client\ui\VideoForensics.Ui.Shared\Dialogs\FolderBrowserDialog.razor(14,13): warning RZ10012: Found markup element with unexpected name 'RadzenButton'. If this is intended to be a component, add a @using directive for its namespace. [C:\Users\richa\source\repos\VideoForensics\src\client\ui\VideoForensics.Ui.Shared\VideoForensics.Ui.Shared.csproj]
C:\Users\richa\source\repos\VideoForensics\src\client\ui\VideoForensics.Ui.Shared\Dialogs\FolderBrowserDialog.razor(18,13): warning RZ10012: Found markup element with unexpected name 'RadzenButton'. If this is intended to be a component, add a @using directive for its namespace. [C:\Users\richa\source\repos\VideoForensics\src\client\ui\VideoForensics.Ui.Shared\VideoForensics.Ui.Shared.csproj]
C:\Users\richa\source\repos\VideoForensics\src\client\ui\VideoForensics.Ui.Shared\Dialogs\FolderBrowserDialog.razor(22,5): warning RZ10012: Found markup element with unexpected name 'RadzenStack'. If this is intended to be a component, add a @using directive for its namespace. [C:\Users\richa\source\repos\VideoForensics\src\client\ui\VideoForensics.Ui.Shared\VideoForensics.Ui.Shared.csproj]
C:\Users\richa\source\repos\VideoForensics\src\client\ui\VideoForensics.Ui.Shared\Dialogs\FolderBrowserDialog.razor(23,9): warning RZ10012: Found markup element with unexpected name 'RadzenButton'. If this is intended to be a component, add a @using directive for its namespace. [C:\Users\richa\source\repos\VideoForensics\src\client\ui\VideoForensics.Ui.Shared\VideoForensics.Ui.Shared.csproj]
C:\Users\richa\source\repos\VideoForensics\src\client\ui\VideoForensics.Ui.Shared\Dialogs\FolderBrowserDialog.razor(24,9): warning RZ10012: Found markup element with unexpected name 'RadzenButton'. If this is intended to be a component, add a @using directive for its namespace. [C:\Users\richa\source\repos\VideoForensics\src\client\ui\VideoForensics.Ui.Shared\VideoForensics.Ui.Shared.csproj]
C:\Users\richa\source\repos\VideoForensics\src\client\ui\VideoForensics.Ui.Shared\Layout\MainLayout.razor(16,13): warning RZ10012: Found markup element with unexpected name 'RadzenButton'. If this is intended to be a component, add a @using directive for its namespace. [C:\Users\richa\source\repos\VideoForensics\src\client\ui\VideoForensics.Ui.Shared\VideoForensics.Ui.Shared.csproj]
C:\Users\richa\source\repos\VideoForensics\src\client\ui\VideoForensics.Ui.Shared\Layout\MainLayout.razor(22,21): warning RZ10012: Found markup element with unexpected name 'RadzenButton'. If this is intended to be a component, add a @using directive for its namespace. [C:\Users\richa\source\repos\VideoForensics\src\client\ui\VideoForensics.Ui.Shared\VideoForensics.Ui.Shared.csproj]
C:\Users\richa\source\repos\VideoForensics\src\client\ui\VideoForensics.Ui.Shared\Layout\MainLayout.razor(28,13): warning RZ10012: Found markup element with unexpected name 'RadzenButton'. If this is intended to be a component, add a @using directive for its namespace. [C:\Users\richa\source\repos\VideoForensics\src\client\ui\VideoForensics.Ui.Shared\VideoForensics.Ui.Shared.csproj]
C:\Users\richa\source\repos\VideoForensics\src\client\ui\VideoForensics.Ui.Shared\Layout\MainLayout.razor(41,29): warning RZ10012: Found markup element with unexpected name 'RadzenButton'. If this is intended to be a component, add a @using directive for its namespace. [C:\Users\richa\source\repos\VideoForensics\src\client\ui\VideoForensics.Ui.Shared\VideoForensics.Ui.Shared.csproj]
C:\Users\richa\source\repos\VideoForensics\src\client\ui\VideoForensics.Ui.Shared\Dialogs\FolderBrowserDialog.razor(5,9): error CS0246: The type or namespace name 'DialogService' could not be found (are you missing a using directive or an assembly reference?) [C:\Users\richa\source\repos\VideoForensics\src\client\ui\VideoForensics.Ui.Shared\VideoForensics.Ui.Shared.csproj]
C:\Users\richa\source\repos\VideoForensics\src\client\ui\VideoForensics.Ui.Shared\Components\EventDetailsDialog.razor(1,9): error CS0246: The type or namespace name 'DialogService' could not be found (are you missing a using directive or an assembly reference?) [C:\Users\richa\source\repos\VideoForensics\src\client\ui\VideoForensics.Ui.Shared\VideoForensics.Ui.Shared.csproj]
C:\Users\richa\source\repos\VideoForensics\src\client\ui\VideoForensics.Ui.Shared\Pages\Events.razor(303,73): error CS0234: The type or namespace name 'GridContextMenuClickEventArgs<>' does not exist in the namespace 'Syncfusion.Blazor.Grids' (are you missing an assembly reference?) [C:\Users\richa\source\repos\VideoForensics\src\client\ui\VideoForensics.Ui.Shared\VideoForensics.Ui.Shared.csproj]
C:\Users\richa\source\repos\VideoForensics\src\client\ui\VideoForensics.Ui.Shared\Pages\Events.razor(19,9): error CS0246: The type or namespace name 'DialogService' could not be found (are you missing a using directive or an assembly reference?) [C:\Users\richa\source\repos\VideoForensics\src\client\ui\VideoForensics.Ui.Shared\VideoForensics.Ui.Shared.csproj]
C:\Users\richa\source\repos\VideoForensics\src\client\ui\VideoForensics.Ui.Shared\Pages\ImportExport.razor(9,9): error CS0246: The type or namespace name 'DialogService' could not be found (are you missing a using directive or an assembly reference?) [C:\Users\richa\source\repos\VideoForensics\src\client\ui\VideoForensics.Ui.Shared\VideoForensics.Ui.Shared.csproj]
C:\Users\richa\source\repos\VideoForensics\src\client\ui\VideoForensics.Ui.Shared\Pages\Events.razor(18,9): error CS0246: The type or namespace name 'ContextMenuService' could not be found (are you missing a using directive or an assembly reference?) [C:\Users\richa\source\repos\VideoForensics\src\client\ui\VideoForensics.Ui.Shared\VideoForensics.Ui.Shared.csproj]
C:\Users\richa\source\repos\VideoForensics\src\client\ui\VideoForensics.Ui.Shared\Pages\Events.razor(17,9): error CS0246: The type or namespace name 'NotificationService' could not be found (are you missing a using directive or an assembly reference?) [C:\Users\richa\source\repos\VideoForensics\src\client\ui\VideoForensics.Ui.Shared\VideoForensics.Ui.Shared.csproj]
    52 Warning(s)
    7 Error(s)

Time Elapsed 00:01:22.64
