  Determining projects to restore...
  All projects are up-to-date for restore.
  VideoForensics.Forensics -> C:\Users\richa\source\repos\VideoForensics\src\core\helpers\core.helpers\core.forensics\bin\Debug\net10.0\VideoForensics.Forensics.dll
  VideoForensics.Data.Common -> C:\Users\richa\source\repos\VideoForensics\src\data\common\data.common\bin\Debug\net10.0\VideoForensics.Data.Common.dll
  VideoForensics.Providers.Common.Helpers -> C:\Users\richa\source\repos\VideoForensics\src\core\helpers\core.helpers\bin\Debug\net10.0\VideoForensics.Providers.Common.Helpers.dll
  VideoForensics.Providers.Common -> C:\Users\richa\source\repos\VideoForensics\src\core\providers\providers-common\bin\Debug\net10.0\VideoForensics.Providers.Common.dll
  VideoForensics.Providers.Wyze.Common -> C:\Users\richa\source\repos\VideoForensics\src\providers\wyze\common\bin\Debug\net10.0\VideoForensics.Providers.Wyze.Common.dll
  VideoForensics.Core.Logging -> C:\Users\richa\source\repos\VideoForensics\src\core\core\core.logging\bin\Debug\net10.0\VideoForensics.Core.Logging.dll
  VideoForensics.Providers.Ring.Video -> C:\Users\richa\source\repos\VideoForensics\src\providers\ring\video\bin\Debug\net10.0\VideoForensics.Providers.Ring.Video.dll
C:\Users\richa\source\repos\VideoForensics\src\core\helpers\core.helpers\core.forensics-tests\ChainOfCustodyLoggerTests.cs(17,17): warning CS0219: The variable 'evidenceId' is assigned but its value is never used [C:\Users\richa\source\repos\VideoForensics\src\core\helpers\core.helpers\core.forensics-tests\VideoForensics.Forensics.Tests.csproj]
C:\Users\richa\source\repos\VideoForensics\src\core\helpers\core.helpers\core.forensics-tests\ChainOfCustodyLoggerTests.cs(18,17): warning CS0219: The variable 'handler' is assigned but its value is never used [C:\Users\richa\source\repos\VideoForensics\src\core\helpers\core.helpers\core.forensics-tests\VideoForensics.Forensics.Tests.csproj]
C:\Users\richa\source\repos\VideoForensics\src\core\helpers\core.helpers\core.forensics-tests\ChainOfCustodyLoggerTests.cs(34,17): warning CS0219: The variable 'evidenceId' is assigned but its value is never used [C:\Users\richa\source\repos\VideoForensics\src\core\helpers\core.helpers\core.forensics-tests\VideoForensics.Forensics.Tests.csproj]
C:\Users\richa\source\repos\VideoForensics\src\core\helpers\core.helpers\core.forensics-tests\ChainOfCustodyLoggerTests.cs(35,17): warning CS0219: The variable 'fromHandler' is assigned but its value is never used [C:\Users\richa\source\repos\VideoForensics\src\core\helpers\core.helpers\core.forensics-tests\VideoForensics.Forensics.Tests.csproj]
C:\Users\richa\source\repos\VideoForensics\src\core\helpers\core.helpers\core.forensics-tests\ChainOfCustodyLoggerTests.cs(36,17): warning CS0219: The variable 'toHandler' is assigned but its value is never used [C:\Users\richa\source\repos\VideoForensics\src\core\helpers\core.helpers\core.forensics-tests\VideoForensics.Forensics.Tests.csproj]
C:\Users\richa\source\repos\VideoForensics\src\core\helpers\core.helpers\core.forensics-tests\ChainOfCustodyLoggerTests.cs(51,17): warning CS0219: The variable 'evidenceId' is assigned but its value is never used [C:\Users\richa\source\repos\VideoForensics\src\core\helpers\core.helpers\core.forensics-tests\VideoForensics.Forensics.Tests.csproj]
C:\Users\richa\source\repos\VideoForensics\src\core\helpers\core.helpers\core.forensics-tests\ChainOfCustodyLoggerTests.cs(64,17): warning CS0219: The variable 'evidenceId' is assigned but its value is never used [C:\Users\richa\source\repos\VideoForensics\src\core\helpers\core.helpers\core.forensics-tests\VideoForensics.Forensics.Tests.csproj]
C:\Users\richa\source\repos\VideoForensics\src\core\helpers\core.helpers\core.forensics-tests\ChainOfCustodyLoggerTests.cs(5,39): warning CS0414: The field 'ChainOfCustodyLoggerTests._logger' is assigned but its value is never used [C:\Users\richa\source\repos\VideoForensics\src\core\helpers\core.helpers\core.forensics-tests\VideoForensics.Forensics.Tests.csproj]
C:\Users\richa\source\repos\VideoForensics\src\core\helpers\core.helpers\core.forensics-tests\ForensicAnalyzerTests.cs(5,35): warning CS0414: The field 'ForensicAnalyzerTests._analyzer' is assigned but its value is never used [C:\Users\richa\source\repos\VideoForensics\src\core\helpers\core.helpers\core.forensics-tests\VideoForensics.Forensics.Tests.csproj]
C:\Users\richa\source\repos\VideoForensics\src\core\helpers\core.helpers\core.forensics-tests\EvidenceValidatorTests.cs(5,36): warning CS0414: The field 'EvidenceValidatorTests._validator' is assigned but its value is never used [C:\Users\richa\source\repos\VideoForensics\src\core\helpers\core.helpers\core.forensics-tests\VideoForensics.Forensics.Tests.csproj]
  VideoForensics.Forensics.Tests -> C:\Users\richa\source\repos\VideoForensics\src\core\helpers\core.helpers\core.forensics-tests\bin\Debug\net10.0\VideoForensics.Forensics.Tests.dll
C:\Users\richa\source\repos\VideoForensics\src\providers\ring\video\tests\VideoDownloaderTests.cs(31,19): warning xUnit1051: Calls to methods which accept CancellationToken should use TestContext.Current.CancellationToken to allow test cancellation to be more responsive. (https://xunit.net/xunit.analyzers/rules/xUnit1051) [C:\Users\richa\source\repos\VideoForensics\src\providers\ring\video\tests\VideoForensics.Providers.Ring.Video.Tests.csproj]
C:\Users\richa\source\repos\VideoForensics\src\providers\ring\video\tests\VideoDownloaderTests.cs(66,46): warning xUnit1051: Calls to methods which accept CancellationToken should use TestContext.Current.CancellationToken to allow test cancellation to be more responsive. (https://xunit.net/xunit.analyzers/rules/xUnit1051) [C:\Users\richa\source\repos\VideoForensics\src\providers\ring\video\tests\VideoForensics.Providers.Ring.Video.Tests.csproj]
C:\Users\richa\source\repos\VideoForensics\src\providers\ring\video\tests\VideoDownloaderTests.cs(124,42): warning xUnit1051: Calls to methods which accept CancellationToken should use TestContext.Current.CancellationToken to allow test cancellation to be more responsive. (https://xunit.net/xunit.analyzers/rules/xUnit1051) [C:\Users\richa\source\repos\VideoForensics\src\providers\ring\video\tests\VideoForensics.Providers.Ring.Video.Tests.csproj]
  VideoForensics.Providers.Ring.Video.Tests -> C:\Users\richa\source\repos\VideoForensics\src\providers\ring\video\tests\bin\Debug\net10.0\VideoForensics.Providers.Ring.Video.Tests.dll
  VideoForensics.Providers.Wyze.Utils -> C:\Users\richa\source\repos\VideoForensics\src\providers\wyze\utils\bin\Debug\net10.0\VideoForensics.Providers.Wyze.Utils.dll
C:\Users\richa\source\repos\VideoForensics\src\data\database\data.database\Configurations\RingAccountConfiguration.cs(25,18): error CS1061: 'PropertyBuilder<SyncStatus>' does not contain a definition for 'HasDefaultValue' and no accessible extension method 'HasDefaultValue' accepting a first argument of type 'PropertyBuilder<SyncStatus>' could be found (are you missing a using directive or an assembly reference?) [C:\Users\richa\source\repos\VideoForensics\src\data\database\data.database\VideoForensics.Data.Database.csproj]
C:\Users\richa\source\repos\VideoForensics\src\data\database\data.database\Configurations\LocationMetadataConfiguration.cs(33,18): error CS1061: 'PropertyBuilder<SyncStatus>' does not contain a definition for 'HasDefaultValue' and no accessible extension method 'HasDefaultValue' accepting a first argument of type 'PropertyBuilder<SyncStatus>' could be found (are you missing a using directive or an assembly reference?) [C:\Users\richa\source\repos\VideoForensics\src\data\database\data.database\VideoForensics.Data.Database.csproj]
C:\Users\richa\source\repos\VideoForensics\src\data\database\data.database\Configurations\DeviceCapabilitiesConfiguration.cs(27,18): error CS1061: 'PropertyBuilder<SyncStatus>' does not contain a definition for 'HasDefaultValue' and no accessible extension method 'HasDefaultValue' accepting a first argument of type 'PropertyBuilder<SyncStatus>' could be found (are you missing a using directive or an assembly reference?) [C:\Users\richa\source\repos\VideoForensics\src\data\database\data.database\VideoForensics.Data.Database.csproj]
C:\Users\richa\source\repos\VideoForensics\src\data\database\data.database\Configurations\DeviceHealthConfiguration.cs(21,18): error CS1061: 'PropertyBuilder<SyncStatus>' does not contain a definition for 'HasDefaultValue' and no accessible extension method 'HasDefaultValue' accepting a first argument of type 'PropertyBuilder<SyncStatus>' could be found (are you missing a using directive or an assembly reference?) [C:\Users\richa\source\repos\VideoForensics\src\data\database\data.database\VideoForensics.Data.Database.csproj]
  VideoForensics.Providers.Core -> C:\Users\richa\source\repos\VideoForensics\src\core\providers\providers-core\bin\Debug\net10.0\VideoForensics.Providers.Core.dll
C:\Users\richa\source\repos\VideoForensics\src\providers\ring\common\Entities\Zone.cs(8,23): warning CS8618: Non-nullable property 'Name' must contain a non-null value when exiting constructor. Consider adding the 'required' modifier or declaring the property as nullable. [C:\Users\richa\source\repos\VideoForensics\src\providers\ring\common\VideoForensics.Providers.Ring.Common.csproj]
C:\Users\richa\source\repos\VideoForensics\src\providers\ring\common\Entities\Zone.cs(14,23): warning CS8618: Non-nullable property 'Vertex1' must contain a non-null value when exiting constructor. Consider adding the 'required' modifier or declaring the property as nullable. [C:\Users\richa\source\repos\VideoForensics\src\providers\ring\common\VideoForensics.Providers.Ring.Common.csproj]
  VideoForensics.Providers.Common.Tests -> C:\Users\richa\source\repos\VideoForensics\src\core\providers\providers-common-tests\bin\Debug\net10.0\VideoForensics.Providers.Common.Tests.dll
C:\Users\richa\source\repos\VideoForensics\src\providers\ring\common\Entities\Zone.cs(17,23): warning CS8618: Non-nullable property 'Vertex2' must contain a non-null value when exiting constructor. Consider adding the 'required' modifier or declaring the property as nullable. [C:\Users\richa\source\repos\VideoForensics\src\providers\ring\common\VideoForensics.Providers.Ring.Common.csproj]
C:\Users\richa\source\repos\VideoForensics\src\providers\ring\common\Entities\Zone.cs(20,23): warning CS8618: Non-nullable property 'Vertex3' must contain a non-null value when exiting constructor. Consider adding the 'required' modifier or declaring the property as nullable. [C:\Users\richa\source\repos\VideoForensics\src\providers\ring\common\VideoForensics.Providers.Ring.Common.csproj]
C:\Users\richa\source\repos\VideoForensics\src\providers\ring\common\Entities\Zone.cs(23,23): warning CS8618: Non-nullable property 'Vertex4' must contain a non-null value when exiting constructor. Consider adding the 'required' modifier or declaring the property as nullable. [C:\Users\richa\source\repos\VideoForensics\src\providers\ring\common\VideoForensics.Providers.Ring.Common.csproj]
C:\Users\richa\source\repos\VideoForensics\src\providers\ring\common\Entities\Zone.cs(26,23): warning CS8618: Non-nullable property 'Vertex5' must contain a non-null value when exiting constructor. Consider adding the 'required' modifier or declaring the property as nullable. [C:\Users\richa\source\repos\VideoForensics\src\providers\ring\common\VideoForensics.Providers.Ring.Common.csproj]
C:\Users\richa\source\repos\VideoForensics\src\providers\ring\common\Entities\Zone.cs(29,23): warning CS8618: Non-nullable property 'Vertex6' must contain a non-null value when exiting constructor. Consider adding the 'required' modifier or declaring the property as nullable. [C:\Users\richa\source\repos\VideoForensics\src\providers\ring\common\VideoForensics.Providers.Ring.Common.csproj]
C:\Users\richa\source\repos\VideoForensics\src\providers\ring\common\Entities\Zone.cs(32,23): warning CS8618: Non-nullable property 'Vertex7' must contain a non-null value when exiting constructor. Consider adding the 'required' modifier or declaring the property as nullable. [C:\Users\richa\source\repos\VideoForensics\src\providers\ring\common\VideoForensics.Providers.Ring.Common.csproj]
C:\Users\richa\source\repos\VideoForensics\src\providers\ring\common\Entities\Zone.cs(35,23): warning CS8618: Non-nullable property 'Vertex8' must contain a non-null value when exiting constructor. Consider adding the 'required' modifier or declaring the property as nullable. [C:\Users\richa\source\repos\VideoForensics\src\providers\ring\common\VideoForensics.Providers.Ring.Common.csproj]
C:\Users\richa\source\repos\VideoForensics\src\providers\ring\common\Entities\AdvancedMotionZones.cs(8,21): warning CS8618: Non-nullable property 'Zone1' must contain a non-null value when exiting constructor. Consider adding the 'required' modifier or declaring the property as nullable. [C:\Users\richa\source\repos\VideoForensics\src\providers\ring\common\VideoForensics.Providers.Ring.Common.csproj]
C:\Users\richa\source\repos\VideoForensics\src\providers\ring\common\Entities\AdvancedMotionZones.cs(11,21): warning CS8618: Non-nullable property 'Zone2' must contain a non-null value when exiting constructor. Consider adding the 'required' modifier or declaring the property as nullable. [C:\Users\richa\source\repos\VideoForensics\src\providers\ring\common\VideoForensics.Providers.Ring.Common.csproj]
C:\Users\richa\source\repos\VideoForensics\src\providers\ring\common\Entities\AdvancedMotionZones.cs(14,21): warning CS8618: Non-nullable property 'Zone3' must contain a non-null value when exiting constructor. Consider adding the 'required' modifier or declaring the property as nullable. [C:\Users\richa\source\repos\VideoForensics\src\providers\ring\common\VideoForensics.Providers.Ring.Common.csproj]
C:\Users\richa\source\repos\VideoForensics\src\providers\ring\common\Entities\ChimeAlerts.cs(8,23): warning CS8618: Non-nullable property 'Connection' must contain a non-null value when exiting constructor. Consider adding the 'required' modifier or declaring the property as nullable. [C:\Users\richa\source\repos\VideoForensics\src\providers\ring\common\VideoForensics.Providers.Ring.Common.csproj]
C:\Users\richa\source\repos\VideoForensics\src\providers\ring\common\Entities\ChimeSettings.cs(11,23): warning CS8618: Non-nullable property 'DingAudioUserId' must contain a non-null value when exiting constructor. Consider adding the 'required' modifier or declaring the property as nullable. [C:\Users\richa\source\repos\VideoForensics\src\providers\ring\common\VideoForensics.Providers.Ring.Common.csproj]
C:\Users\richa\source\repos\VideoForensics\src\providers\ring\common\Entities\ChimeSettings.cs(14,23): warning CS8618: Non-nullable property 'DingAudioId' must contain a non-null value when exiting constructor. Consider adding the 'required' modifier or declaring the property as nullable. [C:\Users\richa\source\repos\VideoForensics\src\providers\ring\common\VideoForensics.Providers.Ring.Common.csproj]
C:\Users\richa\source\repos\VideoForensics\src\providers\ring\common\Entities\ChimeSettings.cs(17,23): warning CS8618: Non-nullable property 'MotionAudioUserId' must contain a non-null value when exiting constructor. Consider adding the 'required' modifier or declaring the property as nullable. [C:\Users\richa\source\repos\VideoForensics\src\providers\ring\common\VideoForensics.Providers.Ring.Common.csproj]
C:\Users\richa\source\repos\VideoForensics\src\providers\ring\common\Entities\ChimeSettings.cs(20,23): warning CS8618: Non-nullable property 'MotionAudioId' must contain a non-null value when exiting constructor. Consider adding the 'required' modifier or declaring the property as nullable. [C:\Users\richa\source\repos\VideoForensics\src\providers\ring\common\VideoForensics.Providers.Ring.Common.csproj]
C:\Users\richa\source\repos\VideoForensics\src\providers\ring\common\Entities\ClapSignalingTicketResponse.cs(13,23): warning CS8618: Non-nullable property 'Ticket' must contain a non-null value when exiting constructor. Consider adding the 'required' modifier or declaring the property as nullable. [C:\Users\richa\source\repos\VideoForensics\src\providers\ring\common\VideoForensics.Providers.Ring.Common.csproj]
C:\Users\richa\source\repos\VideoForensics\src\providers\ring\common\Entities\AlarmDevice.cs(17,23): warning CS8618: Non-nullable property 'Zid' must contain a non-null value when exiting constructor. Consider adding the 'required' modifier or declaring the property as nullable. [C:\Users\richa\source\repos\VideoForensics\src\providers\ring\common\VideoForensics.Providers.Ring.Common.csproj]
C:\Users\richa\source\repos\VideoForensics\src\providers\ring\common\Entities\AlarmDevice.cs(20,23): warning CS8618: Non-nullable property 'DeviceType' must contain a non-null value when exiting constructor. Consider adding the 'required' modifier or declaring the property as nullable. [C:\Users\richa\source\repos\VideoForensics\src\providers\ring\common\VideoForensics.Providers.Ring.Common.csproj]
C:\Users\richa\source\repos\VideoForensics\src\providers\ring\common\Entities\AlarmDevice.cs(23,23): warning CS8618: Non-nullable property 'Name' must contain a non-null value when exiting constructor. Consider adding the 'required' modifier or declaring the property as nullable. [C:\Users\richa\source\repos\VideoForensics\src\providers\ring\common\VideoForensics.Providers.Ring.Common.csproj]
C:\Users\richa\source\repos\VideoForensics\src\providers\ring\common\Entities\AlarmDevice.cs(30,23): warning CS8618: Non-nullable property 'Mode' must contain a non-null value when exiting constructor. Consider adding the 'required' modifier or declaring the property as nullable. [C:\Users\richa\source\repos\VideoForensics\src\providers\ring\common\VideoForensics.Providers.Ring.Common.csproj]
C:\Users\richa\source\repos\VideoForensics\src\providers\ring\common\Entities\ClapTicketResponse.cs(15,29): warning CS8618: Non-nullable property 'Assets' must contain a non-null value when exiting constructor. Consider adding the 'required' modifier or declaring the property as nullable. [C:\Users\richa\source\repos\VideoForensics\src\providers\ring\common\VideoForensics.Providers.Ring.Common.csproj]
C:\Users\richa\source\repos\VideoForensics\src\providers\ring\common\Entities\ClapTicketResponse.cs(18,23): warning CS8618: Non-nullable property 'Ticket' must contain a non-null value when exiting constructor. Consider adding the 'required' modifier or declaring the property as nullable. [C:\Users\richa\source\repos\VideoForensics\src\providers\ring\common\VideoForensics.Providers.Ring.Common.csproj]
C:\Users\richa\source\repos\VideoForensics\src\providers\ring\common\Entities\ClapTicketResponse.cs(21,23): warning CS8618: Non-nullable property 'Host' must contain a non-null value when exiting constructor. Consider adding the 'required' modifier or declaring the property as nullable. [C:\Users\richa\source\repos\VideoForensics\src\providers\ring\common\VideoForensics.Providers.Ring.Common.csproj]
C:\Users\richa\source\repos\VideoForensics\src\providers\ring\common\Entities\VideoSearchResponse.cs(276,23): warning CS8618: Non-nullable property 'SubscriptionId' must contain a non-null value when exiting constructor. Consider adding the 'required' modifier or declaring the property as nullable. [C:\Users\richa\source\repos\VideoForensics\src\providers\ring\common\VideoForensics.Providers.Ring.Common.csproj]
C:\Users\richa\source\repos\VideoForensics\src\providers\ring\common\Entities\VideoSearchResponse.cs(280,23): warning CS8618: Non-nullable property 'SubscriptionType' must contain a non-null value when exiting constructor. Consider adding the 'required' modifier or declaring the property as nullable. [C:\Users\richa\source\repos\VideoForensics\src\providers\ring\common\VideoForensics.Providers.Ring.Common.csproj]
C:\Users\richa\source\repos\VideoForensics\src\providers\ring\common\Entities\VideoSearchResponse.cs(266,23): warning CS8618: Non-nullable property 'Source' must contain a non-null value when exiting constructor. Consider adding the 'required' modifier or declaring the property as nullable. [C:\Users\richa\source\repos\VideoForensics\src\providers\ring\common\VideoForensics.Providers.Ring.Common.csproj]
C:\Users\richa\source\repos\VideoForensics\src\providers\ring\common\Entities\CvProperties.cs(15,23): warning CS8618: Non-nullable property 'DetectionType' must contain a non-null value when exiting constructor. Consider adding the 'required' modifier or declaring the property as nullable. [C:\Users\richa\source\repos\VideoForensics\src\providers\ring\common\VideoForensics.Providers.Ring.Common.csproj]
C:\Users\richa\source\repos\VideoForensics\src\providers\ring\common\Entities\CvProperties.cs(18,27): warning CS8618: Non-nullable property 'VerifiedTimestamps' must contain a non-null value when exiting constructor. Consider adding the 'required' modifier or declaring the property as nullable. [C:\Users\richa\source\repos\VideoForensics\src\providers\ring\common\VideoForensics.Providers.Ring.Common.csproj]
C:\Users\richa\source\repos\VideoForensics\src\providers\ring\common\Entities\AdvancedObjectSettings.cs(9,41): warning CS8618: Non-nullable property 'HumanDetectionConfidence' must contain a non-null value when exiting constructor. Consider adding the 'required' modifier or declaring the property as nullable. [C:\Users\richa\source\repos\VideoForensics\src\providers\ring\common\VideoForensics.Providers.Ring.Common.csproj]
C:\Users\richa\source\repos\VideoForensics\src\providers\ring\common\Entities\AdvancedObjectSettings.cs(13,41): warning CS8618: Non-nullable property 'MotionZoneOverlap' must contain a non-null value when exiting constructor. Consider adding the 'required' modifier or declaring the property as nullable. [C:\Users\richa\source\repos\VideoForensics\src\providers\ring\common\VideoForensics.Providers.Ring.Common.csproj]
C:\Users\richa\source\repos\VideoForensics\src\providers\ring\common\Entities\AdvancedObjectSettings.cs(17,41): warning CS8618: Non-nullable property 'ObjectTimeOverlap' must contain a non-null value when exiting constructor. Consider adding the 'required' modifier or declaring the property as nullable. [C:\Users\richa\source\repos\VideoForensics\src\providers\ring\common\VideoForensics.Providers.Ring.Common.csproj]
C:\Users\richa\source\repos\VideoForensics\src\providers\ring\common\Entities\AdvancedObjectSettings.cs(21,41): warning CS8618: Non-nullable property 'ObjectSizeMinimum' must contain a non-null value when exiting constructor. Consider adding the 'required' modifier or declaring the property as nullable. [C:\Users\richa\source\repos\VideoForensics\src\providers\ring\common\VideoForensics.Providers.Ring.Common.csproj]
C:\Users\richa\source\repos\VideoForensics\src\providers\ring\common\Entities\AdvancedObjectSettings.cs(25,41): warning CS8618: Non-nullable property 'ObjectSizeMaximum' must contain a non-null value when exiting constructor. Consider adding the 'required' modifier or declaring the property as nullable. [C:\Users\richa\source\repos\VideoForensics\src\providers\ring\common\VideoForensics.Providers.Ring.Common.csproj]
C:\Users\richa\source\repos\VideoForensics\src\providers\ring\common\Entities\CvProperties.cs(116,23): warning CS8618: Non-nullable property 'Severity' must contain a non-null value when exiting constructor. Consider adding the 'required' modifier or declaring the property as nullable. [C:\Users\richa\source\repos\VideoForensics\src\providers\ring\common\VideoForensics.Providers.Ring.Common.csproj]
C:\Users\richa\source\repos\VideoForensics\src\providers\ring\common\Entities\CvProperties.cs(119,29): warning CS8618: Non-nullable property 'Alerts' must contain a non-null value when exiting constructor. Consider adding the 'required' modifier or declaring the property as nullable. [C:\Users\richa\source\repos\VideoForensics\src\providers\ring\common\VideoForensics.Providers.Ring.Common.csproj]
C:\Users\richa\source\repos\VideoForensics\src\providers\ring\common\Entities\CvProperties.cs(128,23): warning CS8618: Non-nullable property 'Id' must contain a non-null value when exiting constructor. Consider adding the 'required' modifier or declaring the property as nullable. [C:\Users\richa\source\repos\VideoForensics\src\providers\ring\common\VideoForensics.Providers.Ring.Common.csproj]
C:\Users\richa\source\repos\VideoForensics\src\providers\ring\common\Entities\CvProperties.cs(131,23): warning CS8618: Non-nullable property 'Name' must contain a non-null value when exiting constructor. Consider adding the 'required' modifier or declaring the property as nullable. [C:\Users\richa\source\repos\VideoForensics\src\providers\ring\common\VideoForensics.Providers.Ring.Common.csproj]
C:\Users\richa\source\repos\VideoForensics\src\providers\ring\common\Entities\CvProperties.cs(137,23): warning CS8618: Non-nullable property 'ThumbnailUrl' must contain a non-null value when exiting constructor. Consider adding the 'required' modifier or declaring the property as nullable. [C:\Users\richa\source\repos\VideoForensics\src\providers\ring\common\VideoForensics.Providers.Ring.Common.csproj]
C:\Users\richa\source\repos\VideoForensics\src\providers\ring\common\Entities\CvProperties.cs(44,23): warning CS8618: Non-nullable property 'DetectionType' must contain a non-null value when exiting constructor. Consider adding the 'required' modifier or declaring the property as nullable. [C:\Users\richa\source\repos\VideoForensics\src\providers\ring\common\VideoForensics.Providers.Ring.Common.csproj]
C:\Users\richa\source\repos\VideoForensics\src\providers\ring\common\Entities\CvProperties.cs(51,38): warning CS8618: Non-nullable property 'DetectionTypes' must contain a non-null value when exiting constructor. Consider adding the 'required' modifier or declaring the property as nullable. [C:\Users\richa\source\repos\VideoForensics\src\providers\ring\common\VideoForensics.Providers.Ring.Common.csproj]
C:\Users\richa\source\repos\VideoForensics\src\providers\ring\common\Entities\CvProperties.cs(58,33): warning CS8618: Non-nullable property 'SecurityAlerts' must contain a non-null value when exiting constructor. Consider adding the 'required' modifier or declaring the property as nullable. [C:\Users\richa\source\repos\VideoForensics\src\providers\ring\common\VideoForensics.Providers.Ring.Common.csproj]
C:\Users\richa\source\repos\VideoForensics\src\providers\ring\common\Entities\CvProperties.cs(65,32): warning CS8618: Non-nullable property 'Profiles' must contain a non-null value when exiting constructor. Consider adding the 'required' modifier or declaring the property as nullable. [C:\Users\richa\source\repos\VideoForensics\src\providers\ring\common\VideoForensics.Providers.Ring.Common.csproj]
C:\Users\richa\source\repos\VideoForensics\src\providers\ring\common\Entities\CvProperties.cs(72,23): warning CS8618: Non-nullable property 'FullDescription' must contain a non-null value when exiting constructor. Consider adding the 'required' modifier or declaring the property as nullable. [C:\Users\richa\source\repos\VideoForensics\src\providers\ring\common\VideoForensics.Providers.Ring.Common.csproj]
C:\Users\richa\source\repos\VideoForensics\src\providers\ring\common\Entities\CvProperties.cs(79,23): warning CS8618: Non-nullable property 'ShortDescription' must contain a non-null value when exiting constructor. Consider adding the 'required' modifier or declaring the property as nullable. [C:\Users\richa\source\repos\VideoForensics\src\providers\ring\common\VideoForensics.Providers.Ring.Common.csproj]
C:\Users\richa\source\repos\VideoForensics\src\providers\ring\common\Entities\CvProperties.cs(100,35): warning CS8618: Non-nullable property 'DetectionDetails' must contain a non-null value when exiting constructor. Consider adding the 'required' modifier or declaring the property as nullable. [C:\Users\richa\source\repos\VideoForensics\src\providers\ring\common\VideoForensics.Providers.Ring.Common.csproj]
C:\Users\richa\source\repos\VideoForensics\src\providers\ring\common\Entities\CvProperties.cs(107,29): warning CS8618: Non-nullable property 'Tags' must contain a non-null value when exiting constructor. Consider adding the 'required' modifier or declaring the property as nullable. [C:\Users\richa\source\repos\VideoForensics\src\providers\ring\common\VideoForensics.Providers.Ring.Common.csproj]
C:\Users\richa\source\repos\VideoForensics\src\providers\ring\common\Entities\CvProperties.cs(146,29): warning CS8618: Non-nullable property 'Zones' must contain a non-null value when exiting constructor. Consider adding the 'required' modifier or declaring the property as nullable. [C:\Users\richa\source\repos\VideoForensics\src\providers\ring\common\VideoForensics.Providers.Ring.Common.csproj]
C:\Users\richa\source\repos\VideoForensics\src\providers\ring\common\Entities\CvProperties.cs(152,23): warning CS8618: Non-nullable property 'ModelVersion' must contain a non-null value when exiting constructor. Consider adding the 'required' modifier or declaring the property as nullable. [C:\Users\richa\source\repos\VideoForensics\src\providers\ring\common\VideoForensics.Providers.Ring.Common.csproj]
C:\Users\richa\source\repos\VideoForensics\src\providers\ring\common\Entities\CvProperties.cs(161,23): warning CS8618: Non-nullable property 'Id' must contain a non-null value when exiting constructor. Consider adding the 'required' modifier or declaring the property as nullable. [C:\Users\richa\source\repos\VideoForensics\src\providers\ring\common\VideoForensics.Providers.Ring.Common.csproj]
C:\Users\richa\source\repos\VideoForensics\src\providers\ring\common\Entities\CvProperties.cs(164,23): warning CS8618: Non-nullable property 'Name' must contain a non-null value when exiting constructor. Consider adding the 'required' modifier or declaring the property as nullable. [C:\Users\richa\source\repos\VideoForensics\src\providers\ring\common\VideoForensics.Providers.Ring.Common.csproj]
C:\Users\richa\source\repos\VideoForensics\src\providers\ring\common\Entities\VideoSearchResponse.cs(232,23): warning CS8618: Non-nullable property 'Room' must contain a non-null value when exiting constructor. Consider adding the 'required' modifier or declaring the property as nullable. [C:\Users\richa\source\repos\VideoForensics\src\providers\ring\common\VideoForensics.Providers.Ring.Common.csproj]
C:\Users\richa\source\repos\VideoForensics\src\providers\ring\common\Entities\VideoSearchResponse.cs(236,23): warning CS8618: Non-nullable property 'Area' must contain a non-null value when exiting constructor. Consider adding the 'required' modifier or declaring the property as nullable. [C:\Users\richa\source\repos\VideoForensics\src\providers\ring\common\VideoForensics.Providers.Ring.Common.csproj]
C:\Users\richa\source\repos\VideoForensics\src\providers\ring\common\Entities\VideoSearchResponse.cs(240,23): warning CS8618: Non-nullable property 'ZoneId' must contain a non-null value when exiting constructor. Consider adding the 'required' modifier or declaring the property as nullable. [C:\Users\richa\source\repos\VideoForensics\src\providers\ring\common\VideoForensics.Providers.Ring.Common.csproj]
C:\Users\richa\source\repos\VideoForensics\src\providers\ring\common\Entities\Chime.cs(16,23): warning CS8618: Non-nullable property 'Description' must contain a non-null value when exiting constructor. Consider adding the 'required' modifier or declaring the property as nullable. [C:\Users\richa\source\repos\VideoForensics\src\providers\ring\common\VideoForensics.Providers.Ring.Common.csproj]
C:\Users\richa\source\repos\VideoForensics\src\providers\ring\common\Entities\Chime.cs(19,23): warning CS8618: Non-nullable property 'DeviceId' must contain a non-null value when exiting constructor. Consider adding the 'required' modifier or declaring the property as nullable. [C:\Users\richa\source\repos\VideoForensics\src\providers\ring\common\VideoForensics.Providers.Ring.Common.csproj]
C:\Users\richa\source\repos\VideoForensics\src\providers\ring\common\Entities\Chime.cs(22,23): warning CS8618: Non-nullable property 'TimeZone' must contain a non-null value when exiting constructor. Consider adding the 'required' modifier or declaring the property as nullable. [C:\Users\richa\source\repos\VideoForensics\src\providers\ring\common\VideoForensics.Providers.Ring.Common.csproj]
C:\Users\richa\source\repos\VideoForensics\src\providers\ring\common\Entities\Chime.cs(25,23): warning CS8618: Non-nullable property 'FirmwareVersion' must contain a non-null value when exiting constructor. Consider adding the 'required' modifier or declaring the property as nullable. [C:\Users\richa\source\repos\VideoForensics\src\providers\ring\common\VideoForensics.Providers.Ring.Common.csproj]
C:\Users\richa\source\repos\VideoForensics\src\providers\ring\common\Entities\Chime.cs(28,23): warning CS8618: Non-nullable property 'Kind' must contain a non-null value when exiting constructor. Consider adding the 'required' modifier or declaring the property as nullable. [C:\Users\richa\source\repos\VideoForensics\src\providers\ring\common\VideoForensics.Providers.Ring.Common.csproj]
C:\Users\richa\source\repos\VideoForensics\src\providers\ring\common\Entities\Chime.cs(37,23): warning CS8618: Non-nullable property 'Address' must contain a non-null value when exiting constructor. Consider adding the 'required' modifier or declaring the property as nullable. [C:\Users\richa\source\repos\VideoForensics\src\providers\ring\common\VideoForensics.Providers.Ring.Common.csproj]
C:\Users\richa\source\repos\VideoForensics\src\providers\ring\common\Entities\Chime.cs(40,30): warning CS8618: Non-nullable property 'Settings' must contain a non-null value when exiting constructor. Consider adding the 'required' modifier or declaring the property as nullable. [C:\Users\richa\source\repos\VideoForensics\src\providers\ring\common\VideoForensics.Providers.Ring.Common.csproj]
C:\Users\richa\source\repos\VideoForensics\src\providers\ring\common\Entities\Chime.cs(43,30): warning CS8618: Non-nullable property 'Features' must contain a non-null value when exiting constructor. Consider adding the 'required' modifier or declaring the property as nullable. [C:\Users\richa\source\repos\VideoForensics\src\providers\ring\common\VideoForensics.Providers.Ring.Common.csproj]
C:\Users\richa\source\repos\VideoForensics\src\providers\ring\common\Entities\Chime.cs(49,28): warning CS8618: Non-nullable property 'Alerts' must contain a non-null value when exiting constructor. Consider adding the 'required' modifier or declaring the property as nullable. [C:\Users\richa\source\repos\VideoForensics\src\providers\ring\common\VideoForensics.Providers.Ring.Common.csproj]
C:\Users\richa\source\repos\VideoForensics\src\providers\ring\common\Entities\Chime.cs(52,29): warning CS8618: Non-nullable property 'DoNotDisturb' must contain a non-null value when exiting constructor. Consider adding the 'required' modifier or declaring the property as nullable. [C:\Users\richa\source\repos\VideoForensics\src\providers\ring\common\VideoForensics.Providers.Ring.Common.csproj]
C:\Users\richa\source\repos\VideoForensics\src\providers\ring\common\Entities\Chime.cs(58,22): warning CS8618: Non-nullable property 'Owner' must contain a non-null value when exiting constructor. Consider adding the 'required' modifier or declaring the property as nullable. [C:\Users\richa\source\repos\VideoForensics\src\providers\ring\common\VideoForensics.Providers.Ring.Common.csproj]
C:\Users\richa\source\repos\VideoForensics\src\providers\ring\common\Entities\Chime.cs(62,29): warning CS8618: Non-nullable property 'Health' must contain a non-null value when exiting constructor. Consider adding the 'required' modifier or declaring the property as nullable. [C:\Users\richa\source\repos\VideoForensics\src\providers\ring\common\VideoForensics.Providers.Ring.Common.csproj]
C:\Users\richa\source\repos\VideoForensics\src\providers\ring\common\Entities\DeviceHealthResponse.cs(13,29): warning CS8618: Non-nullable property 'DeviceHealth' must contain a non-null value when exiting constructor. Consider adding the 'required' modifier or declaring the property as nullable. [C:\Users\richa\source\repos\VideoForensics\src\providers\ring\common\VideoForensics.Providers.Ring.Common.csproj]
C:\Users\richa\source\repos\VideoForensics\src\providers\ring\common\Entities\Devices.cs(15,30): warning CS8618: Non-nullable property 'Doorbots' must contain a non-null value when exiting constructor. Consider adding the 'required' modifier or declaring the property as nullable. [C:\Users\richa\source\repos\VideoForensics\src\providers\ring\common\VideoForensics.Providers.Ring.Common.csproj]
C:\Users\richa\source\repos\VideoForensics\src\providers\ring\common\Entities\Devices.cs(21,30): warning CS8618: Non-nullable property 'AuthorizedDoorbots' must contain a non-null value when exiting constructor. Consider adding the 'required' modifier or declaring the property as nullable. [C:\Users\richa\source\repos\VideoForensics\src\providers\ring\common\VideoForensics.Providers.Ring.Common.csproj]
C:\Users\richa\source\repos\VideoForensics\src\providers\ring\common\Entities\Devices.cs(27,28): warning CS8618: Non-nullable property 'Chimes' must contain a non-null value when exiting constructor. Consider adding the 'required' modifier or declaring the property as nullable. [C:\Users\richa\source\repos\VideoForensics\src\providers\ring\common\VideoForensics.Providers.Ring.Common.csproj]
C:\Users\richa\source\repos\VideoForensics\src\providers\ring\common\Entities\Devices.cs(33,33): warning CS8618: Non-nullable property 'StickupCams' must contain a non-null value when exiting constructor. Consider adding the 'required' modifier or declaring the property as nullable. [C:\Users\richa\source\repos\VideoForensics\src\providers\ring\common\VideoForensics.Providers.Ring.Common.csproj]
C:\Users\richa\source\repos\VideoForensics\src\providers\ring\common\Entities\VideoSearchResponse.cs(32,23): warning CS8618: Non-nullable property 'DingId' must contain a non-null value when exiting constructor. Consider adding the 'required' modifier or declaring the property as nullable. [C:\Users\richa\source\repos\VideoForensics\src\providers\ring\common\VideoForensics.Providers.Ring.Common.csproj]
C:\Users\richa\source\repos\VideoForensics\src\providers\ring\common\Entities\VideoSearchResponse.cs(49,23): warning CS8618: Non-nullable property 'Kind' must contain a non-null value when exiting constructor. Consider adding the 'required' modifier or declaring the property as nullable. [C:\Users\richa\source\repos\VideoForensics\src\providers\ring\common\VideoForensics.Providers.Ring.Common.csproj]
C:\Users\richa\source\repos\VideoForensics\src\providers\ring\common\Entities\VideoSearchResponse.cs(53,23): warning CS8618: Non-nullable property 'State' must contain a non-null value when exiting constructor. Consider adding the 'required' modifier or declaring the property as nullable. [C:\Users\richa\source\repos\VideoForensics\src\providers\ring\common\VideoForensics.Providers.Ring.Common.csproj]
C:\Users\richa\source\repos\VideoForensics\src\providers\ring\common\Entities\VideoSearchResponse.cs(66,23): warning CS8618: Non-nullable property 'HqUrl' must contain a non-null value when exiting constructor. Consider adding the 'required' modifier or declaring the property as nullable. [C:\Users\richa\source\repos\VideoForensics\src\providers\ring\common\VideoForensics.Providers.Ring.Common.csproj]
C:\Users\richa\source\repos\VideoForensics\src\providers\ring\common\Entities\VideoSearchResponse.cs(71,23): warning CS8618: Non-nullable property 'LqUrl' must contain a non-null value when exiting constructor. Consider adding the 'required' modifier or declaring the property as nullable. [C:\Users\richa\source\repos\VideoForensics\src\providers\ring\common\VideoForensics.Providers.Ring.Common.csproj]
C:\Users\richa\source\repos\VideoForensics\src\providers\ring\common\Entities\VideoSearchResponse.cs(75,23): warning CS8618: Non-nullable property 'ThumbnailUrl' must contain a non-null value when exiting constructor. Consider adding the 'required' modifier or declaring the property as nullable. [C:\Users\richa\source\repos\VideoForensics\src\providers\ring\common\VideoForensics.Providers.Ring.Common.csproj]
C:\Users\richa\source\repos\VideoForensics\src\providers\ring\common\Entities\VideoSearchResponse.cs(79,23): warning CS8618: Non-nullable property 'UntranscodedUrl' must contain a non-null value when exiting constructor. Consider adding the 'required' modifier or declaring the property as nullable. [C:\Users\richa\source\repos\VideoForensics\src\providers\ring\common\VideoForensics.Providers.Ring.Common.csproj]
C:\Users\richa\source\repos\VideoForensics\src\providers\ring\common\Entities\VideoSearchResponse.cs(83,24): warning CS8618: Non-nullable property 'Doorbot' must contain a non-null value when exiting constructor. Consider adding the 'required' modifier or declaring the property as nullable. [C:\Users\richa\source\repos\VideoForensics\src\providers\ring\common\VideoForensics.Providers.Ring.Common.csproj]
C:\Users\richa\source\repos\VideoForensics\src\providers\ring\common\Entities\VideoSearchResponse.cs(87,29): warning CS8618: Non-nullable property 'CvProperties' must contain a non-null value when exiting constructor. Consider adding the 'required' modifier or declaring the property as nullable. [C:\Users\richa\source\repos\VideoForensics\src\providers\ring\common\VideoForensics.Providers.Ring.Common.csproj]
C:\Users\richa\source\repos\VideoForensics\src\providers\ring\common\Entities\VideoSearchResponse.cs(94,23): warning CS8618: Non-nullable property 'OwnerId' must contain a non-null value when exiting constructor. Consider adding the 'required' modifier or declaring the property as nullable. [C:\Users\richa\source\repos\VideoForensics\src\providers\ring\common\VideoForensics.Providers.Ring.Common.csproj]
C:\Users\richa\source\repos\VideoForensics\src\providers\ring\common\Entities\VideoSearchResponse.cs(101,23): warning CS8618: Non-nullable property 'SourceId' must contain a non-null value when exiting constructor. Consider adding the 'required' modifier or declaring the property as nullable. [C:\Users\richa\source\repos\VideoForensics\src\providers\ring\common\VideoForensics.Providers.Ring.Common.csproj]
C:\Users\richa\source\repos\VideoForensics\src\providers\ring\common\Entities\VideoSearchResponse.cs(117,23): warning CS8618: Non-nullable property 'BatteryPercentage' must contain a non-null value when exiting constructor. Consider adding the 'required' modifier or declaring the property as nullable. [C:\Users\richa\source\repos\VideoForensics\src\providers\ring\common\VideoForensics.Providers.Ring.Common.csproj]
C:\Users\richa\source\repos\VideoForensics\src\providers\ring\common\Entities\VideoSearchResponse.cs(125,23): warning CS8618: Non-nullable property 'BatteryStatus' must contain a non-null value when exiting constructor. Consider adding the 'required' modifier or declaring the property as nullable. [C:\Users\richa\source\repos\VideoForensics\src\providers\ring\common\VideoForensics.Providers.Ring.Common.csproj]
C:\Users\richa\source\repos\VideoForensics\src\providers\ring\common\Entities\VideoSearchResponse.cs(133,43): warning CS8618: Non-nullable property 'DevicePlacement' must contain a non-null value when exiting constructor. Consider adding the 'required' modifier or declaring the property as nullable. [C:\Users\richa\source\repos\VideoForensics\src\providers\ring\common\VideoForensics.Providers.Ring.Common.csproj]
C:\Users\richa\source\repos\VideoForensics\src\providers\ring\common\Entities\VideoSearchResponse.cs(141,39): warning CS8618: Non-nullable property 'Geolocation' must contain a non-null value when exiting constructor. Consider adding the 'required' modifier or declaring the property as nullable. [C:\Users\richa\source\repos\VideoForensics\src\providers\ring\common\VideoForensics.Providers.Ring.Common.csproj]
C:\Users\richa\source\repos\VideoForensics\src\providers\ring\common\Entities\VideoSearchResponse.cs(149,47): warning CS8618: Non-nullable property 'SubscriptionReceipt' must contain a non-null value when exiting constructor. Consider adding the 'required' modifier or declaring the property as nullable. [C:\Users\richa\source\repos\VideoForensics\src\providers\ring\common\VideoForensics.Providers.Ring.Common.csproj]
C:\Users\richa\source\repos\VideoForensics\src\providers\ring\common\Entities\VideoSearchResponse.cs(156,23): warning CS8618: Non-nullable property 'ManifestId' must contain a non-null value when exiting constructor. Consider adding the 'required' modifier or declaring the property as nullable. [C:\Users\richa\source\repos\VideoForensics\src\providers\ring\common\VideoForensics.Providers.Ring.Common.csproj]
C:\Users\richa\source\repos\VideoForensics\src\providers\ring\common\Entities\VideoSearchResponse.cs(178,23): warning CS8618: Non-nullable property 'RadarDataUrl' must contain a non-null value when exiting constructor. Consider adding the 'required' modifier or declaring the property as nullable. [C:\Users\richa\source\repos\VideoForensics\src\providers\ring\common\VideoForensics.Providers.Ring.Common.csproj]
C:\Users\richa\source\repos\VideoForensics\src\providers\ring\common\Entities\VideoSearchResponse.cs(185,38): warning CS8618: Non-nullable property 'Properties' must contain a non-null value when exiting constructor. Consider adding the 'required' modifier or declaring the property as nullable. [C:\Users\richa\source\repos\VideoForensics\src\providers\ring\common\VideoForensics.Providers.Ring.Common.csproj]
C:\Users\richa\source\repos\VideoForensics\src\providers\ring\common\Entities\VideoSearchResponse.cs(192,23): warning CS8618: Non-nullable property 'Riid' must contain a non-null value when exiting constructor. Consider adding the 'required' modifier or declaring the property as nullable. [C:\Users\richa\source\repos\VideoForensics\src\providers\ring\common\VideoForensics.Providers.Ring.Common.csproj]
C:\Users\richa\source\repos\VideoForensics\src\providers\ring\common\Entities\DeviceHealth.cs(21,23): warning CS8618: Non-nullable property 'DeviceType' must contain a non-null value when exiting constructor. Consider adding the 'required' modifier or declaring the property as nullable. [C:\Users\richa\source\repos\VideoForensics\src\providers\ring\common\VideoForensics.Providers.Ring.Common.csproj]
C:\Users\richa\source\repos\VideoForensics\src\providers\ring\common\Entities\DeviceHealth.cs(25,23): warning CS8618: Non-nullable property 'FirmwareVersion' must contain a non-null value when exiting constructor. Consider adding the 'required' modifier or declaring the property as nullable. [C:\Users\richa\source\repos\VideoForensics\src\providers\ring\common\VideoForensics.Providers.Ring.Common.csproj]
C:\Users\richa\source\repos\VideoForensics\src\providers\ring\common\Entities\DeviceHealth.cs(29,23): warning CS8618: Non-nullable property 'FirmwareVersionStatus' must contain a non-null value when exiting constructor. Consider adding the 'required' modifier or declaring the property as nullable. [C:\Users\richa\source\repos\VideoForensics\src\providers\ring\common\VideoForensics.Providers.Ring.Common.csproj]
C:\Users\richa\source\repos\VideoForensics\src\providers\ring\common\Entities\DeviceHealth.cs(44,23): warning CS8618: Non-nullable property 'BatteryPercentageCategory' must contain a non-null value when exiting constructor. Consider adding the 'required' modifier or declaring the property as nullable. [C:\Users\richa\source\repos\VideoForensics\src\providers\ring\common\VideoForensics.Providers.Ring.Common.csproj]
C:\Users\richa\source\repos\VideoForensics\src\providers\ring\common\Entities\DeviceHealth.cs(53,23): warning CS8618: Non-nullable property 'BatteryVoltageCategory' must contain a non-null value when exiting constructor. Consider adding the 'required' modifier or declaring the property as nullable. [C:\Users\richa\source\repos\VideoForensics\src\providers\ring\common\VideoForensics.Providers.Ring.Common.csproj]
C:\Users\richa\source\repos\VideoForensics\src\providers\ring\common\Entities\DeviceHealth.cs(62,23): warning CS8618: Non-nullable property 'RssiCategory' must contain a non-null value when exiting constructor. Consider adding the 'required' modifier or declaring the property as nullable. [C:\Users\richa\source\repos\VideoForensics\src\providers\ring\common\VideoForensics.Providers.Ring.Common.csproj]
C:\Users\richa\source\repos\VideoForensics\src\providers\ring\common\Entities\DeviceHealth.cs(66,23): warning CS8618: Non-nullable property 'NetworkConnectionValue' must contain a non-null value when exiting constructor. Consider adding the 'required' modifier or declaring the property as nullable. [C:\Users\richa\source\repos\VideoForensics\src\providers\ring\common\VideoForensics.Providers.Ring.Common.csproj]
C:\Users\richa\source\repos\VideoForensics\src\providers\ring\common\Entities\DeviceHealth.cs(70,23): warning CS8618: Non-nullable property 'WifiName' must contain a non-null value when exiting constructor. Consider adding the 'required' modifier or declaring the property as nullable. [C:\Users\richa\source\repos\VideoForensics\src\providers\ring\common\VideoForensics.Providers.Ring.Common.csproj]
C:\Users\richa\source\repos\VideoForensics\src\providers\ring\common\Entities\DeviceHealth.cs(79,23): warning CS8618: Non-nullable property 'PacketLossCategory' must contain a non-null value when exiting constructor. Consider adding the 'required' modifier or declaring the property as nullable. [C:\Users\richa\source\repos\VideoForensics\src\providers\ring\common\VideoForensics.Providers.Ring.Common.csproj]
C:\Users\richa\source\repos\VideoForensics\src\providers\ring\common\Entities\DeviceHealth.cs(83,23): warning CS8618: Non-nullable property 'OtaStatus' must contain a non-null value when exiting constructor. Consider adding the 'required' modifier or declaring the property as nullable. [C:\Users\richa\source\repos\VideoForensics\src\providers\ring\common\VideoForensics.Providers.Ring.Common.csproj]
C:\Users\richa\source\repos\VideoForensics\src\providers\ring\common\Entities\DeviceHealth.cs(104,23): warning CS8618: Non-nullable property 'LatestSignalCategory' must contain a non-null value when exiting constructor. Consider adding the 'required' modifier or declaring the property as nullable. [C:\Users\richa\source\repos\VideoForensics\src\providers\ring\common\VideoForensics.Providers.Ring.Common.csproj]
C:\Users\richa\source\repos\VideoForensics\src\providers\ring\common\Entities\DeviceHealth.cs(113,23): warning CS8618: Non-nullable property 'AverageSignalCategory' must contain a non-null value when exiting constructor. Consider adding the 'required' modifier or declaring the property as nullable. [C:\Users\richa\source\repos\VideoForensics\src\providers\ring\common\VideoForensics.Providers.Ring.Common.csproj]
C:\Users\richa\source\repos\VideoForensics\src\providers\ring\common\Entities\DeviceHealth.cs(117,23): warning CS8618: Non-nullable property 'Firmware' must contain a non-null value when exiting constructor. Consider adding the 'required' modifier or declaring the property as nullable. [C:\Users\richa\source\repos\VideoForensics\src\providers\ring\common\VideoForensics.Providers.Ring.Common.csproj]
C:\Users\richa\source\repos\VideoForensics\src\providers\ring\common\Entities\DeviceHealth.cs(121,23): warning CS8618: Non-nullable property 'UpdatedAt' must contain a non-null value when exiting constructor. Consider adding the 'required' modifier or declaring the property as nullable. [C:\Users\richa\source\repos\VideoForensics\src\providers\ring\common\VideoForensics.Providers.Ring.Common.csproj]
C:\Users\richa\source\repos\VideoForensics\src\providers\ring\common\Entities\DeviceHealth.cs(138,29): warning CS8618: Non-nullable property 'SupportedRpcCommands' must contain a non-null value when exiting constructor. Consider adding the 'required' modifier or declaring the property as nullable. [C:\Users\richa\source\repos\VideoForensics\src\providers\ring\common\VideoForensics.Providers.Ring.Common.csproj]
C:\Users\richa\source\repos\VideoForensics\src\providers\ring\common\Entities\VideoSearchResponse.cs(16,38): warning CS8618: Non-nullable property 'VideoSearch' must contain a non-null value when exiting constructor. Consider adding the 'required' modifier or declaring the property as nullable. [C:\Users\richa\source\repos\VideoForensics\src\providers\ring\common\VideoForensics.Providers.Ring.Common.csproj]
C:\Users\richa\source\repos\VideoForensics\src\providers\ring\common\Entities\StickupCamSettings.cs(19,23): warning CS8618: Non-nullable property 'MotionSnoozePresetProfile' must contain a non-null value when exiting constructor. Consider adding the 'required' modifier or declaring the property as nullable. [C:\Users\richa\source\repos\VideoForensics\src\providers\ring\common\VideoForensics.Providers.Ring.Common.csproj]
C:\Users\richa\source\repos\VideoForensics\src\providers\ring\common\Entities\StickupCamSettings.cs(23,25): warning CS8618: Non-nullable property 'MotionSnoozePresets' must contain a non-null value when exiting constructor. Consider adding the 'required' modifier or declaring the property as nullable. [C:\Users\richa\source\repos\VideoForensics\src\providers\ring\common\VideoForensics.Providers.Ring.Common.csproj]
C:\Users\richa\source\repos\VideoForensics\src\providers\ring\common\Entities\StickupCamSettings.cs(27,23): warning CS8618: Non-nullable property 'LiveViewPresetProfile' must contain a non-null value when exiting constructor. Consider adding the 'required' modifier or declaring the property as nullable. [C:\Users\richa\source\repos\VideoForensics\src\providers\ring\common\VideoForensics.Providers.Ring.Common.csproj]
C:\Users\richa\source\repos\VideoForensics\src\providers\ring\common\Entities\StickupCamSettings.cs(31,25): warning CS8618: Non-nullable property 'LiveViewPresets' must contain a non-null value when exiting constructor. Consider adding the 'required' modifier or declaring the property as nullable. [C:\Users\richa\source\repos\VideoForensics\src\providers\ring\common\VideoForensics.Providers.Ring.Common.csproj]
C:\Users\richa\source\repos\VideoForensics\src\providers\ring\common\Entities\StickupCamSettings.cs(47,23): warning CS8618: Non-nullable property 'VodStatus' must contain a non-null value when exiting constructor. Consider adding the 'required' modifier or declaring the property as nullable. [C:\Users\richa\source\repos\VideoForensics\src\providers\ring\common\VideoForensics.Providers.Ring.Common.csproj]
C:\Users\richa\source\repos\VideoForensics\src\providers\ring\common\Entities\StickupCamSettings.cs(55,36): warning CS8618: Non-nullable property 'AdvancedMotionZones' must contain a non-null value when exiting constructor. Consider adding the 'required' modifier or declaring the property as nullable. [C:\Users\richa\source\repos\VideoForensics\src\providers\ring\common\VideoForensics.Providers.Ring.Common.csproj]
C:\Users\richa\source\repos\VideoForensics\src\providers\ring\common\Entities\StickupCamSettings.cs(67,30): warning CS8618: Non-nullable property 'LightSettings' must contain a non-null value when exiting constructor. Consider adding the 'required' modifier or declaring the property as nullable. [C:\Users\richa\source\repos\VideoForensics\src\providers\ring\common\VideoForensics.Providers.Ring.Common.csproj]
C:\Users\richa\source\repos\VideoForensics\src\providers\ring\common\Entities\Doorbot.cs(16,23): warning CS8618: Non-nullable property 'Description' must contain a non-null value when exiting constructor. Consider adding the 'required' modifier or declaring the property as nullable. [C:\Users\richa\source\repos\VideoForensics\src\providers\ring\common\VideoForensics.Providers.Ring.Common.csproj]
C:\Users\richa\source\repos\VideoForensics\src\providers\ring\common\Entities\Doorbot.cs(19,23): warning CS8618: Non-nullable property 'DeviceId' must contain a non-null value when exiting constructor. Consider adding the 'required' modifier or declaring the property as nullable. [C:\Users\richa\source\repos\VideoForensics\src\providers\ring\common\VideoForensics.Providers.Ring.Common.csproj]
C:\Users\richa\source\repos\VideoForensics\src\providers\ring\common\Entities\Doorbot.cs(22,23): warning CS8618: Non-nullable property 'TimeZone' must contain a non-null value when exiting constructor. Consider adding the 'required' modifier or declaring the property as nullable. [C:\Users\richa\source\repos\VideoForensics\src\providers\ring\common\VideoForensics.Providers.Ring.Common.csproj]
C:\Users\richa\source\repos\VideoForensics\src\providers\ring\common\Entities\Doorbot.cs(39,23): warning CS8618: Non-nullable property 'FirmwareVersion' must contain a non-null value when exiting constructor. Consider adding the 'required' modifier or declaring the property as nullable. [C:\Users\richa\source\repos\VideoForensics\src\providers\ring\common\VideoForensics.Providers.Ring.Common.csproj]
C:\Users\richa\source\repos\VideoForensics\src\providers\ring\common\Entities\Doorbot.cs(42,23): warning CS8618: Non-nullable property 'Kind' must contain a non-null value when exiting constructor. Consider adding the 'required' modifier or declaring the property as nullable. [C:\Users\richa\source\repos\VideoForensics\src\providers\ring\common\VideoForensics.Providers.Ring.Common.csproj]
C:\Users\richa\source\repos\VideoForensics\src\providers\ring\common\Entities\Doorbot.cs(50,23): warning CS8618: Non-nullable property 'Type' must contain a non-null value when exiting constructor. Consider adding the 'required' modifier or declaring the property as nullable. [C:\Users\richa\source\repos\VideoForensics\src\providers\ring\common\VideoForensics.Providers.Ring.Common.csproj]
C:\Users\richa\source\repos\VideoForensics\src\providers\ring\common\Entities\Doorbot.cs(59,23): warning CS8618: Non-nullable property 'Address' must contain a non-null value when exiting constructor. Consider adding the 'required' modifier or declaring the property as nullable. [C:\Users\richa\source\repos\VideoForensics\src\providers\ring\common\VideoForensics.Providers.Ring.Common.csproj]
C:\Users\richa\source\repos\VideoForensics\src\providers\ring\common\Entities\Doorbot.cs(62,32): warning CS8618: Non-nullable property 'Features' must contain a non-null value when exiting constructor. Consider adding the 'required' modifier or declaring the property as nullable. [C:\Users\richa\source\repos\VideoForensics\src\providers\ring\common\VideoForensics.Providers.Ring.Common.csproj]
C:\Users\richa\source\repos\VideoForensics\src\providers\ring\common\Entities\Doorbot.cs(68,30): warning CS8618: Non-nullable property 'Alerts' must contain a non-null value when exiting constructor. Consider adding the 'required' modifier or declaring the property as nullable. [C:\Users\richa\source\repos\VideoForensics\src\providers\ring\common\VideoForensics.Providers.Ring.Common.csproj]
C:\Users\richa\source\repos\VideoForensics\src\providers\ring\common\Entities\Doorbot.cs(71,23): warning CS8618: Non-nullable property 'MotionSnooze' must contain a non-null value when exiting constructor. Consider adding the 'required' modifier or declaring the property as nullable. [C:\Users\richa\source\repos\VideoForensics\src\providers\ring\common\VideoForensics.Providers.Ring.Common.csproj]
C:\Users\richa\source\repos\VideoForensics\src\providers\ring\common\Entities\Doorbot.cs(77,22): warning CS8618: Non-nullable property 'Owner' must contain a non-null value when exiting constructor. Consider adding the 'required' modifier or declaring the property as nullable. [C:\Users\richa\source\repos\VideoForensics\src\providers\ring\common\VideoForensics.Providers.Ring.Common.csproj]
C:\Users\richa\source\repos\VideoForensics\src\providers\ring\common\Entities\Doorbot.cs(81,29): warning CS8618: Non-nullable property 'Health' must contain a non-null value when exiting constructor. Consider adding the 'required' modifier or declaring the property as nullable. [C:\Users\richa\source\repos\VideoForensics\src\providers\ring\common\VideoForensics.Providers.Ring.Common.csproj]
C:\Users\richa\source\repos\VideoForensics\src\providers\ring\common\Entities\DoorbotAlerts.cs(8,23): warning CS8618: Non-nullable property 'Connection' must contain a non-null value when exiting constructor. Consider adding the 'required' modifier or declaring the property as nullable. [C:\Users\richa\source\repos\VideoForensics\src\providers\ring\common\VideoForensics.Providers.Ring.Common.csproj]
C:\Users\richa\source\repos\VideoForensics\src\providers\ring\common\Entities\StickupCamAlerts.cs(8,23): warning CS8618: Non-nullable property 'Connection' must contain a non-null value when exiting constructor. Consider adding the 'required' modifier or declaring the property as nullable. [C:\Users\richa\source\repos\VideoForensics\src\providers\ring\common\VideoForensics.Providers.Ring.Common.csproj]
C:\Users\richa\source\repos\VideoForensics\src\providers\ring\common\Entities\StickupCam.cs(16,23): warning CS8618: Non-nullable property 'Description' must contain a non-null value when exiting constructor. Consider adding the 'required' modifier or declaring the property as nullable. [C:\Users\richa\source\repos\VideoForensics\src\providers\ring\common\VideoForensics.Providers.Ring.Common.csproj]
C:\Users\richa\source\repos\VideoForensics\src\providers\ring\common\Entities\StickupCam.cs(20,23): warning CS8618: Non-nullable property 'DeviceId' must contain a non-null value when exiting constructor. Consider adding the 'required' modifier or declaring the property as nullable. [C:\Users\richa\source\repos\VideoForensics\src\providers\ring\common\VideoForensics.Providers.Ring.Common.csproj]
C:\Users\richa\source\repos\VideoForensics\src\providers\ring\common\Entities\StickupCam.cs(24,23): warning CS8618: Non-nullable property 'TimeZone' must contain a non-null value when exiting constructor. Consider adding the 'required' modifier or declaring the property as nullable. [C:\Users\richa\source\repos\VideoForensics\src\providers\ring\common\VideoForensics.Providers.Ring.Common.csproj]
C:\Users\richa\source\repos\VideoForensics\src\providers\ring\common\Entities\StickupCam.cs(45,23): warning CS8618: Non-nullable property 'FirmwareVersion' must contain a non-null value when exiting constructor. Consider adding the 'required' modifier or declaring the property as nullable. [C:\Users\richa\source\repos\VideoForensics\src\providers\ring\common\VideoForensics.Providers.Ring.Common.csproj]
C:\Users\richa\source\repos\VideoForensics\src\providers\ring\common\Entities\StickupCam.cs(49,23): warning CS8618: Non-nullable property 'Kind' must contain a non-null value when exiting constructor. Consider adding the 'required' modifier or declaring the property as nullable. [C:\Users\richa\source\repos\VideoForensics\src\providers\ring\common\VideoForensics.Providers.Ring.Common.csproj]
C:\Users\richa\source\repos\VideoForensics\src\providers\ring\common\Entities\StickupCam.cs(61,23): warning CS8618: Non-nullable property 'Address' must contain a non-null value when exiting constructor. Consider adding the 'required' modifier or declaring the property as nullable. [C:\Users\richa\source\repos\VideoForensics\src\providers\ring\common\VideoForensics.Providers.Ring.Common.csproj]
C:\Users\richa\source\repos\VideoForensics\src\providers\ring\common\Entities\StickupCam.cs(65,35): warning CS8618: Non-nullable property 'Settings' must contain a non-null value when exiting constructor. Consider adding the 'required' modifier or declaring the property as nullable. [C:\Users\richa\source\repos\VideoForensics\src\providers\ring\common\VideoForensics.Providers.Ring.Common.csproj]
C:\Users\richa\source\repos\VideoForensics\src\providers\ring\common\Entities\StickupCam.cs(69,35): warning CS8618: Non-nullable property 'Features' must contain a non-null value when exiting constructor. Consider adding the 'required' modifier or declaring the property as nullable. [C:\Users\richa\source\repos\VideoForensics\src\providers\ring\common\VideoForensics.Providers.Ring.Common.csproj]
C:\Users\richa\source\repos\VideoForensics\src\providers\ring\common\Entities\StickupCam.cs(77,33): warning CS8618: Non-nullable property 'Alerts' must contain a non-null value when exiting constructor. Consider adding the 'required' modifier or declaring the property as nullable. [C:\Users\richa\source\repos\VideoForensics\src\providers\ring\common\VideoForensics.Providers.Ring.Common.csproj]
C:\Users\richa\source\repos\VideoForensics\src\providers\ring\common\Entities\StickupCam.cs(81,23): warning CS8618: Non-nullable property 'MotionSnooze' must contain a non-null value when exiting constructor. Consider adding the 'required' modifier or declaring the property as nullable. [C:\Users\richa\source\repos\VideoForensics\src\providers\ring\common\VideoForensics.Providers.Ring.Common.csproj]
C:\Users\richa\source\repos\VideoForensics\src\providers\ring\common\Entities\StickupCam.cs(93,23): warning CS8618: Non-nullable property 'RingId' must contain a non-null value when exiting constructor. Consider adding the 'required' modifier or declaring the property as nullable. [C:\Users\richa\source\repos\VideoForensics\src\providers\ring\common\VideoForensics.Providers.Ring.Common.csproj]
C:\Users\richa\source\repos\VideoForensics\src\providers\ring\common\Entities\StickupCam.cs(97,22): warning CS8618: Non-nullable property 'Owner' must contain a non-null value when exiting constructor. Consider adding the 'required' modifier or declaring the property as nullable. [C:\Users\richa\source\repos\VideoForensics\src\providers\ring\common\VideoForensics.Providers.Ring.Common.csproj]
C:\Users\richa\source\repos\VideoForensics\src\providers\ring\common\Entities\StickupCam.cs(115,23): warning CS8618: Non-nullable property 'LedStatus' must contain a non-null value when exiting constructor. Consider adding the 'required' modifier or declaring the property as nullable. [C:\Users\richa\source\repos\VideoForensics\src\providers\ring\common\VideoForensics.Providers.Ring.Common.csproj]
C:\Users\richa\source\repos\VideoForensics\src\providers\ring\common\Entities\StickupCam.cs(119,29): warning CS8618: Non-nullable property 'SirenStatus' must contain a non-null value when exiting constructor. Consider adding the 'required' modifier or declaring the property as nullable. [C:\Users\richa\source\repos\VideoForensics\src\providers\ring\common\VideoForensics.Providers.Ring.Common.csproj]
C:\Users\richa\source\repos\VideoForensics\src\providers\ring\common\Entities\StickupCam.cs(127,29): warning CS8618: Non-nullable property 'Health' must contain a non-null value when exiting constructor. Consider adding the 'required' modifier or declaring the property as nullable. [C:\Users\richa\source\repos\VideoForensics\src\providers\ring\common\VideoForensics.Providers.Ring.Common.csproj]
C:\Users\richa\source\repos\VideoForensics\src\providers\ring\common\Entities\SharedUser.cs(45,23): warning CS8618: Non-nullable property 'FirstName' must contain a non-null value when exiting constructor. Consider adding the 'required' modifier or declaring the property as nullable. [C:\Users\richa\source\repos\VideoForensics\src\providers\ring\common\VideoForensics.Providers.Ring.Common.csproj]
C:\Users\richa\source\repos\VideoForensics\src\providers\ring\common\Entities\SharedUser.cs(49,23): warning CS8618: Non-nullable property 'LastName' must contain a non-null value when exiting constructor. Consider adding the 'required' modifier or declaring the property as nullable. [C:\Users\richa\source\repos\VideoForensics\src\providers\ring\common\VideoForensics.Providers.Ring.Common.csproj]
C:\Users\richa\source\repos\VideoForensics\src\providers\ring\common\Entities\SharedUser.cs(53,23): warning CS8618: Non-nullable property 'Email' must contain a non-null value when exiting constructor. Consider adding the 'required' modifier or declaring the property as nullable. [C:\Users\richa\source\repos\VideoForensics\src\providers\ring\common\VideoForensics.Providers.Ring.Common.csproj]
C:\Users\richa\source\repos\VideoForensics\src\providers\ring\common\Entities\SharedUser.cs(57,23): warning CS8618: Non-nullable property 'ObjectType' must contain a non-null value when exiting constructor. Consider adding the 'required' modifier or declaring the property as nullable. [C:\Users\richa\source\repos\VideoForensics\src\providers\ring\common\VideoForensics.Providers.Ring.Common.csproj]
C:\Users\richa\source\repos\VideoForensics\src\providers\ring\common\Entities\SharedUser.cs(61,39): warning CS8618: Non-nullable property 'Devices' must contain a non-null value when exiting constructor. Consider adding the 'required' modifier or declaring the property as nullable. [C:\Users\richa\source\repos\VideoForensics\src\providers\ring\common\VideoForensics.Providers.Ring.Common.csproj]
C:\Users\richa\source\repos\VideoForensics\src\providers\ring\common\Entities\SharedUser.cs(17,23): warning CS8618: Non-nullable property 'Role' must contain a non-null value when exiting constructor. Consider adding the 'required' modifier or declaring the property as nullable. [C:\Users\richa\source\repos\VideoForensics\src\providers\ring\common\VideoForensics.Providers.Ring.Common.csproj]
C:\Users\richa\source\repos\VideoForensics\src\providers\ring\common\Entities\SharedUser.cs(20,23): warning CS8618: Non-nullable property 'DeviceType' must contain a non-null value when exiting constructor. Consider adding the 'required' modifier or declaring the property as nullable. [C:\Users\richa\source\repos\VideoForensics\src\providers\ring\common\VideoForensics.Providers.Ring.Common.csproj]
C:\Users\richa\source\repos\VideoForensics\src\providers\ring\common\Entities\SharedUser.cs(23,23): warning CS8618: Non-nullable property 'Permissions' must contain a non-null value when exiting constructor. Consider adding the 'required' modifier or declaring the property as nullable. [C:\Users\richa\source\repos\VideoForensics\src\providers\ring\common\VideoForensics.Providers.Ring.Common.csproj]
C:\Users\richa\source\repos\VideoForensics\src\providers\ring\common\Entities\SharedRecording.cs(14,23): warning CS8618: Non-nullable property 'Url' must contain a non-null value when exiting constructor. Consider adding the 'required' modifier or declaring the property as nullable. [C:\Users\richa\source\repos\VideoForensics\src\providers\ring\common\VideoForensics.Providers.Ring.Common.csproj]
C:\Users\richa\source\repos\VideoForensics\src\providers\ring\common\Entities\SharedRecording.cs(20,23): warning CS8618: Non-nullable property 'WrapperUrl' must contain a non-null value when exiting constructor. Consider adding the 'required' modifier or declaring the property as nullable. [C:\Users\richa\source\repos\VideoForensics\src\providers\ring\common\VideoForensics.Providers.Ring.Common.csproj]
C:\Users\richa\source\repos\VideoForensics\src\providers\ring\common\Entities\DoorbotHistoryEvent.cs(19,23): warning CS8618: Non-nullable property 'CreatedAt' must contain a non-null value when exiting constructor. Consider adding the 'required' modifier or declaring the property as nullable. [C:\Users\richa\source\repos\VideoForensics\src\providers\ring\common\VideoForensics.Providers.Ring.Common.csproj]
C:\Users\richa\source\repos\VideoForensics\src\providers\ring\common\Entities\DoorbotHistoryEvent.cs(47,29): warning CS8618: Non-nullable property 'Events' must contain a non-null value when exiting constructor. Consider adding the 'required' modifier or declaring the property as nullable. [C:\Users\richa\source\repos\VideoForensics\src\providers\ring\common\VideoForensics.Providers.Ring.Common.csproj]
C:\Users\richa\source\repos\VideoForensics\src\providers\ring\common\Entities\DoorbotHistoryEvent.cs(50,23): warning CS8618: Non-nullable property 'Kind' must contain a non-null value when exiting constructor. Consider adding the 'required' modifier or declaring the property as nullable. [C:\Users\richa\source\repos\VideoForensics\src\providers\ring\common\VideoForensics.Providers.Ring.Common.csproj]
C:\Users\richa\source\repos\VideoForensics\src\providers\ring\common\Entities\DoorbotHistoryEvent.cs(56,23): warning CS8618: Non-nullable property 'SnapshotUrl' must contain a non-null value when exiting constructor. Consider adding the 'required' modifier or declaring the property as nullable. [C:\Users\richa\source\repos\VideoForensics\src\providers\ring\common\VideoForensics.Providers.Ring.Common.csproj]
C:\Users\richa\source\repos\VideoForensics\src\providers\ring\common\Entities\DoorbotHistoryEvent.cs(59,45): warning CS8618: Non-nullable property 'Recording' must contain a non-null value when exiting constructor. Consider adding the 'required' modifier or declaring the property as nullable. [C:\Users\richa\source\repos\VideoForensics\src\providers\ring\common\VideoForensics.Providers.Ring.Common.csproj]
C:\Users\richa\source\repos\VideoForensics\src\providers\ring\common\Entities\DoorbotHistoryEvent.cs(69,24): warning CS8618: Non-nullable property 'Doorbot' must contain a non-null value when exiting constructor. Consider adding the 'required' modifier or declaring the property as nullable. [C:\Users\richa\source\repos\VideoForensics\src\providers\ring\common\VideoForensics.Providers.Ring.Common.csproj]
C:\Users\richa\source\repos\VideoForensics\src\providers\ring\common\Entities\DoorbotHistoryEvent.cs(75,29): warning CS8618: Non-nullable property 'CvProperties' must contain a non-null value when exiting constructor. Consider adding the 'required' modifier or declaring the property as nullable. [C:\Users\richa\source\repos\VideoForensics\src\providers\ring\common\VideoForensics.Providers.Ring.Common.csproj]
C:\Users\richa\source\repos\VideoForensics\src\providers\ring\common\Entities\DoorbotTimestamps.cs(15,39): warning CS8618: Non-nullable property 'Timestamp' must contain a non-null value when exiting constructor. Consider adding the 'required' modifier or declaring the property as nullable. [C:\Users\richa\source\repos\VideoForensics\src\providers\ring\common\VideoForensics.Providers.Ring.Common.csproj]
C:\Users\richa\source\repos\VideoForensics\src\providers\ring\common\Entities\Session.cs(8,24): warning CS8618: Non-nullable property 'Profile' must contain a non-null value when exiting constructor. Consider adding the 'required' modifier or declaring the property as nullable. [C:\Users\richa\source\repos\VideoForensics\src\providers\ring\common\VideoForensics.Providers.Ring.Common.csproj]
C:\Users\richa\source\repos\VideoForensics\src\providers\ring\common\Entities\RingtonesResponse.cs(15,31): warning CS8618: Non-nullable property 'Ringtones' must contain a non-null value when exiting constructor. Consider adding the 'required' modifier or declaring the property as nullable. [C:\Users\richa\source\repos\VideoForensics\src\providers\ring\common\VideoForensics.Providers.Ring.Common.csproj]
C:\Users\richa\source\repos\VideoForensics\src\providers\ring\common\Entities\RingtonesResponse.cs(18,23): warning CS8618: Non-nullable property 'DefaultDingId' must contain a non-null value when exiting constructor. Consider adding the 'required' modifier or declaring the property as nullable. [C:\Users\richa\source\repos\VideoForensics\src\providers\ring\common\VideoForensics.Providers.Ring.Common.csproj]
C:\Users\richa\source\repos\VideoForensics\src\providers\ring\common\Entities\RingtonesResponse.cs(21,23): warning CS8618: Non-nullable property 'DefaultDingUserId' must contain a non-null value when exiting constructor. Consider adding the 'required' modifier or declaring the property as nullable. [C:\Users\richa\source\repos\VideoForensics\src\providers\ring\common\VideoForensics.Providers.Ring.Common.csproj]
C:\Users\richa\source\repos\VideoForensics\src\providers\ring\common\Entities\RingtonesResponse.cs(24,23): warning CS8618: Non-nullable property 'DefaultMotionId' must contain a non-null value when exiting constructor. Consider adding the 'required' modifier or declaring the property as nullable. [C:\Users\richa\source\repos\VideoForensics\src\providers\ring\common\VideoForensics.Providers.Ring.Common.csproj]
C:\Users\richa\source\repos\VideoForensics\src\providers\ring\common\Entities\RingtonesResponse.cs(27,23): warning CS8618: Non-nullable property 'DefaultMotionUserId' must contain a non-null value when exiting constructor. Consider adding the 'required' modifier or declaring the property as nullable. [C:\Users\richa\source\repos\VideoForensics\src\providers\ring\common\VideoForensics.Providers.Ring.Common.csproj]
C:\Users\richa\source\repos\VideoForensics\src\providers\ring\common\Entities\RingtonesResponse.cs(30,23): warning CS8618: Non-nullable property 'DefaultAlarmUserId' must contain a non-null value when exiting constructor. Consider adding the 'required' modifier or declaring the property as nullable. [C:\Users\richa\source\repos\VideoForensics\src\providers\ring\common\VideoForensics.Providers.Ring.Common.csproj]
C:\Users\richa\source\repos\VideoForensics\src\providers\ring\common\Entities\RingtonesResponse.cs(33,23): warning CS8618: Non-nullable property 'DefaultChirpUserId' must contain a non-null value when exiting constructor. Consider adding the 'required' modifier or declaring the property as nullable. [C:\Users\richa\source\repos\VideoForensics\src\providers\ring\common\VideoForensics.Providers.Ring.Common.csproj]
C:\Users\richa\source\repos\VideoForensics\src\providers\ring\common\Entities\RingtonesResponse.cs(36,23): warning CS8618: Non-nullable property 'DefaultAppstoreUserId' must contain a non-null value when exiting constructor. Consider adding the 'required' modifier or declaring the property as nullable. [C:\Users\richa\source\repos\VideoForensics\src\providers\ring\common\VideoForensics.Providers.Ring.Common.csproj]
C:\Users\richa\source\repos\VideoForensics\src\providers\ring\common\Entities\DownloadedEventRecord.cs(18,38): warning CS8618: Non-nullable property 'Event' must contain a non-null value when exiting constructor. Consider adding the 'required' modifier or declaring the property as nullable. [C:\Users\richa\source\repos\VideoForensics\src\providers\ring\common\VideoForensics.Providers.Ring.Common.csproj]
C:\Users\richa\source\repos\VideoForensics\src\providers\ring\common\Entities\DownloadedEventRecord.cs(24,35): warning CS8618: Non-nullable property 'File' must contain a non-null value when exiting constructor. Consider adding the 'required' modifier or declaring the property as nullable. [C:\Users\richa\source\repos\VideoForensics\src\providers\ring\common\VideoForensics.Providers.Ring.Common.csproj]
C:\Users\richa\source\repos\VideoForensics\src\providers\ring\common\Entities\DownloadedEventRecord.cs(30,37): warning CS8618: Non-nullable property 'DeviceHealth' must contain a non-null value when exiting constructor. Consider adding the 'required' modifier or declaring the property as nullable. [C:\Users\richa\source\repos\VideoForensics\src\providers\ring\common\VideoForensics.Providers.Ring.Common.csproj]
C:\Users\richa\source\repos\VideoForensics\src\providers\ring\common\Entities\DownloadedEventRecord.cs(37,37): warning CS8618: Non-nullable property 'DeviceConfig' must contain a non-null value when exiting constructor. Consider adding the 'required' modifier or declaring the property as nullable. [C:\Users\richa\source\repos\VideoForensics\src\providers\ring\common\VideoForensics.Providers.Ring.Common.csproj]
C:\Users\richa\source\repos\VideoForensics\src\providers\ring\common\Entities\DownloadedEventRecord.cs(43,31): warning CS8618: Non-nullable property 'Device' must contain a non-null value when exiting constructor. Consider adding the 'required' modifier or declaring the property as nullable. [C:\Users\richa\source\repos\VideoForensics\src\providers\ring\common\VideoForensics.Providers.Ring.Common.csproj]
C:\Users\richa\source\repos\VideoForensics\src\providers\ring\common\Entities\DownloadedEventRecord.cs(50,33): warning CS8618: Non-nullable property 'Location' must contain a non-null value when exiting constructor. Consider adding the 'required' modifier or declaring the property as nullable. [C:\Users\richa\source\repos\VideoForensics\src\providers\ring\common\VideoForensics.Providers.Ring.Common.csproj]
C:\Users\richa\source\repos\VideoForensics\src\providers\ring\common\Entities\DownloadedEventRecord.cs(57,32): warning CS8618: Non-nullable property 'Account' must contain a non-null value when exiting constructor. Consider adding the 'required' modifier or declaring the property as nullable. [C:\Users\richa\source\repos\VideoForensics\src\providers\ring\common\VideoForensics.Providers.Ring.Common.csproj]
C:\Users\richa\source\repos\VideoForensics\src\providers\ring\common\Entities\DownloadedEventRecord.cs(64,35): warning CS8618: Non-nullable property 'AiAnalysis' must contain a non-null value when exiting constructor. Consider adding the 'required' modifier or declaring the property as nullable. [C:\Users\richa\source\repos\VideoForensics\src\providers\ring\common\VideoForensics.Providers.Ring.Common.csproj]
C:\Users\richa\source\repos\VideoForensics\src\providers\ring\common\Entities\DownloadedEventRecord.cs(70,39): warning CS8618: Non-nullable property 'Download' must contain a non-null value when exiting constructor. Consider adding the 'required' modifier or declaring the property as nullable. [C:\Users\richa\source\repos\VideoForensics\src\providers\ring\common\VideoForensics.Providers.Ring.Common.csproj]
C:\Users\richa\source\repos\VideoForensics\src\providers\ring\common\Entities\Ringtone.cs(16,23): warning CS8618: Non-nullable property 'Id' must contain a non-null value when exiting constructor. Consider adding the 'required' modifier or declaring the property as nullable. [C:\Users\richa\source\repos\VideoForensics\src\providers\ring\common\VideoForensics.Providers.Ring.Common.csproj]
C:\Users\richa\source\repos\VideoForensics\src\providers\ring\common\Entities\Ringtone.cs(20,23): warning CS8618: Non-nullable property 'Description' must contain a non-null value when exiting constructor. Consider adding the 'required' modifier or declaring the property as nullable. [C:\Users\richa\source\repos\VideoForensics\src\providers\ring\common\VideoForensics.Providers.Ring.Common.csproj]
C:\Users\richa\source\repos\VideoForensics\src\providers\ring\common\Entities\Ringtone.cs(24,23): warning CS8618: Non-nullable property 'Kind' must contain a non-null value when exiting constructor. Consider adding the 'required' modifier or declaring the property as nullable. [C:\Users\richa\source\repos\VideoForensics\src\providers\ring\common\VideoForensics.Providers.Ring.Common.csproj]
C:\Users\richa\source\repos\VideoForensics\src\providers\ring\common\Entities\Ringtone.cs(28,23): warning CS8618: Non-nullable property 'Category' must contain a non-null value when exiting constructor. Consider adding the 'required' modifier or declaring the property as nullable. [C:\Users\richa\source\repos\VideoForensics\src\providers\ring\common\VideoForensics.Providers.Ring.Common.csproj]
C:\Users\richa\source\repos\VideoForensics\src\providers\ring\common\Entities\Ringtone.cs(44,29): warning CS8618: Non-nullable property 'SupportedDeviceKinds' must contain a non-null value when exiting constructor. Consider adding the 'required' modifier or declaring the property as nullable. [C:\Users\richa\source\repos\VideoForensics\src\providers\ring\common\VideoForensics.Providers.Ring.Common.csproj]
C:\Users\richa\source\repos\VideoForensics\src\providers\ring\common\Entities\Ringtone.cs(48,23): warning CS8618: Non-nullable property 'Url' must contain a non-null value when exiting constructor. Consider adding the 'required' modifier or declaring the property as nullable. [C:\Users\richa\source\repos\VideoForensics\src\providers\ring\common\VideoForensics.Providers.Ring.Common.csproj]
C:\Users\richa\source\repos\VideoForensics\src\providers\ring\common\Entities\Ringtone.cs(52,23): warning CS8618: Non-nullable property 'UrlAmz' must contain a non-null value when exiting constructor. Consider adding the 'required' modifier or declaring the property as nullable. [C:\Users\richa\source\repos\VideoForensics\src\providers\ring\common\VideoForensics.Providers.Ring.Common.csproj]
C:\Users\richa\source\repos\VideoForensics\src\providers\ring\common\Entities\Ringtone.cs(56,23): warning CS8618: Non-nullable property 'UserId' must contain a non-null value when exiting constructor. Consider adding the 'required' modifier or declaring the property as nullable. [C:\Users\richa\source\repos\VideoForensics\src\providers\ring\common\VideoForensics.Providers.Ring.Common.csproj]
C:\Users\richa\source\repos\VideoForensics\src\providers\ring\common\Entities\Profile.cs(51,24): warning CS8618: Non-nullable property 'Profile' must contain a non-null value when exiting constructor. Consider adding the 'required' modifier or declaring the property as nullable. [C:\Users\richa\source\repos\VideoForensics\src\providers\ring\common\VideoForensics.Providers.Ring.Common.csproj]
C:\Users\richa\source\repos\VideoForensics\src\providers\ring\common\Entities\DownloadedEventRecord.cs(169,23): warning CS8618: Non-nullable property 'Kind' must contain a non-null value when exiting constructor. Consider adding the 'required' modifier or declaring the property as nullable. [C:\Users\richa\source\repos\VideoForensics\src\providers\ring\common\VideoForensics.Providers.Ring.Common.csproj]
C:\Users\richa\source\repos\VideoForensics\src\providers\ring\common\Entities\DownloadedEventRecord.cs(178,23): warning CS8618: Non-nullable property 'SnapshotUrl' must contain a non-null value when exiting constructor. Consider adding the 'required' modifier or declaring the property as nullable. [C:\Users\richa\source\repos\VideoForensics\src\providers\ring\common\VideoForensics.Providers.Ring.Common.csproj]
C:\Users\richa\source\repos\VideoForensics\src\providers\ring\common\Entities\DownloadedEventRecord.cs(181,23): warning CS8618: Non-nullable property 'RecordingStatus' must contain a non-null value when exiting constructor. Consider adding the 'required' modifier or declaring the property as nullable. [C:\Users\richa\source\repos\VideoForensics\src\providers\ring\common\VideoForensics.Providers.Ring.Common.csproj]
C:\Users\richa\source\repos\VideoForensics\src\providers\ring\common\Entities\Profile.cs(16,23): warning CS8618: Non-nullable property 'Email' must contain a non-null value when exiting constructor. Consider adding the 'required' modifier or declaring the property as nullable. [C:\Users\richa\source\repos\VideoForensics\src\providers\ring\common\VideoForensics.Providers.Ring.Common.csproj]
C:\Users\richa\source\repos\VideoForensics\src\providers\ring\common\Entities\Profile.cs(19,23): warning CS8618: Non-nullable property 'FirstName' must contain a non-null value when exiting constructor. Consider adding the 'required' modifier or declaring the property as nullable. [C:\Users\richa\source\repos\VideoForensics\src\providers\ring\common\VideoForensics.Providers.Ring.Common.csproj]
C:\Users\richa\source\repos\VideoForensics\src\providers\ring\common\Entities\Profile.cs(22,23): warning CS8618: Non-nullable property 'LastName' must contain a non-null value when exiting constructor. Consider adding the 'required' modifier or declaring the property as nullable. [C:\Users\richa\source\repos\VideoForensics\src\providers\ring\common\VideoForensics.Providers.Ring.Common.csproj]
C:\Users\richa\source\repos\VideoForensics\src\providers\ring\common\Entities\Profile.cs(27,23): warning CS8618: Non-nullable property 'PhoneNumber' must contain a non-null value when exiting constructor. Consider adding the 'required' modifier or declaring the property as nullable. [C:\Users\richa\source\repos\VideoForensics\src\providers\ring\common\VideoForensics.Providers.Ring.Common.csproj]
C:\Users\richa\source\repos\VideoForensics\src\providers\ring\common\Entities\Profile.cs(30,23): warning CS8618: Non-nullable property 'AuthenticationToken' must contain a non-null value when exiting constructor. Consider adding the 'required' modifier or declaring the property as nullable. [C:\Users\richa\source\repos\VideoForensics\src\providers\ring\common\VideoForensics.Providers.Ring.Common.csproj]
C:\Users\richa\source\repos\VideoForensics\src\providers\ring\common\Entities\Profile.cs(33,32): warning CS8618: Non-nullable property 'Features' must contain a non-null value when exiting constructor. Consider adding the 'required' modifier or declaring the property as nullable. [C:\Users\richa\source\repos\VideoForensics\src\providers\ring\common\VideoForensics.Providers.Ring.Common.csproj]
C:\Users\richa\source\repos\VideoForensics\src\providers\ring\common\Entities\Profile.cs(36,23): warning CS8618: Non-nullable property 'AppBrand' must contain a non-null value when exiting constructor. Consider adding the 'required' modifier or declaring the property as nullable. [C:\Users\richa\source\repos\VideoForensics\src\providers\ring\common\VideoForensics.Providers.Ring.Common.csproj]
C:\Users\richa\source\repos\VideoForensics\src\providers\ring\common\Entities\Profile.cs(39,23): warning CS8618: Non-nullable property 'UserFlow' must contain a non-null value when exiting constructor. Consider adding the 'required' modifier or declaring the property as nullable. [C:\Users\richa\source\repos\VideoForensics\src\providers\ring\common\VideoForensics.Providers.Ring.Common.csproj]
C:\Users\richa\source\repos\VideoForensics\src\providers\ring\common\Entities\Profile.cs(42,23): warning CS8618: Non-nullable property 'ExplorerProgramTerms' must contain a non-null value when exiting constructor. Consider adding the 'required' modifier or declaring the property as nullable. [C:\Users\richa\source\repos\VideoForensics\src\providers\ring\common\VideoForensics.Providers.Ring.Common.csproj]
C:\Users\richa\source\repos\VideoForensics\src\providers\ring\common\Entities\DownloadedEventRecord.cs(190,23): warning CS8618: Non-nullable property 'Path' must contain a non-null value when exiting constructor. Consider adding the 'required' modifier or declaring the property as nullable. [C:\Users\richa\source\repos\VideoForensics\src\providers\ring\common\VideoForensics.Providers.Ring.Common.csproj]
C:\Users\richa\source\repos\VideoForensics\src\providers\ring\common\Entities\DownloadedEventRecord.cs(193,23): warning CS8618: Non-nullable property 'Filename' must contain a non-null value when exiting constructor. Consider adding the 'required' modifier or declaring the property as nullable. [C:\Users\richa\source\repos\VideoForensics\src\providers\ring\common\VideoForensics.Providers.Ring.Common.csproj]
C:\Users\richa\source\repos\VideoForensics\src\providers\ring\common\Entities\DownloadedEventRecord.cs(209,23): warning CS8618: Non-nullable property 'Sha256Hash' must contain a non-null value when exiting constructor. Consider adding the 'required' modifier or declaring the property as nullable. [C:\Users\richa\source\repos\VideoForensics\src\providers\ring\common\VideoForensics.Providers.Ring.Common.csproj]
C:\Users\richa\source\repos\VideoForensics\src\providers\ring\common\Entities\DownloadedEventRecord.cs(213,23): warning CS8618: Non-nullable property 'VideoCodec' must contain a non-null value when exiting constructor. Consider adding the 'required' modifier or declaring the property as nullable. [C:\Users\richa\source\repos\VideoForensics\src\providers\ring\common\VideoForensics.Providers.Ring.Common.csproj]
C:\Users\richa\source\repos\VideoForensics\src\providers\ring\common\Entities\DownloadedEventRecord.cs(217,23): warning CS8618: Non-nullable property 'AudioCodec' must contain a non-null value when exiting constructor. Consider adding the 'required' modifier or declaring the property as nullable. [C:\Users\richa\source\repos\VideoForensics\src\providers\ring\common\VideoForensics.Providers.Ring.Common.csproj]
C:\Users\richa\source\repos\VideoForensics\src\providers\ring\common\Entities\DownloadedEventRecord.cs(221,23): warning CS8618: Non-nullable property 'Resolution' must contain a non-null value when exiting constructor. Consider adding the 'required' modifier or declaring the property as nullable. [C:\Users\richa\source\repos\VideoForensics\src\providers\ring\common\VideoForensics.Providers.Ring.Common.csproj]
C:\Users\richa\source\repos\VideoForensics\src\providers\ring\common\Entities\DownloadedEventRecord.cs(225,23): warning CS8618: Non-nullable property 'FrameRate' must contain a non-null value when exiting constructor. Consider adding the 'required' modifier or declaring the property as nullable. [C:\Users\richa\source\repos\VideoForensics\src\providers\ring\common\VideoForensics.Providers.Ring.Common.csproj]
C:\Users\richa\source\repos\VideoForensics\src\providers\ring\common\Entities\Owner.cs(11,23): warning CS8618: Non-nullable property 'FirstName' must contain a non-null value when exiting constructor. Consider adding the 'required' modifier or declaring the property as nullable. [C:\Users\richa\source\repos\VideoForensics\src\providers\ring\common\VideoForensics.Providers.Ring.Common.csproj]
C:\Users\richa\source\repos\VideoForensics\src\providers\ring\common\Entities\Owner.cs(14,23): warning CS8618: Non-nullable property 'LastName' must contain a non-null value when exiting constructor. Consider adding the 'required' modifier or declaring the property as nullable. [C:\Users\richa\source\repos\VideoForensics\src\providers\ring\common\VideoForensics.Providers.Ring.Common.csproj]
C:\Users\richa\source\repos\VideoForensics\src\providers\ring\common\Entities\Owner.cs(17,23): warning CS8618: Non-nullable property 'Email' must contain a non-null value when exiting constructor. Consider adding the 'required' modifier or declaring the property as nullable. [C:\Users\richa\source\repos\VideoForensics\src\providers\ring\common\VideoForensics.Providers.Ring.Common.csproj]
C:\Users\richa\source\repos\VideoForensics\src\providers\ring\common\Entities\DownloadedEventRecord.cs(240,23): warning CS8618: Non-nullable property 'BatteryPercentageCategory' must contain a non-null value when exiting constructor. Consider adding the 'required' modifier or declaring the property as nullable. [C:\Users\richa\source\repos\VideoForensics\src\providers\ring\common\VideoForensics.Providers.Ring.Common.csproj]
C:\Users\richa\source\repos\VideoForensics\src\providers\ring\common\Entities\DownloadedEventRecord.cs(246,23): warning CS8618: Non-nullable property 'BatteryVoltageCategory' must contain a non-null value when exiting constructor. Consider adding the 'required' modifier or declaring the property as nullable. [C:\Users\richa\source\repos\VideoForensics\src\providers\ring\common\VideoForensics.Providers.Ring.Common.csproj]
C:\Users\richa\source\repos\VideoForensics\src\providers\ring\common\Entities\DownloadedEventRecord.cs(258,23): warning CS8618: Non-nullable property 'RssiCategory' must contain a non-null value when exiting constructor. Consider adding the 'required' modifier or declaring the property as nullable. [C:\Users\richa\source\repos\VideoForensics\src\providers\ring\common\VideoForensics.Providers.Ring.Common.csproj]
C:\Users\richa\source\repos\VideoForensics\src\providers\ring\common\Entities\DownloadedEventRecord.cs(264,23): warning CS8618: Non-nullable property 'LatestSignalCategory' must contain a non-null value when exiting constructor. Consider adding the 'required' modifier or declaring the property as nullable. [C:\Users\richa\source\repos\VideoForensics\src\providers\ring\common\VideoForensics.Providers.Ring.Common.csproj]
C:\Users\richa\source\repos\VideoForensics\src\providers\ring\common\Entities\DownloadedEventRecord.cs(270,23): warning CS8618: Non-nullable property 'AverageSignalCategory' must contain a non-null value when exiting constructor. Consider adding the 'required' modifier or declaring the property as nullable. [C:\Users\richa\source\repos\VideoForensics\src\providers\ring\common\VideoForensics.Providers.Ring.Common.csproj]
C:\Users\richa\source\repos\VideoForensics\src\providers\ring\common\Entities\DownloadedEventRecord.cs(276,23): warning CS8618: Non-nullable property 'PacketLossCategory' must contain a non-null value when exiting constructor. Consider adding the 'required' modifier or declaring the property as nullable. [C:\Users\richa\source\repos\VideoForensics\src\providers\ring\common\VideoForensics.Providers.Ring.Common.csproj]
C:\Users\richa\source\repos\VideoForensics\src\providers\ring\common\Entities\DownloadedEventRecord.cs(279,23): warning CS8618: Non-nullable property 'WifiName' must contain a non-null value when exiting constructor. Consider adding the 'required' modifier or declaring the property as nullable. [C:\Users\richa\source\repos\VideoForensics\src\providers\ring\common\VideoForensics.Providers.Ring.Common.csproj]
C:\Users\richa\source\repos\VideoForensics\src\providers\ring\common\Entities\DownloadedEventRecord.cs(285,23): warning CS8618: Non-nullable property 'FirmwareVersion' must contain a non-null value when exiting constructor. Consider adding the 'required' modifier or declaring the property as nullable. [C:\Users\richa\source\repos\VideoForensics\src\providers\ring\common\VideoForensics.Providers.Ring.Common.csproj]
C:\Users\richa\source\repos\VideoForensics\src\providers\ring\common\Entities\DownloadedEventRecord.cs(288,23): warning CS8618: Non-nullable property 'FirmwareVersionStatus' must contain a non-null value when exiting constructor. Consider adding the 'required' modifier or declaring the property as nullable. [C:\Users\richa\source\repos\VideoForensics\src\providers\ring\common\VideoForensics.Providers.Ring.Common.csproj]
C:\Users\richa\source\repos\VideoForensics\src\providers\ring\common\Entities\DownloadedEventRecord.cs(291,23): warning CS8618: Non-nullable property 'OtaStatus' must contain a non-null value when exiting constructor. Consider adding the 'required' modifier or declaring the property as nullable. [C:\Users\richa\source\repos\VideoForensics\src\providers\ring\common\VideoForensics.Providers.Ring.Common.csproj]
C:\Users\richa\source\repos\VideoForensics\src\providers\ring\common\Entities\OAuthToken.cs(15,23): warning CS8618: Non-nullable property 'AccessToken' must contain a non-null value when exiting constructor. Consider adding the 'required' modifier or declaring the property as nullable. [C:\Users\richa\source\repos\VideoForensics\src\providers\ring\common\VideoForensics.Providers.Ring.Common.csproj]
C:\Users\richa\source\repos\VideoForensics\src\providers\ring\common\Entities\OAuthToken.cs(21,23): warning CS8618: Non-nullable property 'TokenType' must contain a non-null value when exiting constructor. Consider adding the 'required' modifier or declaring the property as nullable. [C:\Users\richa\source\repos\VideoForensics\src\providers\ring\common\VideoForensics.Providers.Ring.Common.csproj]
C:\Users\richa\source\repos\VideoForensics\src\providers\ring\common\Entities\OAuthToken.cs(43,23): warning CS8618: Non-nullable property 'RefreshToken' must contain a non-null value when exiting constructor. Consider adding the 'required' modifier or declaring the property as nullable. [C:\Users\richa\source\repos\VideoForensics\src\providers\ring\common\VideoForensics.Providers.Ring.Common.csproj]
C:\Users\richa\source\repos\VideoForensics\src\providers\ring\common\Entities\OAuthToken.cs(49,23): warning CS8618: Non-nullable property 'Scope' must contain a non-null value when exiting constructor. Consider adding the 'required' modifier or declaring the property as nullable. [C:\Users\richa\source\repos\VideoForensics\src\providers\ring\common\VideoForensics.Providers.Ring.Common.csproj]
C:\Users\richa\source\repos\VideoForensics\src\providers\ring\common\Entities\MotionZone.cs(23,39): warning CS8618: Non-nullable property 'AdvancedObjectSettings' must contain a non-null value when exiting constructor. Consider adding the 'required' modifier or declaring the property as nullable. [C:\Users\richa\source\repos\VideoForensics\src\providers\ring\common\VideoForensics.Providers.Ring.Common.csproj]
C:\Users\richa\source\repos\VideoForensics\src\providers\ring\common\Entities\MotionZone.cs(27,21): warning CS8618: Non-nullable property 'Zone1' must contain a non-null value when exiting constructor. Consider adding the 'required' modifier or declaring the property as nullable. [C:\Users\richa\source\repos\VideoForensics\src\providers\ring\common\VideoForensics.Providers.Ring.Common.csproj]
C:\Users\richa\source\repos\VideoForensics\src\providers\ring\common\Entities\MotionZone.cs(31,21): warning CS8618: Non-nullable property 'Zone2' must contain a non-null value when exiting constructor. Consider adding the 'required' modifier or declaring the property as nullable. [C:\Users\richa\source\repos\VideoForensics\src\providers\ring\common\VideoForensics.Providers.Ring.Common.csproj]
C:\Users\richa\source\repos\VideoForensics\src\providers\ring\common\Entities\MotionZone.cs(35,21): warning CS8618: Non-nullable property 'Zone3' must contain a non-null value when exiting constructor. Consider adding the 'required' modifier or declaring the property as nullable. [C:\Users\richa\source\repos\VideoForensics\src\providers\ring\common\VideoForensics.Providers.Ring.Common.csproj]
C:\Users\richa\source\repos\VideoForensics\src\providers\ring\common\Entities\MotionZone.cs(39,28): warning CS8618: Non-nullable property 'PirSettings' must contain a non-null value when exiting constructor. Consider adding the 'required' modifier or declaring the property as nullable. [C:\Users\richa\source\repos\VideoForensics\src\providers\ring\common\VideoForensics.Providers.Ring.Common.csproj]
C:\Users\richa\source\repos\VideoForensics\src\providers\ring\common\Entities\LocationMode.cs(17,23): warning CS8618: Non-nullable property 'Mode' must contain a non-null value when exiting constructor. Consider adding the 'required' modifier or declaring the property as nullable. [C:\Users\richa\source\repos\VideoForensics\src\providers\ring\common\VideoForensics.Providers.Ring.Common.csproj]
C:\Users\richa\source\repos\VideoForensics\src\providers\ring\common\Entities\LocationEventsResponse.cs(268,23): warning CS8618: Non-nullable property 'TriggerType' must contain a non-null value when exiting constructor. Consider adding the 'required' modifier or declaring the property as nullable. [C:\Users\richa\source\repos\VideoForensics\src\providers\ring\common\VideoForensics.Providers.Ring.Common.csproj]
C:\Users\richa\source\repos\VideoForensics\src\providers\ring\common\Entities\LocationEventsResponse.cs(271,23): warning CS8618: Non-nullable property 'AlarmState' must contain a non-null value when exiting constructor. Consider adding the 'required' modifier or declaring the property as nullable. [C:\Users\richa\source\repos\VideoForensics\src\providers\ring\common\VideoForensics.Providers.Ring.Common.csproj]
C:\Users\richa\source\repos\VideoForensics\src\providers\ring\common\Entities\DownloadedEventRecord.cs(339,23): warning CS8618: Non-nullable property 'DeviceId' must contain a non-null value when exiting constructor. Consider adding the 'required' modifier or declaring the property as nullable. [C:\Users\richa\source\repos\VideoForensics\src\providers\ring\common\VideoForensics.Providers.Ring.Common.csproj]
C:\Users\richa\source\repos\VideoForensics\src\providers\ring\common\Entities\DownloadedEventRecord.cs(342,23): warning CS8618: Non-nullable property 'Description' must contain a non-null value when exiting constructor. Consider adding the 'required' modifier or declaring the property as nullable. [C:\Users\richa\source\repos\VideoForensics\src\providers\ring\common\VideoForensics.Providers.Ring.Common.csproj]
C:\Users\richa\source\repos\VideoForensics\src\providers\ring\common\Entities\DownloadedEventRecord.cs(345,23): warning CS8618: Non-nullable property 'Kind' must contain a non-null value when exiting constructor. Consider adding the 'required' modifier or declaring the property as nullable. [C:\Users\richa\source\repos\VideoForensics\src\providers\ring\common\VideoForensics.Providers.Ring.Common.csproj]
C:\Users\richa\source\repos\VideoForensics\src\providers\ring\common\Entities\DownloadedEventRecord.cs(348,23): warning CS8618: Non-nullable property 'Type' must contain a non-null value when exiting constructor. Consider adding the 'required' modifier or declaring the property as nullable. [C:\Users\richa\source\repos\VideoForensics\src\providers\ring\common\VideoForensics.Providers.Ring.Common.csproj]
C:\Users\richa\source\repos\VideoForensics\src\providers\ring\common\Entities\DownloadedEventRecord.cs(351,23): warning CS8618: Non-nullable property 'FirmwareVersion' must contain a non-null value when exiting constructor. Consider adding the 'required' modifier or declaring the property as nullable. [C:\Users\richa\source\repos\VideoForensics\src\providers\ring\common\VideoForensics.Providers.Ring.Common.csproj]
C:\Users\richa\source\repos\VideoForensics\src\providers\ring\common\Entities\DownloadedEventRecord.cs(357,23): warning CS8618: Non-nullable property 'Timezone' must contain a non-null value when exiting constructor. Consider adding the 'required' modifier or declaring the property as nullable. [C:\Users\richa\source\repos\VideoForensics\src\providers\ring\common\VideoForensics.Providers.Ring.Common.csproj]
C:\Users\richa\source\repos\VideoForensics\src\providers\ring\common\Entities\DownloadedEventRecord.cs(360,23): warning CS8618: Non-nullable property 'Address' must contain a non-null value when exiting constructor. Consider adding the 'required' modifier or declaring the property as nullable. [C:\Users\richa\source\repos\VideoForensics\src\providers\ring\common\VideoForensics.Providers.Ring.Common.csproj]
C:\Users\richa\source\repos\VideoForensics\src\providers\ring\common\Entities\LocationEventsResponse.cs(253,23): warning CS8618: Non-nullable property 'Name' must contain a non-null value when exiting constructor. Consider adding the 'required' modifier or declaring the property as nullable. [C:\Users\richa\source\repos\VideoForensics\src\providers\ring\common\VideoForensics.Providers.Ring.Common.csproj]
C:\Users\richa\source\repos\VideoForensics\src\providers\ring\common\Entities\LocationEventsResponse.cs(223,23): warning CS8618: Non-nullable property 'SubscriptionId' must contain a non-null value when exiting constructor. Consider adding the 'required' modifier or declaring the property as nullable. [C:\Users\richa\source\repos\VideoForensics\src\providers\ring\common\VideoForensics.Providers.Ring.Common.csproj]
C:\Users\richa\source\repos\VideoForensics\src\providers\ring\common\Entities\LocationEventsResponse.cs(226,23): warning CS8618: Non-nullable property 'SubscriptionType' must contain a non-null value when exiting constructor. Consider adding the 'required' modifier or declaring the property as nullable. [C:\Users\richa\source\repos\VideoForensics\src\providers\ring\common\VideoForensics.Providers.Ring.Common.csproj]
C:\Users\richa\source\repos\VideoForensics\src\providers\ring\common\Entities\DoorbotHistoryEventRecording.cs(8,23): warning CS8618: Non-nullable property 'Status' must contain a non-null value when exiting constructor. Consider adding the 'required' modifier or declaring the property as nullable. [C:\Users\richa\source\repos\VideoForensics\src\providers\ring\common\VideoForensics.Providers.Ring.Common.csproj]
C:\Users\richa\source\repos\VideoForensics\src\providers\ring\common\Entities\LocationEventsResponse.cs(214,23): warning CS8618: Non-nullable property 'Source' must contain a non-null value when exiting constructor. Consider adding the 'required' modifier or declaring the property as nullable. [C:\Users\richa\source\repos\VideoForensics\src\providers\ring\common\VideoForensics.Providers.Ring.Common.csproj]
C:\Users\richa\source\repos\VideoForensics\src\providers\ring\common\Entities\DownloadedEventRecord.cs(402,23): warning CS8618: Non-nullable property 'Email' must contain a non-null value when exiting constructor. Consider adding the 'required' modifier or declaring the property as nullable. [C:\Users\richa\source\repos\VideoForensics\src\providers\ring\common\VideoForensics.Providers.Ring.Common.csproj]
C:\Users\richa\source\repos\VideoForensics\src\providers\ring\common\Entities\DownloadedEventRecord.cs(405,23): warning CS8618: Non-nullable property 'FirstName' must contain a non-null value when exiting constructor. Consider adding the 'required' modifier or declaring the property as nullable. [C:\Users\richa\source\repos\VideoForensics\src\providers\ring\common\VideoForensics.Providers.Ring.Common.csproj]
C:\Users\richa\source\repos\VideoForensics\src\providers\ring\common\Entities\DownloadedEventRecord.cs(408,23): warning CS8618: Non-nullable property 'LastName' must contain a non-null value when exiting constructor. Consider adding the 'required' modifier or declaring the property as nullable. [C:\Users\richa\source\repos\VideoForensics\src\providers\ring\common\VideoForensics.Providers.Ring.Common.csproj]
C:\Users\richa\source\repos\VideoForensics\src\providers\ring\common\Entities\LocationEventsResponse.cs(187,23): warning CS8618: Non-nullable property 'Room' must contain a non-null value when exiting constructor. Consider adding the 'required' modifier or declaring the property as nullable. [C:\Users\richa\source\repos\VideoForensics\src\providers\ring\common\VideoForensics.Providers.Ring.Common.csproj]
C:\Users\richa\source\repos\VideoForensics\src\providers\ring\common\Entities\LocationEventsResponse.cs(190,23): warning CS8618: Non-nullable property 'Area' must contain a non-null value when exiting constructor. Consider adding the 'required' modifier or declaring the property as nullable. [C:\Users\richa\source\repos\VideoForensics\src\providers\ring\common\VideoForensics.Providers.Ring.Common.csproj]
C:\Users\richa\source\repos\VideoForensics\src\providers\ring\common\Entities\LocationEventsResponse.cs(193,23): warning CS8618: Non-nullable property 'ZoneId' must contain a non-null value when exiting constructor. Consider adding the 'required' modifier or declaring the property as nullable. [C:\Users\richa\source\repos\VideoForensics\src\providers\ring\common\VideoForensics.Providers.Ring.Common.csproj]
C:\Users\richa\source\repos\VideoForensics\src\providers\ring\common\Entities\DownloadedEventRecord.cs(417,23): warning CS8618: Non-nullable property 'Email' must contain a non-null value when exiting constructor. Consider adding the 'required' modifier or declaring the property as nullable. [C:\Users\richa\source\repos\VideoForensics\src\providers\ring\common\VideoForensics.Providers.Ring.Common.csproj]
C:\Users\richa\source\repos\VideoForensics\src\providers\ring\common\Entities\DownloadedEventRecord.cs(420,23): warning CS8618: Non-nullable property 'FirstName' must contain a non-null value when exiting constructor. Consider adding the 'required' modifier or declaring the property as nullable. [C:\Users\richa\source\repos\VideoForensics\src\providers\ring\common\VideoForensics.Providers.Ring.Common.csproj]
C:\Users\richa\source\repos\VideoForensics\src\providers\ring\common\Entities\DownloadedEventRecord.cs(423,23): warning CS8618: Non-nullable property 'LastName' must contain a non-null value when exiting constructor. Consider adding the 'required' modifier or declaring the property as nullable. [C:\Users\richa\source\repos\VideoForensics\src\providers\ring\common\VideoForensics.Providers.Ring.Common.csproj]
C:\Users\richa\source\repos\VideoForensics\src\providers\ring\common\Entities\DownloadedEventRecord.cs(427,23): warning CS8618: Non-nullable property 'PhoneNumber' must contain a non-null value when exiting constructor. Consider adding the 'required' modifier or declaring the property as nullable. [C:\Users\richa\source\repos\VideoForensics\src\providers\ring\common\VideoForensics.Providers.Ring.Common.csproj]
C:\Users\richa\source\repos\VideoForensics\src\providers\ring\common\Entities\DownloadedEventRecord.cs(431,23): warning CS8618: Non-nullable property 'SubscriptionLevel' must contain a non-null value when exiting constructor. Consider adding the 'required' modifier or declaring the property as nullable. [C:\Users\richa\source\repos\VideoForensics\src\providers\ring\common\VideoForensics.Providers.Ring.Common.csproj]
C:\Users\richa\source\repos\VideoForensics\src\providers\ring\common\Entities\LocationEventsResponse.cs(154,23): warning CS8618: Non-nullable property 'Description' must contain a non-null value when exiting constructor. Consider adding the 'required' modifier or declaring the property as nullable. [C:\Users\richa\source\repos\VideoForensics\src\providers\ring\common\VideoForensics.Providers.Ring.Common.csproj]
C:\Users\richa\source\repos\VideoForensics\src\providers\ring\common\Entities\LocationEventsResponse.cs(157,23): warning CS8618: Non-nullable property 'Type' must contain a non-null value when exiting constructor. Consider adding the 'required' modifier or declaring the property as nullable. [C:\Users\richa\source\repos\VideoForensics\src\providers\ring\common\VideoForensics.Providers.Ring.Common.csproj]
C:\Users\richa\source\repos\VideoForensics\src\providers\ring\common\Entities\DownloadedEventRecord.cs(443,23): warning CS8618: Non-nullable property 'DetectionType' must contain a non-null value when exiting constructor. Consider adding the 'required' modifier or declaring the property as nullable. [C:\Users\richa\source\repos\VideoForensics\src\providers\ring\common\VideoForensics.Providers.Ring.Common.csproj]
C:\Users\richa\source\repos\VideoForensics\src\providers\ring\common\Entities\DownloadedEventRecord.cs(447,29): warning CS8618: Non-nullable property 'DetectionTypes' must contain a non-null value when exiting constructor. Consider adding the 'required' modifier or declaring the property as nullable. [C:\Users\richa\source\repos\VideoForensics\src\providers\ring\common\VideoForensics.Providers.Ring.Common.csproj]
C:\Users\richa\source\repos\VideoForensics\src\providers\ring\common\Entities\DownloadedEventRecord.cs(460,23): warning CS8618: Non-nullable property 'FullDescription' must contain a non-null value when exiting constructor. Consider adding the 'required' modifier or declaring the property as nullable. [C:\Users\richa\source\repos\VideoForensics\src\providers\ring\common\VideoForensics.Providers.Ring.Common.csproj]
C:\Users\richa\source\repos\VideoForensics\src\providers\ring\common\Entities\DownloadedEventRecord.cs(464,23): warning CS8618: Non-nullable property 'ShortDescription' must contain a non-null value when exiting constructor. Consider adding the 'required' modifier or declaring the property as nullable. [C:\Users\richa\source\repos\VideoForensics\src\providers\ring\common\VideoForensics.Providers.Ring.Common.csproj]
C:\Users\richa\source\repos\VideoForensics\src\providers\ring\common\Entities\DownloadedEventRecord.cs(468,47): warning CS8618: Non-nullable property 'RecognizedPersons' must contain a non-null value when exiting constructor. Consider adding the 'required' modifier or declaring the property as nullable. [C:\Users\richa\source\repos\VideoForensics\src\providers\ring\common\VideoForensics.Providers.Ring.Common.csproj]
C:\Users\richa\source\repos\VideoForensics\src\providers\ring\common\Entities\DownloadedEventRecord.cs(472,29): warning CS8618: Non-nullable property 'SecurityAlerts' must contain a non-null value when exiting constructor. Consider adding the 'required' modifier or declaring the property as nullable. [C:\Users\richa\source\repos\VideoForensics\src\providers\ring\common\VideoForensics.Providers.Ring.Common.csproj]
C:\Users\richa\source\repos\VideoForensics\src\providers\ring\common\Entities\DownloadedEventRecord.cs(476,41): warning CS8618: Non-nullable property 'MotionZones' must contain a non-null value when exiting constructor. Consider adding the 'required' modifier or declaring the property as nullable. [C:\Users\richa\source\repos\VideoForensics\src\providers\ring\common\VideoForensics.Providers.Ring.Common.csproj]
C:\Users\richa\source\repos\VideoForensics\src\providers\ring\common\Entities\DownloadedEventRecord.cs(480,29): warning CS8618: Non-nullable property 'Tags' must contain a non-null value when exiting constructor. Consider adding the 'required' modifier or declaring the property as nullable. [C:\Users\richa\source\repos\VideoForensics\src\providers\ring\common\VideoForensics.Providers.Ring.Common.csproj]
C:\Users\richa\source\repos\VideoForensics\src\providers\ring\common\Entities\DownloadedEventRecord.cs(489,23): warning CS8618: Non-nullable property 'Id' must contain a non-null value when exiting constructor. Consider adding the 'required' modifier or declaring the property as nullable. [C:\Users\richa\source\repos\VideoForensics\src\providers\ring\common\VideoForensics.Providers.Ring.Common.csproj]
C:\Users\richa\source\repos\VideoForensics\src\providers\ring\common\Entities\DownloadedEventRecord.cs(492,23): warning CS8618: Non-nullable property 'Name' must contain a non-null value when exiting constructor. Consider adding the 'required' modifier or declaring the property as nullable. [C:\Users\richa\source\repos\VideoForensics\src\providers\ring\common\VideoForensics.Providers.Ring.Common.csproj]
C:\Users\richa\source\repos\VideoForensics\src\providers\ring\common\Entities\DownloadedEventRecord.cs(499,23): warning CS8618: Non-nullable property 'ThumbnailUrl' must contain a non-null value when exiting constructor. Consider adding the 'required' modifier or declaring the property as nullable. [C:\Users\richa\source\repos\VideoForensics\src\providers\ring\common\VideoForensics.Providers.Ring.Common.csproj]
C:\Users\richa\source\repos\VideoForensics\src\providers\ring\common\Entities\DownloadedEventRecord.cs(508,23): warning CS8618: Non-nullable property 'Id' must contain a non-null value when exiting constructor. Consider adding the 'required' modifier or declaring the property as nullable. [C:\Users\richa\source\repos\VideoForensics\src\providers\ring\common\VideoForensics.Providers.Ring.Common.csproj]
C:\Users\richa\source\repos\VideoForensics\src\providers\ring\common\Entities\DownloadedEventRecord.cs(511,23): warning CS8618: Non-nullable property 'Name' must contain a non-null value when exiting constructor. Consider adding the 'required' modifier or declaring the property as nullable. [C:\Users\richa\source\repos\VideoForensics\src\providers\ring\common\VideoForensics.Providers.Ring.Common.csproj]
C:\Users\richa\source\repos\VideoForensics\src\providers\ring\common\Entities\DownloadRecording.cs(14,23): warning CS8618: Non-nullable property 'Url' must contain a non-null value when exiting constructor. Consider adding the 'required' modifier or declaring the property as nullable. [C:\Users\richa\source\repos\VideoForensics\src\providers\ring\common\VideoForensics.Providers.Ring.Common.csproj]
C:\Users\richa\source\repos\VideoForensics\src\providers\ring\common\Entities\DownloadedEventRecord.cs(378,23): warning CS8618: Non-nullable property 'Name' must contain a non-null value when exiting constructor. Consider adding the 'required' modifier or declaring the property as nullable. [C:\Users\richa\source\repos\VideoForensics\src\providers\ring\common\VideoForensics.Providers.Ring.Common.csproj]
C:\Users\richa\source\repos\VideoForensics\src\providers\ring\common\Entities\DownloadedEventRecord.cs(381,23): warning CS8618: Non-nullable property 'Address' must contain a non-null value when exiting constructor. Consider adding the 'required' modifier or declaring the property as nullable. [C:\Users\richa\source\repos\VideoForensics\src\providers\ring\common\VideoForensics.Providers.Ring.Common.csproj]
C:\Users\richa\source\repos\VideoForensics\src\providers\ring\common\Entities\DownloadedEventRecord.cs(384,23): warning CS8618: Non-nullable property 'TimeZone' must contain a non-null value when exiting constructor. Consider adding the 'required' modifier or declaring the property as nullable. [C:\Users\richa\source\repos\VideoForensics\src\providers\ring\common\VideoForensics.Providers.Ring.Common.csproj]
C:\Users\richa\source\repos\VideoForensics\src\providers\ring\common\Entities\DownloadedEventRecord.cs(393,30): warning CS8618: Non-nullable property 'Owner' must contain a non-null value when exiting constructor. Consider adding the 'required' modifier or declaring the property as nullable. [C:\Users\richa\source\repos\VideoForensics\src\providers\ring\common\VideoForensics.Providers.Ring.Common.csproj]
C:\Users\richa\source\repos\VideoForensics\src\providers\ring\common\Entities\DownloadedEventRecord.cs(539,23): warning CS8618: Non-nullable property 'ErrorMessage' must contain a non-null value when exiting constructor. Consider adding the 'required' modifier or declaring the property as nullable. [C:\Users\richa\source\repos\VideoForensics\src\providers\ring\common\VideoForensics.Providers.Ring.Common.csproj]
C:\Users\richa\source\repos\VideoForensics\src\providers\ring\common\Entities\DownloadedEventRecord.cs(545,23): warning CS8618: Non-nullable property 'DownloadedByVersion' must contain a non-null value when exiting constructor. Consider adding the 'required' modifier or declaring the property as nullable. [C:\Users\richa\source\repos\VideoForensics\src\providers\ring\common\VideoForensics.Providers.Ring.Common.csproj]
C:\Users\richa\source\repos\VideoForensics\src\providers\ring\common\Entities\DownloadedEventRecord.cs(548,23): warning CS8618: Non-nullable property 'Application' must contain a non-null value when exiting constructor. Consider adding the 'required' modifier or declaring the property as nullable. [C:\Users\richa\source\repos\VideoForensics\src\providers\ring\common\VideoForensics.Providers.Ring.Common.csproj]
C:\Users\richa\source\repos\VideoForensics\src\providers\ring\common\Entities\HistoryEvent.cs(9,23): warning CS8618: Non-nullable property 'Id' must contain a non-null value when exiting constructor. Consider adding the 'required' modifier or declaring the property as nullable. [C:\Users\richa\source\repos\VideoForensics\src\providers\ring\common\VideoForensics.Providers.Ring.Common.csproj]
C:\Users\richa\source\repos\VideoForensics\src\providers\ring\common\Entities\HistoryEvent.cs(12,23): warning CS8618: Non-nullable property 'CreatedAt' must contain a non-null value when exiting constructor. Consider adding the 'required' modifier or declaring the property as nullable. [C:\Users\richa\source\repos\VideoForensics\src\providers\ring\common\VideoForensics.Providers.Ring.Common.csproj]
C:\Users\richa\source\repos\VideoForensics\src\providers\ring\common\Entities\HistoryEvent.cs(18,29): warning CS8618: Non-nullable property 'Events' must contain a non-null value when exiting constructor. Consider adding the 'required' modifier or declaring the property as nullable. [C:\Users\richa\source\repos\VideoForensics\src\providers\ring\common\VideoForensics.Providers.Ring.Common.csproj]
C:\Users\richa\source\repos\VideoForensics\src\providers\ring\common\Entities\HistoryEvent.cs(21,23): warning CS8618: Non-nullable property 'Kind' must contain a non-null value when exiting constructor. Consider adding the 'required' modifier or declaring the property as nullable. [C:\Users\richa\source\repos\VideoForensics\src\providers\ring\common\VideoForensics.Providers.Ring.Common.csproj]
C:\Users\richa\source\repos\VideoForensics\src\providers\ring\common\Entities\HistoryEvent.cs(27,23): warning CS8618: Non-nullable property 'SnapshotUrl' must contain a non-null value when exiting constructor. Consider adding the 'required' modifier or declaring the property as nullable. [C:\Users\richa\source\repos\VideoForensics\src\providers\ring\common\VideoForensics.Providers.Ring.Common.csproj]
C:\Users\richa\source\repos\VideoForensics\src\providers\ring\common\Entities\HistoryEvent.cs(30,45): warning CS8618: Non-nullable property 'Recording' must contain a non-null value when exiting constructor. Consider adding the 'required' modifier or declaring the property as nullable. [C:\Users\richa\source\repos\VideoForensics\src\providers\ring\common\VideoForensics.Providers.Ring.Common.csproj]
C:\Users\richa\source\repos\VideoForensics\src\providers\ring\common\Entities\HistoryEvent.cs(33,24): warning CS8618: Non-nullable property 'Doorbot' must contain a non-null value when exiting constructor. Consider adding the 'required' modifier or declaring the property as nullable. [C:\Users\richa\source\repos\VideoForensics\src\providers\ring\common\VideoForensics.Providers.Ring.Common.csproj]
C:\Users\richa\source\repos\VideoForensics\src\providers\ring\common\Entities\HistoryEventRecording.cs(8,23): warning CS8618: Non-nullable property 'Status' must contain a non-null value when exiting constructor. Consider adding the 'required' modifier or declaring the property as nullable. [C:\Users\richa\source\repos\VideoForensics\src\providers\ring\common\VideoForensics.Providers.Ring.Common.csproj]
C:\Users\richa\source\repos\VideoForensics\src\providers\ring\common\Entities\Invitation.cs(17,23): warning CS8618: Non-nullable property 'InvitedEmail' must contain a non-null value when exiting constructor. Consider adding the 'required' modifier or declaring the property as nullable. [C:\Users\richa\source\repos\VideoForensics\src\providers\ring\common\VideoForensics.Providers.Ring.Common.csproj]
C:\Users\richa\source\repos\VideoForensics\src\providers\ring\common\Entities\Invitation.cs(21,23): warning CS8618: Non-nullable property 'Status' must contain a non-null value when exiting constructor. Consider adding the 'required' modifier or declaring the property as nullable. [C:\Users\richa\source\repos\VideoForensics\src\providers\ring\common\VideoForensics.Providers.Ring.Common.csproj]
C:\Users\richa\source\repos\VideoForensics\src\providers\ring\common\Entities\Invitation.cs(25,23): warning CS8618: Non-nullable property 'Role' must contain a non-null value when exiting constructor. Consider adding the 'required' modifier or declaring the property as nullable. [C:\Users\richa\source\repos\VideoForensics\src\providers\ring\common\VideoForensics.Providers.Ring.Common.csproj]
C:\Users\richa\source\repos\VideoForensics\src\providers\ring\common\Entities\Location.cs(13,31): warning CS8618: Non-nullable property 'UserLocations' must contain a non-null value when exiting constructor. Consider adding the 'required' modifier or declaring the property as nullable. [C:\Users\richa\source\repos\VideoForensics\src\providers\ring\common\VideoForensics.Providers.Ring.Common.csproj]
C:\Users\richa\source\repos\VideoForensics\src\providers\ring\common\Entities\Location.cs(22,23): warning CS8618: Non-nullable property 'Name' must contain a non-null value when exiting constructor. Consider adding the 'required' modifier or declaring the property as nullable. [C:\Users\richa\source\repos\VideoForensics\src\providers\ring\common\VideoForensics.Providers.Ring.Common.csproj]
C:\Users\richa\source\repos\VideoForensics\src\providers\ring\common\Entities\Location.cs(25,32): warning CS8618: Non-nullable property 'Address' must contain a non-null value when exiting constructor. Consider adding the 'required' modifier or declaring the property as nullable. [C:\Users\richa\source\repos\VideoForensics\src\providers\ring\common\VideoForensics.Providers.Ring.Common.csproj]
C:\Users\richa\source\repos\VideoForensics\src\providers\ring\common\Entities\Location.cs(34,23): warning CS8618: Non-nullable property 'Address1' must contain a non-null value when exiting constructor. Consider adding the 'required' modifier or declaring the property as nullable. [C:\Users\richa\source\repos\VideoForensics\src\providers\ring\common\VideoForensics.Providers.Ring.Common.csproj]
C:\Users\richa\source\repos\VideoForensics\src\providers\ring\common\Entities\Location.cs(37,23): warning CS8618: Non-nullable property 'City' must contain a non-null value when exiting constructor. Consider adding the 'required' modifier or declaring the property as nullable. [C:\Users\richa\source\repos\VideoForensics\src\providers\ring\common\VideoForensics.Providers.Ring.Common.csproj]
C:\Users\richa\source\repos\VideoForensics\src\providers\ring\common\Entities\Location.cs(40,23): warning CS8618: Non-nullable property 'State' must contain a non-null value when exiting constructor. Consider adding the 'required' modifier or declaring the property as nullable. [C:\Users\richa\source\repos\VideoForensics\src\providers\ring\common\VideoForensics.Providers.Ring.Common.csproj]
C:\Users\richa\source\repos\VideoForensics\src\providers\ring\common\Entities\Location.cs(43,23): warning CS8618: Non-nullable property 'ZipCode' must contain a non-null value when exiting constructor. Consider adding the 'required' modifier or declaring the property as nullable. [C:\Users\richa\source\repos\VideoForensics\src\providers\ring\common\VideoForensics.Providers.Ring.Common.csproj]
C:\Users\richa\source\repos\VideoForensics\src\providers\ring\common\Entities\Location.cs(46,23): warning CS8618: Non-nullable property 'TimeZone' must contain a non-null value when exiting constructor. Consider adding the 'required' modifier or declaring the property as nullable. [C:\Users\richa\source\repos\VideoForensics\src\providers\ring\common\VideoForensics.Providers.Ring.Common.csproj]
C:\Users\richa\source\repos\VideoForensics\src\providers\ring\common\Entities\LocationEventsResponse.cs(19,36): warning CS8618: Non-nullable property 'Events' must contain a non-null value when exiting constructor. Consider adding the 'required' modifier or declaring the property as nullable. [C:\Users\richa\source\repos\VideoForensics\src\providers\ring\common\VideoForensics.Providers.Ring.Common.csproj]
C:\Users\richa\source\repos\VideoForensics\src\providers\ring\common\Entities\LocationEventsResponse.cs(22,35): warning CS8618: Non-nullable property 'Meta' must contain a non-null value when exiting constructor. Consider adding the 'required' modifier or declaring the property as nullable. [C:\Users\richa\source\repos\VideoForensics\src\providers\ring\common\VideoForensics.Providers.Ring.Common.csproj]
C:\Users\richa\source\repos\VideoForensics\src\providers\ring\common\Entities\LocationEventsResponse.cs(28,23): warning CS8618: Non-nullable property 'PaginationKey' must contain a non-null value when exiting constructor. Consider adding the 'required' modifier or declaring the property as nullable. [C:\Users\richa\source\repos\VideoForensics\src\providers\ring\common\VideoForensics.Providers.Ring.Common.csproj]
C:\Users\richa\source\repos\VideoForensics\src\providers\ring\common\Entities\LocationEventsResponse.cs(37,23): warning CS8618: Non-nullable property 'EventId' must contain a non-null value when exiting constructor. Consider adding the 'required' modifier or declaring the property as nullable. [C:\Users\richa\source\repos\VideoForensics\src\providers\ring\common\VideoForensics.Providers.Ring.Common.csproj]
C:\Users\richa\source\repos\VideoForensics\src\providers\ring\common\Entities\LocationEventsResponse.cs(40,23): warning CS8618: Non-nullable property 'SourceId' must contain a non-null value when exiting constructor. Consider adding the 'required' modifier or declaring the property as nullable. [C:\Users\richa\source\repos\VideoForensics\src\providers\ring\common\VideoForensics.Providers.Ring.Common.csproj]
C:\Users\richa\source\repos\VideoForensics\src\providers\ring\common\Entities\LocationEventsResponse.cs(43,23): warning CS8618: Non-nullable property 'EventType' must contain a non-null value when exiting constructor. Consider adding the 'required' modifier or declaring the property as nullable. [C:\Users\richa\source\repos\VideoForensics\src\providers\ring\common\VideoForensics.Providers.Ring.Common.csproj]
C:\Users\richa\source\repos\VideoForensics\src\providers\ring\common\Entities\LocationEventsResponse.cs(46,23): warning CS8618: Non-nullable property 'State' must contain a non-null value when exiting constructor. Consider adding the 'required' modifier or declaring the property as nullable. [C:\Users\richa\source\repos\VideoForensics\src\providers\ring\common\VideoForensics.Providers.Ring.Common.csproj]
C:\Users\richa\source\repos\VideoForensics\src\providers\ring\common\Entities\LocationEventsResponse.cs(55,23): warning CS8618: Non-nullable property 'RecordingStatus' must contain a non-null value when exiting constructor. Consider adding the 'required' modifier or declaring the property as nullable. [C:\Users\richa\source\repos\VideoForensics\src\providers\ring\common\VideoForensics.Providers.Ring.Common.csproj]
C:\Users\richa\source\repos\VideoForensics\src\providers\ring\common\Entities\LocationEventsResponse.cs(61,23): warning CS8618: Non-nullable property 'CreatedAt' must contain a non-null value when exiting constructor. Consider adding the 'required' modifier or declaring the property as nullable. [C:\Users\richa\source\repos\VideoForensics\src\providers\ring\common\VideoForensics.Providers.Ring.Common.csproj]
C:\Users\richa\source\repos\VideoForensics\src\providers\ring\common\Entities\LocationEventsResponse.cs(67,23): warning CS8618: Non-nullable property 'OwnerId' must contain a non-null value when exiting constructor. Consider adding the 'required' modifier or declaring the property as nullable. [C:\Users\richa\source\repos\VideoForensics\src\providers\ring\common\VideoForensics.Providers.Ring.Common.csproj]
C:\Users\richa\source\repos\VideoForensics\src\providers\ring\common\Entities\LocationEventsResponse.cs(70,23): warning CS8618: Non-nullable property 'Riid' must contain a non-null value when exiting constructor. Consider adding the 'required' modifier or declaring the property as nullable. [C:\Users\richa\source\repos\VideoForensics\src\providers\ring\common\VideoForensics.Providers.Ring.Common.csproj]
C:\Users\richa\source\repos\VideoForensics\src\providers\ring\common\Entities\LocationEventsResponse.cs(79,23): warning CS8618: Non-nullable property 'DingIdString' must contain a non-null value when exiting constructor. Consider adding the 'required' modifier or declaring the property as nullable. [C:\Users\richa\source\repos\VideoForensics\src\providers\ring\common\VideoForensics.Providers.Ring.Common.csproj]
C:\Users\richa\source\repos\VideoForensics\src\providers\ring\common\Entities\LocationEventsResponse.cs(82,23): warning CS8618: Non-nullable property 'Kind' must contain a non-null value when exiting constructor. Consider adding the 'required' modifier or declaring the property as nullable. [C:\Users\richa\source\repos\VideoForensics\src\providers\ring\common\VideoForensics.Providers.Ring.Common.csproj]
C:\Users\richa\source\repos\VideoForensics\src\providers\ring\common\Entities\LocationEventsResponse.cs(89,37): warning CS8618: Non-nullable property 'Doorbot' must contain a non-null value when exiting constructor. Consider adding the 'required' modifier or declaring the property as nullable. [C:\Users\richa\source\repos\VideoForensics\src\providers\ring\common\VideoForensics.Providers.Ring.Common.csproj]
C:\Users\richa\source\repos\VideoForensics\src\providers\ring\common\Entities\LocationEventsResponse.cs(92,29): warning CS8618: Non-nullable property 'CvProperties' must contain a non-null value when exiting constructor. Consider adding the 'required' modifier or declaring the property as nullable. [C:\Users\richa\source\repos\VideoForensics\src\providers\ring\common\VideoForensics.Providers.Ring.Common.csproj]
C:\Users\richa\source\repos\VideoForensics\src\providers\ring\common\Entities\LocationEventsResponse.cs(95,40): warning CS8618: Non-nullable property 'Properties' must contain a non-null value when exiting constructor. Consider adding the 'required' modifier or declaring the property as nullable. [C:\Users\richa\source\repos\VideoForensics\src\providers\ring\common\VideoForensics.Providers.Ring.Common.csproj]
C:\Users\richa\source\repos\VideoForensics\src\providers\ring\common\Entities\LocationEventsResponse.cs(102,45): warning CS8618: Non-nullable property 'DevicePlacement' must contain a non-null value when exiting constructor. Consider adding the 'required' modifier or declaring the property as nullable. [C:\Users\richa\source\repos\VideoForensics\src\providers\ring\common\VideoForensics.Providers.Ring.Common.csproj]
C:\Users\richa\source\repos\VideoForensics\src\providers\ring\common\Entities\LocationEventsResponse.cs(109,41): warning CS8618: Non-nullable property 'Geolocation' must contain a non-null value when exiting constructor. Consider adding the 'required' modifier or declaring the property as nullable. [C:\Users\richa\source\repos\VideoForensics\src\providers\ring\common\VideoForensics.Providers.Ring.Common.csproj]
C:\Users\richa\source\repos\VideoForensics\src\providers\ring\common\Entities\LocationEventsResponse.cs(116,49): warning CS8618: Non-nullable property 'SubscriptionReceipt' must contain a non-null value when exiting constructor. Consider adding the 'required' modifier or declaring the property as nullable. [C:\Users\richa\source\repos\VideoForensics\src\providers\ring\common\VideoForensics.Providers.Ring.Common.csproj]
C:\Users\richa\source\repos\VideoForensics\src\providers\ring\common\Entities\LocationEventsResponse.cs(124,23): warning CS8618: Non-nullable property 'BatteryPercentage' must contain a non-null value when exiting constructor. Consider adding the 'required' modifier or declaring the property as nullable. [C:\Users\richa\source\repos\VideoForensics\src\providers\ring\common\VideoForensics.Providers.Ring.Common.csproj]
C:\Users\richa\source\repos\VideoForensics\src\providers\ring\common\Entities\LocationEventsResponse.cs(131,23): warning CS8618: Non-nullable property 'BatteryStatus' must contain a non-null value when exiting constructor. Consider adding the 'required' modifier or declaring the property as nullable. [C:\Users\richa\source\repos\VideoForensics\src\providers\ring\common\VideoForensics.Providers.Ring.Common.csproj]
C:\Users\richa\source\repos\VideoForensics\src\providers\ring\common\Entities\LocationEventsResponse.cs(138,38): warning CS8618: Non-nullable property 'LastLocation' must contain a non-null value when exiting constructor. Consider adding the 'required' modifier or declaring the property as nullable. [C:\Users\richa\source\repos\VideoForensics\src\providers\ring\common\VideoForensics.Providers.Ring.Common.csproj]
C:\Users\richa\source\repos\VideoForensics\src\providers\ring\common\Entities\LocationEventsResponse.cs(145,39): warning CS8618: Non-nullable property 'Siren' must contain a non-null value when exiting constructor. Consider adding the 'required' modifier or declaring the property as nullable. [C:\Users\richa\source\repos\VideoForensics\src\providers\ring\common\VideoForensics.Providers.Ring.Common.csproj]
C:\Users\richa\source\repos\VideoForensics\src\providers\ring\common\Entities\Group.cs(12,28): warning CS8618: Non-nullable property 'DeviceGroups' must contain a non-null value when exiting constructor. Consider adding the 'required' modifier or declaring the property as nullable. [C:\Users\richa\source\repos\VideoForensics\src\providers\ring\common\VideoForensics.Providers.Ring.Common.csproj]
C:\Users\richa\source\repos\VideoForensics\src\providers\ring\common\Entities\Group.cs(22,23): warning CS8618: Non-nullable property 'DeviceGroupId' must contain a non-null value when exiting constructor. Consider adding the 'required' modifier or declaring the property as nullable. [C:\Users\richa\source\repos\VideoForensics\src\providers\ring\common\VideoForensics.Providers.Ring.Common.csproj]
C:\Users\richa\source\repos\VideoForensics\src\providers\ring\common\Entities\Group.cs(25,23): warning CS8618: Non-nullable property 'Name' must contain a non-null value when exiting constructor. Consider adding the 'required' modifier or declaring the property as nullable. [C:\Users\richa\source\repos\VideoForensics\src\providers\ring\common\VideoForensics.Providers.Ring.Common.csproj]
  VideoForensics.Client.Common -> C:\Users\richa\source\repos\VideoForensics\src\client\common\VideoForensics.Client.Common\bin\Debug\net10.0\VideoForensics.Client.Common.dll
  VideoForensics.Data.Common.Tests -> C:\Users\richa\source\repos\VideoForensics\src\data\common\data.common.tests\bin\Debug\net10.0\VideoForensics.Data.Common.Tests.dll
C:\Users\richa\source\repos\VideoForensics\src\providers\wyze\provider\Services\WyzeAuthService.cs(14,25): warning CS0169: The field 'WyzeAuthService._currentAccessToken' is never used [C:\Users\richa\source\repos\VideoForensics\src\providers\wyze\provider\VideoForensics.Providers.Wyze.csproj]
  VideoForensics.Providers.Wyze.Auth -> C:\Users\richa\source\repos\VideoForensics\src\providers\wyze\auth\bin\Debug\net10.0\VideoForensics.Providers.Wyze.Auth.dll
  VideoForensics.Providers.Core.Tests -> C:\Users\richa\source\repos\VideoForensics\src\core\providers\providers-core-tests\bin\Debug\net10.0\VideoForensics.Providers.Core.Tests.dll
  VideoForensics.Core.Logging.Tests -> C:\Users\richa\source\repos\VideoForensics\src\core\core\core.logging-tests\bin\Debug\net10.0\VideoForensics.Core.Logging.Tests.dll
  VideoForensics.Providers.Wyze.Core -> C:\Users\richa\source\repos\VideoForensics\src\providers\wyze\core\bin\Debug\net10.0\VideoForensics.Providers.Wyze.Core.dll
  VideoForensics.Providers.Wyze -> C:\Users\richa\source\repos\VideoForensics\src\providers\wyze\provider\bin\Debug\net10.0\VideoForensics.Wyze.dll
  VideoForensics.Providers.Ring.Common -> C:\Users\richa\source\repos\VideoForensics\src\providers\ring\common\bin\Debug\net10.0\VideoForensics.Providers.Ring.Common.dll
  VideoForensics.Data.Core -> C:\Users\richa\source\repos\VideoForensics\src\data\core\data.core\bin\Debug\net10.0\VideoForensics.Data.Core.dll
C:\Users\richa\source\repos\VideoForensics\src\providers\ring\video\metadata\IVideoFrameExtractor.cs(62,23): warning CS8618: Non-nullable property 'TimeFormatted' must contain a non-null value when exiting constructor. Consider adding the 'required' modifier or declaring the property as nullable. [C:\Users\richa\source\repos\VideoForensics\src\providers\ring\video\metadata\VideoForensics.Providers.Ring.Video.Metadata.csproj]
C:\Users\richa\source\repos\VideoForensics\src\providers\ring\video\metadata\IVideoFrameExtractor.cs(67,23): warning CS8618: Non-nullable property 'FrameFileName' must contain a non-null value when exiting constructor. Consider adding the 'required' modifier or declaring the property as nullable. [C:\Users\richa\source\repos\VideoForensics\src\providers\ring\video\metadata\VideoForensics.Providers.Ring.Video.Metadata.csproj]
C:\Users\richa\source\repos\VideoForensics\src\providers\ring\video\metadata\IVideoFrameExtractor.cs(72,23): warning CS8618: Non-nullable property 'FrameFilePath' must contain a non-null value when exiting constructor. Consider adding the 'required' modifier or declaring the property as nullable. [C:\Users\richa\source\repos\VideoForensics\src\providers\ring\video\metadata\VideoForensics.Providers.Ring.Video.Metadata.csproj]
C:\Users\richa\source\repos\VideoForensics\src\providers\ring\video\metadata\IVideoFrameExtractor.cs(77,23): warning CS8618: Non-nullable property 'DetectionType' must contain a non-null value when exiting constructor. Consider adding the 'required' modifier or declaring the property as nullable. [C:\Users\richa\source\repos\VideoForensics\src\providers\ring\video\metadata\VideoForensics.Providers.Ring.Video.Metadata.csproj]
C:\Users\richa\source\repos\VideoForensics\src\providers\ring\video\metadata\VideoFrameExtractor.cs(213,39): warning CS8601: Possible null reference assignment. [C:\Users\richa\source\repos\VideoForensics\src\providers\ring\video\metadata\VideoForensics.Providers.Ring.Video.Metadata.csproj]
C:\Users\richa\source\repos\VideoForensics\src\providers\ring\auth\CredentialResolver.cs(14,45): warning CS8632: The annotation for nullable reference types should only be used in code within a '#nullable' annotations context. [C:\Users\richa\source\repos\VideoForensics\src\providers\ring\auth\VideoForensics.Providers.Ring.Auth.csproj]
C:\Users\richa\source\repos\VideoForensics\src\providers\ring\auth\CredentialResolver.cs(14,63): warning CS8632: The annotation for nullable reference types should only be used in code within a '#nullable' annotations context. [C:\Users\richa\source\repos\VideoForensics\src\providers\ring\auth\VideoForensics.Providers.Ring.Auth.csproj]
C:\Users\richa\source\repos\VideoForensics\src\providers\ring\auth\CredentialResolver.cs(14,81): warning CS8632: The annotation for nullable reference types should only be used in code within a '#nullable' annotations context. [C:\Users\richa\source\repos\VideoForensics\src\providers\ring\auth\VideoForensics.Providers.Ring.Auth.csproj]
C:\Users\richa\source\repos\VideoForensics\src\providers\ring\auth\CredentialResolver.cs(43,58): warning CS8632: The annotation for nullable reference types should only be used in code within a '#nullable' annotations context. [C:\Users\richa\source\repos\VideoForensics\src\providers\ring\auth\VideoForensics.Providers.Ring.Auth.csproj]
C:\Users\richa\source\repos\VideoForensics\src\providers\ring\auth\CredentialResolver.cs(43,80): warning CS8632: The annotation for nullable reference types should only be used in code within a '#nullable' annotations context. [C:\Users\richa\source\repos\VideoForensics\src\providers\ring\auth\VideoForensics.Providers.Ring.Auth.csproj]
C:\Users\richa\source\repos\VideoForensics\src\providers\ring\auth\CredentialResolver.cs(43,98): warning CS8632: The annotation for nullable reference types should only be used in code within a '#nullable' annotations context. [C:\Users\richa\source\repos\VideoForensics\src\providers\ring\auth\VideoForensics.Providers.Ring.Auth.csproj]
C:\Users\richa\source\repos\VideoForensics\src\providers\ring\auth\CredentialResolver.cs(43,42): warning CS8632: The annotation for nullable reference types should only be used in code within a '#nullable' annotations context. [C:\Users\richa\source\repos\VideoForensics\src\providers\ring\auth\VideoForensics.Providers.Ring.Auth.csproj]
C:\Users\richa\source\repos\VideoForensics\src\providers\ring\auth\Implementations\AesEncryption.cs(100,33): warning SYSLIB0060: 'Rfc2898DeriveBytes.Rfc2898DeriveBytes(string, byte[], int, HashAlgorithmName)' is obsolete: 'The constructors on Rfc2898DeriveBytes are obsolete. Use the static Pbkdf2 method instead.' (https://aka.ms/dotnet-warnings/SYSLIB0060) [C:\Users\richa\source\repos\VideoForensics\src\providers\ring\auth\VideoForensics.Providers.Ring.Auth.csproj]
C:\Users\richa\source\repos\VideoForensics\src\providers\ring\auth\Implementations\AesEncryption.cs(138,34): warning CA1416: This call site is reachable on all platforms. 'RegistryKey.OpenSubKey(string)' is only supported on: 'windows'. (https://learn.microsoft.com/dotnet/fundamentals/code-analysis/quality-rules/ca1416) [C:\Users\richa\source\repos\VideoForensics\src\providers\ring\auth\VideoForensics.Providers.Ring.Auth.csproj]
C:\Users\richa\source\repos\VideoForensics\src\providers\ring\auth\Implementations\AesEncryption.cs(141,37): warning CA1416: This call site is reachable on all platforms. 'RegistryKey.GetValue(string?)' is only supported on: 'windows'. (https://learn.microsoft.com/dotnet/fundamentals/code-analysis/quality-rules/ca1416) [C:\Users\richa\source\repos\VideoForensics\src\providers\ring\auth\VideoForensics.Providers.Ring.Auth.csproj]
C:\Users\richa\source\repos\VideoForensics\src\providers\ring\auth\Implementations\AesEncryption.cs(138,34): warning CA1416: This call site is reachable on all platforms. 'Registry.LocalMachine' is only supported on: 'windows'. (https://learn.microsoft.com/dotnet/fundamentals/code-analysis/quality-rules/ca1416) [C:\Users\richa\source\repos\VideoForensics\src\providers\ring\auth\VideoForensics.Providers.Ring.Auth.csproj]
  VideoForensics.Providers.Common.Helpers.Tests -> C:\Users\richa\source\repos\VideoForensics\src\core\helpers\core.helpers-tests\bin\Debug\net10.0\VideoForensics.Providers.Common.Helpers.Tests.dll
C:\Users\richa\source\repos\VideoForensics\src\providers\wyze\provider\tests\WyzeDeviceDiscoveryServiceTests.cs(23,32): warning xUnit1051: Calls to methods which accept CancellationToken should use TestContext.Current.CancellationToken to allow test cancellation to be more responsive. (https://xunit.net/xunit.analyzers/rules/xUnit1051) [C:\Users\richa\source\repos\VideoForensics\src\providers\wyze\provider\tests\VideoForensics.Providers.Wyze.Tests.csproj]
C:\Users\richa\source\repos\VideoForensics\src\providers\wyze\provider\tests\WyzeAuthServiceTests.cs(23,32): warning xUnit1051: Calls to methods which accept CancellationToken should use TestContext.Current.CancellationToken to allow test cancellation to be more responsive. (https://xunit.net/xunit.analyzers/rules/xUnit1051) [C:\Users\richa\source\repos\VideoForensics\src\providers\wyze\provider\tests\VideoForensics.Providers.Wyze.Tests.csproj]
C:\Users\richa\source\repos\VideoForensics\src\providers\wyze\provider\tests\WyzeAuthServiceTests.cs(39,32): warning xUnit1051: Calls to methods which accept CancellationToken should use TestContext.Current.CancellationToken to allow test cancellation to be more responsive. (https://xunit.net/xunit.analyzers/rules/xUnit1051) [C:\Users\richa\source\repos\VideoForensics\src\providers\wyze\provider\tests\VideoForensics.Providers.Wyze.Tests.csproj]
C:\Users\richa\source\repos\VideoForensics\src\providers\wyze\provider\tests\WyzeEventAndConfigServiceTests.cs(42,32): warning xUnit1051: Calls to methods which accept CancellationToken should use TestContext.Current.CancellationToken to allow test cancellation to be more responsive. (https://xunit.net/xunit.analyzers/rules/xUnit1051) [C:\Users\richa\source\repos\VideoForensics\src\providers\wyze\provider\tests\VideoForensics.Providers.Wyze.Tests.csproj]
C:\Users\richa\source\repos\VideoForensics\src\providers\wyze\provider\tests\WyzeAuthServiceTests.cs(53,32): warning xUnit1051: Calls to methods which accept CancellationToken should use TestContext.Current.CancellationToken to allow test cancellation to be more responsive. (https://xunit.net/xunit.analyzers/rules/xUnit1051) [C:\Users\richa\source\repos\VideoForensics\src\providers\wyze\provider\tests\VideoForensics.Providers.Wyze.Tests.csproj]
C:\Users\richa\source\repos\VideoForensics\src\providers\wyze\provider\tests\WyzeDeviceDiscoveryServiceTests.cs(53,32): warning xUnit1051: Calls to methods which accept CancellationToken should use TestContext.Current.CancellationToken to allow test cancellation to be more responsive. (https://xunit.net/xunit.analyzers/rules/xUnit1051) [C:\Users\richa\source\repos\VideoForensics\src\providers\wyze\provider\tests\VideoForensics.Providers.Wyze.Tests.csproj]
C:\Users\richa\source\repos\VideoForensics\src\providers\wyze\provider\tests\WyzeEventAndConfigServiceTests.cs(62,32): warning xUnit1051: Calls to methods which accept CancellationToken should use TestContext.Current.CancellationToken to allow test cancellation to be more responsive. (https://xunit.net/xunit.analyzers/rules/xUnit1051) [C:\Users\richa\source\repos\VideoForensics\src\providers\wyze\provider\tests\VideoForensics.Providers.Wyze.Tests.csproj]
C:\Users\richa\source\repos\VideoForensics\src\providers\wyze\provider\tests\WyzeDeviceDiscoveryServiceTests.cs(38,32): warning xUnit1051: Calls to methods which accept CancellationToken should use TestContext.Current.CancellationToken to allow test cancellation to be more responsive. (https://xunit.net/xunit.analyzers/rules/xUnit1051) [C:\Users\richa\source\repos\VideoForensics\src\providers\wyze\provider\tests\VideoForensics.Providers.Wyze.Tests.csproj]
C:\Users\richa\source\repos\VideoForensics\src\providers\wyze\provider\tests\WyzeDeviceDiscoveryServiceTests.cs(80,32): warning xUnit1051: Calls to methods which accept CancellationToken should use TestContext.Current.CancellationToken to allow test cancellation to be more responsive. (https://xunit.net/xunit.analyzers/rules/xUnit1051) [C:\Users\richa\source\repos\VideoForensics\src\providers\wyze\provider\tests\VideoForensics.Providers.Wyze.Tests.csproj]
C:\Users\richa\source\repos\VideoForensics\src\providers\wyze\provider\tests\WyzeEventAndConfigServiceTests.cs(89,32): warning xUnit1051: Calls to methods which accept CancellationToken should use TestContext.Current.CancellationToken to allow test cancellation to be more responsive. (https://xunit.net/xunit.analyzers/rules/xUnit1051) [C:\Users\richa\source\repos\VideoForensics\src\providers\wyze\provider\tests\VideoForensics.Providers.Wyze.Tests.csproj]
C:\Users\richa\source\repos\VideoForensics\src\providers\wyze\provider\tests\WyzeAuthServiceTests.cs(95,32): warning xUnit1051: Calls to methods which accept CancellationToken should use TestContext.Current.CancellationToken to allow test cancellation to be more responsive. (https://xunit.net/xunit.analyzers/rules/xUnit1051) [C:\Users\richa\source\repos\VideoForensics\src\providers\wyze\provider\tests\VideoForensics.Providers.Wyze.Tests.csproj]
C:\Users\richa\source\repos\VideoForensics\src\providers\wyze\provider\tests\WyzeEventAndConfigServiceTests.cs(109,32): warning xUnit1051: Calls to methods which accept CancellationToken should use TestContext.Current.CancellationToken to allow test cancellation to be more responsive. (https://xunit.net/xunit.analyzers/rules/xUnit1051) [C:\Users\richa\source\repos\VideoForensics\src\providers\wyze\provider\tests\VideoForensics.Providers.Wyze.Tests.csproj]
C:\Users\richa\source\repos\VideoForensics\src\providers\wyze\provider\tests\WyzeDeviceDiscoveryServiceTests.cs(95,32): warning xUnit1051: Calls to methods which accept CancellationToken should use TestContext.Current.CancellationToken to allow test cancellation to be more responsive. (https://xunit.net/xunit.analyzers/rules/xUnit1051) [C:\Users\richa\source\repos\VideoForensics\src\providers\wyze\provider\tests\VideoForensics.Providers.Wyze.Tests.csproj]
C:\Users\richa\source\repos\VideoForensics\src\providers\wyze\provider\tests\WyzeDeviceDiscoveryServiceTests.cs(110,32): warning xUnit1051: Calls to methods which accept CancellationToken should use TestContext.Current.CancellationToken to allow test cancellation to be more responsive. (https://xunit.net/xunit.analyzers/rules/xUnit1051) [C:\Users\richa\source\repos\VideoForensics\src\providers\wyze\provider\tests\VideoForensics.Providers.Wyze.Tests.csproj]
C:\Users\richa\source\repos\VideoForensics\src\providers\wyze\provider\tests\WyzeEventAndConfigServiceTests.cs(129,32): warning xUnit1051: Calls to methods which accept CancellationToken should use TestContext.Current.CancellationToken to allow test cancellation to be more responsive. (https://xunit.net/xunit.analyzers/rules/xUnit1051) [C:\Users\richa\source\repos\VideoForensics\src\providers\wyze\provider\tests\VideoForensics.Providers.Wyze.Tests.csproj]
C:\Users\richa\source\repos\VideoForensics\src\providers\wyze\provider\tests\WyzeMediaDownloadServiceTests.cs(23,32): warning xUnit1051: Calls to methods which accept CancellationToken should use TestContext.Current.CancellationToken to allow test cancellation to be more responsive. (https://xunit.net/xunit.analyzers/rules/xUnit1051) [C:\Users\richa\source\repos\VideoForensics\src\providers\wyze\provider\tests\VideoForensics.Providers.Wyze.Tests.csproj]
C:\Users\richa\source\repos\VideoForensics\src\providers\wyze\provider\tests\WyzeEventAndConfigServiceTests.cs(143,32): warning xUnit1051: Calls to methods which accept CancellationToken should use TestContext.Current.CancellationToken to allow test cancellation to be more responsive. (https://xunit.net/xunit.analyzers/rules/xUnit1051) [C:\Users\richa\source\repos\VideoForensics\src\providers\wyze\provider\tests\VideoForensics.Providers.Wyze.Tests.csproj]
C:\Users\richa\source\repos\VideoForensics\src\providers\wyze\provider\tests\WyzeMediaDownloadServiceTests.cs(95,32): warning xUnit1051: Calls to methods which accept CancellationToken should use TestContext.Current.CancellationToken to allow test cancellation to be more responsive. (https://xunit.net/xunit.analyzers/rules/xUnit1051) [C:\Users\richa\source\repos\VideoForensics\src\providers\wyze\provider\tests\VideoForensics.Providers.Wyze.Tests.csproj]
C:\Users\richa\source\repos\VideoForensics\src\providers\wyze\provider\tests\WyzeEventAndConfigServiceTests.cs(23,32): warning xUnit1051: Calls to methods which accept CancellationToken should use TestContext.Current.CancellationToken to allow test cancellation to be more responsive. (https://xunit.net/xunit.analyzers/rules/xUnit1051) [C:\Users\richa\source\repos\VideoForensics\src\providers\wyze\provider\tests\VideoForensics.Providers.Wyze.Tests.csproj]
C:\Users\richa\source\repos\VideoForensics\src\providers\wyze\provider\tests\WyzeMediaDownloadServiceTests.cs(112,32): warning xUnit1051: Calls to methods which accept CancellationToken should use TestContext.Current.CancellationToken to allow test cancellation to be more responsive. (https://xunit.net/xunit.analyzers/rules/xUnit1051) [C:\Users\richa\source\repos\VideoForensics\src\providers\wyze\provider\tests\VideoForensics.Providers.Wyze.Tests.csproj]
C:\Users\richa\source\repos\VideoForensics\src\providers\wyze\provider\tests\WyzeMediaDownloadServiceTests.cs(44,32): warning xUnit1051: Calls to methods which accept CancellationToken should use TestContext.Current.CancellationToken to allow test cancellation to be more responsive. (https://xunit.net/xunit.analyzers/rules/xUnit1051) [C:\Users\richa\source\repos\VideoForensics\src\providers\wyze\provider\tests\VideoForensics.Providers.Wyze.Tests.csproj]
C:\Users\richa\source\repos\VideoForensics\src\providers\wyze\provider\tests\WyzeMediaDownloadServiceTests.cs(127,32): warning xUnit1051: Calls to methods which accept CancellationToken should use TestContext.Current.CancellationToken to allow test cancellation to be more responsive. (https://xunit.net/xunit.analyzers/rules/xUnit1051) [C:\Users\richa\source\repos\VideoForensics\src\providers\wyze\provider\tests\VideoForensics.Providers.Wyze.Tests.csproj]
  VideoForensics.Providers.Ring.Common.Tests -> C:\Users\richa\source\repos\VideoForensics\src\providers\ring\common\tests\bin\Debug\net10.0\VideoForensics.Providers.Ring.Common.Tests.dll
  VideoForensics.Providers.Ring.Video.Metadata -> C:\Users\richa\source\repos\VideoForensics\src\providers\ring\video\metadata\bin\Debug\net10.0\VideoForensics.Providers.Ring.Video.Metadata.dll
  VideoForensics.Providers.Wyze.Tests -> C:\Users\richa\source\repos\VideoForensics\src\providers\wyze\provider\tests\bin\Debug\net10.0\VideoForensics.Providers.Wyze.Tests.dll
  VideoForensics.Providers.Ring.Forensics -> C:\Users\richa\source\repos\VideoForensics\src\core\forensics\bin\Debug\net10.0\VideoForensics.Providers.Ring.Forensics.dll
  VideoForensics.Providers.Ring.Auth -> C:\Users\richa\source\repos\VideoForensics\src\providers\ring\auth\bin\Debug\net10.0\VideoForensics.Providers.Ring.Auth.dll
C:\Users\richa\source\repos\VideoForensics\src\providers\ring\video\metadata\tests\Fixtures\DoorbotHistoryEventBuilder.cs(12,16): warning CS8618: Non-nullable field '_event' must contain a non-null value when exiting constructor. Consider adding the 'required' modifier or declaring the field as nullable. [C:\Users\richa\source\repos\VideoForensics\src\providers\ring\video\metadata\tests\VideoForensics.Providers.Ring.Video.Metadata.Tests.csproj]
C:\Users\richa\source\repos\VideoForensics\src\providers\ring\video\metadata\tests\Fixtures\DoorbotHistoryEventBuilder.cs(12,16): warning CS8618: Non-nullable field '_doorbot' must contain a non-null value when exiting constructor. Consider adding the 'required' modifier or declaring the field as nullable. [C:\Users\richa\source\repos\VideoForensics\src\providers\ring\video\metadata\tests\VideoForensics.Providers.Ring.Video.Metadata.Tests.csproj]
C:\Users\richa\source\repos\VideoForensics\src\providers\ring\video\metadata\tests\Fixtures\DoorbotHistoryEventBuilder.cs(12,16): warning CS8618: Non-nullable field '_cvProperties' must contain a non-null value when exiting constructor. Consider adding the 'required' modifier or declaring the field as nullable. [C:\Users\richa\source\repos\VideoForensics\src\providers\ring\video\metadata\tests\VideoForensics.Providers.Ring.Video.Metadata.Tests.csproj]
C:\Users\richa\source\repos\VideoForensics\src\providers\ring\video\metadata\tests\MetadataExtractorTests.cs(278,13): warning xUnit2017: Do not use Assert.True() to check if a value exists in a collection. Use Assert.Contains instead. (https://xunit.net/xunit.analyzers/rules/xUnit2017) [C:\Users\richa\source\repos\VideoForensics\src\providers\ring\video\metadata\tests\VideoForensics.Providers.Ring.Video.Metadata.Tests.csproj]
C:\Users\richa\source\repos\VideoForensics\src\providers\ring\video\metadata\tests\MetadataExtractorTests.cs(291,13): warning xUnit2017: Do not use Assert.True() to check if a value exists in a collection. Use Assert.Contains instead. (https://xunit.net/xunit.analyzers/rules/xUnit2017) [C:\Users\richa\source\repos\VideoForensics\src\providers\ring\video\metadata\tests\VideoForensics.Providers.Ring.Video.Metadata.Tests.csproj]
C:\Users\richa\source\repos\VideoForensics\src\providers\ring\video\metadata\tests\MetadataExtractorTests.cs(304,13): warning xUnit2017: Do not use Assert.True() to check if a value exists in a collection. Use Assert.Contains instead. (https://xunit.net/xunit.analyzers/rules/xUnit2017) [C:\Users\richa\source\repos\VideoForensics\src\providers\ring\video\metadata\tests\VideoForensics.Providers.Ring.Video.Metadata.Tests.csproj]
C:\Users\richa\source\repos\VideoForensics\src\providers\ring\video\metadata\tests\NoOpMetadataWriterTests.cs(280,13): warning xUnit2017: Do not use Assert.True() to check if a value exists in a collection. Use Assert.Contains instead. (https://xunit.net/xunit.analyzers/rules/xUnit2017) [C:\Users\richa\source\repos\VideoForensics\src\providers\ring\video\metadata\tests\VideoForensics.Providers.Ring.Video.Metadata.Tests.csproj]
C:\Users\richa\source\repos\VideoForensics\src\providers\ring\video\metadata\tests\NoOpMetadataWriterTests.cs(297,13): warning xUnit2017: Do not use Assert.True() to check if a value exists in a collection. Use Assert.Contains instead. (https://xunit.net/xunit.analyzers/rules/xUnit2017) [C:\Users\richa\source\repos\VideoForensics\src\providers\ring\video\metadata\tests\VideoForensics.Providers.Ring.Video.Metadata.Tests.csproj]
C:\Users\richa\source\repos\VideoForensics\src\providers\ring\video\metadata\tests\MetadataExtractorTests.cs(428,13): warning xUnit2017: Do not use Assert.True() to check if a value exists in a collection. Use Assert.Contains instead. (https://xunit.net/xunit.analyzers/rules/xUnit2017) [C:\Users\richa\source\repos\VideoForensics\src\providers\ring\video\metadata\tests\VideoForensics.Providers.Ring.Video.Metadata.Tests.csproj]
C:\Users\richa\source\repos\VideoForensics\src\providers\ring\video\metadata\tests\MetadataExtractorTests.cs(429,13): warning xUnit2017: Do not use Assert.True() to check if a value exists in a collection. Use Assert.Contains instead. (https://xunit.net/xunit.analyzers/rules/xUnit2017) [C:\Users\richa\source\repos\VideoForensics\src\providers\ring\video\metadata\tests\VideoForensics.Providers.Ring.Video.Metadata.Tests.csproj]
C:\Users\richa\source\repos\VideoForensics\src\providers\ring\video\metadata\tests\MetadataExtractorTests.cs(430,13): warning xUnit2017: Do not use Assert.True() to check if a value exists in a collection. Use Assert.Contains instead. (https://xunit.net/xunit.analyzers/rules/xUnit2017) [C:\Users\richa\source\repos\VideoForensics\src\providers\ring\video\metadata\tests\VideoForensics.Providers.Ring.Video.Metadata.Tests.csproj]
  VideoForensics.Providers.Ring.Video.Metadata.Tests -> C:\Users\richa\source\repos\VideoForensics\src\providers\ring\video\metadata\tests\bin\Debug\net10.0\VideoForensics.Providers.Ring.Video.Metadata.Tests.dll
C:\Users\richa\source\repos\VideoForensics\src\data\core\data.core.tests\IntegrityVerificationServiceTests.cs(34,23): warning xUnit1051: Calls to methods which accept CancellationToken should use TestContext.Current.CancellationToken to allow test cancellation to be more responsive. (https://xunit.net/xunit.analyzers/rules/xUnit1051) [C:\Users\richa\source\repos\VideoForensics\src\data\core\data.core.tests\VideoForensics.Data.Core.Tests.csproj]
C:\Users\richa\source\repos\VideoForensics\src\data\core\data.core.tests\IntegrityVerificationServiceTests.cs(74,23): warning xUnit1051: Calls to methods which accept CancellationToken should use TestContext.Current.CancellationToken to allow test cancellation to be more responsive. (https://xunit.net/xunit.analyzers/rules/xUnit1051) [C:\Users\richa\source\repos\VideoForensics\src\data\core\data.core.tests\VideoForensics.Data.Core.Tests.csproj]
C:\Users\richa\source\repos\VideoForensics\src\data\core\data.core.tests\IntegrityVerificationServiceTests.cs(98,23): warning xUnit1051: Calls to methods which accept CancellationToken should use TestContext.Current.CancellationToken to allow test cancellation to be more responsive. (https://xunit.net/xunit.analyzers/rules/xUnit1051) [C:\Users\richa\source\repos\VideoForensics\src\data\core\data.core.tests\VideoForensics.Data.Core.Tests.csproj]
C:\Users\richa\source\repos\VideoForensics\src\data\core\data.core.tests\IntegrityVerificationServiceTests.cs(139,23): warning xUnit1051: Calls to methods which accept CancellationToken should use TestContext.Current.CancellationToken to allow test cancellation to be more responsive. (https://xunit.net/xunit.analyzers/rules/xUnit1051) [C:\Users\richa\source\repos\VideoForensics\src\data\core\data.core.tests\VideoForensics.Data.Core.Tests.csproj]
C:\Users\richa\source\repos\VideoForensics\src\data\core\data.core.tests\ReportGenerationServiceTests.cs(164,13): warning xUnit2013: Do not use Assert.Equal() to check for collection size. Use Assert.Single instead. (https://xunit.net/xunit.analyzers/rules/xUnit2013) [C:\Users\richa\source\repos\VideoForensics\src\data\core\data.core.tests\VideoForensics.Data.Core.Tests.csproj]
C:\Users\richa\source\repos\VideoForensics\src\data\core\data.core.tests\IntegrityVerificationServiceTests.cs(228,27): warning xUnit1051: Calls to methods which accept CancellationToken should use TestContext.Current.CancellationToken to allow test cancellation to be more responsive. (https://xunit.net/xunit.analyzers/rules/xUnit1051) [C:\Users\richa\source\repos\VideoForensics\src\data\core\data.core.tests\VideoForensics.Data.Core.Tests.csproj]
C:\Users\richa\source\repos\VideoForensics\src\core\forensics\tests\SignalAnomalyDetectorTests.cs(17,17): warning CS0219: The variable 'deviceId' is assigned but its value is never used [C:\Users\richa\source\repos\VideoForensics\src\core\forensics\tests\VideoForensics.Providers.Ring.Forensics.Tests.csproj]
C:\Users\richa\source\repos\VideoForensics\src\core\forensics\tests\SignalAnomalyDetectorTests.cs(5,40): warning CS0414: The field 'SignalAnomalyDetectorTests._detector' is assigned but its value is never used [C:\Users\richa\source\repos\VideoForensics\src\core\forensics\tests\VideoForensics.Providers.Ring.Forensics.Tests.csproj]
C:\Users\richa\source\repos\VideoForensics\src\core\forensics\tests\EvidenceExtractorTests.cs(5,36): warning CS0414: The field 'EvidenceExtractorTests._extractor' is assigned but its value is never used [C:\Users\richa\source\repos\VideoForensics\src\core\forensics\tests\VideoForensics.Providers.Ring.Forensics.Tests.csproj]
  VideoForensics.Providers.Ring.Forensics.Tests -> C:\Users\richa\source\repos\VideoForensics\src\core\forensics\tests\bin\Debug\net10.0\VideoForensics.Providers.Ring.Forensics.Tests.dll
C:\Users\richa\source\repos\VideoForensics\src\providers\ring\core\Alarm\RingAssetSocket.cs(224,68): warning CS8625: Cannot convert null literal to non-nullable reference type. [C:\Users\richa\source\repos\VideoForensics\src\providers\ring\core\VideoForensics.Providers.Ring.Core.csproj]
C:\Users\richa\source\repos\VideoForensics\src\providers\ring\core\Alarm\RingAssetSocket.cs(229,68): warning CS8625: Cannot convert null literal to non-nullable reference type. [C:\Users\richa\source\repos\VideoForensics\src\providers\ring\core\VideoForensics.Providers.Ring.Core.csproj]
C:\Users\richa\source\repos\VideoForensics\src\providers\ring\core\HttpUtility.cs(46,85): warning CS8625: Cannot convert null literal to non-nullable reference type. [C:\Users\richa\source\repos\VideoForensics\src\providers\ring\core\VideoForensics.Providers.Ring.Core.csproj]
C:\Users\richa\source\repos\VideoForensics\src\providers\ring\core\HttpUtility.cs(86,77): warning CS8625: Cannot convert null literal to non-nullable reference type. [C:\Users\richa\source\repos\VideoForensics\src\providers\ring\core\VideoForensics.Providers.Ring.Core.csproj]
C:\Users\richa\source\repos\VideoForensics\src\providers\ring\core\HttpUtility.cs(86,103): warning CS8625: Cannot convert null literal to non-nullable reference type. [C:\Users\richa\source\repos\VideoForensics\src\providers\ring\core\VideoForensics.Providers.Ring.Core.csproj]
C:\Users\richa\source\repos\VideoForensics\src\providers\ring\core\HttpUtility.cs(319,78): warning CS8625: Cannot convert null literal to non-nullable reference type. [C:\Users\richa\source\repos\VideoForensics\src\providers\ring\core\VideoForensics.Providers.Ring.Core.csproj]
C:\Users\richa\source\repos\VideoForensics\src\providers\ring\core\HttpUtility.cs(359,153): warning CS8625: Cannot convert null literal to non-nullable reference type. [C:\Users\richa\source\repos\VideoForensics\src\providers\ring\core\VideoForensics.Providers.Ring.Core.csproj]
C:\Users\richa\source\repos\VideoForensics\src\providers\ring\core\HttpUtility.cs(359,180): warning CS8625: Cannot convert null literal to non-nullable reference type. [C:\Users\richa\source\repos\VideoForensics\src\providers\ring\core\VideoForensics.Providers.Ring.Core.csproj]
C:\Users\richa\source\repos\VideoForensics\src\providers\ring\core\HttpUtility.cs(414,118): warning CS8625: Cannot convert null literal to non-nullable reference type. [C:\Users\richa\source\repos\VideoForensics\src\providers\ring\core\VideoForensics.Providers.Ring.Core.csproj]
C:\Users\richa\source\repos\VideoForensics\src\providers\ring\core\HttpUtility.cs(433,120): warning CS8625: Cannot convert null literal to non-nullable reference type. [C:\Users\richa\source\repos\VideoForensics\src\providers\ring\core\VideoForensics.Providers.Ring.Core.csproj]
C:\Users\richa\source\repos\VideoForensics\src\providers\ring\core\RingVideoService.cs(71,71): warning CS8625: Cannot convert null literal to non-nullable reference type. [C:\Users\richa\source\repos\VideoForensics\src\providers\ring\core\VideoForensics.Providers.Ring.Core.csproj]
C:\Users\richa\source\repos\VideoForensics\src\providers\ring\core\RingVideoService.cs(72,36): warning CS8625: Cannot convert null literal to non-nullable reference type. [C:\Users\richa\source\repos\VideoForensics\src\providers\ring\core\VideoForensics.Providers.Ring.Core.csproj]
C:\Users\richa\source\repos\VideoForensics\src\providers\ring\core\RingVideoService.cs(73,46): warning CS8625: Cannot convert null literal to non-nullable reference type. [C:\Users\richa\source\repos\VideoForensics\src\providers\ring\core\VideoForensics.Providers.Ring.Core.csproj]
C:\Users\richa\source\repos\VideoForensics\src\providers\ring\core\RingVideoService.cs(74,46): warning CS8625: Cannot convert null literal to non-nullable reference type. [C:\Users\richa\source\repos\VideoForensics\src\providers\ring\core\VideoForensics.Providers.Ring.Core.csproj]
C:\Users\richa\source\repos\VideoForensics\src\providers\ring\core\RingVideoService.cs(1157,115): warning CS8625: Cannot convert null literal to non-nullable reference type. [C:\Users\richa\source\repos\VideoForensics\src\providers\ring\core\VideoForensics.Providers.Ring.Core.csproj]
C:\Users\richa\source\repos\VideoForensics\src\providers\ring\core\RingVideoService.cs(1196,90): warning CS8625: Cannot convert null literal to non-nullable reference type. [C:\Users\richa\source\repos\VideoForensics\src\providers\ring\core\VideoForensics.Providers.Ring.Core.csproj]
C:\Users\richa\source\repos\VideoForensics\src\providers\ring\core\Session.CredentialAuth.cs(25,60): warning CS8625: Cannot convert null literal to non-nullable reference type. [C:\Users\richa\source\repos\VideoForensics\src\providers\ring\core\VideoForensics.Providers.Ring.Core.csproj]
C:\Users\richa\source\repos\VideoForensics\src\providers\ring\core\Session.CredentialAuth.cs(26,57): warning CS8625: Cannot convert null literal to non-nullable reference type. [C:\Users\richa\source\repos\VideoForensics\src\providers\ring\core\VideoForensics.Providers.Ring.Core.csproj]
C:\Users\richa\source\repos\VideoForensics\src\providers\ring\core\Session.CredentialAuth.cs(27,65): warning CS8625: Cannot convert null literal to non-nullable reference type. [C:\Users\richa\source\repos\VideoForensics\src\providers\ring\core\VideoForensics.Providers.Ring.Core.csproj]
C:\Users\richa\source\repos\VideoForensics\src\providers\ring\core\Session.cs(115,110): warning CS8625: Cannot convert null literal to non-nullable reference type. [C:\Users\richa\source\repos\VideoForensics\src\providers\ring\core\VideoForensics.Providers.Ring.Core.csproj]
C:\Users\richa\source\repos\VideoForensics\src\providers\ring\core\Session.cs(115,151): warning CS8625: Cannot convert null literal to non-nullable reference type. [C:\Users\richa\source\repos\VideoForensics\src\providers\ring\core\VideoForensics.Providers.Ring.Core.csproj]
C:\Users\richa\source\repos\VideoForensics\src\providers\ring\core\Session.cs(128,77): warning CS8625: Cannot convert null literal to non-nullable reference type. [C:\Users\richa\source\repos\VideoForensics\src\providers\ring\core\VideoForensics.Providers.Ring.Core.csproj]
C:\Users\richa\source\repos\VideoForensics\src\providers\ring\core\Session.cs(128,118): warning CS8625: Cannot convert null literal to non-nullable reference type. [C:\Users\richa\source\repos\VideoForensics\src\providers\ring\core\VideoForensics.Providers.Ring.Core.csproj]
C:\Users\richa\source\repos\VideoForensics\src\providers\ring\core\Session.cs(148,141): warning CS8625: Cannot convert null literal to non-nullable reference type. [C:\Users\richa\source\repos\VideoForensics\src\providers\ring\core\VideoForensics.Providers.Ring.Core.csproj]
C:\Users\richa\source\repos\VideoForensics\src\providers\ring\core\Session.cs(180,81): warning CS8625: Cannot convert null literal to non-nullable reference type. [C:\Users\richa\source\repos\VideoForensics\src\providers\ring\core\VideoForensics.Providers.Ring.Core.csproj]
C:\Users\richa\source\repos\VideoForensics\src\providers\ring\core\Session.cs(191,88): warning CS8625: Cannot convert null literal to non-nullable reference type. [C:\Users\richa\source\repos\VideoForensics\src\providers\ring\core\VideoForensics.Providers.Ring.Core.csproj]
C:\Users\richa\source\repos\VideoForensics\src\providers\ring\core\Alarm\RingAssetSocket.cs(40,18): warning CS8618: Non-nullable field '_receiveLoopTask' must contain a non-null value when exiting constructor. Consider adding the 'required' modifier or declaring the field as nullable. [C:\Users\richa\source\repos\VideoForensics\src\providers\ring\core\VideoForensics.Providers.Ring.Core.csproj]
C:\Users\richa\source\repos\VideoForensics\src\providers\ring\core\Alarm\RingAssetSocket.cs(40,18): warning CS8618: Non-nullable field '_webSocketUrl' must contain a non-null value when exiting constructor. Consider adding the 'required' modifier or declaring the field as nullable. [C:\Users\richa\source\repos\VideoForensics\src\providers\ring\core\VideoForensics.Providers.Ring.Core.csproj]
C:\Users\richa\source\repos\VideoForensics\src\providers\ring\core\Alarm\RingAssetSocket.cs(40,18): warning CS8618: Non-nullable event 'DeviceUpdated' must contain a non-null value when exiting constructor. Consider adding the 'required' modifier or declaring the event as nullable. [C:\Users\richa\source\repos\VideoForensics\src\providers\ring\core\VideoForensics.Providers.Ring.Core.csproj]
C:\Users\richa\source\repos\VideoForensics\src\providers\ring\core\ApiRawLogger.cs(11,23): warning CS8618: Non-nullable property 'Method' must contain a non-null value when exiting constructor. Consider adding the 'required' modifier or declaring the property as nullable. [C:\Users\richa\source\repos\VideoForensics\src\providers\ring\core\VideoForensics.Providers.Ring.Core.csproj]
C:\Users\richa\source\repos\VideoForensics\src\providers\ring\core\ApiRawLogger.cs(12,23): warning CS8618: Non-nullable property 'Url' must contain a non-null value when exiting constructor. Consider adding the 'required' modifier or declaring the property as nullable. [C:\Users\richa\source\repos\VideoForensics\src\providers\ring\core\VideoForensics.Providers.Ring.Core.csproj]
C:\Users\richa\source\repos\VideoForensics\src\providers\ring\core\ApiRawLogger.cs(14,23): warning CS8618: Non-nullable property 'Body' must contain a non-null value when exiting constructor. Consider adding the 'required' modifier or declaring the property as nullable. [C:\Users\richa\source\repos\VideoForensics\src\providers\ring\core\VideoForensics.Providers.Ring.Core.csproj]
C:\Users\richa\source\repos\VideoForensics\src\providers\ring\core\Streaming\RingSignalingClient.cs(38,18): warning CS8618: Non-nullable field '_receiveLoopTask' must contain a non-null value when exiting constructor. Consider adding the 'required' modifier or declaring the field as nullable. [C:\Users\richa\source\repos\VideoForensics\src\providers\ring\core\VideoForensics.Providers.Ring.Core.csproj]
C:\Users\richa\source\repos\VideoForensics\src\providers\ring\core\Streaming\RingSignalingClient.cs(38,18): warning CS8618: Non-nullable field '_pingTimer' must contain a non-null value when exiting constructor. Consider adding the 'required' modifier or declaring the field as nullable. [C:\Users\richa\source\repos\VideoForensics\src\providers\ring\core\VideoForensics.Providers.Ring.Core.csproj]
C:\Users\richa\source\repos\VideoForensics\src\providers\ring\core\Streaming\RingSignalingClient.cs(38,18): warning CS8618: Non-nullable field '_url' must contain a non-null value when exiting constructor. Consider adding the 'required' modifier or declaring the field as nullable. [C:\Users\richa\source\repos\VideoForensics\src\providers\ring\core\VideoForensics.Providers.Ring.Core.csproj]
C:\Users\richa\source\repos\VideoForensics\src\providers\ring\core\Streaming\RingSignalingClient.cs(38,18): warning CS8618: Non-nullable event 'OnSdpAnswer' must contain a non-null value when exiting constructor. Consider adding the 'required' modifier or declaring the event as nullable. [C:\Users\richa\source\repos\VideoForensics\src\providers\ring\core\VideoForensics.Providers.Ring.Core.csproj]
C:\Users\richa\source\repos\VideoForensics\src\providers\ring\core\Streaming\RingSignalingClient.cs(38,18): warning CS8618: Non-nullable event 'OnIceCandidate' must contain a non-null value when exiting constructor. Consider adding the 'required' modifier or declaring the event as nullable. [C:\Users\richa\source\repos\VideoForensics\src\providers\ring\core\VideoForensics.Providers.Ring.Core.csproj]
C:\Users\richa\source\repos\VideoForensics\src\providers\ring\core\ApiRawLogger.cs(25,23): warning CS8618: Non-nullable property 'Category' must contain a non-null value when exiting constructor. Consider adding the 'required' modifier or declaring the property as nullable. [C:\Users\richa\source\repos\VideoForensics\src\providers\ring\core\VideoForensics.Providers.Ring.Core.csproj]
C:\Users\richa\source\repos\VideoForensics\src\providers\ring\core\ApiRawLogger.cs(26,23): warning CS8618: Non-nullable property 'Message' must contain a non-null value when exiting constructor. Consider adding the 'required' modifier or declaring the property as nullable. [C:\Users\richa\source\repos\VideoForensics\src\providers\ring\core\VideoForensics.Providers.Ring.Core.csproj]
C:\Users\richa\source\repos\VideoForensics\src\providers\ring\core\ApiRawLogger.cs(37,23): warning CS8618: Non-nullable property 'Category' must contain a non-null value when exiting constructor. Consider adding the 'required' modifier or declaring the property as nullable. [C:\Users\richa\source\repos\VideoForensics\src\providers\ring\core\VideoForensics.Providers.Ring.Core.csproj]
C:\Users\richa\source\repos\VideoForensics\src\providers\ring\core\ApiRawLogger.cs(38,23): warning CS8618: Non-nullable property 'Message' must contain a non-null value when exiting constructor. Consider adding the 'required' modifier or declaring the property as nullable. [C:\Users\richa\source\repos\VideoForensics\src\providers\ring\core\VideoForensics.Providers.Ring.Core.csproj]
C:\Users\richa\source\repos\VideoForensics\src\providers\ring\core\ApiRawLogger.cs(39,23): warning CS8618: Non-nullable property 'EventsJson' must contain a non-null value when exiting constructor. Consider adding the 'required' modifier or declaring the property as nullable. [C:\Users\richa\source\repos\VideoForensics\src\providers\ring\core\VideoForensics.Providers.Ring.Core.csproj]
C:\Users\richa\source\repos\VideoForensics\src\providers\ring\core\Streaming\RingSignalingClient.cs(54,38): warning CS8625: Cannot convert null literal to non-nullable reference type. [C:\Users\richa\source\repos\VideoForensics\src\providers\ring\core\VideoForensics.Providers.Ring.Core.csproj]
C:\Users\richa\source\repos\VideoForensics\src\providers\ring\core\Alarm\RingAssetSocket.cs(60,28): warning CS8600: Converting null literal or possible null value to non-nullable type. [C:\Users\richa\source\repos\VideoForensics\src\providers\ring\core\VideoForensics.Providers.Ring.Core.csproj]
C:\Users\richa\source\repos\VideoForensics\src\providers\ring\core\Streaming\RingSignalingClient.cs(64,28): warning CS8600: Converting null literal or possible null value to non-nullable type. [C:\Users\richa\source\repos\VideoForensics\src\providers\ring\core\VideoForensics.Providers.Ring.Core.csproj]
C:\Users\richa\source\repos\VideoForensics\src\providers\ring\core\ApiRawLogger.cs(52,48): warning CS8618: Non-nullable event 'OnRawResponse' must contain a non-null value when exiting constructor. Consider adding the 'required' modifier or declaring the event as nullable. [C:\Users\richa\source\repos\VideoForensics\src\providers\ring\core\VideoForensics.Providers.Ring.Core.csproj]
C:\Users\richa\source\repos\VideoForensics\src\providers\ring\core\ApiRawLogger.cs(53,55): warning CS8618: Non-nullable event 'OnEvent' must contain a non-null value when exiting constructor. Consider adding the 'required' modifier or declaring the event as nullable. [C:\Users\richa\source\repos\VideoForensics\src\providers\ring\core\VideoForensics.Providers.Ring.Core.csproj]
C:\Users\richa\source\repos\VideoForensics\src\providers\ring\core\ApiRawLogger.cs(54,53): warning CS8618: Non-nullable event 'OnRingEvents' must contain a non-null value when exiting constructor. Consider adding the 'required' modifier or declaring the event as nullable. [C:\Users\richa\source\repos\VideoForensics\src\providers\ring\core\VideoForensics.Providers.Ring.Core.csproj]
C:\Users\richa\source\repos\VideoForensics\src\providers\ring\core\Streaming\RingSignalingClient.cs(115,26): warning CS8600: Converting null literal or possible null value to non-nullable type. [C:\Users\richa\source\repos\VideoForensics\src\providers\ring\core\VideoForensics.Providers.Ring.Core.csproj]
C:\Users\richa\source\repos\VideoForensics\src\providers\ring\core\Streaming\RingSignalingClient.cs(139,36): warning CS8604: Possible null reference argument for parameter 'arg1' in 'void Action<string, int>.Invoke(string arg1, int arg2)'. [C:\Users\richa\source\repos\VideoForensics\src\providers\ring\core\VideoForensics.Providers.Ring.Core.csproj]
C:\Users\richa\source\repos\VideoForensics\src\providers\ring\core\HttpUtility.cs(50,38): warning CS8601: Possible null reference assignment. [C:\Users\richa\source\repos\VideoForensics\src\providers\ring\core\VideoForensics.Providers.Ring.Core.csproj]
C:\Users\richa\source\repos\VideoForensics\src\providers\ring\core\HttpUtility.cs(46,16): warning CS8618: Non-nullable field '_httpClientHandler' must contain a non-null value when exiting constructor. Consider adding the 'required' modifier or declaring the field as nullable. [C:\Users\richa\source\repos\VideoForensics\src\providers\ring\core\VideoForensics.Providers.Ring.Core.csproj]
C:\Users\richa\source\repos\VideoForensics\src\providers\ring\core\Models\Filter.cs(85,23): warning CS8618: Non-nullable property 'Filter' must contain a non-null value when exiting constructor. Consider adding the 'required' modifier or declaring the property as nullable. [C:\Users\richa\source\repos\VideoForensics\src\providers\ring\core\VideoForensics.Providers.Ring.Core.csproj]
C:\Users\richa\source\repos\VideoForensics\src\providers\ring\core\Streaming\RingLiveViewSession.cs(54,18): warning CS8618: Non-nullable event 'OnVideoFrameReceived' must contain a non-null value when exiting constructor. Consider adding the 'required' modifier or declaring the event as nullable. [C:\Users\richa\source\repos\VideoForensics\src\providers\ring\core\VideoForensics.Providers.Ring.Core.csproj]
C:\Users\richa\source\repos\VideoForensics\src\providers\ring\core\Streaming\RingLiveViewSession.cs(54,18): warning CS8618: Non-nullable event 'OnAudioFrameReceived' must contain a non-null value when exiting constructor. Consider adding the 'required' modifier or declaring the event as nullable. [C:\Users\richa\source\repos\VideoForensics\src\providers\ring\core\VideoForensics.Providers.Ring.Core.csproj]
C:\Users\richa\source\repos\VideoForensics\src\providers\ring\core\Streaming\RingLiveViewSession.cs(54,18): warning CS8618: Non-nullable event 'OnRtpPacketReceived' must contain a non-null value when exiting constructor. Consider adding the 'required' modifier or declaring the event as nullable. [C:\Users\richa\source\repos\VideoForensics\src\providers\ring\core\VideoForensics.Providers.Ring.Core.csproj]
C:\Users\richa\source\repos\VideoForensics\src\providers\ring\core\Streaming\RingLiveViewSession.cs(54,18): warning CS8618: Non-nullable event 'OnConnectionStateChange' must contain a non-null value when exiting constructor. Consider adding the 'required' modifier or declaring the event as nullable. [C:\Users\richa\source\repos\VideoForensics\src\providers\ring\core\VideoForensics.Providers.Ring.Core.csproj]
C:\Users\richa\source\repos\VideoForensics\src\providers\ring\core\RingVideoService.cs(64,41): warning CS8625: Cannot convert null literal to non-nullable reference type. [C:\Users\richa\source\repos\VideoForensics\src\providers\ring\core\VideoForensics.Providers.Ring.Core.csproj]
C:\Users\richa\source\repos\VideoForensics\src\providers\ring\core\RingVideoService.cs(66,16): warning CS8618: Non-nullable field 'ringSession' must contain a non-null value when exiting constructor. Consider adding the 'required' modifier or declaring the field as nullable. [C:\Users\richa\source\repos\VideoForensics\src\providers\ring\core\VideoForensics.Providers.Ring.Core.csproj]
C:\Users\richa\source\repos\VideoForensics\src\providers\ring\core\RingVideoService.cs(66,16): warning CS8618: Non-nullable property 'OnFileDownloadedAsync' must contain a non-null value when exiting constructor. Consider adding the 'required' modifier or declaring the property as nullable. [C:\Users\richa\source\repos\VideoForensics\src\providers\ring\core\VideoForensics.Providers.Ring.Core.csproj]
C:\Users\richa\source\repos\VideoForensics\src\providers\ring\core\RingVideoService.cs(66,16): warning CS8618: Non-nullable field 'reportsDirectory' must contain a non-null value when exiting constructor. Consider adding the 'required' modifier or declaring the field as nullable. [C:\Users\richa\source\repos\VideoForensics\src\providers\ring\core\VideoForensics.Providers.Ring.Core.csproj]
C:\Users\richa\source\repos\VideoForensics\src\providers\ring\core\RingVideoService.cs(66,16): warning CS8618: Non-nullable field 'logsDirectory' must contain a non-null value when exiting constructor. Consider adding the 'required' modifier or declaring the field as nullable. [C:\Users\richa\source\repos\VideoForensics\src\providers\ring\core\VideoForensics.Providers.Ring.Core.csproj]
C:\Users\richa\source\repos\VideoForensics\src\providers\ring\core\HttpUtility.cs(162,42): warning CS8603: Possible null reference return. [C:\Users\richa\source\repos\VideoForensics\src\providers\ring\core\VideoForensics.Providers.Ring.Core.csproj]
C:\Users\richa\source\repos\VideoForensics\src\providers\ring\core\HttpUtility.cs(198,46): warning CS8603: Possible null reference return. [C:\Users\richa\source\repos\VideoForensics\src\providers\ring\core\VideoForensics.Providers.Ring.Core.csproj]
C:\Users\richa\source\repos\VideoForensics\src\providers\ring\core\Models\Filter.cs(45,23): warning CS8618: Non-nullable property 'DownloadPath' must contain a non-null value when exiting constructor. Consider adding the 'required' modifier or declaring the property as nullable. [C:\Users\richa\source\repos\VideoForensics\src\providers\ring\core\VideoForensics.Providers.Ring.Core.csproj]
C:\Users\richa\source\repos\VideoForensics\src\providers\ring\core\Models\Filter.cs(46,23): warning CS8618: Non-nullable property 'TimeZone' must contain a non-null value when exiting constructor. Consider adding the 'required' modifier or declaring the property as nullable. [C:\Users\richa\source\repos\VideoForensics\src\providers\ring\core\VideoForensics.Providers.Ring.Core.csproj]
C:\Users\richa\source\repos\VideoForensics\src\providers\ring\core\Models\Filter.cs(55,23): warning CS8618: Non-nullable property 'Kind' must contain a non-null value when exiting constructor. Consider adding the 'required' modifier or declaring the property as nullable. [C:\Users\richa\source\repos\VideoForensics\src\providers\ring\core\VideoForensics.Providers.Ring.Core.csproj]
C:\Users\richa\source\repos\VideoForensics\src\providers\ring\core\Models\Filter.cs(60,23): warning CS8618: Non-nullable property 'DetectionType' must contain a non-null value when exiting constructor. Consider adding the 'required' modifier or declaring the property as nullable. [C:\Users\richa\source\repos\VideoForensics\src\providers\ring\core\VideoForensics.Providers.Ring.Core.csproj]
C:\Users\richa\source\repos\VideoForensics\src\providers\ring\core\RingVideoService.cs(101,31): warning CS8600: Converting null literal or possible null value to non-nullable type. [C:\Users\richa\source\repos\VideoForensics\src\providers\ring\core\VideoForensics.Providers.Ring.Core.csproj]
C:\Users\richa\source\repos\VideoForensics\src\providers\ring\core\RingVideoService.cs(106,31): warning CS8602: Dereference of a possibly null reference. [C:\Users\richa\source\repos\VideoForensics\src\providers\ring\core\VideoForensics.Providers.Ring.Core.csproj]
C:\Users\richa\source\repos\VideoForensics\src\providers\ring\core\RingVideoService.cs(116,35): warning CS8604: Possible null reference argument for parameter 'savedSettingsContents' in 'void RingVideoService.MigrateLegacyAuth(string savedSettingsContents)'. [C:\Users\richa\source\repos\VideoForensics\src\providers\ring\core\VideoForensics.Providers.Ring.Core.csproj]
C:\Users\richa\source\repos\VideoForensics\src\providers\ring\core\Models\FailedDownload.cs(8,23): warning CS8618: Non-nullable property 'LocationName' must contain a non-null value when exiting constructor. Consider adding the 'required' modifier or declaring the property as nullable. [C:\Users\richa\source\repos\VideoForensics\src\providers\ring\core\VideoForensics.Providers.Ring.Core.csproj]
C:\Users\richa\source\repos\VideoForensics\src\providers\ring\core\Models\FailedDownload.cs(9,23): warning CS8618: Non-nullable property 'CameraName' must contain a non-null value when exiting constructor. Consider adding the 'required' modifier or declaring the property as nullable. [C:\Users\richa\source\repos\VideoForensics\src\providers\ring\core\VideoForensics.Providers.Ring.Core.csproj]
C:\Users\richa\source\repos\VideoForensics\src\providers\ring\core\Models\FailedDownload.cs(11,23): warning CS8618: Non-nullable property 'EventId' must contain a non-null value when exiting constructor. Consider adding the 'required' modifier or declaring the property as nullable. [C:\Users\richa\source\repos\VideoForensics\src\providers\ring\core\VideoForensics.Providers.Ring.Core.csproj]
C:\Users\richa\source\repos\VideoForensics\src\providers\ring\core\Models\FailedDownload.cs(12,23): warning CS8618: Non-nullable property 'EventType' must contain a non-null value when exiting constructor. Consider adding the 'required' modifier or declaring the property as nullable. [C:\Users\richa\source\repos\VideoForensics\src\providers\ring\core\VideoForensics.Providers.Ring.Core.csproj]
C:\Users\richa\source\repos\VideoForensics\src\providers\ring\core\Models\FailedDownload.cs(14,23): warning CS8618: Non-nullable property 'ErrorDescription' must contain a non-null value when exiting constructor. Consider adding the 'required' modifier or declaring the property as nullable. [C:\Users\richa\source\repos\VideoForensics\src\providers\ring\core\VideoForensics.Providers.Ring.Core.csproj]
C:\Users\richa\source\repos\VideoForensics\src\providers\ring\core\Models\DeviceInfo.cs(33,53): warning CS8629: Nullable value type may be null. [C:\Users\richa\source\repos\VideoForensics\src\providers\ring\core\VideoForensics.Providers.Ring.Core.csproj]
C:\Users\richa\source\repos\VideoForensics\src\providers\ring\core\Models\DeviceInfo.cs(9,23): warning CS8618: Non-nullable property 'Name' must contain a non-null value when exiting constructor. Consider adding the 'required' modifier or declaring the property as nullable. [C:\Users\richa\source\repos\VideoForensics\src\providers\ring\core\VideoForensics.Providers.Ring.Core.csproj]
C:\Users\richa\source\repos\VideoForensics\src\providers\ring\core\Models\DeviceInfo.cs(11,23): warning CS8618: Non-nullable property 'DeviceId' must contain a non-null value when exiting constructor. Consider adding the 'required' modifier or declaring the property as nullable. [C:\Users\richa\source\repos\VideoForensics\src\providers\ring\core\VideoForensics.Providers.Ring.Core.csproj]
C:\Users\richa\source\repos\VideoForensics\src\providers\ring\core\Session.Account.cs(30,20): warning CS8603: Possible null reference return. [C:\Users\richa\source\repos\VideoForensics\src\providers\ring\core\VideoForensics.Providers.Ring.Core.csproj]
C:\Users\richa\source\repos\VideoForensics\src\providers\ring\core\Session.CredentialAuth.cs(34,31): warning CS8600: Converting null literal or possible null value to non-nullable type. [C:\Users\richa\source\repos\VideoForensics\src\providers\ring\core\VideoForensics.Providers.Ring.Core.csproj]
C:\Users\richa\source\repos\VideoForensics\src\providers\ring\core\Session.CredentialAuth.cs(47,31): warning CS8600: Converting null literal or possible null value to non-nullable type. [C:\Users\richa\source\repos\VideoForensics\src\providers\ring\core\VideoForensics.Providers.Ring.Core.csproj]
C:\Users\richa\source\repos\VideoForensics\src\providers\ring\core\Session.CredentialAuth.cs(84,20): warning CS8603: Possible null reference return. [C:\Users\richa\source\repos\VideoForensics\src\providers\ring\core\VideoForensics.Providers.Ring.Core.csproj]
C:\Users\richa\source\repos\VideoForensics\src\providers\ring\core\Session.cs(81,26): warning CS8603: Possible null reference return. [C:\Users\richa\source\repos\VideoForensics\src\providers\ring\core\VideoForensics.Providers.Ring.Core.csproj]
C:\Users\richa\source\repos\VideoForensics\src\providers\ring\core\Session.cs(115,16): warning CS8618: Non-nullable property 'OAuthToken' must contain a non-null value when exiting constructor. Consider adding the 'required' modifier or declaring the property as nullable. [C:\Users\richa\source\repos\VideoForensics\src\providers\ring\core\VideoForensics.Providers.Ring.Core.csproj]
C:\Users\richa\source\repos\VideoForensics\src\providers\ring\core\Alarm\RingAssetSocket.cs(184,88): warning CS8625: Cannot convert null literal to non-nullable reference type. [C:\Users\richa\source\repos\VideoForensics\src\providers\ring\core\VideoForensics.Providers.Ring.Core.csproj]
C:\Users\richa\source\repos\VideoForensics\src\providers\ring\core\Session.cs(128,17): warning CS8618: Non-nullable property 'Username' must contain a non-null value when exiting constructor. Consider adding the 'required' modifier or declaring the property as nullable. [C:\Users\richa\source\repos\VideoForensics\src\providers\ring\core\VideoForensics.Providers.Ring.Core.csproj]
C:\Users\richa\source\repos\VideoForensics\src\providers\ring\core\Session.cs(128,17): warning CS8618: Non-nullable property 'Password' must contain a non-null value when exiting constructor. Consider adding the 'required' modifier or declaring the property as nullable. [C:\Users\richa\source\repos\VideoForensics\src\providers\ring\core\VideoForensics.Providers.Ring.Core.csproj]
C:\Users\richa\source\repos\VideoForensics\src\providers\ring\core\Session.cs(128,17): warning CS8618: Non-nullable property 'OAuthToken' must contain a non-null value when exiting constructor. Consider adding the 'required' modifier or declaring the property as nullable. [C:\Users\richa\source\repos\VideoForensics\src\providers\ring\core\VideoForensics.Providers.Ring.Core.csproj]
C:\Users\richa\source\repos\VideoForensics\src\providers\ring\core\Alarm\RingAssetSocket.cs(234,59): warning CS8625: Cannot convert null literal to non-nullable reference type. [C:\Users\richa\source\repos\VideoForensics\src\providers\ring\core\VideoForensics.Providers.Ring.Core.csproj]
C:\Users\richa\source\repos\VideoForensics\src\providers\ring\core\HttpUtility.cs(226,42): warning CS8603: Possible null reference return. [C:\Users\richa\source\repos\VideoForensics\src\providers\ring\core\VideoForensics.Providers.Ring.Core.csproj]
C:\Users\richa\source\repos\VideoForensics\src\providers\ring\core\Session.cs(236,26): warning CS8601: Possible null reference assignment. [C:\Users\richa\source\repos\VideoForensics\src\providers\ring\core\VideoForensics.Providers.Ring.Core.csproj]
C:\Users\richa\source\repos\VideoForensics\src\providers\ring\core\Session.cs(243,20): warning CS8603: Possible null reference return. [C:\Users\richa\source\repos\VideoForensics\src\providers\ring\core\VideoForensics.Providers.Ring.Core.csproj]
C:\Users\richa\source\repos\VideoForensics\src\providers\ring\core\Session.cs(327,30): warning CS8601: Possible null reference assignment. [C:\Users\richa\source\repos\VideoForensics\src\providers\ring\core\VideoForensics.Providers.Ring.Core.csproj]
C:\Users\richa\source\repos\VideoForensics\src\providers\ring\core\HttpUtility.cs(272,42): warning CS8603: Possible null reference return. [C:\Users\richa\source\repos\VideoForensics\src\providers\ring\core\VideoForensics.Providers.Ring.Core.csproj]
C:\Users\richa\source\repos\VideoForensics\src\providers\ring\core\HttpUtility.cs(309,46): warning CS8603: Possible null reference return. [C:\Users\richa\source\repos\VideoForensics\src\providers\ring\core\VideoForensics.Providers.Ring.Core.csproj]
C:\Users\richa\source\repos\VideoForensics\src\providers\ring\core\HttpUtility.cs(420,32): warning CS8600: Converting null literal or possible null value to non-nullable type. [C:\Users\richa\source\repos\VideoForensics\src\providers\ring\core\VideoForensics.Providers.Ring.Core.csproj]
C:\Users\richa\source\repos\VideoForensics\src\providers\ring\core\HttpUtility.cs(421,20): warning CS8603: Possible null reference return. [C:\Users\richa\source\repos\VideoForensics\src\providers\ring\core\VideoForensics.Providers.Ring.Core.csproj]
C:\Users\richa\source\repos\VideoForensics\src\providers\ring\core\Session.cs(450,36): warning CS8602: Dereference of a possibly null reference. [C:\Users\richa\source\repos\VideoForensics\src\providers\ring\core\VideoForensics.Providers.Ring.Core.csproj]
C:\Users\richa\source\repos\VideoForensics\src\providers\ring\core\Session.cs(450,80): warning CS8603: Possible null reference return. [C:\Users\richa\source\repos\VideoForensics\src\providers\ring\core\VideoForensics.Providers.Ring.Core.csproj]
C:\Users\richa\source\repos\VideoForensics\src\providers\ring\core\Session.cs(470,37): warning CS8604: Possible null reference argument for parameter 'collection' in 'void List<DoorbotHistoryEvent>.AddRange(IEnumerable<DoorbotHistoryEvent> collection)'. [C:\Users\richa\source\repos\VideoForensics\src\providers\ring\core\VideoForensics.Providers.Ring.Core.csproj]
C:\Users\richa\source\repos\VideoForensics\src\providers\ring\core\RingVideoService.cs(288,87): warning CS8629: Nullable value type may be null. [C:\Users\richa\source\repos\VideoForensics\src\providers\ring\core\VideoForensics.Providers.Ring.Core.csproj]
C:\Users\richa\source\repos\VideoForensics\src\providers\ring\core\RingVideoService.cs(292,83): warning CS8629: Nullable value type may be null. [C:\Users\richa\source\repos\VideoForensics\src\providers\ring\core\VideoForensics.Providers.Ring.Core.csproj]
C:\Users\richa\source\repos\VideoForensics\src\providers\ring\core\Session.cs(530,37): warning CS8604: Possible null reference argument for parameter 'source' in 'IEnumerable<DoorbotHistoryEvent> Enumerable.Where<DoorbotHistoryEvent>(IEnumerable<DoorbotHistoryEvent> source, Func<DoorbotHistoryEvent, bool> predicate)'. [C:\Users\richa\source\repos\VideoForensics\src\providers\ring\core\VideoForensics.Providers.Ring.Core.csproj]
C:\Users\richa\source\repos\VideoForensics\src\providers\ring\core\Session.cs(667,57): warning CS8600: Converting null literal or possible null value to non-nullable type. [C:\Users\richa\source\repos\VideoForensics\src\providers\ring\core\VideoForensics.Providers.Ring.Core.csproj]
C:\Users\richa\source\repos\VideoForensics\src\providers\ring\core\Session.cs(681,34): warning CS8600: Converting null literal or possible null value to non-nullable type. [C:\Users\richa\source\repos\VideoForensics\src\providers\ring\core\VideoForensics.Providers.Ring.Core.csproj]
C:\Users\richa\source\repos\VideoForensics\src\providers\ring\core\Session.cs(684,48): warning CS8602: Dereference of a possibly null reference. [C:\Users\richa\source\repos\VideoForensics\src\providers\ring\core\VideoForensics.Providers.Ring.Core.csproj]
C:\Users\richa\source\repos\VideoForensics\src\providers\ring\core\Session.cs(761,52): warning CS8600: Converting null literal or possible null value to non-nullable type. [C:\Users\richa\source\repos\VideoForensics\src\providers\ring\core\VideoForensics.Providers.Ring.Core.csproj]
C:\Users\richa\source\repos\VideoForensics\src\providers\ring\core\Session.cs(768,31): warning CS8600: Converting null literal or possible null value to non-nullable type. [C:\Users\richa\source\repos\VideoForensics\src\providers\ring\core\VideoForensics.Providers.Ring.Core.csproj]
C:\Users\richa\source\repos\VideoForensics\src\providers\ring\core\Session.cs(771,48): warning CS8602: Dereference of a possibly null reference. [C:\Users\richa\source\repos\VideoForensics\src\providers\ring\core\VideoForensics.Providers.Ring.Core.csproj]
C:\Users\richa\source\repos\VideoForensics\src\providers\ring\core\Session.cs(782,154): warning CS8600: Converting null literal or possible null value to non-nullable type. [C:\Users\richa\source\repos\VideoForensics\src\providers\ring\core\VideoForensics.Providers.Ring.Core.csproj]
C:\Users\richa\source\repos\VideoForensics\src\providers\ring\core\RingVideoService.cs(337,31): warning CS8600: Converting null literal or possible null value to non-nullable type. [C:\Users\richa\source\repos\VideoForensics\src\providers\ring\core\VideoForensics.Providers.Ring.Core.csproj]
C:\Users\richa\source\repos\VideoForensics\src\providers\ring\core\RingVideoService.cs(397,20): warning CS8603: Possible null reference return. [C:\Users\richa\source\repos\VideoForensics\src\providers\ring\core\VideoForensics.Providers.Ring.Core.csproj]
C:\Users\richa\source\repos\VideoForensics\src\providers\ring\core\Session.DeviceControl.cs(30,112): warning CS8625: Cannot convert null literal to non-nullable reference type. [C:\Users\richa\source\repos\VideoForensics\src\providers\ring\core\VideoForensics.Providers.Ring.Core.csproj]
C:\Users\richa\source\repos\VideoForensics\src\providers\ring\core\Session.DeviceControl.cs(55,112): warning CS8625: Cannot convert null literal to non-nullable reference type. [C:\Users\richa\source\repos\VideoForensics\src\providers\ring\core\VideoForensics.Providers.Ring.Core.csproj]
C:\Users\richa\source\repos\VideoForensics\src\providers\ring\core\Session.EventSubscriptions.cs(37,113): warning CS8625: Cannot convert null literal to non-nullable reference type. [C:\Users\richa\source\repos\VideoForensics\src\providers\ring\core\VideoForensics.Providers.Ring.Core.csproj]
C:\Users\richa\source\repos\VideoForensics\src\providers\ring\core\Session.Health.cs(28,20): warning CS8603: Possible null reference return. [C:\Users\richa\source\repos\VideoForensics\src\providers\ring\core\VideoForensics.Providers.Ring.Core.csproj]
C:\Users\richa\source\repos\VideoForensics\src\providers\ring\core\Session.Health.cs(42,20): warning CS8603: Possible null reference return. [C:\Users\richa\source\repos\VideoForensics\src\providers\ring\core\VideoForensics.Providers.Ring.Core.csproj]
C:\Users\richa\source\repos\VideoForensics\src\providers\ring\core\Session.LiveView.cs(45,103): warning CS8625: Cannot convert null literal to non-nullable reference type. [C:\Users\richa\source\repos\VideoForensics\src\providers\ring\core\VideoForensics.Providers.Ring.Core.csproj]
C:\Users\richa\source\repos\VideoForensics\src\providers\ring\core\Session.LocationMode.cs(37,20): warning CS8603: Possible null reference return. [C:\Users\richa\source\repos\VideoForensics\src\providers\ring\core\VideoForensics.Providers.Ring.Core.csproj]
C:\Users\richa\source\repos\VideoForensics\src\providers\ring\core\Session.LocationMode.cs(101,113): warning CS8625: Cannot convert null literal to non-nullable reference type. [C:\Users\richa\source\repos\VideoForensics\src\providers\ring\core\VideoForensics.Providers.Ring.Core.csproj]
C:\Users\richa\source\repos\VideoForensics\src\providers\ring\core\Session.LocationMode.cs(113,115): warning CS8625: Cannot convert null literal to non-nullable reference type. [C:\Users\richa\source\repos\VideoForensics\src\providers\ring\core\VideoForensics.Providers.Ring.Core.csproj]
C:\Users\richa\source\repos\VideoForensics\src\providers\ring\core\Session.Monitoring.cs(58,113): warning CS8625: Cannot convert null literal to non-nullable reference type. [C:\Users\richa\source\repos\VideoForensics\src\providers\ring\core\VideoForensics.Providers.Ring.Core.csproj]
C:\Users\richa\source\repos\VideoForensics\src\providers\ring\core\Session.SharedUsers.cs(25,37): warning CS8618: Non-nullable property 'Invitations' must contain a non-null value when exiting constructor. Consider adding the 'required' modifier or declaring the property as nullable. [C:\Users\richa\source\repos\VideoForensics\src\providers\ring\core\VideoForensics.Providers.Ring.Core.csproj]
C:\Users\richa\source\repos\VideoForensics\src\providers\ring\core\Session.SnapshotsExtra.cs(68,20): warning CS8603: Possible null reference return. [C:\Users\richa\source\repos\VideoForensics\src\providers\ring\core\VideoForensics.Providers.Ring.Core.csproj]
C:\Users\richa\source\repos\VideoForensics\src\providers\ring\core\RingVideoService.cs(552,25): warning CS8602: Dereference of a possibly null reference. [C:\Users\richa\source\repos\VideoForensics\src\providers\ring\core\VideoForensics.Providers.Ring.Core.csproj]
C:\Users\richa\source\repos\VideoForensics\src\providers\ring\core\RingVideoService.cs(552,61): warning CS8602: Dereference of a possibly null reference. [C:\Users\richa\source\repos\VideoForensics\src\providers\ring\core\VideoForensics.Providers.Ring.Core.csproj]
C:\Users\richa\source\repos\VideoForensics\src\providers\ring\core\RingVideoService.cs(557,43): warning CS8604: Possible null reference argument for parameter 'first' in 'IEnumerable<Doorbot> Enumerable.Concat<Doorbot>(IEnumerable<Doorbot> first, IEnumerable<Doorbot> second)'. [C:\Users\richa\source\repos\VideoForensics\src\providers\ring\core\VideoForensics.Providers.Ring.Core.csproj]
C:\Users\richa\source\repos\VideoForensics\src\providers\ring\core\RingVideoService.cs(566,54): warning CS8629: Nullable value type may be null. [C:\Users\richa\source\repos\VideoForensics\src\providers\ring\core\VideoForensics.Providers.Ring.Core.csproj]
C:\Users\richa\source\repos\VideoForensics\src\providers\ring\core\RingVideoService.cs(567,39): warning CS8604: Possible null reference argument for parameter 'source' in 'IEnumerable<Chime> Enumerable.Where<Chime>(IEnumerable<Chime> source, Func<Chime, bool> predicate)'. [C:\Users\richa\source\repos\VideoForensics\src\providers\ring\core\VideoForensics.Providers.Ring.Core.csproj]
C:\Users\richa\source\repos\VideoForensics\src\providers\ring\core\RingVideoService.cs(568,54): warning CS8629: Nullable value type may be null. [C:\Users\richa\source\repos\VideoForensics\src\providers\ring\core\VideoForensics.Providers.Ring.Core.csproj]
C:\Users\richa\source\repos\VideoForensics\src\providers\ring\core\RingVideoService.cs(570,46): warning CS8629: Nullable value type may be null. [C:\Users\richa\source\repos\VideoForensics\src\providers\ring\core\VideoForensics.Providers.Ring.Core.csproj]
C:\Users\richa\source\repos\VideoForensics\src\providers\ring\core\RingVideoService.cs(570,60): warning CS8629: Nullable value type may be null. [C:\Users\richa\source\repos\VideoForensics\src\providers\ring\core\VideoForensics.Providers.Ring.Core.csproj]
C:\Users\richa\source\repos\VideoForensics\src\providers\ring\core\RingVideoService.cs(631,83): warning CS8629: Nullable value type may be null. [C:\Users\richa\source\repos\VideoForensics\src\providers\ring\core\VideoForensics.Providers.Ring.Core.csproj]
C:\Users\richa\source\repos\VideoForensics\src\providers\ring\core\RingVideoService.cs(702,78): warning CS8602: Dereference of a possibly null reference. [C:\Users\richa\source\repos\VideoForensics\src\providers\ring\core\VideoForensics.Providers.Ring.Core.csproj]
C:\Users\richa\source\repos\VideoForensics\src\providers\ring\core\RingVideoService.cs(702,40): warning CS8602: Dereference of a possibly null reference. [C:\Users\richa\source\repos\VideoForensics\src\providers\ring\core\VideoForensics.Providers.Ring.Core.csproj]
C:\Users\richa\source\repos\VideoForensics\src\providers\ring\core\RingVideoService.cs(885,49): warning CS8629: Nullable value type may be null. [C:\Users\richa\source\repos\VideoForensics\src\providers\ring\core\VideoForensics.Providers.Ring.Core.csproj]
C:\Users\richa\source\repos\VideoForensics\src\providers\ring\core\RingVideoService.cs(908,43): warning CS8600: Converting null literal or possible null value to non-nullable type. [C:\Users\richa\source\repos\VideoForensics\src\providers\ring\core\VideoForensics.Providers.Ring.Core.csproj]
C:\Users\richa\source\repos\VideoForensics\src\providers\ring\core\RingVideoService.cs(909,46): warning CS8600: Converting null literal or possible null value to non-nullable type. [C:\Users\richa\source\repos\VideoForensics\src\providers\ring\core\VideoForensics.Providers.Ring.Core.csproj]
C:\Users\richa\source\repos\VideoForensics\src\providers\ring\core\RingVideoService.cs(910,50): warning CS8600: Converting null literal or possible null value to non-nullable type. [C:\Users\richa\source\repos\VideoForensics\src\providers\ring\core\VideoForensics.Providers.Ring.Core.csproj]
C:\Users\richa\source\repos\VideoForensics\src\providers\ring\core\RingVideoService.cs(948,72): warning CS8602: Dereference of a possibly null reference. [C:\Users\richa\source\repos\VideoForensics\src\providers\ring\core\VideoForensics.Providers.Ring.Core.csproj]
C:\Users\richa\source\repos\VideoForensics\src\providers\ring\core\RingVideoService.cs(970,67): warning CS8604: Possible null reference argument for parameter 'webResponseBody' in 'void RingVideoService.RecordFailedDownload(DoorbotHistoryEvent ding, Exception exception, string webResponseBody = null)'. [C:\Users\richa\source\repos\VideoForensics\src\providers\ring\core\VideoForensics.Providers.Ring.Core.csproj]
C:\Users\richa\source\repos\VideoForensics\src\providers\ring\core\RingVideoService.cs(1010,49): warning CS8604: Possible null reference argument for parameter 'arg1' in 'Task Func<DoorbotHistoryEvent, string, Task>.Invoke(DoorbotHistoryEvent arg1, string arg2)'. [C:\Users\richa\source\repos\VideoForensics\src\providers\ring\core\VideoForensics.Providers.Ring.Core.csproj]
C:\Users\richa\source\repos\VideoForensics\src\providers\ring\core\RingVideoService.cs(1023,24): warning CS8603: Possible null reference return. [C:\Users\richa\source\repos\VideoForensics\src\providers\ring\core\VideoForensics.Providers.Ring.Core.csproj]
C:\Users\richa\source\repos\VideoForensics\src\providers\ring\core\RingVideoService.cs(1037,20): warning CS8603: Possible null reference return. [C:\Users\richa\source\repos\VideoForensics\src\providers\ring\core\VideoForensics.Providers.Ring.Core.csproj]
C:\Users\richa\source\repos\VideoForensics\src\providers\ring\core\RingVideoService.cs(1092,36): warning CS8600: Converting null literal or possible null value to non-nullable type. [C:\Users\richa\source\repos\VideoForensics\src\providers\ring\core\VideoForensics.Providers.Ring.Core.csproj]
C:\Users\richa\source\repos\VideoForensics\src\providers\ring\core\RingVideoService.cs(1161,34): warning CS8600: Converting null literal or possible null value to non-nullable type. [C:\Users\richa\source\repos\VideoForensics\src\providers\ring\core\VideoForensics.Providers.Ring.Core.csproj]
C:\Users\richa\source\repos\VideoForensics\src\providers\ring\core\RingVideoService.cs(1164,45): warning CS8604: Possible null reference argument for parameter 'item' in 'bool HashSet<string>.Contains(string item)'. [C:\Users\richa\source\repos\VideoForensics\src\providers\ring\core\VideoForensics.Providers.Ring.Core.csproj]
C:\Users\richa\source\repos\VideoForensics\src\providers\ring\core\RingVideoService.cs(1182,33): warning CS8629: Nullable value type may be null. [C:\Users\richa\source\repos\VideoForensics\src\providers\ring\core\VideoForensics.Providers.Ring.Core.csproj]
C:\Users\richa\source\repos\VideoForensics\src\providers\ring\core\RingVideoService.cs(1378,36): warning CS8600: Converting null literal or possible null value to non-nullable type. [C:\Users\richa\source\repos\VideoForensics\src\providers\ring\core\VideoForensics.Providers.Ring.Core.csproj]
C:\Users\richa\source\repos\VideoForensics\src\providers\ring\core\RingVideoService.cs(1458,24): warning CS8603: Possible null reference return. [C:\Users\richa\source\repos\VideoForensics\src\providers\ring\core\VideoForensics.Providers.Ring.Core.csproj]
C:\Users\richa\source\repos\VideoForensics\src\providers\ring\core\RingVideoService.cs(1481,24): warning CS8603: Possible null reference return. [C:\Users\richa\source\repos\VideoForensics\src\providers\ring\core\VideoForensics.Providers.Ring.Core.csproj]
C:\Users\richa\source\repos\VideoForensics\src\providers\ring\core\RingVideoService.cs(1494,20): warning CS8603: Possible null reference return. [C:\Users\richa\source\repos\VideoForensics\src\providers\ring\core\VideoForensics.Providers.Ring.Core.csproj]
  VideoForensics.Providers.Ring.Core -> C:\Users\richa\source\repos\VideoForensics\src\providers\ring\core\bin\Debug\net10.0\VideoForensics.Providers.Ring.Core.dll
C:\Users\richa\source\repos\VideoForensics\src\providers\ring\auth\tests\CredentialStoreTests.cs(58,17): warning xUnit2009: Do not use Assert.False() to check for substrings. Use Assert.DoesNotContain instead. (https://xunit.net/xunit.analyzers/rules/xUnit2009) [C:\Users\richa\source\repos\VideoForensics\src\providers\ring\auth\tests\VideoForensics.Providers.Ring.Auth.Tests.csproj]
C:\Users\richa\source\repos\VideoForensics\src\providers\ring\auth\tests\CredentialStoreTests.cs(28,17): warning xUnit2009: Do not use Assert.False() to check for substrings. Use Assert.DoesNotContain instead. (https://xunit.net/xunit.analyzers/rules/xUnit2009) [C:\Users\richa\source\repos\VideoForensics\src\providers\ring\auth\tests\VideoForensics.Providers.Ring.Auth.Tests.csproj]
C:\Users\richa\source\repos\VideoForensics\src\providers\ring\auth\tests\CredentialStoreTests.cs(59,17): warning xUnit2009: Do not use Assert.False() to check for substrings. Use Assert.DoesNotContain instead. (https://xunit.net/xunit.analyzers/rules/xUnit2009) [C:\Users\richa\source\repos\VideoForensics\src\providers\ring\auth\tests\VideoForensics.Providers.Ring.Auth.Tests.csproj]
C:\Users\richa\source\repos\VideoForensics\src\providers\ring\auth\tests\CredentialStoreTests.cs(29,17): warning xUnit2009: Do not use Assert.False() to check for substrings. Use Assert.DoesNotContain instead. (https://xunit.net/xunit.analyzers/rules/xUnit2009) [C:\Users\richa\source\repos\VideoForensics\src\providers\ring\auth\tests\VideoForensics.Providers.Ring.Auth.Tests.csproj]
C:\Users\richa\source\repos\VideoForensics\src\providers\ring\auth\tests\CredentialStoreTests.cs(117,17): warning xUnit2009: Do not use Assert.False() to check for substrings. Use Assert.DoesNotContain instead. (https://xunit.net/xunit.analyzers/rules/xUnit2009) [C:\Users\richa\source\repos\VideoForensics\src\providers\ring\auth\tests\VideoForensics.Providers.Ring.Auth.Tests.csproj]
  VideoForensics.Providers.Ring.Auth.Tests -> C:\Users\richa\source\repos\VideoForensics\src\providers\ring\auth\tests\bin\Debug\net10.0\VideoForensics.Providers.Ring.Auth.Tests.dll
  VideoForensics.Data.Core.Tests -> C:\Users\richa\source\repos\VideoForensics\src\data\core\data.core.tests\bin\Debug\net10.0\VideoForensics.Data.Core.Tests.dll
  VideoForensics.Providers.Ring.Utils -> C:\Users\richa\source\repos\VideoForensics\src\providers\ring\utils\bin\Debug\net10.0\VideoForensics.Providers.Ring.Utils.dll
C:\Users\richa\source\repos\VideoForensics\src\providers\ring\core\tests\UnitTest.cs(351,54): warning CS8604: Possible null reference argument for parameter 'dingId' in 'Task Session.GetDoorbotHistoryRecording(string dingId, string saveAs)'. [C:\Users\richa\source\repos\VideoForensics\src\providers\ring\core\tests\VideoForensics.Providers.Ring.Core.Tests.csproj]
C:\Users\richa\source\repos\VideoForensics\src\providers\ring\core\tests\Mocks\RealSessionHelper.cs(52,43): warning CS8604: Possible null reference argument for parameter 'username' in 'Session.Session(string username, string password, HttpMessageHandler messageHandler = null, IVideoDownloader videoDownloader = null)'. [C:\Users\richa\source\repos\VideoForensics\src\providers\ring\core\tests\VideoForensics.Providers.Ring.Core.Tests.csproj]
C:\Users\richa\source\repos\VideoForensics\src\providers\ring\core\tests\Mocks\RealSessionHelper.cs(52,58): warning CS8604: Possible null reference argument for parameter 'password' in 'Session.Session(string username, string password, HttpMessageHandler messageHandler = null, IVideoDownloader videoDownloader = null)'. [C:\Users\richa\source\repos\VideoForensics\src\providers\ring\core\tests\VideoForensics.Providers.Ring.Core.Tests.csproj]
C:\Users\richa\source\repos\VideoForensics\src\providers\ring\core\tests\SessionTests.cs(108,13): warning xUnit2009: Do not use Assert.True() to check for substrings. Use Assert.Contains instead. (https://xunit.net/xunit.analyzers/rules/xUnit2009) [C:\Users\richa\source\repos\VideoForensics\src\providers\ring\core\tests\VideoForensics.Providers.Ring.Core.Tests.csproj]
C:\Users\richa\source\repos\VideoForensics\src\providers\ring\core\tests\FailedDownloadTests.cs(107,13): warning xUnit2009: Do not use Assert.True() to check for substrings. Use Assert.Contains instead. (https://xunit.net/xunit.analyzers/rules/xUnit2009) [C:\Users\richa\source\repos\VideoForensics\src\providers\ring\core\tests\VideoForensics.Providers.Ring.Core.Tests.csproj]
C:\Users\richa\source\repos\VideoForensics\src\providers\ring\core\tests\FailedDownloadTests.cs(108,13): warning xUnit2009: Do not use Assert.True() to check for substrings. Use Assert.Contains instead. (https://xunit.net/xunit.analyzers/rules/xUnit2009) [C:\Users\richa\source\repos\VideoForensics\src\providers\ring\core\tests\VideoForensics.Providers.Ring.Core.Tests.csproj]
C:\Users\richa\source\repos\VideoForensics\src\providers\ring\core\tests\RawApiLoggingTests.cs(46,19): warning xUnit1051: Calls to methods which accept CancellationToken should use TestContext.Current.CancellationToken to allow test cancellation to be more responsive. (https://xunit.net/xunit.analyzers/rules/xUnit1051) [C:\Users\richa\source\repos\VideoForensics\src\providers\ring\core\tests\VideoForensics.Providers.Ring.Core.Tests.csproj]
C:\Users\richa\source\repos\VideoForensics\src\providers\ring\core\tests\RawApiLoggingTests.cs(64,19): warning xUnit1051: Calls to methods which accept CancellationToken should use TestContext.Current.CancellationToken to allow test cancellation to be more responsive. (https://xunit.net/xunit.analyzers/rules/xUnit1051) [C:\Users\richa\source\repos\VideoForensics\src\providers\ring\core\tests\VideoForensics.Providers.Ring.Core.Tests.csproj]
C:\Users\richa\source\repos\VideoForensics\src\providers\ring\core\tests\RingVideoServiceTests.cs(87,13): warning xUnit2013: Do not use Assert.Equal() to check for collection size. Use Assert.Single instead. (https://xunit.net/xunit.analyzers/rules/xUnit2013) [C:\Users\richa\source\repos\VideoForensics\src\providers\ring\core\tests\VideoForensics.Providers.Ring.Core.Tests.csproj]
C:\Users\richa\source\repos\VideoForensics\src\providers\ring\core\tests\RealIntegrationTests.cs(105,13): warning xUnit2009: Do not use Assert.True() to check for substrings. Use Assert.Contains instead. (https://xunit.net/xunit.analyzers/rules/xUnit2009) [C:\Users\richa\source\repos\VideoForensics\src\providers\ring\core\tests\VideoForensics.Providers.Ring.Core.Tests.csproj]
C:\Users\richa\source\repos\VideoForensics\src\providers\ring\core\tests\RealIntegrationTests.cs(106,13): warning xUnit2009: Do not use Assert.True() to check for substrings. Use Assert.Contains instead. (https://xunit.net/xunit.analyzers/rules/xUnit2009) [C:\Users\richa\source\repos\VideoForensics\src\providers\ring\core\tests\VideoForensics.Providers.Ring.Core.Tests.csproj]
C:\Users\richa\source\repos\VideoForensics\src\providers\ring\core\tests\AlarmAndLiveViewTests.cs(47,13): warning xUnit2009: Do not use Assert.True() to check for substrings. Use Assert.Contains instead. (https://xunit.net/xunit.analyzers/rules/xUnit2009) [C:\Users\richa\source\repos\VideoForensics\src\providers\ring\core\tests\VideoForensics.Providers.Ring.Core.Tests.csproj]
C:\Users\richa\source\repos\VideoForensics\src\providers\ring\core\tests\MockIntegrationTests.cs(580,19): warning xUnit1051: Calls to methods which accept CancellationToken should use TestContext.Current.CancellationToken to allow test cancellation to be more responsive. (https://xunit.net/xunit.analyzers/rules/xUnit1051) [C:\Users\richa\source\repos\VideoForensics\src\providers\ring\core\tests\VideoForensics.Providers.Ring.Core.Tests.csproj]
C:\Users\richa\source\repos\VideoForensics\src\providers\ring\core\tests\MockIntegrationTests.cs(599,19): warning xUnit1051: Calls to methods which accept CancellationToken should use TestContext.Current.CancellationToken to allow test cancellation to be more responsive. (https://xunit.net/xunit.analyzers/rules/xUnit1051) [C:\Users\richa\source\repos\VideoForensics\src\providers\ring\core\tests\VideoForensics.Providers.Ring.Core.Tests.csproj]
C:\Users\richa\source\repos\VideoForensics\src\providers\ring\core\tests\MockIntegrationTests.cs(545,19): warning xUnit1051: Calls to methods which accept CancellationToken should use TestContext.Current.CancellationToken to allow test cancellation to be more responsive. (https://xunit.net/xunit.analyzers/rules/xUnit1051) [C:\Users\richa\source\repos\VideoForensics\src\providers\ring\core\tests\VideoForensics.Providers.Ring.Core.Tests.csproj]
C:\Users\richa\source\repos\VideoForensics\src\providers\ring\core\tests\MockIntegrationTests.cs(616,19): warning xUnit1051: Calls to methods which accept CancellationToken should use TestContext.Current.CancellationToken to allow test cancellation to be more responsive. (https://xunit.net/xunit.analyzers/rules/xUnit1051) [C:\Users\richa\source\repos\VideoForensics\src\providers\ring\core\tests\VideoForensics.Providers.Ring.Core.Tests.csproj]
C:\Users\richa\source\repos\VideoForensics\src\providers\ring\core\tests\MockIntegrationTests.cs(634,23): warning xUnit1051: Calls to methods which accept CancellationToken should use TestContext.Current.CancellationToken to allow test cancellation to be more responsive. (https://xunit.net/xunit.analyzers/rules/xUnit1051) [C:\Users\richa\source\repos\VideoForensics\src\providers\ring\core\tests\VideoForensics.Providers.Ring.Core.Tests.csproj]
C:\Users\richa\source\repos\VideoForensics\src\providers\ring\core\tests\MockIntegrationTests.cs(641,23): warning xUnit1051: Calls to methods which accept CancellationToken should use TestContext.Current.CancellationToken to allow test cancellation to be more responsive. (https://xunit.net/xunit.analyzers/rules/xUnit1051) [C:\Users\richa\source\repos\VideoForensics\src\providers\ring\core\tests\VideoForensics.Providers.Ring.Core.Tests.csproj]
C:\Users\richa\source\repos\VideoForensics\src\providers\ring\core\tests\MockIntegrationTests.cs(648,23): warning xUnit1051: Calls to methods which accept CancellationToken should use TestContext.Current.CancellationToken to allow test cancellation to be more responsive. (https://xunit.net/xunit.analyzers/rules/xUnit1051) [C:\Users\richa\source\repos\VideoForensics\src\providers\ring\core\tests\VideoForensics.Providers.Ring.Core.Tests.csproj]
C:\Users\richa\source\repos\VideoForensics\src\providers\ring\core\tests\MockIntegrationTests.cs(563,19): warning xUnit1051: Calls to methods which accept CancellationToken should use TestContext.Current.CancellationToken to allow test cancellation to be more responsive. (https://xunit.net/xunit.analyzers/rules/xUnit1051) [C:\Users\richa\source\repos\VideoForensics\src\providers\ring\core\tests\VideoForensics.Providers.Ring.Core.Tests.csproj]
C:\Users\richa\source\repos\VideoForensics\src\providers\ring\core\tests\MockIntegrationTests.cs(69,13): warning xUnit2009: Do not use Assert.True() to check for substrings. Use Assert.Contains instead. (https://xunit.net/xunit.analyzers/rules/xUnit2009) [C:\Users\richa\source\repos\VideoForensics\src\providers\ring\core\tests\VideoForensics.Providers.Ring.Core.Tests.csproj]
C:\Users\richa\source\repos\VideoForensics\src\providers\ring\core\tests\MockIntegrationTests.cs(70,13): warning xUnit2009: Do not use Assert.True() to check for substrings. Use Assert.Contains instead. (https://xunit.net/xunit.analyzers/rules/xUnit2009) [C:\Users\richa\source\repos\VideoForensics\src\providers\ring\core\tests\VideoForensics.Providers.Ring.Core.Tests.csproj]
C:\Users\richa\source\repos\VideoForensics\src\providers\ring\core\tests\MockIntegrationTests.cs(663,19): warning xUnit1051: Calls to methods which accept CancellationToken should use TestContext.Current.CancellationToken to allow test cancellation to be more responsive. (https://xunit.net/xunit.analyzers/rules/xUnit1051) [C:\Users\richa\source\repos\VideoForensics\src\providers\ring\core\tests\VideoForensics.Providers.Ring.Core.Tests.csproj]
C:\Users\richa\source\repos\VideoForensics\src\providers\ring\core\tests\MockIntegrationTests.cs(677,19): warning xUnit1051: Calls to methods which accept CancellationToken should use TestContext.Current.CancellationToken to allow test cancellation to be more responsive. (https://xunit.net/xunit.analyzers/rules/xUnit1051) [C:\Users\richa\source\repos\VideoForensics\src\providers\ring\core\tests\VideoForensics.Providers.Ring.Core.Tests.csproj]
C:\Users\richa\source\repos\VideoForensics\src\providers\ring\core\tests\MockIntegrationTests.cs(791,19): warning xUnit1051: Calls to methods which accept CancellationToken should use TestContext.Current.CancellationToken to allow test cancellation to be more responsive. (https://xunit.net/xunit.analyzers/rules/xUnit1051) [C:\Users\richa\source\repos\VideoForensics\src\providers\ring\core\tests\VideoForensics.Providers.Ring.Core.Tests.csproj]
C:\Users\richa\source\repos\VideoForensics\src\providers\ring\core\tests\MockIntegrationTests.cs(814,13): warning xUnit2013: Do not use Assert.Equal() to check for collection size. Use Assert.Single instead. (https://xunit.net/xunit.analyzers/rules/xUnit2013) [C:\Users\richa\source\repos\VideoForensics\src\providers\ring\core\tests\VideoForensics.Providers.Ring.Core.Tests.csproj]
C:\Users\richa\source\repos\VideoForensics\src\providers\ring\core\tests\MockIntegrationTests.cs(816,13): warning xUnit2013: Do not use Assert.Equal() to check for collection size. Use Assert.Single instead. (https://xunit.net/xunit.analyzers/rules/xUnit2013) [C:\Users\richa\source\repos\VideoForensics\src\providers\ring\core\tests\VideoForensics.Providers.Ring.Core.Tests.csproj]
C:\Users\richa\source\repos\VideoForensics\src\providers\ring\core\tests\MockIntegrationTests.cs(834,13): warning xUnit2013: Do not use Assert.Equal() to check for collection size. Use Assert.Single instead. (https://xunit.net/xunit.analyzers/rules/xUnit2013) [C:\Users\richa\source\repos\VideoForensics\src\providers\ring\core\tests\VideoForensics.Providers.Ring.Core.Tests.csproj]
C:\Users\richa\source\repos\VideoForensics\src\providers\ring\core\tests\MockIntegrationTests.cs(917,32): warning xUnit1051: Calls to methods which accept CancellationToken should use TestContext.Current.CancellationToken to allow test cancellation to be more responsive. (https://xunit.net/xunit.analyzers/rules/xUnit1051) [C:\Users\richa\source\repos\VideoForensics\src\providers\ring\core\tests\VideoForensics.Providers.Ring.Core.Tests.csproj]
C:\Users\richa\source\repos\VideoForensics\src\providers\ring\core\tests\MockIntegrationTests.cs(934,32): warning xUnit1051: Calls to methods which accept CancellationToken should use TestContext.Current.CancellationToken to allow test cancellation to be more responsive. (https://xunit.net/xunit.analyzers/rules/xUnit1051) [C:\Users\richa\source\repos\VideoForensics\src\providers\ring\core\tests\VideoForensics.Providers.Ring.Core.Tests.csproj]
C:\Users\richa\source\repos\VideoForensics\src\providers\ring\core\tests\MockIntegrationTests.cs(691,19): warning xUnit1051: Calls to methods which accept CancellationToken should use TestContext.Current.CancellationToken to allow test cancellation to be more responsive. (https://xunit.net/xunit.analyzers/rules/xUnit1051) [C:\Users\richa\source\repos\VideoForensics\src\providers\ring\core\tests\VideoForensics.Providers.Ring.Core.Tests.csproj]
C:\Users\richa\source\repos\VideoForensics\src\providers\ring\core\tests\MockIntegrationTests.cs(949,19): warning xUnit1051: Calls to methods which accept CancellationToken should use TestContext.Current.CancellationToken to allow test cancellation to be more responsive. (https://xunit.net/xunit.analyzers/rules/xUnit1051) [C:\Users\richa\source\repos\VideoForensics\src\providers\ring\core\tests\VideoForensics.Providers.Ring.Core.Tests.csproj]
C:\Users\richa\source\repos\VideoForensics\src\providers\ring\core\tests\MockIntegrationTests.cs(719,19): warning xUnit1051: Calls to methods which accept CancellationToken should use TestContext.Current.CancellationToken to allow test cancellation to be more responsive. (https://xunit.net/xunit.analyzers/rules/xUnit1051) [C:\Users\richa\source\repos\VideoForensics\src\providers\ring\core\tests\VideoForensics.Providers.Ring.Core.Tests.csproj]
C:\Users\richa\source\repos\VideoForensics\src\providers\ring\core\tests\MockIntegrationTests.cs(963,19): warning xUnit1051: Calls to methods which accept CancellationToken should use TestContext.Current.CancellationToken to allow test cancellation to be more responsive. (https://xunit.net/xunit.analyzers/rules/xUnit1051) [C:\Users\richa\source\repos\VideoForensics\src\providers\ring\core\tests\VideoForensics.Providers.Ring.Core.Tests.csproj]
C:\Users\richa\source\repos\VideoForensics\src\providers\ring\core\tests\MockIntegrationTests.cs(977,19): warning xUnit1051: Calls to methods which accept CancellationToken should use TestContext.Current.CancellationToken to allow test cancellation to be more responsive. (https://xunit.net/xunit.analyzers/rules/xUnit1051) [C:\Users\richa\source\repos\VideoForensics\src\providers\ring\core\tests\VideoForensics.Providers.Ring.Core.Tests.csproj]
C:\Users\richa\source\repos\VideoForensics\src\providers\ring\core\tests\MockIntegrationTests.cs(991,19): warning xUnit1051: Calls to methods which accept CancellationToken should use TestContext.Current.CancellationToken to allow test cancellation to be more responsive. (https://xunit.net/xunit.analyzers/rules/xUnit1051) [C:\Users\richa\source\repos\VideoForensics\src\providers\ring\core\tests\VideoForensics.Providers.Ring.Core.Tests.csproj]
C:\Users\richa\source\repos\VideoForensics\src\providers\ring\core\tests\MockIntegrationTests.cs(1042,13): warning xUnit2013: Do not use Assert.Equal() to check for collection size. Use Assert.Single instead. (https://xunit.net/xunit.analyzers/rules/xUnit2013) [C:\Users\richa\source\repos\VideoForensics\src\providers\ring\core\tests\VideoForensics.Providers.Ring.Core.Tests.csproj]
C:\Users\richa\source\repos\VideoForensics\src\providers\ring\core\tests\MockIntegrationTests.cs(1037,13): warning xUnit2009: Do not use Assert.True() to check for substrings. Use Assert.Contains instead. (https://xunit.net/xunit.analyzers/rules/xUnit2009) [C:\Users\richa\source\repos\VideoForensics\src\providers\ring\core\tests\VideoForensics.Providers.Ring.Core.Tests.csproj]
C:\Users\richa\source\repos\VideoForensics\src\providers\ring\core\tests\MockIntegrationTests.cs(1033,33): warning xUnit1051: Calls to methods which accept CancellationToken should use TestContext.Current.CancellationToken to allow test cancellation to be more responsive. (https://xunit.net/xunit.analyzers/rules/xUnit1051) [C:\Users\richa\source\repos\VideoForensics\src\providers\ring\core\tests\VideoForensics.Providers.Ring.Core.Tests.csproj]
C:\Users\richa\source\repos\VideoForensics\src\providers\ring\core\tests\MockIntegrationTests.cs(776,13): warning xUnit2013: Do not use Assert.Equal() to check for collection size. Use Assert.Single instead. (https://xunit.net/xunit.analyzers/rules/xUnit2013) [C:\Users\richa\source\repos\VideoForensics\src\providers\ring\core\tests\VideoForensics.Providers.Ring.Core.Tests.csproj]
C:\Users\richa\source\repos\VideoForensics\src\providers\ring\core\tests\MockIntegrationTests.cs(773,32): warning xUnit1051: Calls to methods which accept CancellationToken should use TestContext.Current.CancellationToken to allow test cancellation to be more responsive. (https://xunit.net/xunit.analyzers/rules/xUnit1051) [C:\Users\richa\source\repos\VideoForensics\src\providers\ring\core\tests\VideoForensics.Providers.Ring.Core.Tests.csproj]
C:\Users\richa\source\repos\VideoForensics\src\providers\ring\core\tests\MockIntegrationTests.cs(1088,13): warning xUnit2013: Do not use Assert.Equal() to check for collection size. Use Assert.Single instead. (https://xunit.net/xunit.analyzers/rules/xUnit2013) [C:\Users\richa\source\repos\VideoForensics\src\providers\ring\core\tests\VideoForensics.Providers.Ring.Core.Tests.csproj]
C:\Users\richa\source\repos\VideoForensics\src\providers\ring\core\tests\MockIntegrationTests.cs(1113,13): warning xUnit2013: Do not use Assert.Equal() to check for collection size. Use Assert.Single instead. (https://xunit.net/xunit.analyzers/rules/xUnit2013) [C:\Users\richa\source\repos\VideoForensics\src\providers\ring\core\tests\VideoForensics.Providers.Ring.Core.Tests.csproj]
C:\Users\richa\source\repos\VideoForensics\src\providers\ring\core\tests\MockIntegrationTests.cs(1131,13): warning xUnit2009: Do not use Assert.True() to check for substrings. Use Assert.Contains instead. (https://xunit.net/xunit.analyzers/rules/xUnit2009) [C:\Users\richa\source\repos\VideoForensics\src\providers\ring\core\tests\VideoForensics.Providers.Ring.Core.Tests.csproj]
C:\Users\richa\source\repos\VideoForensics\src\providers\ring\core\tests\MockIntegrationTests.cs(1127,38): warning xUnit1051: Calls to methods which accept CancellationToken should use TestContext.Current.CancellationToken to allow test cancellation to be more responsive. (https://xunit.net/xunit.analyzers/rules/xUnit1051) [C:\Users\richa\source\repos\VideoForensics\src\providers\ring\core\tests\VideoForensics.Providers.Ring.Core.Tests.csproj]
C:\Users\richa\source\repos\VideoForensics\src\providers\ring\core\tests\MockIntegrationTests.cs(1146,13): warning xUnit2009: Do not use Assert.True() to check for substrings. Use Assert.Contains instead. (https://xunit.net/xunit.analyzers/rules/xUnit2009) [C:\Users\richa\source\repos\VideoForensics\src\providers\ring\core\tests\VideoForensics.Providers.Ring.Core.Tests.csproj]
C:\Users\richa\source\repos\VideoForensics\src\providers\ring\core\tests\MockIntegrationTests.cs(1142,38): warning xUnit1051: Calls to methods which accept CancellationToken should use TestContext.Current.CancellationToken to allow test cancellation to be more responsive. (https://xunit.net/xunit.analyzers/rules/xUnit1051) [C:\Users\richa\source\repos\VideoForensics\src\providers\ring\core\tests\VideoForensics.Providers.Ring.Core.Tests.csproj]
C:\Users\richa\source\repos\VideoForensics\src\providers\ring\core\tests\MockIntegrationTests.cs(1160,33): warning xUnit1051: Calls to methods which accept CancellationToken should use TestContext.Current.CancellationToken to allow test cancellation to be more responsive. (https://xunit.net/xunit.analyzers/rules/xUnit1051) [C:\Users\richa\source\repos\VideoForensics\src\providers\ring\core\tests\VideoForensics.Providers.Ring.Core.Tests.csproj]
C:\Users\richa\source\repos\VideoForensics\src\providers\ring\core\tests\MockIntegrationTests.cs(705,19): warning xUnit1051: Calls to methods which accept CancellationToken should use TestContext.Current.CancellationToken to allow test cancellation to be more responsive. (https://xunit.net/xunit.analyzers/rules/xUnit1051) [C:\Users\richa\source\repos\VideoForensics\src\providers\ring\core\tests\VideoForensics.Providers.Ring.Core.Tests.csproj]
C:\Users\richa\source\repos\VideoForensics\src\providers\ring\core\tests\MockIntegrationTests.cs(1010,34): warning xUnit1051: Calls to methods which accept CancellationToken should use TestContext.Current.CancellationToken to allow test cancellation to be more responsive. (https://xunit.net/xunit.analyzers/rules/xUnit1051) [C:\Users\richa\source\repos\VideoForensics\src\providers\ring\core\tests\VideoForensics.Providers.Ring.Core.Tests.csproj]
C:\Users\richa\source\repos\VideoForensics\src\providers\ring\core\tests\MockIntegrationTests.cs(1288,19): warning xUnit1051: Calls to methods which accept CancellationToken should use TestContext.Current.CancellationToken to allow test cancellation to be more responsive. (https://xunit.net/xunit.analyzers/rules/xUnit1051) [C:\Users\richa\source\repos\VideoForensics\src\providers\ring\core\tests\VideoForensics.Providers.Ring.Core.Tests.csproj]
C:\Users\richa\source\repos\VideoForensics\src\providers\ring\core\tests\MockIntegrationTests.cs(1272,32): warning xUnit1051: Calls to methods which accept CancellationToken should use TestContext.Current.CancellationToken to allow test cancellation to be more responsive. (https://xunit.net/xunit.analyzers/rules/xUnit1051) [C:\Users\richa\source\repos\VideoForensics\src\providers\ring\core\tests\VideoForensics.Providers.Ring.Core.Tests.csproj]
C:\Users\richa\source\repos\VideoForensics\src\providers\ring\core\tests\MockIntegrationTests.cs(1308,33): warning xUnit1051: Calls to methods which accept CancellationToken should use TestContext.Current.CancellationToken to allow test cancellation to be more responsive. (https://xunit.net/xunit.analyzers/rules/xUnit1051) [C:\Users\richa\source\repos\VideoForensics\src\providers\ring\core\tests\VideoForensics.Providers.Ring.Core.Tests.csproj]
C:\Users\richa\source\repos\VideoForensics\src\providers\ring\core\tests\MockIntegrationTests.cs(1369,13): warning xUnit2013: Do not use Assert.Equal() to check for collection size. Use Assert.Single instead. (https://xunit.net/xunit.analyzers/rules/xUnit2013) [C:\Users\richa\source\repos\VideoForensics\src\providers\ring\core\tests\VideoForensics.Providers.Ring.Core.Tests.csproj]
C:\Users\richa\source\repos\VideoForensics\src\providers\ring\core\tests\MockIntegrationTests.cs(1399,19): warning xUnit1051: Calls to methods which accept CancellationToken should use TestContext.Current.CancellationToken to allow test cancellation to be more responsive. (https://xunit.net/xunit.analyzers/rules/xUnit1051) [C:\Users\richa\source\repos\VideoForensics\src\providers\ring\core\tests\VideoForensics.Providers.Ring.Core.Tests.csproj]
C:\Users\richa\source\repos\VideoForensics\src\providers\ring\core\tests\MockIntegrationTests.cs(1487,13): warning xUnit2013: Do not use Assert.Equal() to check for collection size. Use Assert.Single instead. (https://xunit.net/xunit.analyzers/rules/xUnit2013) [C:\Users\richa\source\repos\VideoForensics\src\providers\ring\core\tests\VideoForensics.Providers.Ring.Core.Tests.csproj]
C:\Users\richa\source\repos\VideoForensics\src\providers\ring\core\tests\MockIntegrationTests.cs(1485,31): warning xUnit1051: Calls to methods which accept CancellationToken should use TestContext.Current.CancellationToken to allow test cancellation to be more responsive. (https://xunit.net/xunit.analyzers/rules/xUnit1051) [C:\Users\richa\source\repos\VideoForensics\src\providers\ring\core\tests\VideoForensics.Providers.Ring.Core.Tests.csproj]
C:\Users\richa\source\repos\VideoForensics\src\providers\ring\core\tests\MockIntegrationTests.cs(1533,33): warning xUnit1051: Calls to methods which accept CancellationToken should use TestContext.Current.CancellationToken to allow test cancellation to be more responsive. (https://xunit.net/xunit.analyzers/rules/xUnit1051) [C:\Users\richa\source\repos\VideoForensics\src\providers\ring\core\tests\VideoForensics.Providers.Ring.Core.Tests.csproj]
C:\Users\richa\source\repos\VideoForensics\src\providers\ring\core\tests\MockIntegrationTests.cs(1623,13): warning xUnit2013: Do not use Assert.Equal() to check for collection size. Use Assert.Single instead. (https://xunit.net/xunit.analyzers/rules/xUnit2013) [C:\Users\richa\source\repos\VideoForensics\src\providers\ring\core\tests\VideoForensics.Providers.Ring.Core.Tests.csproj]
C:\Users\richa\source\repos\VideoForensics\src\providers\ring\core\tests\MockIntegrationTests.cs(1517,32): warning xUnit1051: Calls to methods which accept CancellationToken should use TestContext.Current.CancellationToken to allow test cancellation to be more responsive. (https://xunit.net/xunit.analyzers/rules/xUnit1051) [C:\Users\richa\source\repos\VideoForensics\src\providers\ring\core\tests\VideoForensics.Providers.Ring.Core.Tests.csproj]
C:\Users\richa\source\repos\VideoForensics\src\providers\ring\core\tests\AlarmAndLiveViewTests.cs(201,34): warning xUnit1051: Calls to methods which accept CancellationToken should use TestContext.Current.CancellationToken to allow test cancellation to be more responsive. (https://xunit.net/xunit.analyzers/rules/xUnit1051) [C:\Users\richa\source\repos\VideoForensics\src\providers\ring\core\tests\VideoForensics.Providers.Ring.Core.Tests.csproj]
C:\Users\richa\source\repos\VideoForensics\src\providers\ring\core\tests\AlarmAndLiveViewTests.cs(230,23): warning xUnit1051: Calls to methods which accept CancellationToken should use TestContext.Current.CancellationToken to allow test cancellation to be more responsive. (https://xunit.net/xunit.analyzers/rules/xUnit1051) [C:\Users\richa\source\repos\VideoForensics\src\providers\ring\core\tests\VideoForensics.Providers.Ring.Core.Tests.csproj]
  VideoForensics.Providers.Ring.Core.Tests -> C:\Users\richa\source\repos\VideoForensics\src\providers\ring\core\tests\bin\Debug\net10.0\VideoForensics.Providers.Ring.Core.Tests.dll
  VideoForensics.Providers.Ring.Snapshots -> C:\Users\richa\source\repos\VideoForensics\src\providers\ring\snapshots\bin\Debug\net10.0\VideoForensics.Providers.Ring.Snapshots.dll
  VideoForensics.Providers.Ring.Utils.Tests -> C:\Users\richa\source\repos\VideoForensics\src\providers\ring\utils\tests\bin\Debug\net10.0\VideoForensics.Providers.Ring.Utils.Tests.dll
  VideoForensics.Providers.Ring -> C:\Users\richa\source\repos\VideoForensics\src\providers\ring\provider\bin\Debug\net10.0\VideoForensics.Ring.dll
  VideoForensics.Providers.Ring.SelfTester -> C:\Users\richa\source\repos\VideoForensics\src\selftest\bin\Debug\net10.0\VideoForensics.Providers.Ring.SelfTester.dll
C:\Users\richa\source\repos\VideoForensics\src\providers\ring\snapshots\metadata\SnapshotFrameExtractor.cs(162,50): warning CS8602: Dereference of a possibly null reference. [C:\Users\richa\source\repos\VideoForensics\src\providers\ring\snapshots\metadata\VideoForensics.Providers.Ring.Snapshots.Metadata.csproj]
  VideoForensics.Providers.Ring.Snapshots.Metadata -> C:\Users\richa\source\repos\VideoForensics\src\providers\ring\snapshots\metadata\bin\Debug\net10.0\VideoForensics.Providers.Ring.Snapshots.Metadata.dll
  VideoForensics.Client.Core -> C:\Users\richa\source\repos\VideoForensics\src\client\core\VideoForensics.Client.Core\bin\Debug\net10.0\VideoForensics.Client.Core.dll
  VideoForensics.Providers.Ring.Snapshots.Tests -> C:\Users\richa\source\repos\VideoForensics\src\providers\ring\snapshots\tests\bin\Debug\net10.0\VideoForensics.Providers.Ring.Snapshots.Tests.dll
C:\Users\richa\source\repos\VideoForensics\src\providers\ring\provider\tests\MediaFileNamerTests.cs(50,21): warning xUnit1012: Null should not be used for type parameter 'input' of type 'string'. Use a non-null value, or convert the parameter to a nullable type. (https://xunit.net/xunit.analyzers/rules/xUnit1012) [C:\Users\richa\source\repos\VideoForensics\src\providers\ring\provider\tests\VideoForensics.Providers.Ring.Tests.csproj]
C:\Users\richa\source\repos\VideoForensics\src\providers\ring\provider\tests\RingMediaDownloadServiceTests.cs(34,32): warning xUnit1051: Calls to methods which accept CancellationToken should use TestContext.Current.CancellationToken to allow test cancellation to be more responsive. (https://xunit.net/xunit.analyzers/rules/xUnit1051) [C:\Users\richa\source\repos\VideoForensics\src\providers\ring\provider\tests\VideoForensics.Providers.Ring.Tests.csproj]
C:\Users\richa\source\repos\VideoForensics\src\providers\ring\provider\tests\RingDeviceDiscoveryServiceTests.cs(25,32): warning xUnit1051: Calls to methods which accept CancellationToken should use TestContext.Current.CancellationToken to allow test cancellation to be more responsive. (https://xunit.net/xunit.analyzers/rules/xUnit1051) [C:\Users\richa\source\repos\VideoForensics\src\providers\ring\provider\tests\VideoForensics.Providers.Ring.Tests.csproj]
C:\Users\richa\source\repos\VideoForensics\src\providers\ring\provider\tests\RingMediaDownloadServiceTests.cs(57,32): warning xUnit1051: Calls to methods which accept CancellationToken should use TestContext.Current.CancellationToken to allow test cancellation to be more responsive. (https://xunit.net/xunit.analyzers/rules/xUnit1051) [C:\Users\richa\source\repos\VideoForensics\src\providers\ring\provider\tests\VideoForensics.Providers.Ring.Tests.csproj]
C:\Users\richa\source\repos\VideoForensics\src\providers\ring\provider\tests\RingDeviceDiscoveryServiceTests.cs(41,32): warning xUnit1051: Calls to methods which accept CancellationToken should use TestContext.Current.CancellationToken to allow test cancellation to be more responsive. (https://xunit.net/xunit.analyzers/rules/xUnit1051) [C:\Users\richa\source\repos\VideoForensics\src\providers\ring\provider\tests\VideoForensics.Providers.Ring.Tests.csproj]
C:\Users\richa\source\repos\VideoForensics\src\providers\ring\provider\tests\RingEventAndConfigServiceTests.cs(25,32): warning xUnit1051: Calls to methods which accept CancellationToken should use TestContext.Current.CancellationToken to allow test cancellation to be more responsive. (https://xunit.net/xunit.analyzers/rules/xUnit1051) [C:\Users\richa\source\repos\VideoForensics\src\providers\ring\provider\tests\VideoForensics.Providers.Ring.Tests.csproj]
C:\Users\richa\source\repos\VideoForensics\src\providers\ring\provider\tests\RingMediaDownloadServiceTests.cs(81,32): warning xUnit1051: Calls to methods which accept CancellationToken should use TestContext.Current.CancellationToken to allow test cancellation to be more responsive. (https://xunit.net/xunit.analyzers/rules/xUnit1051) [C:\Users\richa\source\repos\VideoForensics\src\providers\ring\provider\tests\VideoForensics.Providers.Ring.Tests.csproj]
C:\Users\richa\source\repos\VideoForensics\src\providers\ring\provider\tests\RingEventAndConfigServiceTests.cs(45,32): warning xUnit1051: Calls to methods which accept CancellationToken should use TestContext.Current.CancellationToken to allow test cancellation to be more responsive. (https://xunit.net/xunit.analyzers/rules/xUnit1051) [C:\Users\richa\source\repos\VideoForensics\src\providers\ring\provider\tests\VideoForensics.Providers.Ring.Tests.csproj]
C:\Users\richa\source\repos\VideoForensics\src\providers\ring\provider\tests\RingMediaDownloadServiceTests.cs(103,32): warning xUnit1051: Calls to methods which accept CancellationToken should use TestContext.Current.CancellationToken to allow test cancellation to be more responsive. (https://xunit.net/xunit.analyzers/rules/xUnit1051) [C:\Users\richa\source\repos\VideoForensics\src\providers\ring\provider\tests\VideoForensics.Providers.Ring.Tests.csproj]
C:\Users\richa\source\repos\VideoForensics\src\providers\ring\provider\tests\RingAuthServiceTests.cs(25,32): warning xUnit1051: Calls to methods which accept CancellationToken should use TestContext.Current.CancellationToken to allow test cancellation to be more responsive. (https://xunit.net/xunit.analyzers/rules/xUnit1051) [C:\Users\richa\source\repos\VideoForensics\src\providers\ring\provider\tests\VideoForensics.Providers.Ring.Tests.csproj]
C:\Users\richa\source\repos\VideoForensics\src\providers\ring\provider\tests\RingDeviceDiscoveryServiceTests.cs(59,32): warning xUnit1051: Calls to methods which accept CancellationToken should use TestContext.Current.CancellationToken to allow test cancellation to be more responsive. (https://xunit.net/xunit.analyzers/rules/xUnit1051) [C:\Users\richa\source\repos\VideoForensics\src\providers\ring\provider\tests\VideoForensics.Providers.Ring.Tests.csproj]
C:\Users\richa\source\repos\VideoForensics\src\providers\ring\provider\tests\RingEventAndConfigServiceTests.cs(65,32): warning xUnit1051: Calls to methods which accept CancellationToken should use TestContext.Current.CancellationToken to allow test cancellation to be more responsive. (https://xunit.net/xunit.analyzers/rules/xUnit1051) [C:\Users\richa\source\repos\VideoForensics\src\providers\ring\provider\tests\VideoForensics.Providers.Ring.Tests.csproj]
C:\Users\richa\source\repos\VideoForensics\src\providers\ring\provider\tests\RingAuthServiceTests.cs(43,19): warning xUnit1051: Calls to methods which accept CancellationToken should use TestContext.Current.CancellationToken to allow test cancellation to be more responsive. (https://xunit.net/xunit.analyzers/rules/xUnit1051) [C:\Users\richa\source\repos\VideoForensics\src\providers\ring\provider\tests\VideoForensics.Providers.Ring.Tests.csproj]
C:\Users\richa\source\repos\VideoForensics\src\providers\ring\provider\tests\RingEventAndConfigServiceTests.cs(87,32): warning xUnit1051: Calls to methods which accept CancellationToken should use TestContext.Current.CancellationToken to allow test cancellation to be more responsive. (https://xunit.net/xunit.analyzers/rules/xUnit1051) [C:\Users\richa\source\repos\VideoForensics\src\providers\ring\provider\tests\VideoForensics.Providers.Ring.Tests.csproj]
C:\Users\richa\source\repos\VideoForensics\src\providers\ring\provider\tests\RingMediaDownloadServiceTests.cs(156,32): warning xUnit1051: Calls to methods which accept CancellationToken should use TestContext.Current.CancellationToken to allow test cancellation to be more responsive. (https://xunit.net/xunit.analyzers/rules/xUnit1051) [C:\Users\richa\source\repos\VideoForensics\src\providers\ring\provider\tests\VideoForensics.Providers.Ring.Tests.csproj]
C:\Users\richa\source\repos\VideoForensics\src\providers\ring\provider\tests\RingEventAndConfigServiceTests.cs(102,32): warning xUnit1051: Calls to methods which accept CancellationToken should use TestContext.Current.CancellationToken to allow test cancellation to be more responsive. (https://xunit.net/xunit.analyzers/rules/xUnit1051) [C:\Users\richa\source\repos\VideoForensics\src\providers\ring\provider\tests\VideoForensics.Providers.Ring.Tests.csproj]
C:\Users\richa\source\repos\VideoForensics\src\providers\ring\provider\tests\RingAuthServiceTests.cs(62,32): warning xUnit1051: Calls to methods which accept CancellationToken should use TestContext.Current.CancellationToken to allow test cancellation to be more responsive. (https://xunit.net/xunit.analyzers/rules/xUnit1051) [C:\Users\richa\source\repos\VideoForensics\src\providers\ring\provider\tests\VideoForensics.Providers.Ring.Tests.csproj]
C:\Users\richa\source\repos\VideoForensics\src\providers\ring\provider\tests\RingAuthServiceTests.cs(78,32): warning xUnit1051: Calls to methods which accept CancellationToken should use TestContext.Current.CancellationToken to allow test cancellation to be more responsive. (https://xunit.net/xunit.analyzers/rules/xUnit1051) [C:\Users\richa\source\repos\VideoForensics\src\providers\ring\provider\tests\VideoForensics.Providers.Ring.Tests.csproj]
C:\Users\richa\source\repos\VideoForensics\src\providers\ring\provider\tests\RingEventAndConfigServiceTests.cs(117,32): warning xUnit1051: Calls to methods which accept CancellationToken should use TestContext.Current.CancellationToken to allow test cancellation to be more responsive. (https://xunit.net/xunit.analyzers/rules/xUnit1051) [C:\Users\richa\source\repos\VideoForensics\src\providers\ring\provider\tests\VideoForensics.Providers.Ring.Tests.csproj]
C:\Users\richa\source\repos\VideoForensics\src\providers\ring\provider\tests\RingEventAndConfigServiceTests.cs(143,32): warning xUnit1051: Calls to methods which accept CancellationToken should use TestContext.Current.CancellationToken to allow test cancellation to be more responsive. (https://xunit.net/xunit.analyzers/rules/xUnit1051) [C:\Users\richa\source\repos\VideoForensics\src\providers\ring\provider\tests\VideoForensics.Providers.Ring.Tests.csproj]
C:\Users\richa\source\repos\VideoForensics\src\providers\ring\provider\tests\RingEventAndConfigServiceTests.cs(164,32): warning xUnit1051: Calls to methods which accept CancellationToken should use TestContext.Current.CancellationToken to allow test cancellation to be more responsive. (https://xunit.net/xunit.analyzers/rules/xUnit1051) [C:\Users\richa\source\repos\VideoForensics\src\providers\ring\provider\tests\VideoForensics.Providers.Ring.Tests.csproj]
C:\Users\richa\source\repos\VideoForensics\src\providers\ring\provider\tests\RingDeviceDiscoveryServiceTests.cs(91,32): warning xUnit1051: Calls to methods which accept CancellationToken should use TestContext.Current.CancellationToken to allow test cancellation to be more responsive. (https://xunit.net/xunit.analyzers/rules/xUnit1051) [C:\Users\richa\source\repos\VideoForensics\src\providers\ring\provider\tests\VideoForensics.Providers.Ring.Tests.csproj]
C:\Users\richa\source\repos\VideoForensics\src\providers\ring\provider\tests\RingDeviceDiscoveryServiceTests.cs(75,32): warning xUnit1051: Calls to methods which accept CancellationToken should use TestContext.Current.CancellationToken to allow test cancellation to be more responsive. (https://xunit.net/xunit.analyzers/rules/xUnit1051) [C:\Users\richa\source\repos\VideoForensics\src\providers\ring\provider\tests\VideoForensics.Providers.Ring.Tests.csproj]
C:\Users\richa\source\repos\VideoForensics\src\providers\ring\provider\tests\RingDeviceDiscoveryServiceTests.cs(108,32): warning xUnit1051: Calls to methods which accept CancellationToken should use TestContext.Current.CancellationToken to allow test cancellation to be more responsive. (https://xunit.net/xunit.analyzers/rules/xUnit1051) [C:\Users\richa\source\repos\VideoForensics\src\providers\ring\provider\tests\VideoForensics.Providers.Ring.Tests.csproj]
C:\Users\richa\source\repos\VideoForensics\src\providers\ring\provider\tests\RingDeviceDiscoveryServiceTests.cs(123,32): warning xUnit1051: Calls to methods which accept CancellationToken should use TestContext.Current.CancellationToken to allow test cancellation to be more responsive. (https://xunit.net/xunit.analyzers/rules/xUnit1051) [C:\Users\richa\source\repos\VideoForensics\src\providers\ring\provider\tests\VideoForensics.Providers.Ring.Tests.csproj]
C:\Users\richa\source\repos\VideoForensics\src\providers\ring\provider\tests\RingAuthServiceTests.cs(95,32): warning xUnit1051: Calls to methods which accept CancellationToken should use TestContext.Current.CancellationToken to allow test cancellation to be more responsive. (https://xunit.net/xunit.analyzers/rules/xUnit1051) [C:\Users\richa\source\repos\VideoForensics\src\providers\ring\provider\tests\VideoForensics.Providers.Ring.Tests.csproj]
C:\Users\richa\source\repos\VideoForensics\src\providers\ring\provider\tests\RingIntegrationTests.cs(129,38): warning xUnit1051: Calls to methods which accept CancellationToken should use TestContext.Current.CancellationToken to allow test cancellation to be more responsive. (https://xunit.net/xunit.analyzers/rules/xUnit1051) [C:\Users\richa\source\repos\VideoForensics\src\providers\ring\provider\tests\VideoForensics.Providers.Ring.Tests.csproj]
C:\Users\richa\source\repos\VideoForensics\src\providers\ring\provider\tests\RingIntegrationTests.cs(133,45): warning xUnit1051: Calls to methods which accept CancellationToken should use TestContext.Current.CancellationToken to allow test cancellation to be more responsive. (https://xunit.net/xunit.analyzers/rules/xUnit1051) [C:\Users\richa\source\repos\VideoForensics\src\providers\ring\provider\tests\VideoForensics.Providers.Ring.Tests.csproj]
C:\Users\richa\source\repos\VideoForensics\src\providers\ring\provider\tests\RingIntegrationTests.cs(137,39): warning xUnit1051: Calls to methods which accept CancellationToken should use TestContext.Current.CancellationToken to allow test cancellation to be more responsive. (https://xunit.net/xunit.analyzers/rules/xUnit1051) [C:\Users\richa\source\repos\VideoForensics\src\providers\ring\provider\tests\VideoForensics.Providers.Ring.Tests.csproj]
C:\Users\richa\source\repos\VideoForensics\src\providers\ring\provider\tests\RingIntegrationTests.cs(149,41): warning xUnit1051: Calls to methods which accept CancellationToken should use TestContext.Current.CancellationToken to allow test cancellation to be more responsive. (https://xunit.net/xunit.analyzers/rules/xUnit1051) [C:\Users\richa\source\repos\VideoForensics\src\providers\ring\provider\tests\VideoForensics.Providers.Ring.Tests.csproj]
C:\Users\richa\source\repos\VideoForensics\src\providers\ring\provider\tests\RingIntegrationTests.cs(172,40): warning xUnit1051: Calls to methods which accept CancellationToken should use TestContext.Current.CancellationToken to allow test cancellation to be more responsive. (https://xunit.net/xunit.analyzers/rules/xUnit1051) [C:\Users\richa\source\repos\VideoForensics\src\providers\ring\provider\tests\VideoForensics.Providers.Ring.Tests.csproj]
C:\Users\richa\source\repos\VideoForensics\src\providers\ring\provider\tests\RingIntegrationTests.cs(222,38): warning xUnit1051: Calls to methods which accept CancellationToken should use TestContext.Current.CancellationToken to allow test cancellation to be more responsive. (https://xunit.net/xunit.analyzers/rules/xUnit1051) [C:\Users\richa\source\repos\VideoForensics\src\providers\ring\provider\tests\VideoForensics.Providers.Ring.Tests.csproj]
C:\Users\richa\source\repos\VideoForensics\src\providers\ring\provider\tests\RingIntegrationTests.cs(226,39): warning xUnit1051: Calls to methods which accept CancellationToken should use TestContext.Current.CancellationToken to allow test cancellation to be more responsive. (https://xunit.net/xunit.analyzers/rules/xUnit1051) [C:\Users\richa\source\repos\VideoForensics\src\providers\ring\provider\tests\VideoForensics.Providers.Ring.Tests.csproj]
C:\Users\richa\source\repos\VideoForensics\src\providers\ring\provider\tests\RingIntegrationTests.cs(232,41): warning xUnit1051: Calls to methods which accept CancellationToken should use TestContext.Current.CancellationToken to allow test cancellation to be more responsive. (https://xunit.net/xunit.analyzers/rules/xUnit1051) [C:\Users\richa\source\repos\VideoForensics\src\providers\ring\provider\tests\VideoForensics.Providers.Ring.Tests.csproj]
C:\Users\richa\source\repos\VideoForensics\src\providers\ring\provider\tests\RingIntegrationTests.cs(260,40): warning xUnit1051: Calls to methods which accept CancellationToken should use TestContext.Current.CancellationToken to allow test cancellation to be more responsive. (https://xunit.net/xunit.analyzers/rules/xUnit1051) [C:\Users\richa\source\repos\VideoForensics\src\providers\ring\provider\tests\VideoForensics.Providers.Ring.Tests.csproj]
C:\Users\richa\source\repos\VideoForensics\src\providers\ring\provider\tests\RingIntegrationTests.cs(313,38): warning xUnit1051: Calls to methods which accept CancellationToken should use TestContext.Current.CancellationToken to allow test cancellation to be more responsive. (https://xunit.net/xunit.analyzers/rules/xUnit1051) [C:\Users\richa\source\repos\VideoForensics\src\providers\ring\provider\tests\VideoForensics.Providers.Ring.Tests.csproj]
C:\Users\richa\source\repos\VideoForensics\src\providers\ring\provider\tests\RingIntegrationTests.cs(317,39): warning xUnit1051: Calls to methods which accept CancellationToken should use TestContext.Current.CancellationToken to allow test cancellation to be more responsive. (https://xunit.net/xunit.analyzers/rules/xUnit1051) [C:\Users\richa\source\repos\VideoForensics\src\providers\ring\provider\tests\VideoForensics.Providers.Ring.Tests.csproj]
C:\Users\richa\source\repos\VideoForensics\src\providers\ring\provider\tests\RingIntegrationTests.cs(323,41): warning xUnit1051: Calls to methods which accept CancellationToken should use TestContext.Current.CancellationToken to allow test cancellation to be more responsive. (https://xunit.net/xunit.analyzers/rules/xUnit1051) [C:\Users\richa\source\repos\VideoForensics\src\providers\ring\provider\tests\VideoForensics.Providers.Ring.Tests.csproj]
C:\Users\richa\source\repos\VideoForensics\src\providers\ring\provider\tests\RingIntegrationTests.cs(339,36): warning xUnit1051: Calls to methods which accept CancellationToken should use TestContext.Current.CancellationToken to allow test cancellation to be more responsive. (https://xunit.net/xunit.analyzers/rules/xUnit1051) [C:\Users\richa\source\repos\VideoForensics\src\providers\ring\provider\tests\VideoForensics.Providers.Ring.Tests.csproj]
C:\Users\richa\source\repos\VideoForensics\src\providers\ring\provider\tests\RingIntegrationTests.cs(432,34): warning xUnit1051: Calls to methods which accept CancellationToken should use TestContext.Current.CancellationToken to allow test cancellation to be more responsive. (https://xunit.net/xunit.analyzers/rules/xUnit1051) [C:\Users\richa\source\repos\VideoForensics\src\providers\ring\provider\tests\VideoForensics.Providers.Ring.Tests.csproj]
C:\Users\richa\source\repos\VideoForensics\src\providers\ring\provider\tests\RingIntegrationTests.cs(433,41): warning xUnit1051: Calls to methods which accept CancellationToken should use TestContext.Current.CancellationToken to allow test cancellation to be more responsive. (https://xunit.net/xunit.analyzers/rules/xUnit1051) [C:\Users\richa\source\repos\VideoForensics\src\providers\ring\provider\tests\VideoForensics.Providers.Ring.Tests.csproj]
C:\Users\richa\source\repos\VideoForensics\src\providers\ring\provider\tests\RingIntegrationTests.cs(454,19): warning xUnit1051: Calls to methods which accept CancellationToken should use TestContext.Current.CancellationToken to allow test cancellation to be more responsive. (https://xunit.net/xunit.analyzers/rules/xUnit1051) [C:\Users\richa\source\repos\VideoForensics\src\providers\ring\provider\tests\VideoForensics.Providers.Ring.Tests.csproj]
C:\Users\richa\source\repos\VideoForensics\src\providers\ring\provider\tests\RingIntegrationTests.cs(455,35): warning xUnit1051: Calls to methods which accept CancellationToken should use TestContext.Current.CancellationToken to allow test cancellation to be more responsive. (https://xunit.net/xunit.analyzers/rules/xUnit1051) [C:\Users\richa\source\repos\VideoForensics\src\providers\ring\provider\tests\VideoForensics.Providers.Ring.Tests.csproj]
C:\Users\richa\source\repos\VideoForensics\src\providers\ring\provider\tests\RingIntegrationTests.cs(462,37): warning xUnit1051: Calls to methods which accept CancellationToken should use TestContext.Current.CancellationToken to allow test cancellation to be more responsive. (https://xunit.net/xunit.analyzers/rules/xUnit1051) [C:\Users\richa\source\repos\VideoForensics\src\providers\ring\provider\tests\VideoForensics.Providers.Ring.Tests.csproj]
C:\Users\richa\source\repos\VideoForensics\src\providers\ring\provider\tests\RingIntegrationTests.cs(481,34): warning xUnit1051: Calls to methods which accept CancellationToken should use TestContext.Current.CancellationToken to allow test cancellation to be more responsive. (https://xunit.net/xunit.analyzers/rules/xUnit1051) [C:\Users\richa\source\repos\VideoForensics\src\providers\ring\provider\tests\VideoForensics.Providers.Ring.Tests.csproj]
C:\Users\richa\source\repos\VideoForensics\src\providers\ring\provider\tests\RingIntegrationTests.cs(591,38): warning xUnit1051: Calls to methods which accept CancellationToken should use TestContext.Current.CancellationToken to allow test cancellation to be more responsive. (https://xunit.net/xunit.analyzers/rules/xUnit1051) [C:\Users\richa\source\repos\VideoForensics\src\providers\ring\provider\tests\VideoForensics.Providers.Ring.Tests.csproj]
C:\Users\richa\source\repos\VideoForensics\src\providers\ring\provider\tests\RingIntegrationTests.cs(594,39): warning xUnit1051: Calls to methods which accept CancellationToken should use TestContext.Current.CancellationToken to allow test cancellation to be more responsive. (https://xunit.net/xunit.analyzers/rules/xUnit1051) [C:\Users\richa\source\repos\VideoForensics\src\providers\ring\provider\tests\VideoForensics.Providers.Ring.Tests.csproj]
C:\Users\richa\source\repos\VideoForensics\src\providers\ring\provider\tests\RingIntegrationTests.cs(606,41): warning xUnit1051: Calls to methods which accept CancellationToken should use TestContext.Current.CancellationToken to allow test cancellation to be more responsive. (https://xunit.net/xunit.analyzers/rules/xUnit1051) [C:\Users\richa\source\repos\VideoForensics\src\providers\ring\provider\tests\VideoForensics.Providers.Ring.Tests.csproj]
C:\Users\richa\source\repos\VideoForensics\src\providers\ring\provider\tests\RingIntegrationTests.cs(618,44): warning xUnit1051: Calls to methods which accept CancellationToken should use TestContext.Current.CancellationToken to allow test cancellation to be more responsive. (https://xunit.net/xunit.analyzers/rules/xUnit1051) [C:\Users\richa\source\repos\VideoForensics\src\providers\ring\provider\tests\VideoForensics.Providers.Ring.Tests.csproj]
  VideoForensics.Providers.Ring.Tests -> C:\Users\richa\source\repos\VideoForensics\src\providers\ring\provider\tests\bin\Debug\net10.0\VideoForensics.Providers.Ring.Tests.dll
C:\Users\richa\source\repos\VideoForensics\src\providers\ring\snapshots\metadata\tests\Fixtures\SnapshotEventBuilder.cs(110,32): warning CS8601: Possible null reference assignment. [C:\Users\richa\source\repos\VideoForensics\src\providers\ring\snapshots\metadata\tests\VideoForensics.Providers.Ring.Snapshots.Metadata.Tests.csproj]
C:\Users\richa\source\repos\VideoForensics\src\providers\ring\snapshots\metadata\tests\SnapshotMetadataExtractorTests.cs(495,37): warning CS8625: Cannot convert null literal to non-nullable reference type. [C:\Users\richa\source\repos\VideoForensics\src\providers\ring\snapshots\metadata\tests\VideoForensics.Providers.Ring.Snapshots.Metadata.Tests.csproj]
C:\Users\richa\source\repos\VideoForensics\src\providers\ring\snapshots\metadata\tests\ImageMetadataWriterTests.cs(302,13): warning xUnit2017: Do not use Assert.True() to check if a value exists in a collection. Use Assert.Contains instead. (https://xunit.net/xunit.analyzers/rules/xUnit2017) [C:\Users\richa\source\repos\VideoForensics\src\providers\ring\snapshots\metadata\tests\VideoForensics.Providers.Ring.Snapshots.Metadata.Tests.csproj]
C:\Users\richa\source\repos\VideoForensics\src\providers\ring\snapshots\metadata\tests\ImageMetadataWriterTests.cs(284,13): warning xUnit2017: Do not use Assert.True() to check if a value exists in a collection. Use Assert.Contains instead. (https://xunit.net/xunit.analyzers/rules/xUnit2017) [C:\Users\richa\source\repos\VideoForensics\src\providers\ring\snapshots\metadata\tests\VideoForensics.Providers.Ring.Snapshots.Metadata.Tests.csproj]
C:\Users\richa\source\repos\VideoForensics\src\providers\ring\snapshots\metadata\tests\SnapshotMetadataExtractorTests.cs(305,13): warning xUnit2012: Do not use Assert.True() to check if a value exists in a collection. Use Assert.Contains instead. (https://xunit.net/xunit.analyzers/rules/xUnit2012) [C:\Users\richa\source\repos\VideoForensics\src\providers\ring\snapshots\metadata\tests\VideoForensics.Providers.Ring.Snapshots.Metadata.Tests.csproj]
C:\Users\richa\source\repos\VideoForensics\src\providers\ring\snapshots\metadata\tests\SnapshotMetadataExtractorTests.cs(320,13): warning xUnit2017: Do not use Assert.True() to check if a value exists in a collection. Use Assert.Contains instead. (https://xunit.net/xunit.analyzers/rules/xUnit2017) [C:\Users\richa\source\repos\VideoForensics\src\providers\ring\snapshots\metadata\tests\VideoForensics.Providers.Ring.Snapshots.Metadata.Tests.csproj]
C:\Users\richa\source\repos\VideoForensics\src\providers\ring\snapshots\metadata\tests\SnapshotMetadataExtractorTests.cs(335,13): warning xUnit2017: Do not use Assert.True() to check if a value exists in a collection. Use Assert.Contains instead. (https://xunit.net/xunit.analyzers/rules/xUnit2017) [C:\Users\richa\source\repos\VideoForensics\src\providers\ring\snapshots\metadata\tests\VideoForensics.Providers.Ring.Snapshots.Metadata.Tests.csproj]
C:\Users\richa\source\repos\VideoForensics\src\providers\ring\snapshots\metadata\tests\SnapshotMetadataExtractorTests.cs(354,13): warning xUnit2009: Do not use Assert.True() to check for substrings. Use Assert.Contains instead. (https://xunit.net/xunit.analyzers/rules/xUnit2009) [C:\Users\richa\source\repos\VideoForensics\src\providers\ring\snapshots\metadata\tests\VideoForensics.Providers.Ring.Snapshots.Metadata.Tests.csproj]
C:\Users\richa\source\repos\VideoForensics\src\providers\ring\snapshots\metadata\tests\SnapshotMetadataExtractorTests.cs(355,13): warning xUnit2009: Do not use Assert.True() to check for substrings. Use Assert.Contains instead. (https://xunit.net/xunit.analyzers/rules/xUnit2009) [C:\Users\richa\source\repos\VideoForensics\src\providers\ring\snapshots\metadata\tests\VideoForensics.Providers.Ring.Snapshots.Metadata.Tests.csproj]
C:\Users\richa\source\repos\VideoForensics\src\providers\ring\snapshots\metadata\tests\SnapshotMetadataExtractorTests.cs(384,13): warning xUnit2009: Do not use Assert.True() to check for substrings. Use Assert.Contains instead. (https://xunit.net/xunit.analyzers/rules/xUnit2009) [C:\Users\richa\source\repos\VideoForensics\src\providers\ring\snapshots\metadata\tests\VideoForensics.Providers.Ring.Snapshots.Metadata.Tests.csproj]
C:\Users\richa\source\repos\VideoForensics\src\providers\ring\snapshots\metadata\tests\SnapshotMetadataExtractorTests.cs(370,13): warning xUnit2009: Do not use Assert.True() to check for substrings. Use Assert.Contains instead. (https://xunit.net/xunit.analyzers/rules/xUnit2009) [C:\Users\richa\source\repos\VideoForensics\src\providers\ring\snapshots\metadata\tests\VideoForensics.Providers.Ring.Snapshots.Metadata.Tests.csproj]
  VideoForensics.Providers.Ring.Snapshots.Metadata.Tests -> C:\Users\richa\source\repos\VideoForensics\src\providers\ring\snapshots\metadata\tests\bin\Debug\net10.0\VideoForensics.Providers.Ring.Snapshots.Metadata.Tests.dll

Build FAILED.

C:\Users\richa\source\repos\VideoForensics\src\core\helpers\core.helpers\core.forensics-tests\ChainOfCustodyLoggerTests.cs(17,17): warning CS0219: The variable 'evidenceId' is assigned but its value is never used [C:\Users\richa\source\repos\VideoForensics\src\core\helpers\core.helpers\core.forensics-tests\VideoForensics.Forensics.Tests.csproj]
C:\Users\richa\source\repos\VideoForensics\src\core\helpers\core.helpers\core.forensics-tests\ChainOfCustodyLoggerTests.cs(18,17): warning CS0219: The variable 'handler' is assigned but its value is never used [C:\Users\richa\source\repos\VideoForensics\src\core\helpers\core.helpers\core.forensics-tests\VideoForensics.Forensics.Tests.csproj]
C:\Users\richa\source\repos\VideoForensics\src\core\helpers\core.helpers\core.forensics-tests\ChainOfCustodyLoggerTests.cs(34,17): warning CS0219: The variable 'evidenceId' is assigned but its value is never used [C:\Users\richa\source\repos\VideoForensics\src\core\helpers\core.helpers\core.forensics-tests\VideoForensics.Forensics.Tests.csproj]
C:\Users\richa\source\repos\VideoForensics\src\core\helpers\core.helpers\core.forensics-tests\ChainOfCustodyLoggerTests.cs(35,17): warning CS0219: The variable 'fromHandler' is assigned but its value is never used [C:\Users\richa\source\repos\VideoForensics\src\core\helpers\core.helpers\core.forensics-tests\VideoForensics.Forensics.Tests.csproj]
C:\Users\richa\source\repos\VideoForensics\src\core\helpers\core.helpers\core.forensics-tests\ChainOfCustodyLoggerTests.cs(36,17): warning CS0219: The variable 'toHandler' is assigned but its value is never used [C:\Users\richa\source\repos\VideoForensics\src\core\helpers\core.helpers\core.forensics-tests\VideoForensics.Forensics.Tests.csproj]
C:\Users\richa\source\repos\VideoForensics\src\core\helpers\core.helpers\core.forensics-tests\ChainOfCustodyLoggerTests.cs(51,17): warning CS0219: The variable 'evidenceId' is assigned but its value is never used [C:\Users\richa\source\repos\VideoForensics\src\core\helpers\core.helpers\core.forensics-tests\VideoForensics.Forensics.Tests.csproj]
C:\Users\richa\source\repos\VideoForensics\src\core\helpers\core.helpers\core.forensics-tests\ChainOfCustodyLoggerTests.cs(64,17): warning CS0219: The variable 'evidenceId' is assigned but its value is never used [C:\Users\richa\source\repos\VideoForensics\src\core\helpers\core.helpers\core.forensics-tests\VideoForensics.Forensics.Tests.csproj]
C:\Users\richa\source\repos\VideoForensics\src\core\helpers\core.helpers\core.forensics-tests\ChainOfCustodyLoggerTests.cs(5,39): warning CS0414: The field 'ChainOfCustodyLoggerTests._logger' is assigned but its value is never used [C:\Users\richa\source\repos\VideoForensics\src\core\helpers\core.helpers\core.forensics-tests\VideoForensics.Forensics.Tests.csproj]
C:\Users\richa\source\repos\VideoForensics\src\core\helpers\core.helpers\core.forensics-tests\ForensicAnalyzerTests.cs(5,35): warning CS0414: The field 'ForensicAnalyzerTests._analyzer' is assigned but its value is never used [C:\Users\richa\source\repos\VideoForensics\src\core\helpers\core.helpers\core.forensics-tests\VideoForensics.Forensics.Tests.csproj]
C:\Users\richa\source\repos\VideoForensics\src\core\helpers\core.helpers\core.forensics-tests\EvidenceValidatorTests.cs(5,36): warning CS0414: The field 'EvidenceValidatorTests._validator' is assigned but its value is never used [C:\Users\richa\source\repos\VideoForensics\src\core\helpers\core.helpers\core.forensics-tests\VideoForensics.Forensics.Tests.csproj]
C:\Users\richa\source\repos\VideoForensics\src\providers\ring\video\tests\VideoDownloaderTests.cs(31,19): warning xUnit1051: Calls to methods which accept CancellationToken should use TestContext.Current.CancellationToken to allow test cancellation to be more responsive. (https://xunit.net/xunit.analyzers/rules/xUnit1051) [C:\Users\richa\source\repos\VideoForensics\src\providers\ring\video\tests\VideoForensics.Providers.Ring.Video.Tests.csproj]
C:\Users\richa\source\repos\VideoForensics\src\providers\ring\video\tests\VideoDownloaderTests.cs(66,46): warning xUnit1051: Calls to methods which accept CancellationToken should use TestContext.Current.CancellationToken to allow test cancellation to be more responsive. (https://xunit.net/xunit.analyzers/rules/xUnit1051) [C:\Users\richa\source\repos\VideoForensics\src\providers\ring\video\tests\VideoForensics.Providers.Ring.Video.Tests.csproj]
C:\Users\richa\source\repos\VideoForensics\src\providers\ring\video\tests\VideoDownloaderTests.cs(124,42): warning xUnit1051: Calls to methods which accept CancellationToken should use TestContext.Current.CancellationToken to allow test cancellation to be more responsive. (https://xunit.net/xunit.analyzers/rules/xUnit1051) [C:\Users\richa\source\repos\VideoForensics\src\providers\ring\video\tests\VideoForensics.Providers.Ring.Video.Tests.csproj]
C:\Users\richa\source\repos\VideoForensics\src\providers\ring\common\Entities\Zone.cs(8,23): warning CS8618: Non-nullable property 'Name' must contain a non-null value when exiting constructor. Consider adding the 'required' modifier or declaring the property as nullable. [C:\Users\richa\source\repos\VideoForensics\src\providers\ring\common\VideoForensics.Providers.Ring.Common.csproj]
C:\Users\richa\source\repos\VideoForensics\src\providers\ring\common\Entities\Zone.cs(14,23): warning CS8618: Non-nullable property 'Vertex1' must contain a non-null value when exiting constructor. Consider adding the 'required' modifier or declaring the property as nullable. [C:\Users\richa\source\repos\VideoForensics\src\providers\ring\common\VideoForensics.Providers.Ring.Common.csproj]
C:\Users\richa\source\repos\VideoForensics\src\providers\ring\common\Entities\Zone.cs(17,23): warning CS8618: Non-nullable property 'Vertex2' must contain a non-null value when exiting constructor. Consider adding the 'required' modifier or declaring the property as nullable. [C:\Users\richa\source\repos\VideoForensics\src\providers\ring\common\VideoForensics.Providers.Ring.Common.csproj]
C:\Users\richa\source\repos\VideoForensics\src\providers\ring\common\Entities\Zone.cs(20,23): warning CS8618: Non-nullable property 'Vertex3' must contain a non-null value when exiting constructor. Consider adding the 'required' modifier or declaring the property as nullable. [C:\Users\richa\source\repos\VideoForensics\src\providers\ring\common\VideoForensics.Providers.Ring.Common.csproj]
C:\Users\richa\source\repos\VideoForensics\src\providers\ring\common\Entities\Zone.cs(23,23): warning CS8618: Non-nullable property 'Vertex4' must contain a non-null value when exiting constructor. Consider adding the 'required' modifier or declaring the property as nullable. [C:\Users\richa\source\repos\VideoForensics\src\providers\ring\common\VideoForensics.Providers.Ring.Common.csproj]
C:\Users\richa\source\repos\VideoForensics\src\providers\ring\common\Entities\Zone.cs(26,23): warning CS8618: Non-nullable property 'Vertex5' must contain a non-null value when exiting constructor. Consider adding the 'required' modifier or declaring the property as nullable. [C:\Users\richa\source\repos\VideoForensics\src\providers\ring\common\VideoForensics.Providers.Ring.Common.csproj]
C:\Users\richa\source\repos\VideoForensics\src\providers\ring\common\Entities\Zone.cs(29,23): warning CS8618: Non-nullable property 'Vertex6' must contain a non-null value when exiting constructor. Consider adding the 'required' modifier or declaring the property as nullable. [C:\Users\richa\source\repos\VideoForensics\src\providers\ring\common\VideoForensics.Providers.Ring.Common.csproj]
C:\Users\richa\source\repos\VideoForensics\src\providers\ring\common\Entities\Zone.cs(32,23): warning CS8618: Non-nullable property 'Vertex7' must contain a non-null value when exiting constructor. Consider adding the 'required' modifier or declaring the property as nullable. [C:\Users\richa\source\repos\VideoForensics\src\providers\ring\common\VideoForensics.Providers.Ring.Common.csproj]
C:\Users\richa\source\repos\VideoForensics\src\providers\ring\common\Entities\Zone.cs(35,23): warning CS8618: Non-nullable property 'Vertex8' must contain a non-null value when exiting constructor. Consider adding the 'required' modifier or declaring the property as nullable. [C:\Users\richa\source\repos\VideoForensics\src\providers\ring\common\VideoForensics.Providers.Ring.Common.csproj]
C:\Users\richa\source\repos\VideoForensics\src\providers\ring\common\Entities\AdvancedMotionZones.cs(8,21): warning CS8618: Non-nullable property 'Zone1' must contain a non-null value when exiting constructor. Consider adding the 'required' modifier or declaring the property as nullable. [C:\Users\richa\source\repos\VideoForensics\src\providers\ring\common\VideoForensics.Providers.Ring.Common.csproj]
C:\Users\richa\source\repos\VideoForensics\src\providers\ring\common\Entities\AdvancedMotionZones.cs(11,21): warning CS8618: Non-nullable property 'Zone2' must contain a non-null value when exiting constructor. Consider adding the 'required' modifier or declaring the property as nullable. [C:\Users\richa\source\repos\VideoForensics\src\providers\ring\common\VideoForensics.Providers.Ring.Common.csproj]
C:\Users\richa\source\repos\VideoForensics\src\providers\ring\common\Entities\AdvancedMotionZones.cs(14,21): warning CS8618: Non-nullable property 'Zone3' must contain a non-null value when exiting constructor. Consider adding the 'required' modifier or declaring the property as nullable. [C:\Users\richa\source\repos\VideoForensics\src\providers\ring\common\VideoForensics.Providers.Ring.Common.csproj]
C:\Users\richa\source\repos\VideoForensics\src\providers\ring\common\Entities\ChimeAlerts.cs(8,23): warning CS8618: Non-nullable property 'Connection' must contain a non-null value when exiting constructor. Consider adding the 'required' modifier or declaring the property as nullable. [C:\Users\richa\source\repos\VideoForensics\src\providers\ring\common\VideoForensics.Providers.Ring.Common.csproj]
C:\Users\richa\source\repos\VideoForensics\src\providers\ring\common\Entities\ChimeSettings.cs(11,23): warning CS8618: Non-nullable property 'DingAudioUserId' must contain a non-null value when exiting constructor. Consider adding the 'required' modifier or declaring the property as nullable. [C:\Users\richa\source\repos\VideoForensics\src\providers\ring\common\VideoForensics.Providers.Ring.Common.csproj]
C:\Users\richa\source\repos\VideoForensics\src\providers\ring\common\Entities\ChimeSettings.cs(14,23): warning CS8618: Non-nullable property 'DingAudioId' must contain a non-null value when exiting constructor. Consider adding the 'required' modifier or declaring the property as nullable. [C:\Users\richa\source\repos\VideoForensics\src\providers\ring\common\VideoForensics.Providers.Ring.Common.csproj]
C:\Users\richa\source\repos\VideoForensics\src\providers\ring\common\Entities\ChimeSettings.cs(17,23): warning CS8618: Non-nullable property 'MotionAudioUserId' must contain a non-null value when exiting constructor. Consider adding the 'required' modifier or declaring the property as nullable. [C:\Users\richa\source\repos\VideoForensics\src\providers\ring\common\VideoForensics.Providers.Ring.Common.csproj]
C:\Users\richa\source\repos\VideoForensics\src\providers\ring\common\Entities\ChimeSettings.cs(20,23): warning CS8618: Non-nullable property 'MotionAudioId' must contain a non-null value when exiting constructor. Consider adding the 'required' modifier or declaring the property as nullable. [C:\Users\richa\source\repos\VideoForensics\src\providers\ring\common\VideoForensics.Providers.Ring.Common.csproj]
C:\Users\richa\source\repos\VideoForensics\src\providers\ring\common\Entities\ClapSignalingTicketResponse.cs(13,23): warning CS8618: Non-nullable property 'Ticket' must contain a non-null value when exiting constructor. Consider adding the 'required' modifier or declaring the property as nullable. [C:\Users\richa\source\repos\VideoForensics\src\providers\ring\common\VideoForensics.Providers.Ring.Common.csproj]
C:\Users\richa\source\repos\VideoForensics\src\providers\ring\common\Entities\AlarmDevice.cs(17,23): warning CS8618: Non-nullable property 'Zid' must contain a non-null value when exiting constructor. Consider adding the 'required' modifier or declaring the property as nullable. [C:\Users\richa\source\repos\VideoForensics\src\providers\ring\common\VideoForensics.Providers.Ring.Common.csproj]
C:\Users\richa\source\repos\VideoForensics\src\providers\ring\common\Entities\AlarmDevice.cs(20,23): warning CS8618: Non-nullable property 'DeviceType' must contain a non-null value when exiting constructor. Consider adding the 'required' modifier or declaring the property as nullable. [C:\Users\richa\source\repos\VideoForensics\src\providers\ring\common\VideoForensics.Providers.Ring.Common.csproj]
C:\Users\richa\source\repos\VideoForensics\src\providers\ring\common\Entities\AlarmDevice.cs(23,23): warning CS8618: Non-nullable property 'Name' must contain a non-null value when exiting constructor. Consider adding the 'required' modifier or declaring the property as nullable. [C:\Users\richa\source\repos\VideoForensics\src\providers\ring\common\VideoForensics.Providers.Ring.Common.csproj]
C:\Users\richa\source\repos\VideoForensics\src\providers\ring\common\Entities\AlarmDevice.cs(30,23): warning CS8618: Non-nullable property 'Mode' must contain a non-null value when exiting constructor. Consider adding the 'required' modifier or declaring the property as nullable. [C:\Users\richa\source\repos\VideoForensics\src\providers\ring\common\VideoForensics.Providers.Ring.Common.csproj]
C:\Users\richa\source\repos\VideoForensics\src\providers\ring\common\Entities\ClapTicketResponse.cs(15,29): warning CS8618: Non-nullable property 'Assets' must contain a non-null value when exiting constructor. Consider adding the 'required' modifier or declaring the property as nullable. [C:\Users\richa\source\repos\VideoForensics\src\providers\ring\common\VideoForensics.Providers.Ring.Common.csproj]
C:\Users\richa\source\repos\VideoForensics\src\providers\ring\common\Entities\ClapTicketResponse.cs(18,23): warning CS8618: Non-nullable property 'Ticket' must contain a non-null value when exiting constructor. Consider adding the 'required' modifier or declaring the property as nullable. [C:\Users\richa\source\repos\VideoForensics\src\providers\ring\common\VideoForensics.Providers.Ring.Common.csproj]
C:\Users\richa\source\repos\VideoForensics\src\providers\ring\common\Entities\ClapTicketResponse.cs(21,23): warning CS8618: Non-nullable property 'Host' must contain a non-null value when exiting constructor. Consider adding the 'required' modifier or declaring the property as nullable. [C:\Users\richa\source\repos\VideoForensics\src\providers\ring\common\VideoForensics.Providers.Ring.Common.csproj]
C:\Users\richa\source\repos\VideoForensics\src\providers\ring\common\Entities\VideoSearchResponse.cs(276,23): warning CS8618: Non-nullable property 'SubscriptionId' must contain a non-null value when exiting constructor. Consider adding the 'required' modifier or declaring the property as nullable. [C:\Users\richa\source\repos\VideoForensics\src\providers\ring\common\VideoForensics.Providers.Ring.Common.csproj]
C:\Users\richa\source\repos\VideoForensics\src\providers\ring\common\Entities\VideoSearchResponse.cs(280,23): warning CS8618: Non-nullable property 'SubscriptionType' must contain a non-null value when exiting constructor. Consider adding the 'required' modifier or declaring the property as nullable. [C:\Users\richa\source\repos\VideoForensics\src\providers\ring\common\VideoForensics.Providers.Ring.Common.csproj]
C:\Users\richa\source\repos\VideoForensics\src\providers\ring\common\Entities\VideoSearchResponse.cs(266,23): warning CS8618: Non-nullable property 'Source' must contain a non-null value when exiting constructor. Consider adding the 'required' modifier or declaring the property as nullable. [C:\Users\richa\source\repos\VideoForensics\src\providers\ring\common\VideoForensics.Providers.Ring.Common.csproj]
C:\Users\richa\source\repos\VideoForensics\src\providers\ring\common\Entities\CvProperties.cs(15,23): warning CS8618: Non-nullable property 'DetectionType' must contain a non-null value when exiting constructor. Consider adding the 'required' modifier or declaring the property as nullable. [C:\Users\richa\source\repos\VideoForensics\src\providers\ring\common\VideoForensics.Providers.Ring.Common.csproj]
C:\Users\richa\source\repos\VideoForensics\src\providers\ring\common\Entities\CvProperties.cs(18,27): warning CS8618: Non-nullable property 'VerifiedTimestamps' must contain a non-null value when exiting constructor. Consider adding the 'required' modifier or declaring the property as nullable. [C:\Users\richa\source\repos\VideoForensics\src\providers\ring\common\VideoForensics.Providers.Ring.Common.csproj]
C:\Users\richa\source\repos\VideoForensics\src\providers\ring\common\Entities\AdvancedObjectSettings.cs(9,41): warning CS8618: Non-nullable property 'HumanDetectionConfidence' must contain a non-null value when exiting constructor. Consider adding the 'required' modifier or declaring the property as nullable. [C:\Users\richa\source\repos\VideoForensics\src\providers\ring\common\VideoForensics.Providers.Ring.Common.csproj]
C:\Users\richa\source\repos\VideoForensics\src\providers\ring\common\Entities\AdvancedObjectSettings.cs(13,41): warning CS8618: Non-nullable property 'MotionZoneOverlap' must contain a non-null value when exiting constructor. Consider adding the 'required' modifier or declaring the property as nullable. [C:\Users\richa\source\repos\VideoForensics\src\providers\ring\common\VideoForensics.Providers.Ring.Common.csproj]
C:\Users\richa\source\repos\VideoForensics\src\providers\ring\common\Entities\AdvancedObjectSettings.cs(17,41): warning CS8618: Non-nullable property 'ObjectTimeOverlap' must contain a non-null value when exiting constructor. Consider adding the 'required' modifier or declaring the property as nullable. [C:\Users\richa\source\repos\VideoForensics\src\providers\ring\common\VideoForensics.Providers.Ring.Common.csproj]
C:\Users\richa\source\repos\VideoForensics\src\providers\ring\common\Entities\AdvancedObjectSettings.cs(21,41): warning CS8618: Non-nullable property 'ObjectSizeMinimum' must contain a non-null value when exiting constructor. Consider adding the 'required' modifier or declaring the property as nullable. [C:\Users\richa\source\repos\VideoForensics\src\providers\ring\common\VideoForensics.Providers.Ring.Common.csproj]
C:\Users\richa\source\repos\VideoForensics\src\providers\ring\common\Entities\AdvancedObjectSettings.cs(25,41): warning CS8618: Non-nullable property 'ObjectSizeMaximum' must contain a non-null value when exiting constructor. Consider adding the 'required' modifier or declaring the property as nullable. [C:\Users\richa\source\repos\VideoForensics\src\providers\ring\common\VideoForensics.Providers.Ring.Common.csproj]
C:\Users\richa\source\repos\VideoForensics\src\providers\ring\common\Entities\CvProperties.cs(116,23): warning CS8618: Non-nullable property 'Severity' must contain a non-null value when exiting constructor. Consider adding the 'required' modifier or declaring the property as nullable. [C:\Users\richa\source\repos\VideoForensics\src\providers\ring\common\VideoForensics.Providers.Ring.Common.csproj]
C:\Users\richa\source\repos\VideoForensics\src\providers\ring\common\Entities\CvProperties.cs(119,29): warning CS8618: Non-nullable property 'Alerts' must contain a non-null value when exiting constructor. Consider adding the 'required' modifier or declaring the property as nullable. [C:\Users\richa\source\repos\VideoForensics\src\providers\ring\common\VideoForensics.Providers.Ring.Common.csproj]
C:\Users\richa\source\repos\VideoForensics\src\providers\ring\common\Entities\CvProperties.cs(128,23): warning CS8618: Non-nullable property 'Id' must contain a non-null value when exiting constructor. Consider adding the 'required' modifier or declaring the property as nullable. [C:\Users\richa\source\repos\VideoForensics\src\providers\ring\common\VideoForensics.Providers.Ring.Common.csproj]
C:\Users\richa\source\repos\VideoForensics\src\providers\ring\common\Entities\CvProperties.cs(131,23): warning CS8618: Non-nullable property 'Name' must contain a non-null value when exiting constructor. Consider adding the 'required' modifier or declaring the property as nullable. [C:\Users\richa\source\repos\VideoForensics\src\providers\ring\common\VideoForensics.Providers.Ring.Common.csproj]
C:\Users\richa\source\repos\VideoForensics\src\providers\ring\common\Entities\CvProperties.cs(137,23): warning CS8618: Non-nullable property 'ThumbnailUrl' must contain a non-null value when exiting constructor. Consider adding the 'required' modifier or declaring the property as nullable. [C:\Users\richa\source\repos\VideoForensics\src\providers\ring\common\VideoForensics.Providers.Ring.Common.csproj]
C:\Users\richa\source\repos\VideoForensics\src\providers\ring\common\Entities\CvProperties.cs(44,23): warning CS8618: Non-nullable property 'DetectionType' must contain a non-null value when exiting constructor. Consider adding the 'required' modifier or declaring the property as nullable. [C:\Users\richa\source\repos\VideoForensics\src\providers\ring\common\VideoForensics.Providers.Ring.Common.csproj]
C:\Users\richa\source\repos\VideoForensics\src\providers\ring\common\Entities\CvProperties.cs(51,38): warning CS8618: Non-nullable property 'DetectionTypes' must contain a non-null value when exiting constructor. Consider adding the 'required' modifier or declaring the property as nullable. [C:\Users\richa\source\repos\VideoForensics\src\providers\ring\common\VideoForensics.Providers.Ring.Common.csproj]
C:\Users\richa\source\repos\VideoForensics\src\providers\ring\common\Entities\CvProperties.cs(58,33): warning CS8618: Non-nullable property 'SecurityAlerts' must contain a non-null value when exiting constructor. Consider adding the 'required' modifier or declaring the property as nullable. [C:\Users\richa\source\repos\VideoForensics\src\providers\ring\common\VideoForensics.Providers.Ring.Common.csproj]
C:\Users\richa\source\repos\VideoForensics\src\providers\ring\common\Entities\CvProperties.cs(65,32): warning CS8618: Non-nullable property 'Profiles' must contain a non-null value when exiting constructor. Consider adding the 'required' modifier or declaring the property as nullable. [C:\Users\richa\source\repos\VideoForensics\src\providers\ring\common\VideoForensics.Providers.Ring.Common.csproj]
C:\Users\richa\source\repos\VideoForensics\src\providers\ring\common\Entities\CvProperties.cs(72,23): warning CS8618: Non-nullable property 'FullDescription' must contain a non-null value when exiting constructor. Consider adding the 'required' modifier or declaring the property as nullable. [C:\Users\richa\source\repos\VideoForensics\src\providers\ring\common\VideoForensics.Providers.Ring.Common.csproj]
C:\Users\richa\source\repos\VideoForensics\src\providers\ring\common\Entities\CvProperties.cs(79,23): warning CS8618: Non-nullable property 'ShortDescription' must contain a non-null value when exiting constructor. Consider adding the 'required' modifier or declaring the property as nullable. [C:\Users\richa\source\repos\VideoForensics\src\providers\ring\common\VideoForensics.Providers.Ring.Common.csproj]
C:\Users\richa\source\repos\VideoForensics\src\providers\ring\common\Entities\CvProperties.cs(100,35): warning CS8618: Non-nullable property 'DetectionDetails' must contain a non-null value when exiting constructor. Consider adding the 'required' modifier or declaring the property as nullable. [C:\Users\richa\source\repos\VideoForensics\src\providers\ring\common\VideoForensics.Providers.Ring.Common.csproj]
C:\Users\richa\source\repos\VideoForensics\src\providers\ring\common\Entities\CvProperties.cs(107,29): warning CS8618: Non-nullable property 'Tags' must contain a non-null value when exiting constructor. Consider adding the 'required' modifier or declaring the property as nullable. [C:\Users\richa\source\repos\VideoForensics\src\providers\ring\common\VideoForensics.Providers.Ring.Common.csproj]
C:\Users\richa\source\repos\VideoForensics\src\providers\ring\common\Entities\CvProperties.cs(146,29): warning CS8618: Non-nullable property 'Zones' must contain a non-null value when exiting constructor. Consider adding the 'required' modifier or declaring the property as nullable. [C:\Users\richa\source\repos\VideoForensics\src\providers\ring\common\VideoForensics.Providers.Ring.Common.csproj]
C:\Users\richa\source\repos\VideoForensics\src\providers\ring\common\Entities\CvProperties.cs(152,23): warning CS8618: Non-nullable property 'ModelVersion' must contain a non-null value when exiting constructor. Consider adding the 'required' modifier or declaring the property as nullable. [C:\Users\richa\source\repos\VideoForensics\src\providers\ring\common\VideoForensics.Providers.Ring.Common.csproj]
C:\Users\richa\source\repos\VideoForensics\src\providers\ring\common\Entities\CvProperties.cs(161,23): warning CS8618: Non-nullable property 'Id' must contain a non-null value when exiting constructor. Consider adding the 'required' modifier or declaring the property as nullable. [C:\Users\richa\source\repos\VideoForensics\src\providers\ring\common\VideoForensics.Providers.Ring.Common.csproj]
C:\Users\richa\source\repos\VideoForensics\src\providers\ring\common\Entities\CvProperties.cs(164,23): warning CS8618: Non-nullable property 'Name' must contain a non-null value when exiting constructor. Consider adding the 'required' modifier or declaring the property as nullable. [C:\Users\richa\source\repos\VideoForensics\src\providers\ring\common\VideoForensics.Providers.Ring.Common.csproj]
C:\Users\richa\source\repos\VideoForensics\src\providers\ring\common\Entities\VideoSearchResponse.cs(232,23): warning CS8618: Non-nullable property 'Room' must contain a non-null value when exiting constructor. Consider adding the 'required' modifier or declaring the property as nullable. [C:\Users\richa\source\repos\VideoForensics\src\providers\ring\common\VideoForensics.Providers.Ring.Common.csproj]
C:\Users\richa\source\repos\VideoForensics\src\providers\ring\common\Entities\VideoSearchResponse.cs(236,23): warning CS8618: Non-nullable property 'Area' must contain a non-null value when exiting constructor. Consider adding the 'required' modifier or declaring the property as nullable. [C:\Users\richa\source\repos\VideoForensics\src\providers\ring\common\VideoForensics.Providers.Ring.Common.csproj]
C:\Users\richa\source\repos\VideoForensics\src\providers\ring\common\Entities\VideoSearchResponse.cs(240,23): warning CS8618: Non-nullable property 'ZoneId' must contain a non-null value when exiting constructor. Consider adding the 'required' modifier or declaring the property as nullable. [C:\Users\richa\source\repos\VideoForensics\src\providers\ring\common\VideoForensics.Providers.Ring.Common.csproj]
C:\Users\richa\source\repos\VideoForensics\src\providers\ring\common\Entities\Chime.cs(16,23): warning CS8618: Non-nullable property 'Description' must contain a non-null value when exiting constructor. Consider adding the 'required' modifier or declaring the property as nullable. [C:\Users\richa\source\repos\VideoForensics\src\providers\ring\common\VideoForensics.Providers.Ring.Common.csproj]
C:\Users\richa\source\repos\VideoForensics\src\providers\ring\common\Entities\Chime.cs(19,23): warning CS8618: Non-nullable property 'DeviceId' must contain a non-null value when exiting constructor. Consider adding the 'required' modifier or declaring the property as nullable. [C:\Users\richa\source\repos\VideoForensics\src\providers\ring\common\VideoForensics.Providers.Ring.Common.csproj]
C:\Users\richa\source\repos\VideoForensics\src\providers\ring\common\Entities\Chime.cs(22,23): warning CS8618: Non-nullable property 'TimeZone' must contain a non-null value when exiting constructor. Consider adding the 'required' modifier or declaring the property as nullable. [C:\Users\richa\source\repos\VideoForensics\src\providers\ring\common\VideoForensics.Providers.Ring.Common.csproj]
C:\Users\richa\source\repos\VideoForensics\src\providers\ring\common\Entities\Chime.cs(25,23): warning CS8618: Non-nullable property 'FirmwareVersion' must contain a non-null value when exiting constructor. Consider adding the 'required' modifier or declaring the property as nullable. [C:\Users\richa\source\repos\VideoForensics\src\providers\ring\common\VideoForensics.Providers.Ring.Common.csproj]
C:\Users\richa\source\repos\VideoForensics\src\providers\ring\common\Entities\Chime.cs(28,23): warning CS8618: Non-nullable property 'Kind' must contain a non-null value when exiting constructor. Consider adding the 'required' modifier or declaring the property as nullable. [C:\Users\richa\source\repos\VideoForensics\src\providers\ring\common\VideoForensics.Providers.Ring.Common.csproj]
C:\Users\richa\source\repos\VideoForensics\src\providers\ring\common\Entities\Chime.cs(37,23): warning CS8618: Non-nullable property 'Address' must contain a non-null value when exiting constructor. Consider adding the 'required' modifier or declaring the property as nullable. [C:\Users\richa\source\repos\VideoForensics\src\providers\ring\common\VideoForensics.Providers.Ring.Common.csproj]
C:\Users\richa\source\repos\VideoForensics\src\providers\ring\common\Entities\Chime.cs(40,30): warning CS8618: Non-nullable property 'Settings' must contain a non-null value when exiting constructor. Consider adding the 'required' modifier or declaring the property as nullable. [C:\Users\richa\source\repos\VideoForensics\src\providers\ring\common\VideoForensics.Providers.Ring.Common.csproj]
C:\Users\richa\source\repos\VideoForensics\src\providers\ring\common\Entities\Chime.cs(43,30): warning CS8618: Non-nullable property 'Features' must contain a non-null value when exiting constructor. Consider adding the 'required' modifier or declaring the property as nullable. [C:\Users\richa\source\repos\VideoForensics\src\providers\ring\common\VideoForensics.Providers.Ring.Common.csproj]
C:\Users\richa\source\repos\VideoForensics\src\providers\ring\common\Entities\Chime.cs(49,28): warning CS8618: Non-nullable property 'Alerts' must contain a non-null value when exiting constructor. Consider adding the 'required' modifier or declaring the property as nullable. [C:\Users\richa\source\repos\VideoForensics\src\providers\ring\common\VideoForensics.Providers.Ring.Common.csproj]
C:\Users\richa\source\repos\VideoForensics\src\providers\ring\common\Entities\Chime.cs(52,29): warning CS8618: Non-nullable property 'DoNotDisturb' must contain a non-null value when exiting constructor. Consider adding the 'required' modifier or declaring the property as nullable. [C:\Users\richa\source\repos\VideoForensics\src\providers\ring\common\VideoForensics.Providers.Ring.Common.csproj]
C:\Users\richa\source\repos\VideoForensics\src\providers\ring\common\Entities\Chime.cs(58,22): warning CS8618: Non-nullable property 'Owner' must contain a non-null value when exiting constructor. Consider adding the 'required' modifier or declaring the property as nullable. [C:\Users\richa\source\repos\VideoForensics\src\providers\ring\common\VideoForensics.Providers.Ring.Common.csproj]
C:\Users\richa\source\repos\VideoForensics\src\providers\ring\common\Entities\Chime.cs(62,29): warning CS8618: Non-nullable property 'Health' must contain a non-null value when exiting constructor. Consider adding the 'required' modifier or declaring the property as nullable. [C:\Users\richa\source\repos\VideoForensics\src\providers\ring\common\VideoForensics.Providers.Ring.Common.csproj]
C:\Users\richa\source\repos\VideoForensics\src\providers\ring\common\Entities\DeviceHealthResponse.cs(13,29): warning CS8618: Non-nullable property 'DeviceHealth' must contain a non-null value when exiting constructor. Consider adding the 'required' modifier or declaring the property as nullable. [C:\Users\richa\source\repos\VideoForensics\src\providers\ring\common\VideoForensics.Providers.Ring.Common.csproj]
C:\Users\richa\source\repos\VideoForensics\src\providers\ring\common\Entities\Devices.cs(15,30): warning CS8618: Non-nullable property 'Doorbots' must contain a non-null value when exiting constructor. Consider adding the 'required' modifier or declaring the property as nullable. [C:\Users\richa\source\repos\VideoForensics\src\providers\ring\common\VideoForensics.Providers.Ring.Common.csproj]
C:\Users\richa\source\repos\VideoForensics\src\providers\ring\common\Entities\Devices.cs(21,30): warning CS8618: Non-nullable property 'AuthorizedDoorbots' must contain a non-null value when exiting constructor. Consider adding the 'required' modifier or declaring the property as nullable. [C:\Users\richa\source\repos\VideoForensics\src\providers\ring\common\VideoForensics.Providers.Ring.Common.csproj]
C:\Users\richa\source\repos\VideoForensics\src\providers\ring\common\Entities\Devices.cs(27,28): warning CS8618: Non-nullable property 'Chimes' must contain a non-null value when exiting constructor. Consider adding the 'required' modifier or declaring the property as nullable. [C:\Users\richa\source\repos\VideoForensics\src\providers\ring\common\VideoForensics.Providers.Ring.Common.csproj]
C:\Users\richa\source\repos\VideoForensics\src\providers\ring\common\Entities\Devices.cs(33,33): warning CS8618: Non-nullable property 'StickupCams' must contain a non-null value when exiting constructor. Consider adding the 'required' modifier or declaring the property as nullable. [C:\Users\richa\source\repos\VideoForensics\src\providers\ring\common\VideoForensics.Providers.Ring.Common.csproj]
C:\Users\richa\source\repos\VideoForensics\src\providers\ring\common\Entities\VideoSearchResponse.cs(32,23): warning CS8618: Non-nullable property 'DingId' must contain a non-null value when exiting constructor. Consider adding the 'required' modifier or declaring the property as nullable. [C:\Users\richa\source\repos\VideoForensics\src\providers\ring\common\VideoForensics.Providers.Ring.Common.csproj]
C:\Users\richa\source\repos\VideoForensics\src\providers\ring\common\Entities\VideoSearchResponse.cs(49,23): warning CS8618: Non-nullable property 'Kind' must contain a non-null value when exiting constructor. Consider adding the 'required' modifier or declaring the property as nullable. [C:\Users\richa\source\repos\VideoForensics\src\providers\ring\common\VideoForensics.Providers.Ring.Common.csproj]
C:\Users\richa\source\repos\VideoForensics\src\providers\ring\common\Entities\VideoSearchResponse.cs(53,23): warning CS8618: Non-nullable property 'State' must contain a non-null value when exiting constructor. Consider adding the 'required' modifier or declaring the property as nullable. [C:\Users\richa\source\repos\VideoForensics\src\providers\ring\common\VideoForensics.Providers.Ring.Common.csproj]
C:\Users\richa\source\repos\VideoForensics\src\providers\ring\common\Entities\VideoSearchResponse.cs(66,23): warning CS8618: Non-nullable property 'HqUrl' must contain a non-null value when exiting constructor. Consider adding the 'required' modifier or declaring the property as nullable. [C:\Users\richa\source\repos\VideoForensics\src\providers\ring\common\VideoForensics.Providers.Ring.Common.csproj]
C:\Users\richa\source\repos\VideoForensics\src\providers\ring\common\Entities\VideoSearchResponse.cs(71,23): warning CS8618: Non-nullable property 'LqUrl' must contain a non-null value when exiting constructor. Consider adding the 'required' modifier or declaring the property as nullable. [C:\Users\richa\source\repos\VideoForensics\src\providers\ring\common\VideoForensics.Providers.Ring.Common.csproj]
C:\Users\richa\source\repos\VideoForensics\src\providers\ring\common\Entities\VideoSearchResponse.cs(75,23): warning CS8618: Non-nullable property 'ThumbnailUrl' must contain a non-null value when exiting constructor. Consider adding the 'required' modifier or declaring the property as nullable. [C:\Users\richa\source\repos\VideoForensics\src\providers\ring\common\VideoForensics.Providers.Ring.Common.csproj]
C:\Users\richa\source\repos\VideoForensics\src\providers\ring\common\Entities\VideoSearchResponse.cs(79,23): warning CS8618: Non-nullable property 'UntranscodedUrl' must contain a non-null value when exiting constructor. Consider adding the 'required' modifier or declaring the property as nullable. [C:\Users\richa\source\repos\VideoForensics\src\providers\ring\common\VideoForensics.Providers.Ring.Common.csproj]
C:\Users\richa\source\repos\VideoForensics\src\providers\ring\common\Entities\VideoSearchResponse.cs(83,24): warning CS8618: Non-nullable property 'Doorbot' must contain a non-null value when exiting constructor. Consider adding the 'required' modifier or declaring the property as nullable. [C:\Users\richa\source\repos\VideoForensics\src\providers\ring\common\VideoForensics.Providers.Ring.Common.csproj]
C:\Users\richa\source\repos\VideoForensics\src\providers\ring\common\Entities\VideoSearchResponse.cs(87,29): warning CS8618: Non-nullable property 'CvProperties' must contain a non-null value when exiting constructor. Consider adding the 'required' modifier or declaring the property as nullable. [C:\Users\richa\source\repos\VideoForensics\src\providers\ring\common\VideoForensics.Providers.Ring.Common.csproj]
C:\Users\richa\source\repos\VideoForensics\src\providers\ring\common\Entities\VideoSearchResponse.cs(94,23): warning CS8618: Non-nullable property 'OwnerId' must contain a non-null value when exiting constructor. Consider adding the 'required' modifier or declaring the property as nullable. [C:\Users\richa\source\repos\VideoForensics\src\providers\ring\common\VideoForensics.Providers.Ring.Common.csproj]
C:\Users\richa\source\repos\VideoForensics\src\providers\ring\common\Entities\VideoSearchResponse.cs(101,23): warning CS8618: Non-nullable property 'SourceId' must contain a non-null value when exiting constructor. Consider adding the 'required' modifier or declaring the property as nullable. [C:\Users\richa\source\repos\VideoForensics\src\providers\ring\common\VideoForensics.Providers.Ring.Common.csproj]
C:\Users\richa\source\repos\VideoForensics\src\providers\ring\common\Entities\VideoSearchResponse.cs(117,23): warning CS8618: Non-nullable property 'BatteryPercentage' must contain a non-null value when exiting constructor. Consider adding the 'required' modifier or declaring the property as nullable. [C:\Users\richa\source\repos\VideoForensics\src\providers\ring\common\VideoForensics.Providers.Ring.Common.csproj]
C:\Users\richa\source\repos\VideoForensics\src\providers\ring\common\Entities\VideoSearchResponse.cs(125,23): warning CS8618: Non-nullable property 'BatteryStatus' must contain a non-null value when exiting constructor. Consider adding the 'required' modifier or declaring the property as nullable. [C:\Users\richa\source\repos\VideoForensics\src\providers\ring\common\VideoForensics.Providers.Ring.Common.csproj]
C:\Users\richa\source\repos\VideoForensics\src\providers\ring\common\Entities\VideoSearchResponse.cs(133,43): warning CS8618: Non-nullable property 'DevicePlacement' must contain a non-null value when exiting constructor. Consider adding the 'required' modifier or declaring the property as nullable. [C:\Users\richa\source\repos\VideoForensics\src\providers\ring\common\VideoForensics.Providers.Ring.Common.csproj]
C:\Users\richa\source\repos\VideoForensics\src\providers\ring\common\Entities\VideoSearchResponse.cs(141,39): warning CS8618: Non-nullable property 'Geolocation' must contain a non-null value when exiting constructor. Consider adding the 'required' modifier or declaring the property as nullable. [C:\Users\richa\source\repos\VideoForensics\src\providers\ring\common\VideoForensics.Providers.Ring.Common.csproj]
C:\Users\richa\source\repos\VideoForensics\src\providers\ring\common\Entities\VideoSearchResponse.cs(149,47): warning CS8618: Non-nullable property 'SubscriptionReceipt' must contain a non-null value when exiting constructor. Consider adding the 'required' modifier or declaring the property as nullable. [C:\Users\richa\source\repos\VideoForensics\src\providers\ring\common\VideoForensics.Providers.Ring.Common.csproj]
C:\Users\richa\source\repos\VideoForensics\src\providers\ring\common\Entities\VideoSearchResponse.cs(156,23): warning CS8618: Non-nullable property 'ManifestId' must contain a non-null value when exiting constructor. Consider adding the 'required' modifier or declaring the property as nullable. [C:\Users\richa\source\repos\VideoForensics\src\providers\ring\common\VideoForensics.Providers.Ring.Common.csproj]
C:\Users\richa\source\repos\VideoForensics\src\providers\ring\common\Entities\VideoSearchResponse.cs(178,23): warning CS8618: Non-nullable property 'RadarDataUrl' must contain a non-null value when exiting constructor. Consider adding the 'required' modifier or declaring the property as nullable. [C:\Users\richa\source\repos\VideoForensics\src\providers\ring\common\VideoForensics.Providers.Ring.Common.csproj]
C:\Users\richa\source\repos\VideoForensics\src\providers\ring\common\Entities\VideoSearchResponse.cs(185,38): warning CS8618: Non-nullable property 'Properties' must contain a non-null value when exiting constructor. Consider adding the 'required' modifier or declaring the property as nullable. [C:\Users\richa\source\repos\VideoForensics\src\providers\ring\common\VideoForensics.Providers.Ring.Common.csproj]
C:\Users\richa\source\repos\VideoForensics\src\providers\ring\common\Entities\VideoSearchResponse.cs(192,23): warning CS8618: Non-nullable property 'Riid' must contain a non-null value when exiting constructor. Consider adding the 'required' modifier or declaring the property as nullable. [C:\Users\richa\source\repos\VideoForensics\src\providers\ring\common\VideoForensics.Providers.Ring.Common.csproj]
C:\Users\richa\source\repos\VideoForensics\src\providers\ring\common\Entities\DeviceHealth.cs(21,23): warning CS8618: Non-nullable property 'DeviceType' must contain a non-null value when exiting constructor. Consider adding the 'required' modifier or declaring the property as nullable. [C:\Users\richa\source\repos\VideoForensics\src\providers\ring\common\VideoForensics.Providers.Ring.Common.csproj]
C:\Users\richa\source\repos\VideoForensics\src\providers\ring\common\Entities\DeviceHealth.cs(25,23): warning CS8618: Non-nullable property 'FirmwareVersion' must contain a non-null value when exiting constructor. Consider adding the 'required' modifier or declaring the property as nullable. [C:\Users\richa\source\repos\VideoForensics\src\providers\ring\common\VideoForensics.Providers.Ring.Common.csproj]
C:\Users\richa\source\repos\VideoForensics\src\providers\ring\common\Entities\DeviceHealth.cs(29,23): warning CS8618: Non-nullable property 'FirmwareVersionStatus' must contain a non-null value when exiting constructor. Consider adding the 'required' modifier or declaring the property as nullable. [C:\Users\richa\source\repos\VideoForensics\src\providers\ring\common\VideoForensics.Providers.Ring.Common.csproj]
C:\Users\richa\source\repos\VideoForensics\src\providers\ring\common\Entities\DeviceHealth.cs(44,23): warning CS8618: Non-nullable property 'BatteryPercentageCategory' must contain a non-null value when exiting constructor. Consider adding the 'required' modifier or declaring the property as nullable. [C:\Users\richa\source\repos\VideoForensics\src\providers\ring\common\VideoForensics.Providers.Ring.Common.csproj]
C:\Users\richa\source\repos\VideoForensics\src\providers\ring\common\Entities\DeviceHealth.cs(53,23): warning CS8618: Non-nullable property 'BatteryVoltageCategory' must contain a non-null value when exiting constructor. Consider adding the 'required' modifier or declaring the property as nullable. [C:\Users\richa\source\repos\VideoForensics\src\providers\ring\common\VideoForensics.Providers.Ring.Common.csproj]
C:\Users\richa\source\repos\VideoForensics\src\providers\ring\common\Entities\DeviceHealth.cs(62,23): warning CS8618: Non-nullable property 'RssiCategory' must contain a non-null value when exiting constructor. Consider adding the 'required' modifier or declaring the property as nullable. [C:\Users\richa\source\repos\VideoForensics\src\providers\ring\common\VideoForensics.Providers.Ring.Common.csproj]
C:\Users\richa\source\repos\VideoForensics\src\providers\ring\common\Entities\DeviceHealth.cs(66,23): warning CS8618: Non-nullable property 'NetworkConnectionValue' must contain a non-null value when exiting constructor. Consider adding the 'required' modifier or declaring the property as nullable. [C:\Users\richa\source\repos\VideoForensics\src\providers\ring\common\VideoForensics.Providers.Ring.Common.csproj]
C:\Users\richa\source\repos\VideoForensics\src\providers\ring\common\Entities\DeviceHealth.cs(70,23): warning CS8618: Non-nullable property 'WifiName' must contain a non-null value when exiting constructor. Consider adding the 'required' modifier or declaring the property as nullable. [C:\Users\richa\source\repos\VideoForensics\src\providers\ring\common\VideoForensics.Providers.Ring.Common.csproj]
C:\Users\richa\source\repos\VideoForensics\src\providers\ring\common\Entities\DeviceHealth.cs(79,23): warning CS8618: Non-nullable property 'PacketLossCategory' must contain a non-null value when exiting constructor. Consider adding the 'required' modifier or declaring the property as nullable. [C:\Users\richa\source\repos\VideoForensics\src\providers\ring\common\VideoForensics.Providers.Ring.Common.csproj]
C:\Users\richa\source\repos\VideoForensics\src\providers\ring\common\Entities\DeviceHealth.cs(83,23): warning CS8618: Non-nullable property 'OtaStatus' must contain a non-null value when exiting constructor. Consider adding the 'required' modifier or declaring the property as nullable. [C:\Users\richa\source\repos\VideoForensics\src\providers\ring\common\VideoForensics.Providers.Ring.Common.csproj]
C:\Users\richa\source\repos\VideoForensics\src\providers\ring\common\Entities\DeviceHealth.cs(104,23): warning CS8618: Non-nullable property 'LatestSignalCategory' must contain a non-null value when exiting constructor. Consider adding the 'required' modifier or declaring the property as nullable. [C:\Users\richa\source\repos\VideoForensics\src\providers\ring\common\VideoForensics.Providers.Ring.Common.csproj]
C:\Users\richa\source\repos\VideoForensics\src\providers\ring\common\Entities\DeviceHealth.cs(113,23): warning CS8618: Non-nullable property 'AverageSignalCategory' must contain a non-null value when exiting constructor. Consider adding the 'required' modifier or declaring the property as nullable. [C:\Users\richa\source\repos\VideoForensics\src\providers\ring\common\VideoForensics.Providers.Ring.Common.csproj]
C:\Users\richa\source\repos\VideoForensics\src\providers\ring\common\Entities\DeviceHealth.cs(117,23): warning CS8618: Non-nullable property 'Firmware' must contain a non-null value when exiting constructor. Consider adding the 'required' modifier or declaring the property as nullable. [C:\Users\richa\source\repos\VideoForensics\src\providers\ring\common\VideoForensics.Providers.Ring.Common.csproj]
C:\Users\richa\source\repos\VideoForensics\src\providers\ring\common\Entities\DeviceHealth.cs(121,23): warning CS8618: Non-nullable property 'UpdatedAt' must contain a non-null value when exiting constructor. Consider adding the 'required' modifier or declaring the property as nullable. [C:\Users\richa\source\repos\VideoForensics\src\providers\ring\common\VideoForensics.Providers.Ring.Common.csproj]
C:\Users\richa\source\repos\VideoForensics\src\providers\ring\common\Entities\DeviceHealth.cs(138,29): warning CS8618: Non-nullable property 'SupportedRpcCommands' must contain a non-null value when exiting constructor. Consider adding the 'required' modifier or declaring the property as nullable. [C:\Users\richa\source\repos\VideoForensics\src\providers\ring\common\VideoForensics.Providers.Ring.Common.csproj]
C:\Users\richa\source\repos\VideoForensics\src\providers\ring\common\Entities\VideoSearchResponse.cs(16,38): warning CS8618: Non-nullable property 'VideoSearch' must contain a non-null value when exiting constructor. Consider adding the 'required' modifier or declaring the property as nullable. [C:\Users\richa\source\repos\VideoForensics\src\providers\ring\common\VideoForensics.Providers.Ring.Common.csproj]
C:\Users\richa\source\repos\VideoForensics\src\providers\ring\common\Entities\StickupCamSettings.cs(19,23): warning CS8618: Non-nullable property 'MotionSnoozePresetProfile' must contain a non-null value when exiting constructor. Consider adding the 'required' modifier or declaring the property as nullable. [C:\Users\richa\source\repos\VideoForensics\src\providers\ring\common\VideoForensics.Providers.Ring.Common.csproj]
C:\Users\richa\source\repos\VideoForensics\src\providers\ring\common\Entities\StickupCamSettings.cs(23,25): warning CS8618: Non-nullable property 'MotionSnoozePresets' must contain a non-null value when exiting constructor. Consider adding the 'required' modifier or declaring the property as nullable. [C:\Users\richa\source\repos\VideoForensics\src\providers\ring\common\VideoForensics.Providers.Ring.Common.csproj]
C:\Users\richa\source\repos\VideoForensics\src\providers\ring\common\Entities\StickupCamSettings.cs(27,23): warning CS8618: Non-nullable property 'LiveViewPresetProfile' must contain a non-null value when exiting constructor. Consider adding the 'required' modifier or declaring the property as nullable. [C:\Users\richa\source\repos\VideoForensics\src\providers\ring\common\VideoForensics.Providers.Ring.Common.csproj]
C:\Users\richa\source\repos\VideoForensics\src\providers\ring\common\Entities\StickupCamSettings.cs(31,25): warning CS8618: Non-nullable property 'LiveViewPresets' must contain a non-null value when exiting constructor. Consider adding the 'required' modifier or declaring the property as nullable. [C:\Users\richa\source\repos\VideoForensics\src\providers\ring\common\VideoForensics.Providers.Ring.Common.csproj]
C:\Users\richa\source\repos\VideoForensics\src\providers\ring\common\Entities\StickupCamSettings.cs(47,23): warning CS8618: Non-nullable property 'VodStatus' must contain a non-null value when exiting constructor. Consider adding the 'required' modifier or declaring the property as nullable. [C:\Users\richa\source\repos\VideoForensics\src\providers\ring\common\VideoForensics.Providers.Ring.Common.csproj]
C:\Users\richa\source\repos\VideoForensics\src\providers\ring\common\Entities\StickupCamSettings.cs(55,36): warning CS8618: Non-nullable property 'AdvancedMotionZones' must contain a non-null value when exiting constructor. Consider adding the 'required' modifier or declaring the property as nullable. [C:\Users\richa\source\repos\VideoForensics\src\providers\ring\common\VideoForensics.Providers.Ring.Common.csproj]
C:\Users\richa\source\repos\VideoForensics\src\providers\ring\common\Entities\StickupCamSettings.cs(67,30): warning CS8618: Non-nullable property 'LightSettings' must contain a non-null value when exiting constructor. Consider adding the 'required' modifier or declaring the property as nullable. [C:\Users\richa\source\repos\VideoForensics\src\providers\ring\common\VideoForensics.Providers.Ring.Common.csproj]
C:\Users\richa\source\repos\VideoForensics\src\providers\ring\common\Entities\Doorbot.cs(16,23): warning CS8618: Non-nullable property 'Description' must contain a non-null value when exiting constructor. Consider adding the 'required' modifier or declaring the property as nullable. [C:\Users\richa\source\repos\VideoForensics\src\providers\ring\common\VideoForensics.Providers.Ring.Common.csproj]
C:\Users\richa\source\repos\VideoForensics\src\providers\ring\common\Entities\Doorbot.cs(19,23): warning CS8618: Non-nullable property 'DeviceId' must contain a non-null value when exiting constructor. Consider adding the 'required' modifier or declaring the property as nullable. [C:\Users\richa\source\repos\VideoForensics\src\providers\ring\common\VideoForensics.Providers.Ring.Common.csproj]
C:\Users\richa\source\repos\VideoForensics\src\providers\ring\common\Entities\Doorbot.cs(22,23): warning CS8618: Non-nullable property 'TimeZone' must contain a non-null value when exiting constructor. Consider adding the 'required' modifier or declaring the property as nullable. [C:\Users\richa\source\repos\VideoForensics\src\providers\ring\common\VideoForensics.Providers.Ring.Common.csproj]
C:\Users\richa\source\repos\VideoForensics\src\providers\ring\common\Entities\Doorbot.cs(39,23): warning CS8618: Non-nullable property 'FirmwareVersion' must contain a non-null value when exiting constructor. Consider adding the 'required' modifier or declaring the property as nullable. [C:\Users\richa\source\repos\VideoForensics\src\providers\ring\common\VideoForensics.Providers.Ring.Common.csproj]
C:\Users\richa\source\repos\VideoForensics\src\providers\ring\common\Entities\Doorbot.cs(42,23): warning CS8618: Non-nullable property 'Kind' must contain a non-null value when exiting constructor. Consider adding the 'required' modifier or declaring the property as nullable. [C:\Users\richa\source\repos\VideoForensics\src\providers\ring\common\VideoForensics.Providers.Ring.Common.csproj]
C:\Users\richa\source\repos\VideoForensics\src\providers\ring\common\Entities\Doorbot.cs(50,23): warning CS8618: Non-nullable property 'Type' must contain a non-null value when exiting constructor. Consider adding the 'required' modifier or declaring the property as nullable. [C:\Users\richa\source\repos\VideoForensics\src\providers\ring\common\VideoForensics.Providers.Ring.Common.csproj]
C:\Users\richa\source\repos\VideoForensics\src\providers\ring\common\Entities\Doorbot.cs(59,23): warning CS8618: Non-nullable property 'Address' must contain a non-null value when exiting constructor. Consider adding the 'required' modifier or declaring the property as nullable. [C:\Users\richa\source\repos\VideoForensics\src\providers\ring\common\VideoForensics.Providers.Ring.Common.csproj]
C:\Users\richa\source\repos\VideoForensics\src\providers\ring\common\Entities\Doorbot.cs(62,32): warning CS8618: Non-nullable property 'Features' must contain a non-null value when exiting constructor. Consider adding the 'required' modifier or declaring the property as nullable. [C:\Users\richa\source\repos\VideoForensics\src\providers\ring\common\VideoForensics.Providers.Ring.Common.csproj]
C:\Users\richa\source\repos\VideoForensics\src\providers\ring\common\Entities\Doorbot.cs(68,30): warning CS8618: Non-nullable property 'Alerts' must contain a non-null value when exiting constructor. Consider adding the 'required' modifier or declaring the property as nullable. [C:\Users\richa\source\repos\VideoForensics\src\providers\ring\common\VideoForensics.Providers.Ring.Common.csproj]
C:\Users\richa\source\repos\VideoForensics\src\providers\ring\common\Entities\Doorbot.cs(71,23): warning CS8618: Non-nullable property 'MotionSnooze' must contain a non-null value when exiting constructor. Consider adding the 'required' modifier or declaring the property as nullable. [C:\Users\richa\source\repos\VideoForensics\src\providers\ring\common\VideoForensics.Providers.Ring.Common.csproj]
C:\Users\richa\source\repos\VideoForensics\src\providers\ring\common\Entities\Doorbot.cs(77,22): warning CS8618: Non-nullable property 'Owner' must contain a non-null value when exiting constructor. Consider adding the 'required' modifier or declaring the property as nullable. [C:\Users\richa\source\repos\VideoForensics\src\providers\ring\common\VideoForensics.Providers.Ring.Common.csproj]
C:\Users\richa\source\repos\VideoForensics\src\providers\ring\common\Entities\Doorbot.cs(81,29): warning CS8618: Non-nullable property 'Health' must contain a non-null value when exiting constructor. Consider adding the 'required' modifier or declaring the property as nullable. [C:\Users\richa\source\repos\VideoForensics\src\providers\ring\common\VideoForensics.Providers.Ring.Common.csproj]
C:\Users\richa\source\repos\VideoForensics\src\providers\ring\common\Entities\DoorbotAlerts.cs(8,23): warning CS8618: Non-nullable property 'Connection' must contain a non-null value when exiting constructor. Consider adding the 'required' modifier or declaring the property as nullable. [C:\Users\richa\source\repos\VideoForensics\src\providers\ring\common\VideoForensics.Providers.Ring.Common.csproj]
C:\Users\richa\source\repos\VideoForensics\src\providers\ring\common\Entities\StickupCamAlerts.cs(8,23): warning CS8618: Non-nullable property 'Connection' must contain a non-null value when exiting constructor. Consider adding the 'required' modifier or declaring the property as nullable. [C:\Users\richa\source\repos\VideoForensics\src\providers\ring\common\VideoForensics.Providers.Ring.Common.csproj]
C:\Users\richa\source\repos\VideoForensics\src\providers\ring\common\Entities\StickupCam.cs(16,23): warning CS8618: Non-nullable property 'Description' must contain a non-null value when exiting constructor. Consider adding the 'required' modifier or declaring the property as nullable. [C:\Users\richa\source\repos\VideoForensics\src\providers\ring\common\VideoForensics.Providers.Ring.Common.csproj]
C:\Users\richa\source\repos\VideoForensics\src\providers\ring\common\Entities\StickupCam.cs(20,23): warning CS8618: Non-nullable property 'DeviceId' must contain a non-null value when exiting constructor. Consider adding the 'required' modifier or declaring the property as nullable. [C:\Users\richa\source\repos\VideoForensics\src\providers\ring\common\VideoForensics.Providers.Ring.Common.csproj]
C:\Users\richa\source\repos\VideoForensics\src\providers\ring\common\Entities\StickupCam.cs(24,23): warning CS8618: Non-nullable property 'TimeZone' must contain a non-null value when exiting constructor. Consider adding the 'required' modifier or declaring the property as nullable. [C:\Users\richa\source\repos\VideoForensics\src\providers\ring\common\VideoForensics.Providers.Ring.Common.csproj]
C:\Users\richa\source\repos\VideoForensics\src\providers\ring\common\Entities\StickupCam.cs(45,23): warning CS8618: Non-nullable property 'FirmwareVersion' must contain a non-null value when exiting constructor. Consider adding the 'required' modifier or declaring the property as nullable. [C:\Users\richa\source\repos\VideoForensics\src\providers\ring\common\VideoForensics.Providers.Ring.Common.csproj]
C:\Users\richa\source\repos\VideoForensics\src\providers\ring\common\Entities\StickupCam.cs(49,23): warning CS8618: Non-nullable property 'Kind' must contain a non-null value when exiting constructor. Consider adding the 'required' modifier or declaring the property as nullable. [C:\Users\richa\source\repos\VideoForensics\src\providers\ring\common\VideoForensics.Providers.Ring.Common.csproj]
C:\Users\richa\source\repos\VideoForensics\src\providers\ring\common\Entities\StickupCam.cs(61,23): warning CS8618: Non-nullable property 'Address' must contain a non-null value when exiting constructor. Consider adding the 'required' modifier or declaring the property as nullable. [C:\Users\richa\source\repos\VideoForensics\src\providers\ring\common\VideoForensics.Providers.Ring.Common.csproj]
C:\Users\richa\source\repos\VideoForensics\src\providers\ring\common\Entities\StickupCam.cs(65,35): warning CS8618: Non-nullable property 'Settings' must contain a non-null value when exiting constructor. Consider adding the 'required' modifier or declaring the property as nullable. [C:\Users\richa\source\repos\VideoForensics\src\providers\ring\common\VideoForensics.Providers.Ring.Common.csproj]
C:\Users\richa\source\repos\VideoForensics\src\providers\ring\common\Entities\StickupCam.cs(69,35): warning CS8618: Non-nullable property 'Features' must contain a non-null value when exiting constructor. Consider adding the 'required' modifier or declaring the property as nullable. [C:\Users\richa\source\repos\VideoForensics\src\providers\ring\common\VideoForensics.Providers.Ring.Common.csproj]
C:\Users\richa\source\repos\VideoForensics\src\providers\ring\common\Entities\StickupCam.cs(77,33): warning CS8618: Non-nullable property 'Alerts' must contain a non-null value when exiting constructor. Consider adding the 'required' modifier or declaring the property as nullable. [C:\Users\richa\source\repos\VideoForensics\src\providers\ring\common\VideoForensics.Providers.Ring.Common.csproj]
C:\Users\richa\source\repos\VideoForensics\src\providers\ring\common\Entities\StickupCam.cs(81,23): warning CS8618: Non-nullable property 'MotionSnooze' must contain a non-null value when exiting constructor. Consider adding the 'required' modifier or declaring the property as nullable. [C:\Users\richa\source\repos\VideoForensics\src\providers\ring\common\VideoForensics.Providers.Ring.Common.csproj]
C:\Users\richa\source\repos\VideoForensics\src\providers\ring\common\Entities\StickupCam.cs(93,23): warning CS8618: Non-nullable property 'RingId' must contain a non-null value when exiting constructor. Consider adding the 'required' modifier or declaring the property as nullable. [C:\Users\richa\source\repos\VideoForensics\src\providers\ring\common\VideoForensics.Providers.Ring.Common.csproj]
C:\Users\richa\source\repos\VideoForensics\src\providers\ring\common\Entities\StickupCam.cs(97,22): warning CS8618: Non-nullable property 'Owner' must contain a non-null value when exiting constructor. Consider adding the 'required' modifier or declaring the property as nullable. [C:\Users\richa\source\repos\VideoForensics\src\providers\ring\common\VideoForensics.Providers.Ring.Common.csproj]
C:\Users\richa\source\repos\VideoForensics\src\providers\ring\common\Entities\StickupCam.cs(115,23): warning CS8618: Non-nullable property 'LedStatus' must contain a non-null value when exiting constructor. Consider adding the 'required' modifier or declaring the property as nullable. [C:\Users\richa\source\repos\VideoForensics\src\providers\ring\common\VideoForensics.Providers.Ring.Common.csproj]
C:\Users\richa\source\repos\VideoForensics\src\providers\ring\common\Entities\StickupCam.cs(119,29): warning CS8618: Non-nullable property 'SirenStatus' must contain a non-null value when exiting constructor. Consider adding the 'required' modifier or declaring the property as nullable. [C:\Users\richa\source\repos\VideoForensics\src\providers\ring\common\VideoForensics.Providers.Ring.Common.csproj]
C:\Users\richa\source\repos\VideoForensics\src\providers\ring\common\Entities\StickupCam.cs(127,29): warning CS8618: Non-nullable property 'Health' must contain a non-null value when exiting constructor. Consider adding the 'required' modifier or declaring the property as nullable. [C:\Users\richa\source\repos\VideoForensics\src\providers\ring\common\VideoForensics.Providers.Ring.Common.csproj]
C:\Users\richa\source\repos\VideoForensics\src\providers\ring\common\Entities\SharedUser.cs(45,23): warning CS8618: Non-nullable property 'FirstName' must contain a non-null value when exiting constructor. Consider adding the 'required' modifier or declaring the property as nullable. [C:\Users\richa\source\repos\VideoForensics\src\providers\ring\common\VideoForensics.Providers.Ring.Common.csproj]
C:\Users\richa\source\repos\VideoForensics\src\providers\ring\common\Entities\SharedUser.cs(49,23): warning CS8618: Non-nullable property 'LastName' must contain a non-null value when exiting constructor. Consider adding the 'required' modifier or declaring the property as nullable. [C:\Users\richa\source\repos\VideoForensics\src\providers\ring\common\VideoForensics.Providers.Ring.Common.csproj]
C:\Users\richa\source\repos\VideoForensics\src\providers\ring\common\Entities\SharedUser.cs(53,23): warning CS8618: Non-nullable property 'Email' must contain a non-null value when exiting constructor. Consider adding the 'required' modifier or declaring the property as nullable. [C:\Users\richa\source\repos\VideoForensics\src\providers\ring\common\VideoForensics.Providers.Ring.Common.csproj]
C:\Users\richa\source\repos\VideoForensics\src\providers\ring\common\Entities\SharedUser.cs(57,23): warning CS8618: Non-nullable property 'ObjectType' must contain a non-null value when exiting constructor. Consider adding the 'required' modifier or declaring the property as nullable. [C:\Users\richa\source\repos\VideoForensics\src\providers\ring\common\VideoForensics.Providers.Ring.Common.csproj]
C:\Users\richa\source\repos\VideoForensics\src\providers\ring\common\Entities\SharedUser.cs(61,39): warning CS8618: Non-nullable property 'Devices' must contain a non-null value when exiting constructor. Consider adding the 'required' modifier or declaring the property as nullable. [C:\Users\richa\source\repos\VideoForensics\src\providers\ring\common\VideoForensics.Providers.Ring.Common.csproj]
C:\Users\richa\source\repos\VideoForensics\src\providers\ring\common\Entities\SharedUser.cs(17,23): warning CS8618: Non-nullable property 'Role' must contain a non-null value when exiting constructor. Consider adding the 'required' modifier or declaring the property as nullable. [C:\Users\richa\source\repos\VideoForensics\src\providers\ring\common\VideoForensics.Providers.Ring.Common.csproj]
C:\Users\richa\source\repos\VideoForensics\src\providers\ring\common\Entities\SharedUser.cs(20,23): warning CS8618: Non-nullable property 'DeviceType' must contain a non-null value when exiting constructor. Consider adding the 'required' modifier or declaring the property as nullable. [C:\Users\richa\source\repos\VideoForensics\src\providers\ring\common\VideoForensics.Providers.Ring.Common.csproj]
C:\Users\richa\source\repos\VideoForensics\src\providers\ring\common\Entities\SharedUser.cs(23,23): warning CS8618: Non-nullable property 'Permissions' must contain a non-null value when exiting constructor. Consider adding the 'required' modifier or declaring the property as nullable. [C:\Users\richa\source\repos\VideoForensics\src\providers\ring\common\VideoForensics.Providers.Ring.Common.csproj]
C:\Users\richa\source\repos\VideoForensics\src\providers\ring\common\Entities\SharedRecording.cs(14,23): warning CS8618: Non-nullable property 'Url' must contain a non-null value when exiting constructor. Consider adding the 'required' modifier or declaring the property as nullable. [C:\Users\richa\source\repos\VideoForensics\src\providers\ring\common\VideoForensics.Providers.Ring.Common.csproj]
C:\Users\richa\source\repos\VideoForensics\src\providers\ring\common\Entities\SharedRecording.cs(20,23): warning CS8618: Non-nullable property 'WrapperUrl' must contain a non-null value when exiting constructor. Consider adding the 'required' modifier or declaring the property as nullable. [C:\Users\richa\source\repos\VideoForensics\src\providers\ring\common\VideoForensics.Providers.Ring.Common.csproj]
C:\Users\richa\source\repos\VideoForensics\src\providers\ring\common\Entities\DoorbotHistoryEvent.cs(19,23): warning CS8618: Non-nullable property 'CreatedAt' must contain a non-null value when exiting constructor. Consider adding the 'required' modifier or declaring the property as nullable. [C:\Users\richa\source\repos\VideoForensics\src\providers\ring\common\VideoForensics.Providers.Ring.Common.csproj]
C:\Users\richa\source\repos\VideoForensics\src\providers\ring\common\Entities\DoorbotHistoryEvent.cs(47,29): warning CS8618: Non-nullable property 'Events' must contain a non-null value when exiting constructor. Consider adding the 'required' modifier or declaring the property as nullable. [C:\Users\richa\source\repos\VideoForensics\src\providers\ring\common\VideoForensics.Providers.Ring.Common.csproj]
C:\Users\richa\source\repos\VideoForensics\src\providers\ring\common\Entities\DoorbotHistoryEvent.cs(50,23): warning CS8618: Non-nullable property 'Kind' must contain a non-null value when exiting constructor. Consider adding the 'required' modifier or declaring the property as nullable. [C:\Users\richa\source\repos\VideoForensics\src\providers\ring\common\VideoForensics.Providers.Ring.Common.csproj]
C:\Users\richa\source\repos\VideoForensics\src\providers\ring\common\Entities\DoorbotHistoryEvent.cs(56,23): warning CS8618: Non-nullable property 'SnapshotUrl' must contain a non-null value when exiting constructor. Consider adding the 'required' modifier or declaring the property as nullable. [C:\Users\richa\source\repos\VideoForensics\src\providers\ring\common\VideoForensics.Providers.Ring.Common.csproj]
C:\Users\richa\source\repos\VideoForensics\src\providers\ring\common\Entities\DoorbotHistoryEvent.cs(59,45): warning CS8618: Non-nullable property 'Recording' must contain a non-null value when exiting constructor. Consider adding the 'required' modifier or declaring the property as nullable. [C:\Users\richa\source\repos\VideoForensics\src\providers\ring\common\VideoForensics.Providers.Ring.Common.csproj]
C:\Users\richa\source\repos\VideoForensics\src\providers\ring\common\Entities\DoorbotHistoryEvent.cs(69,24): warning CS8618: Non-nullable property 'Doorbot' must contain a non-null value when exiting constructor. Consider adding the 'required' modifier or declaring the property as nullable. [C:\Users\richa\source\repos\VideoForensics\src\providers\ring\common\VideoForensics.Providers.Ring.Common.csproj]
C:\Users\richa\source\repos\VideoForensics\src\providers\ring\common\Entities\DoorbotHistoryEvent.cs(75,29): warning CS8618: Non-nullable property 'CvProperties' must contain a non-null value when exiting constructor. Consider adding the 'required' modifier or declaring the property as nullable. [C:\Users\richa\source\repos\VideoForensics\src\providers\ring\common\VideoForensics.Providers.Ring.Common.csproj]
C:\Users\richa\source\repos\VideoForensics\src\providers\ring\common\Entities\DoorbotTimestamps.cs(15,39): warning CS8618: Non-nullable property 'Timestamp' must contain a non-null value when exiting constructor. Consider adding the 'required' modifier or declaring the property as nullable. [C:\Users\richa\source\repos\VideoForensics\src\providers\ring\common\VideoForensics.Providers.Ring.Common.csproj]
C:\Users\richa\source\repos\VideoForensics\src\providers\ring\common\Entities\Session.cs(8,24): warning CS8618: Non-nullable property 'Profile' must contain a non-null value when exiting constructor. Consider adding the 'required' modifier or declaring the property as nullable. [C:\Users\richa\source\repos\VideoForensics\src\providers\ring\common\VideoForensics.Providers.Ring.Common.csproj]
C:\Users\richa\source\repos\VideoForensics\src\providers\ring\common\Entities\RingtonesResponse.cs(15,31): warning CS8618: Non-nullable property 'Ringtones' must contain a non-null value when exiting constructor. Consider adding the 'required' modifier or declaring the property as nullable. [C:\Users\richa\source\repos\VideoForensics\src\providers\ring\common\VideoForensics.Providers.Ring.Common.csproj]
C:\Users\richa\source\repos\VideoForensics\src\providers\ring\common\Entities\RingtonesResponse.cs(18,23): warning CS8618: Non-nullable property 'DefaultDingId' must contain a non-null value when exiting constructor. Consider adding the 'required' modifier or declaring the property as nullable. [C:\Users\richa\source\repos\VideoForensics\src\providers\ring\common\VideoForensics.Providers.Ring.Common.csproj]
C:\Users\richa\source\repos\VideoForensics\src\providers\ring\common\Entities\RingtonesResponse.cs(21,23): warning CS8618: Non-nullable property 'DefaultDingUserId' must contain a non-null value when exiting constructor. Consider adding the 'required' modifier or declaring the property as nullable. [C:\Users\richa\source\repos\VideoForensics\src\providers\ring\common\VideoForensics.Providers.Ring.Common.csproj]
C:\Users\richa\source\repos\VideoForensics\src\providers\ring\common\Entities\RingtonesResponse.cs(24,23): warning CS8618: Non-nullable property 'DefaultMotionId' must contain a non-null value when exiting constructor. Consider adding the 'required' modifier or declaring the property as nullable. [C:\Users\richa\source\repos\VideoForensics\src\providers\ring\common\VideoForensics.Providers.Ring.Common.csproj]
C:\Users\richa\source\repos\VideoForensics\src\providers\ring\common\Entities\RingtonesResponse.cs(27,23): warning CS8618: Non-nullable property 'DefaultMotionUserId' must contain a non-null value when exiting constructor. Consider adding the 'required' modifier or declaring the property as nullable. [C:\Users\richa\source\repos\VideoForensics\src\providers\ring\common\VideoForensics.Providers.Ring.Common.csproj]
C:\Users\richa\source\repos\VideoForensics\src\providers\ring\common\Entities\RingtonesResponse.cs(30,23): warning CS8618: Non-nullable property 'DefaultAlarmUserId' must contain a non-null value when exiting constructor. Consider adding the 'required' modifier or declaring the property as nullable. [C:\Users\richa\source\repos\VideoForensics\src\providers\ring\common\VideoForensics.Providers.Ring.Common.csproj]
C:\Users\richa\source\repos\VideoForensics\src\providers\ring\common\Entities\RingtonesResponse.cs(33,23): warning CS8618: Non-nullable property 'DefaultChirpUserId' must contain a non-null value when exiting constructor. Consider adding the 'required' modifier or declaring the property as nullable. [C:\Users\richa\source\repos\VideoForensics\src\providers\ring\common\VideoForensics.Providers.Ring.Common.csproj]
C:\Users\richa\source\repos\VideoForensics\src\providers\ring\common\Entities\RingtonesResponse.cs(36,23): warning CS8618: Non-nullable property 'DefaultAppstoreUserId' must contain a non-null value when exiting constructor. Consider adding the 'required' modifier or declaring the property as nullable. [C:\Users\richa\source\repos\VideoForensics\src\providers\ring\common\VideoForensics.Providers.Ring.Common.csproj]
C:\Users\richa\source\repos\VideoForensics\src\providers\ring\common\Entities\DownloadedEventRecord.cs(18,38): warning CS8618: Non-nullable property 'Event' must contain a non-null value when exiting constructor. Consider adding the 'required' modifier or declaring the property as nullable. [C:\Users\richa\source\repos\VideoForensics\src\providers\ring\common\VideoForensics.Providers.Ring.Common.csproj]
C:\Users\richa\source\repos\VideoForensics\src\providers\ring\common\Entities\DownloadedEventRecord.cs(24,35): warning CS8618: Non-nullable property 'File' must contain a non-null value when exiting constructor. Consider adding the 'required' modifier or declaring the property as nullable. [C:\Users\richa\source\repos\VideoForensics\src\providers\ring\common\VideoForensics.Providers.Ring.Common.csproj]
C:\Users\richa\source\repos\VideoForensics\src\providers\ring\common\Entities\DownloadedEventRecord.cs(30,37): warning CS8618: Non-nullable property 'DeviceHealth' must contain a non-null value when exiting constructor. Consider adding the 'required' modifier or declaring the property as nullable. [C:\Users\richa\source\repos\VideoForensics\src\providers\ring\common\VideoForensics.Providers.Ring.Common.csproj]
C:\Users\richa\source\repos\VideoForensics\src\providers\ring\common\Entities\DownloadedEventRecord.cs(37,37): warning CS8618: Non-nullable property 'DeviceConfig' must contain a non-null value when exiting constructor. Consider adding the 'required' modifier or declaring the property as nullable. [C:\Users\richa\source\repos\VideoForensics\src\providers\ring\common\VideoForensics.Providers.Ring.Common.csproj]
C:\Users\richa\source\repos\VideoForensics\src\providers\ring\common\Entities\DownloadedEventRecord.cs(43,31): warning CS8618: Non-nullable property 'Device' must contain a non-null value when exiting constructor. Consider adding the 'required' modifier or declaring the property as nullable. [C:\Users\richa\source\repos\VideoForensics\src\providers\ring\common\VideoForensics.Providers.Ring.Common.csproj]
C:\Users\richa\source\repos\VideoForensics\src\providers\ring\common\Entities\DownloadedEventRecord.cs(50,33): warning CS8618: Non-nullable property 'Location' must contain a non-null value when exiting constructor. Consider adding the 'required' modifier or declaring the property as nullable. [C:\Users\richa\source\repos\VideoForensics\src\providers\ring\common\VideoForensics.Providers.Ring.Common.csproj]
C:\Users\richa\source\repos\VideoForensics\src\providers\ring\common\Entities\DownloadedEventRecord.cs(57,32): warning CS8618: Non-nullable property 'Account' must contain a non-null value when exiting constructor. Consider adding the 'required' modifier or declaring the property as nullable. [C:\Users\richa\source\repos\VideoForensics\src\providers\ring\common\VideoForensics.Providers.Ring.Common.csproj]
C:\Users\richa\source\repos\VideoForensics\src\providers\ring\common\Entities\DownloadedEventRecord.cs(64,35): warning CS8618: Non-nullable property 'AiAnalysis' must contain a non-null value when exiting constructor. Consider adding the 'required' modifier or declaring the property as nullable. [C:\Users\richa\source\repos\VideoForensics\src\providers\ring\common\VideoForensics.Providers.Ring.Common.csproj]
C:\Users\richa\source\repos\VideoForensics\src\providers\ring\common\Entities\DownloadedEventRecord.cs(70,39): warning CS8618: Non-nullable property 'Download' must contain a non-null value when exiting constructor. Consider adding the 'required' modifier or declaring the property as nullable. [C:\Users\richa\source\repos\VideoForensics\src\providers\ring\common\VideoForensics.Providers.Ring.Common.csproj]
C:\Users\richa\source\repos\VideoForensics\src\providers\ring\common\Entities\Ringtone.cs(16,23): warning CS8618: Non-nullable property 'Id' must contain a non-null value when exiting constructor. Consider adding the 'required' modifier or declaring the property as nullable. [C:\Users\richa\source\repos\VideoForensics\src\providers\ring\common\VideoForensics.Providers.Ring.Common.csproj]
C:\Users\richa\source\repos\VideoForensics\src\providers\ring\common\Entities\Ringtone.cs(20,23): warning CS8618: Non-nullable property 'Description' must contain a non-null value when exiting constructor. Consider adding the 'required' modifier or declaring the property as nullable. [C:\Users\richa\source\repos\VideoForensics\src\providers\ring\common\VideoForensics.Providers.Ring.Common.csproj]
C:\Users\richa\source\repos\VideoForensics\src\providers\ring\common\Entities\Ringtone.cs(24,23): warning CS8618: Non-nullable property 'Kind' must contain a non-null value when exiting constructor. Consider adding the 'required' modifier or declaring the property as nullable. [C:\Users\richa\source\repos\VideoForensics\src\providers\ring\common\VideoForensics.Providers.Ring.Common.csproj]
C:\Users\richa\source\repos\VideoForensics\src\providers\ring\common\Entities\Ringtone.cs(28,23): warning CS8618: Non-nullable property 'Category' must contain a non-null value when exiting constructor. Consider adding the 'required' modifier or declaring the property as nullable. [C:\Users\richa\source\repos\VideoForensics\src\providers\ring\common\VideoForensics.Providers.Ring.Common.csproj]
C:\Users\richa\source\repos\VideoForensics\src\providers\ring\common\Entities\Ringtone.cs(44,29): warning CS8618: Non-nullable property 'SupportedDeviceKinds' must contain a non-null value when exiting constructor. Consider adding the 'required' modifier or declaring the property as nullable. [C:\Users\richa\source\repos\VideoForensics\src\providers\ring\common\VideoForensics.Providers.Ring.Common.csproj]
C:\Users\richa\source\repos\VideoForensics\src\providers\ring\common\Entities\Ringtone.cs(48,23): warning CS8618: Non-nullable property 'Url' must contain a non-null value when exiting constructor. Consider adding the 'required' modifier or declaring the property as nullable. [C:\Users\richa\source\repos\VideoForensics\src\providers\ring\common\VideoForensics.Providers.Ring.Common.csproj]
C:\Users\richa\source\repos\VideoForensics\src\providers\ring\common\Entities\Ringtone.cs(52,23): warning CS8618: Non-nullable property 'UrlAmz' must contain a non-null value when exiting constructor. Consider adding the 'required' modifier or declaring the property as nullable. [C:\Users\richa\source\repos\VideoForensics\src\providers\ring\common\VideoForensics.Providers.Ring.Common.csproj]
C:\Users\richa\source\repos\VideoForensics\src\providers\ring\common\Entities\Ringtone.cs(56,23): warning CS8618: Non-nullable property 'UserId' must contain a non-null value when exiting constructor. Consider adding the 'required' modifier or declaring the property as nullable. [C:\Users\richa\source\repos\VideoForensics\src\providers\ring\common\VideoForensics.Providers.Ring.Common.csproj]
C:\Users\richa\source\repos\VideoForensics\src\providers\ring\common\Entities\Profile.cs(51,24): warning CS8618: Non-nullable property 'Profile' must contain a non-null value when exiting constructor. Consider adding the 'required' modifier or declaring the property as nullable. [C:\Users\richa\source\repos\VideoForensics\src\providers\ring\common\VideoForensics.Providers.Ring.Common.csproj]
C:\Users\richa\source\repos\VideoForensics\src\providers\ring\common\Entities\DownloadedEventRecord.cs(169,23): warning CS8618: Non-nullable property 'Kind' must contain a non-null value when exiting constructor. Consider adding the 'required' modifier or declaring the property as nullable. [C:\Users\richa\source\repos\VideoForensics\src\providers\ring\common\VideoForensics.Providers.Ring.Common.csproj]
C:\Users\richa\source\repos\VideoForensics\src\providers\ring\common\Entities\DownloadedEventRecord.cs(178,23): warning CS8618: Non-nullable property 'SnapshotUrl' must contain a non-null value when exiting constructor. Consider adding the 'required' modifier or declaring the property as nullable. [C:\Users\richa\source\repos\VideoForensics\src\providers\ring\common\VideoForensics.Providers.Ring.Common.csproj]
C:\Users\richa\source\repos\VideoForensics\src\providers\ring\common\Entities\DownloadedEventRecord.cs(181,23): warning CS8618: Non-nullable property 'RecordingStatus' must contain a non-null value when exiting constructor. Consider adding the 'required' modifier or declaring the property as nullable. [C:\Users\richa\source\repos\VideoForensics\src\providers\ring\common\VideoForensics.Providers.Ring.Common.csproj]
C:\Users\richa\source\repos\VideoForensics\src\providers\ring\common\Entities\Profile.cs(16,23): warning CS8618: Non-nullable property 'Email' must contain a non-null value when exiting constructor. Consider adding the 'required' modifier or declaring the property as nullable. [C:\Users\richa\source\repos\VideoForensics\src\providers\ring\common\VideoForensics.Providers.Ring.Common.csproj]
C:\Users\richa\source\repos\VideoForensics\src\providers\ring\common\Entities\Profile.cs(19,23): warning CS8618: Non-nullable property 'FirstName' must contain a non-null value when exiting constructor. Consider adding the 'required' modifier or declaring the property as nullable. [C:\Users\richa\source\repos\VideoForensics\src\providers\ring\common\VideoForensics.Providers.Ring.Common.csproj]
C:\Users\richa\source\repos\VideoForensics\src\providers\ring\common\Entities\Profile.cs(22,23): warning CS8618: Non-nullable property 'LastName' must contain a non-null value when exiting constructor. Consider adding the 'required' modifier or declaring the property as nullable. [C:\Users\richa\source\repos\VideoForensics\src\providers\ring\common\VideoForensics.Providers.Ring.Common.csproj]
C:\Users\richa\source\repos\VideoForensics\src\providers\ring\common\Entities\Profile.cs(27,23): warning CS8618: Non-nullable property 'PhoneNumber' must contain a non-null value when exiting constructor. Consider adding the 'required' modifier or declaring the property as nullable. [C:\Users\richa\source\repos\VideoForensics\src\providers\ring\common\VideoForensics.Providers.Ring.Common.csproj]
C:\Users\richa\source\repos\VideoForensics\src\providers\ring\common\Entities\Profile.cs(30,23): warning CS8618: Non-nullable property 'AuthenticationToken' must contain a non-null value when exiting constructor. Consider adding the 'required' modifier or declaring the property as nullable. [C:\Users\richa\source\repos\VideoForensics\src\providers\ring\common\VideoForensics.Providers.Ring.Common.csproj]
C:\Users\richa\source\repos\VideoForensics\src\providers\ring\common\Entities\Profile.cs(33,32): warning CS8618: Non-nullable property 'Features' must contain a non-null value when exiting constructor. Consider adding the 'required' modifier or declaring the property as nullable. [C:\Users\richa\source\repos\VideoForensics\src\providers\ring\common\VideoForensics.Providers.Ring.Common.csproj]
C:\Users\richa\source\repos\VideoForensics\src\providers\ring\common\Entities\Profile.cs(36,23): warning CS8618: Non-nullable property 'AppBrand' must contain a non-null value when exiting constructor. Consider adding the 'required' modifier or declaring the property as nullable. [C:\Users\richa\source\repos\VideoForensics\src\providers\ring\common\VideoForensics.Providers.Ring.Common.csproj]
C:\Users\richa\source\repos\VideoForensics\src\providers\ring\common\Entities\Profile.cs(39,23): warning CS8618: Non-nullable property 'UserFlow' must contain a non-null value when exiting constructor. Consider adding the 'required' modifier or declaring the property as nullable. [C:\Users\richa\source\repos\VideoForensics\src\providers\ring\common\VideoForensics.Providers.Ring.Common.csproj]
C:\Users\richa\source\repos\VideoForensics\src\providers\ring\common\Entities\Profile.cs(42,23): warning CS8618: Non-nullable property 'ExplorerProgramTerms' must contain a non-null value when exiting constructor. Consider adding the 'required' modifier or declaring the property as nullable. [C:\Users\richa\source\repos\VideoForensics\src\providers\ring\common\VideoForensics.Providers.Ring.Common.csproj]
C:\Users\richa\source\repos\VideoForensics\src\providers\ring\common\Entities\DownloadedEventRecord.cs(190,23): warning CS8618: Non-nullable property 'Path' must contain a non-null value when exiting constructor. Consider adding the 'required' modifier or declaring the property as nullable. [C:\Users\richa\source\repos\VideoForensics\src\providers\ring\common\VideoForensics.Providers.Ring.Common.csproj]
C:\Users\richa\source\repos\VideoForensics\src\providers\ring\common\Entities\DownloadedEventRecord.cs(193,23): warning CS8618: Non-nullable property 'Filename' must contain a non-null value when exiting constructor. Consider adding the 'required' modifier or declaring the property as nullable. [C:\Users\richa\source\repos\VideoForensics\src\providers\ring\common\VideoForensics.Providers.Ring.Common.csproj]
C:\Users\richa\source\repos\VideoForensics\src\providers\ring\common\Entities\DownloadedEventRecord.cs(209,23): warning CS8618: Non-nullable property 'Sha256Hash' must contain a non-null value when exiting constructor. Consider adding the 'required' modifier or declaring the property as nullable. [C:\Users\richa\source\repos\VideoForensics\src\providers\ring\common\VideoForensics.Providers.Ring.Common.csproj]
C:\Users\richa\source\repos\VideoForensics\src\providers\ring\common\Entities\DownloadedEventRecord.cs(213,23): warning CS8618: Non-nullable property 'VideoCodec' must contain a non-null value when exiting constructor. Consider adding the 'required' modifier or declaring the property as nullable. [C:\Users\richa\source\repos\VideoForensics\src\providers\ring\common\VideoForensics.Providers.Ring.Common.csproj]
C:\Users\richa\source\repos\VideoForensics\src\providers\ring\common\Entities\DownloadedEventRecord.cs(217,23): warning CS8618: Non-nullable property 'AudioCodec' must contain a non-null value when exiting constructor. Consider adding the 'required' modifier or declaring the property as nullable. [C:\Users\richa\source\repos\VideoForensics\src\providers\ring\common\VideoForensics.Providers.Ring.Common.csproj]
C:\Users\richa\source\repos\VideoForensics\src\providers\ring\common\Entities\DownloadedEventRecord.cs(221,23): warning CS8618: Non-nullable property 'Resolution' must contain a non-null value when exiting constructor. Consider adding the 'required' modifier or declaring the property as nullable. [C:\Users\richa\source\repos\VideoForensics\src\providers\ring\common\VideoForensics.Providers.Ring.Common.csproj]
C:\Users\richa\source\repos\VideoForensics\src\providers\ring\common\Entities\DownloadedEventRecord.cs(225,23): warning CS8618: Non-nullable property 'FrameRate' must contain a non-null value when exiting constructor. Consider adding the 'required' modifier or declaring the property as nullable. [C:\Users\richa\source\repos\VideoForensics\src\providers\ring\common\VideoForensics.Providers.Ring.Common.csproj]
C:\Users\richa\source\repos\VideoForensics\src\providers\ring\common\Entities\Owner.cs(11,23): warning CS8618: Non-nullable property 'FirstName' must contain a non-null value when exiting constructor. Consider adding the 'required' modifier or declaring the property as nullable. [C:\Users\richa\source\repos\VideoForensics\src\providers\ring\common\VideoForensics.Providers.Ring.Common.csproj]
C:\Users\richa\source\repos\VideoForensics\src\providers\ring\common\Entities\Owner.cs(14,23): warning CS8618: Non-nullable property 'LastName' must contain a non-null value when exiting constructor. Consider adding the 'required' modifier or declaring the property as nullable. [C:\Users\richa\source\repos\VideoForensics\src\providers\ring\common\VideoForensics.Providers.Ring.Common.csproj]
C:\Users\richa\source\repos\VideoForensics\src\providers\ring\common\Entities\Owner.cs(17,23): warning CS8618: Non-nullable property 'Email' must contain a non-null value when exiting constructor. Consider adding the 'required' modifier or declaring the property as nullable. [C:\Users\richa\source\repos\VideoForensics\src\providers\ring\common\VideoForensics.Providers.Ring.Common.csproj]
C:\Users\richa\source\repos\VideoForensics\src\providers\ring\common\Entities\DownloadedEventRecord.cs(240,23): warning CS8618: Non-nullable property 'BatteryPercentageCategory' must contain a non-null value when exiting constructor. Consider adding the 'required' modifier or declaring the property as nullable. [C:\Users\richa\source\repos\VideoForensics\src\providers\ring\common\VideoForensics.Providers.Ring.Common.csproj]
C:\Users\richa\source\repos\VideoForensics\src\providers\ring\common\Entities\DownloadedEventRecord.cs(246,23): warning CS8618: Non-nullable property 'BatteryVoltageCategory' must contain a non-null value when exiting constructor. Consider adding the 'required' modifier or declaring the property as nullable. [C:\Users\richa\source\repos\VideoForensics\src\providers\ring\common\VideoForensics.Providers.Ring.Common.csproj]
C:\Users\richa\source\repos\VideoForensics\src\providers\ring\common\Entities\DownloadedEventRecord.cs(258,23): warning CS8618: Non-nullable property 'RssiCategory' must contain a non-null value when exiting constructor. Consider adding the 'required' modifier or declaring the property as nullable. [C:\Users\richa\source\repos\VideoForensics\src\providers\ring\common\VideoForensics.Providers.Ring.Common.csproj]
C:\Users\richa\source\repos\VideoForensics\src\providers\ring\common\Entities\DownloadedEventRecord.cs(264,23): warning CS8618: Non-nullable property 'LatestSignalCategory' must contain a non-null value when exiting constructor. Consider adding the 'required' modifier or declaring the property as nullable. [C:\Users\richa\source\repos\VideoForensics\src\providers\ring\common\VideoForensics.Providers.Ring.Common.csproj]
C:\Users\richa\source\repos\VideoForensics\src\providers\ring\common\Entities\DownloadedEventRecord.cs(270,23): warning CS8618: Non-nullable property 'AverageSignalCategory' must contain a non-null value when exiting constructor. Consider adding the 'required' modifier or declaring the property as nullable. [C:\Users\richa\source\repos\VideoForensics\src\providers\ring\common\VideoForensics.Providers.Ring.Common.csproj]
C:\Users\richa\source\repos\VideoForensics\src\providers\ring\common\Entities\DownloadedEventRecord.cs(276,23): warning CS8618: Non-nullable property 'PacketLossCategory' must contain a non-null value when exiting constructor. Consider adding the 'required' modifier or declaring the property as nullable. [C:\Users\richa\source\repos\VideoForensics\src\providers\ring\common\VideoForensics.Providers.Ring.Common.csproj]
C:\Users\richa\source\repos\VideoForensics\src\providers\ring\common\Entities\DownloadedEventRecord.cs(279,23): warning CS8618: Non-nullable property 'WifiName' must contain a non-null value when exiting constructor. Consider adding the 'required' modifier or declaring the property as nullable. [C:\Users\richa\source\repos\VideoForensics\src\providers\ring\common\VideoForensics.Providers.Ring.Common.csproj]
C:\Users\richa\source\repos\VideoForensics\src\providers\ring\common\Entities\DownloadedEventRecord.cs(285,23): warning CS8618: Non-nullable property 'FirmwareVersion' must contain a non-null value when exiting constructor. Consider adding the 'required' modifier or declaring the property as nullable. [C:\Users\richa\source\repos\VideoForensics\src\providers\ring\common\VideoForensics.Providers.Ring.Common.csproj]
C:\Users\richa\source\repos\VideoForensics\src\providers\ring\common\Entities\DownloadedEventRecord.cs(288,23): warning CS8618: Non-nullable property 'FirmwareVersionStatus' must contain a non-null value when exiting constructor. Consider adding the 'required' modifier or declaring the property as nullable. [C:\Users\richa\source\repos\VideoForensics\src\providers\ring\common\VideoForensics.Providers.Ring.Common.csproj]
C:\Users\richa\source\repos\VideoForensics\src\providers\ring\common\Entities\DownloadedEventRecord.cs(291,23): warning CS8618: Non-nullable property 'OtaStatus' must contain a non-null value when exiting constructor. Consider adding the 'required' modifier or declaring the property as nullable. [C:\Users\richa\source\repos\VideoForensics\src\providers\ring\common\VideoForensics.Providers.Ring.Common.csproj]
C:\Users\richa\source\repos\VideoForensics\src\providers\ring\common\Entities\OAuthToken.cs(15,23): warning CS8618: Non-nullable property 'AccessToken' must contain a non-null value when exiting constructor. Consider adding the 'required' modifier or declaring the property as nullable. [C:\Users\richa\source\repos\VideoForensics\src\providers\ring\common\VideoForensics.Providers.Ring.Common.csproj]
C:\Users\richa\source\repos\VideoForensics\src\providers\ring\common\Entities\OAuthToken.cs(21,23): warning CS8618: Non-nullable property 'TokenType' must contain a non-null value when exiting constructor. Consider adding the 'required' modifier or declaring the property as nullable. [C:\Users\richa\source\repos\VideoForensics\src\providers\ring\common\VideoForensics.Providers.Ring.Common.csproj]
C:\Users\richa\source\repos\VideoForensics\src\providers\ring\common\Entities\OAuthToken.cs(43,23): warning CS8618: Non-nullable property 'RefreshToken' must contain a non-null value when exiting constructor. Consider adding the 'required' modifier or declaring the property as nullable. [C:\Users\richa\source\repos\VideoForensics\src\providers\ring\common\VideoForensics.Providers.Ring.Common.csproj]
C:\Users\richa\source\repos\VideoForensics\src\providers\ring\common\Entities\OAuthToken.cs(49,23): warning CS8618: Non-nullable property 'Scope' must contain a non-null value when exiting constructor. Consider adding the 'required' modifier or declaring the property as nullable. [C:\Users\richa\source\repos\VideoForensics\src\providers\ring\common\VideoForensics.Providers.Ring.Common.csproj]
C:\Users\richa\source\repos\VideoForensics\src\providers\ring\common\Entities\MotionZone.cs(23,39): warning CS8618: Non-nullable property 'AdvancedObjectSettings' must contain a non-null value when exiting constructor. Consider adding the 'required' modifier or declaring the property as nullable. [C:\Users\richa\source\repos\VideoForensics\src\providers\ring\common\VideoForensics.Providers.Ring.Common.csproj]
C:\Users\richa\source\repos\VideoForensics\src\providers\ring\common\Entities\MotionZone.cs(27,21): warning CS8618: Non-nullable property 'Zone1' must contain a non-null value when exiting constructor. Consider adding the 'required' modifier or declaring the property as nullable. [C:\Users\richa\source\repos\VideoForensics\src\providers\ring\common\VideoForensics.Providers.Ring.Common.csproj]
C:\Users\richa\source\repos\VideoForensics\src\providers\ring\common\Entities\MotionZone.cs(31,21): warning CS8618: Non-nullable property 'Zone2' must contain a non-null value when exiting constructor. Consider adding the 'required' modifier or declaring the property as nullable. [C:\Users\richa\source\repos\VideoForensics\src\providers\ring\common\VideoForensics.Providers.Ring.Common.csproj]
C:\Users\richa\source\repos\VideoForensics\src\providers\ring\common\Entities\MotionZone.cs(35,21): warning CS8618: Non-nullable property 'Zone3' must contain a non-null value when exiting constructor. Consider adding the 'required' modifier or declaring the property as nullable. [C:\Users\richa\source\repos\VideoForensics\src\providers\ring\common\VideoForensics.Providers.Ring.Common.csproj]
C:\Users\richa\source\repos\VideoForensics\src\providers\ring\common\Entities\MotionZone.cs(39,28): warning CS8618: Non-nullable property 'PirSettings' must contain a non-null value when exiting constructor. Consider adding the 'required' modifier or declaring the property as nullable. [C:\Users\richa\source\repos\VideoForensics\src\providers\ring\common\VideoForensics.Providers.Ring.Common.csproj]
C:\Users\richa\source\repos\VideoForensics\src\providers\ring\common\Entities\LocationMode.cs(17,23): warning CS8618: Non-nullable property 'Mode' must contain a non-null value when exiting constructor. Consider adding the 'required' modifier or declaring the property as nullable. [C:\Users\richa\source\repos\VideoForensics\src\providers\ring\common\VideoForensics.Providers.Ring.Common.csproj]
C:\Users\richa\source\repos\VideoForensics\src\providers\ring\common\Entities\LocationEventsResponse.cs(268,23): warning CS8618: Non-nullable property 'TriggerType' must contain a non-null value when exiting constructor. Consider adding the 'required' modifier or declaring the property as nullable. [C:\Users\richa\source\repos\VideoForensics\src\providers\ring\common\VideoForensics.Providers.Ring.Common.csproj]
C:\Users\richa\source\repos\VideoForensics\src\providers\ring\common\Entities\LocationEventsResponse.cs(271,23): warning CS8618: Non-nullable property 'AlarmState' must contain a non-null value when exiting constructor. Consider adding the 'required' modifier or declaring the property as nullable. [C:\Users\richa\source\repos\VideoForensics\src\providers\ring\common\VideoForensics.Providers.Ring.Common.csproj]
C:\Users\richa\source\repos\VideoForensics\src\providers\ring\common\Entities\DownloadedEventRecord.cs(339,23): warning CS8618: Non-nullable property 'DeviceId' must contain a non-null value when exiting constructor. Consider adding the 'required' modifier or declaring the property as nullable. [C:\Users\richa\source\repos\VideoForensics\src\providers\ring\common\VideoForensics.Providers.Ring.Common.csproj]
C:\Users\richa\source\repos\VideoForensics\src\providers\ring\common\Entities\DownloadedEventRecord.cs(342,23): warning CS8618: Non-nullable property 'Description' must contain a non-null value when exiting constructor. Consider adding the 'required' modifier or declaring the property as nullable. [C:\Users\richa\source\repos\VideoForensics\src\providers\ring\common\VideoForensics.Providers.Ring.Common.csproj]
C:\Users\richa\source\repos\VideoForensics\src\providers\ring\common\Entities\DownloadedEventRecord.cs(345,23): warning CS8618: Non-nullable property 'Kind' must contain a non-null value when exiting constructor. Consider adding the 'required' modifier or declaring the property as nullable. [C:\Users\richa\source\repos\VideoForensics\src\providers\ring\common\VideoForensics.Providers.Ring.Common.csproj]
C:\Users\richa\source\repos\VideoForensics\src\providers\ring\common\Entities\DownloadedEventRecord.cs(348,23): warning CS8618: Non-nullable property 'Type' must contain a non-null value when exiting constructor. Consider adding the 'required' modifier or declaring the property as nullable. [C:\Users\richa\source\repos\VideoForensics\src\providers\ring\common\VideoForensics.Providers.Ring.Common.csproj]
C:\Users\richa\source\repos\VideoForensics\src\providers\ring\common\Entities\DownloadedEventRecord.cs(351,23): warning CS8618: Non-nullable property 'FirmwareVersion' must contain a non-null value when exiting constructor. Consider adding the 'required' modifier or declaring the property as nullable. [C:\Users\richa\source\repos\VideoForensics\src\providers\ring\common\VideoForensics.Providers.Ring.Common.csproj]
C:\Users\richa\source\repos\VideoForensics\src\providers\ring\common\Entities\DownloadedEventRecord.cs(357,23): warning CS8618: Non-nullable property 'Timezone' must contain a non-null value when exiting constructor. Consider adding the 'required' modifier or declaring the property as nullable. [C:\Users\richa\source\repos\VideoForensics\src\providers\ring\common\VideoForensics.Providers.Ring.Common.csproj]
C:\Users\richa\source\repos\VideoForensics\src\providers\ring\common\Entities\DownloadedEventRecord.cs(360,23): warning CS8618: Non-nullable property 'Address' must contain a non-null value when exiting constructor. Consider adding the 'required' modifier or declaring the property as nullable. [C:\Users\richa\source\repos\VideoForensics\src\providers\ring\common\VideoForensics.Providers.Ring.Common.csproj]
C:\Users\richa\source\repos\VideoForensics\src\providers\ring\common\Entities\LocationEventsResponse.cs(253,23): warning CS8618: Non-nullable property 'Name' must contain a non-null value when exiting constructor. Consider adding the 'required' modifier or declaring the property as nullable. [C:\Users\richa\source\repos\VideoForensics\src\providers\ring\common\VideoForensics.Providers.Ring.Common.csproj]
C:\Users\richa\source\repos\VideoForensics\src\providers\ring\common\Entities\LocationEventsResponse.cs(223,23): warning CS8618: Non-nullable property 'SubscriptionId' must contain a non-null value when exiting constructor. Consider adding the 'required' modifier or declaring the property as nullable. [C:\Users\richa\source\repos\VideoForensics\src\providers\ring\common\VideoForensics.Providers.Ring.Common.csproj]
C:\Users\richa\source\repos\VideoForensics\src\providers\ring\common\Entities\LocationEventsResponse.cs(226,23): warning CS8618: Non-nullable property 'SubscriptionType' must contain a non-null value when exiting constructor. Consider adding the 'required' modifier or declaring the property as nullable. [C:\Users\richa\source\repos\VideoForensics\src\providers\ring\common\VideoForensics.Providers.Ring.Common.csproj]
C:\Users\richa\source\repos\VideoForensics\src\providers\ring\common\Entities\DoorbotHistoryEventRecording.cs(8,23): warning CS8618: Non-nullable property 'Status' must contain a non-null value when exiting constructor. Consider adding the 'required' modifier or declaring the property as nullable. [C:\Users\richa\source\repos\VideoForensics\src\providers\ring\common\VideoForensics.Providers.Ring.Common.csproj]
C:\Users\richa\source\repos\VideoForensics\src\providers\ring\common\Entities\LocationEventsResponse.cs(214,23): warning CS8618: Non-nullable property 'Source' must contain a non-null value when exiting constructor. Consider adding the 'required' modifier or declaring the property as nullable. [C:\Users\richa\source\repos\VideoForensics\src\providers\ring\common\VideoForensics.Providers.Ring.Common.csproj]
C:\Users\richa\source\repos\VideoForensics\src\providers\ring\common\Entities\DownloadedEventRecord.cs(402,23): warning CS8618: Non-nullable property 'Email' must contain a non-null value when exiting constructor. Consider adding the 'required' modifier or declaring the property as nullable. [C:\Users\richa\source\repos\VideoForensics\src\providers\ring\common\VideoForensics.Providers.Ring.Common.csproj]
C:\Users\richa\source\repos\VideoForensics\src\providers\ring\common\Entities\DownloadedEventRecord.cs(405,23): warning CS8618: Non-nullable property 'FirstName' must contain a non-null value when exiting constructor. Consider adding the 'required' modifier or declaring the property as nullable. [C:\Users\richa\source\repos\VideoForensics\src\providers\ring\common\VideoForensics.Providers.Ring.Common.csproj]
C:\Users\richa\source\repos\VideoForensics\src\providers\ring\common\Entities\DownloadedEventRecord.cs(408,23): warning CS8618: Non-nullable property 'LastName' must contain a non-null value when exiting constructor. Consider adding the 'required' modifier or declaring the property as nullable. [C:\Users\richa\source\repos\VideoForensics\src\providers\ring\common\VideoForensics.Providers.Ring.Common.csproj]
C:\Users\richa\source\repos\VideoForensics\src\providers\ring\common\Entities\LocationEventsResponse.cs(187,23): warning CS8618: Non-nullable property 'Room' must contain a non-null value when exiting constructor. Consider adding the 'required' modifier or declaring the property as nullable. [C:\Users\richa\source\repos\VideoForensics\src\providers\ring\common\VideoForensics.Providers.Ring.Common.csproj]
C:\Users\richa\source\repos\VideoForensics\src\providers\ring\common\Entities\LocationEventsResponse.cs(190,23): warning CS8618: Non-nullable property 'Area' must contain a non-null value when exiting constructor. Consider adding the 'required' modifier or declaring the property as nullable. [C:\Users\richa\source\repos\VideoForensics\src\providers\ring\common\VideoForensics.Providers.Ring.Common.csproj]
C:\Users\richa\source\repos\VideoForensics\src\providers\ring\common\Entities\LocationEventsResponse.cs(193,23): warning CS8618: Non-nullable property 'ZoneId' must contain a non-null value when exiting constructor. Consider adding the 'required' modifier or declaring the property as nullable. [C:\Users\richa\source\repos\VideoForensics\src\providers\ring\common\VideoForensics.Providers.Ring.Common.csproj]
C:\Users\richa\source\repos\VideoForensics\src\providers\ring\common\Entities\DownloadedEventRecord.cs(417,23): warning CS8618: Non-nullable property 'Email' must contain a non-null value when exiting constructor. Consider adding the 'required' modifier or declaring the property as nullable. [C:\Users\richa\source\repos\VideoForensics\src\providers\ring\common\VideoForensics.Providers.Ring.Common.csproj]
C:\Users\richa\source\repos\VideoForensics\src\providers\ring\common\Entities\DownloadedEventRecord.cs(420,23): warning CS8618: Non-nullable property 'FirstName' must contain a non-null value when exiting constructor. Consider adding the 'required' modifier or declaring the property as nullable. [C:\Users\richa\source\repos\VideoForensics\src\providers\ring\common\VideoForensics.Providers.Ring.Common.csproj]
C:\Users\richa\source\repos\VideoForensics\src\providers\ring\common\Entities\DownloadedEventRecord.cs(423,23): warning CS8618: Non-nullable property 'LastName' must contain a non-null value when exiting constructor. Consider adding the 'required' modifier or declaring the property as nullable. [C:\Users\richa\source\repos\VideoForensics\src\providers\ring\common\VideoForensics.Providers.Ring.Common.csproj]
C:\Users\richa\source\repos\VideoForensics\src\providers\ring\common\Entities\DownloadedEventRecord.cs(427,23): warning CS8618: Non-nullable property 'PhoneNumber' must contain a non-null value when exiting constructor. Consider adding the 'required' modifier or declaring the property as nullable. [C:\Users\richa\source\repos\VideoForensics\src\providers\ring\common\VideoForensics.Providers.Ring.Common.csproj]
C:\Users\richa\source\repos\VideoForensics\src\providers\ring\common\Entities\DownloadedEventRecord.cs(431,23): warning CS8618: Non-nullable property 'SubscriptionLevel' must contain a non-null value when exiting constructor. Consider adding the 'required' modifier or declaring the property as nullable. [C:\Users\richa\source\repos\VideoForensics\src\providers\ring\common\VideoForensics.Providers.Ring.Common.csproj]
C:\Users\richa\source\repos\VideoForensics\src\providers\ring\common\Entities\LocationEventsResponse.cs(154,23): warning CS8618: Non-nullable property 'Description' must contain a non-null value when exiting constructor. Consider adding the 'required' modifier or declaring the property as nullable. [C:\Users\richa\source\repos\VideoForensics\src\providers\ring\common\VideoForensics.Providers.Ring.Common.csproj]
C:\Users\richa\source\repos\VideoForensics\src\providers\ring\common\Entities\LocationEventsResponse.cs(157,23): warning CS8618: Non-nullable property 'Type' must contain a non-null value when exiting constructor. Consider adding the 'required' modifier or declaring the property as nullable. [C:\Users\richa\source\repos\VideoForensics\src\providers\ring\common\VideoForensics.Providers.Ring.Common.csproj]
C:\Users\richa\source\repos\VideoForensics\src\providers\ring\common\Entities\DownloadedEventRecord.cs(443,23): warning CS8618: Non-nullable property 'DetectionType' must contain a non-null value when exiting constructor. Consider adding the 'required' modifier or declaring the property as nullable. [C:\Users\richa\source\repos\VideoForensics\src\providers\ring\common\VideoForensics.Providers.Ring.Common.csproj]
C:\Users\richa\source\repos\VideoForensics\src\providers\ring\common\Entities\DownloadedEventRecord.cs(447,29): warning CS8618: Non-nullable property 'DetectionTypes' must contain a non-null value when exiting constructor. Consider adding the 'required' modifier or declaring the property as nullable. [C:\Users\richa\source\repos\VideoForensics\src\providers\ring\common\VideoForensics.Providers.Ring.Common.csproj]
C:\Users\richa\source\repos\VideoForensics\src\providers\ring\common\Entities\DownloadedEventRecord.cs(460,23): warning CS8618: Non-nullable property 'FullDescription' must contain a non-null value when exiting constructor. Consider adding the 'required' modifier or declaring the property as nullable. [C:\Users\richa\source\repos\VideoForensics\src\providers\ring\common\VideoForensics.Providers.Ring.Common.csproj]
C:\Users\richa\source\repos\VideoForensics\src\providers\ring\common\Entities\DownloadedEventRecord.cs(464,23): warning CS8618: Non-nullable property 'ShortDescription' must contain a non-null value when exiting constructor. Consider adding the 'required' modifier or declaring the property as nullable. [C:\Users\richa\source\repos\VideoForensics\src\providers\ring\common\VideoForensics.Providers.Ring.Common.csproj]
C:\Users\richa\source\repos\VideoForensics\src\providers\ring\common\Entities\DownloadedEventRecord.cs(468,47): warning CS8618: Non-nullable property 'RecognizedPersons' must contain a non-null value when exiting constructor. Consider adding the 'required' modifier or declaring the property as nullable. [C:\Users\richa\source\repos\VideoForensics\src\providers\ring\common\VideoForensics.Providers.Ring.Common.csproj]
C:\Users\richa\source\repos\VideoForensics\src\providers\ring\common\Entities\DownloadedEventRecord.cs(472,29): warning CS8618: Non-nullable property 'SecurityAlerts' must contain a non-null value when exiting constructor. Consider adding the 'required' modifier or declaring the property as nullable. [C:\Users\richa\source\repos\VideoForensics\src\providers\ring\common\VideoForensics.Providers.Ring.Common.csproj]
C:\Users\richa\source\repos\VideoForensics\src\providers\ring\common\Entities\DownloadedEventRecord.cs(476,41): warning CS8618: Non-nullable property 'MotionZones' must contain a non-null value when exiting constructor. Consider adding the 'required' modifier or declaring the property as nullable. [C:\Users\richa\source\repos\VideoForensics\src\providers\ring\common\VideoForensics.Providers.Ring.Common.csproj]
C:\Users\richa\source\repos\VideoForensics\src\providers\ring\common\Entities\DownloadedEventRecord.cs(480,29): warning CS8618: Non-nullable property 'Tags' must contain a non-null value when exiting constructor. Consider adding the 'required' modifier or declaring the property as nullable. [C:\Users\richa\source\repos\VideoForensics\src\providers\ring\common\VideoForensics.Providers.Ring.Common.csproj]
C:\Users\richa\source\repos\VideoForensics\src\providers\ring\common\Entities\DownloadedEventRecord.cs(489,23): warning CS8618: Non-nullable property 'Id' must contain a non-null value when exiting constructor. Consider adding the 'required' modifier or declaring the property as nullable. [C:\Users\richa\source\repos\VideoForensics\src\providers\ring\common\VideoForensics.Providers.Ring.Common.csproj]
C:\Users\richa\source\repos\VideoForensics\src\providers\ring\common\Entities\DownloadedEventRecord.cs(492,23): warning CS8618: Non-nullable property 'Name' must contain a non-null value when exiting constructor. Consider adding the 'required' modifier or declaring the property as nullable. [C:\Users\richa\source\repos\VideoForensics\src\providers\ring\common\VideoForensics.Providers.Ring.Common.csproj]
C:\Users\richa\source\repos\VideoForensics\src\providers\ring\common\Entities\DownloadedEventRecord.cs(499,23): warning CS8618: Non-nullable property 'ThumbnailUrl' must contain a non-null value when exiting constructor. Consider adding the 'required' modifier or declaring the property as nullable. [C:\Users\richa\source\repos\VideoForensics\src\providers\ring\common\VideoForensics.Providers.Ring.Common.csproj]
C:\Users\richa\source\repos\VideoForensics\src\providers\ring\common\Entities\DownloadedEventRecord.cs(508,23): warning CS8618: Non-nullable property 'Id' must contain a non-null value when exiting constructor. Consider adding the 'required' modifier or declaring the property as nullable. [C:\Users\richa\source\repos\VideoForensics\src\providers\ring\common\VideoForensics.Providers.Ring.Common.csproj]
C:\Users\richa\source\repos\VideoForensics\src\providers\ring\common\Entities\DownloadedEventRecord.cs(511,23): warning CS8618: Non-nullable property 'Name' must contain a non-null value when exiting constructor. Consider adding the 'required' modifier or declaring the property as nullable. [C:\Users\richa\source\repos\VideoForensics\src\providers\ring\common\VideoForensics.Providers.Ring.Common.csproj]
C:\Users\richa\source\repos\VideoForensics\src\providers\ring\common\Entities\DownloadRecording.cs(14,23): warning CS8618: Non-nullable property 'Url' must contain a non-null value when exiting constructor. Consider adding the 'required' modifier or declaring the property as nullable. [C:\Users\richa\source\repos\VideoForensics\src\providers\ring\common\VideoForensics.Providers.Ring.Common.csproj]
C:\Users\richa\source\repos\VideoForensics\src\providers\ring\common\Entities\DownloadedEventRecord.cs(378,23): warning CS8618: Non-nullable property 'Name' must contain a non-null value when exiting constructor. Consider adding the 'required' modifier or declaring the property as nullable. [C:\Users\richa\source\repos\VideoForensics\src\providers\ring\common\VideoForensics.Providers.Ring.Common.csproj]
C:\Users\richa\source\repos\VideoForensics\src\providers\ring\common\Entities\DownloadedEventRecord.cs(381,23): warning CS8618: Non-nullable property 'Address' must contain a non-null value when exiting constructor. Consider adding the 'required' modifier or declaring the property as nullable. [C:\Users\richa\source\repos\VideoForensics\src\providers\ring\common\VideoForensics.Providers.Ring.Common.csproj]
C:\Users\richa\source\repos\VideoForensics\src\providers\ring\common\Entities\DownloadedEventRecord.cs(384,23): warning CS8618: Non-nullable property 'TimeZone' must contain a non-null value when exiting constructor. Consider adding the 'required' modifier or declaring the property as nullable. [C:\Users\richa\source\repos\VideoForensics\src\providers\ring\common\VideoForensics.Providers.Ring.Common.csproj]
C:\Users\richa\source\repos\VideoForensics\src\providers\ring\common\Entities\DownloadedEventRecord.cs(393,30): warning CS8618: Non-nullable property 'Owner' must contain a non-null value when exiting constructor. Consider adding the 'required' modifier or declaring the property as nullable. [C:\Users\richa\source\repos\VideoForensics\src\providers\ring\common\VideoForensics.Providers.Ring.Common.csproj]
C:\Users\richa\source\repos\VideoForensics\src\providers\ring\common\Entities\DownloadedEventRecord.cs(539,23): warning CS8618: Non-nullable property 'ErrorMessage' must contain a non-null value when exiting constructor. Consider adding the 'required' modifier or declaring the property as nullable. [C:\Users\richa\source\repos\VideoForensics\src\providers\ring\common\VideoForensics.Providers.Ring.Common.csproj]
C:\Users\richa\source\repos\VideoForensics\src\providers\ring\common\Entities\DownloadedEventRecord.cs(545,23): warning CS8618: Non-nullable property 'DownloadedByVersion' must contain a non-null value when exiting constructor. Consider adding the 'required' modifier or declaring the property as nullable. [C:\Users\richa\source\repos\VideoForensics\src\providers\ring\common\VideoForensics.Providers.Ring.Common.csproj]
C:\Users\richa\source\repos\VideoForensics\src\providers\ring\common\Entities\DownloadedEventRecord.cs(548,23): warning CS8618: Non-nullable property 'Application' must contain a non-null value when exiting constructor. Consider adding the 'required' modifier or declaring the property as nullable. [C:\Users\richa\source\repos\VideoForensics\src\providers\ring\common\VideoForensics.Providers.Ring.Common.csproj]
C:\Users\richa\source\repos\VideoForensics\src\providers\ring\common\Entities\HistoryEvent.cs(9,23): warning CS8618: Non-nullable property 'Id' must contain a non-null value when exiting constructor. Consider adding the 'required' modifier or declaring the property as nullable. [C:\Users\richa\source\repos\VideoForensics\src\providers\ring\common\VideoForensics.Providers.Ring.Common.csproj]
C:\Users\richa\source\repos\VideoForensics\src\providers\ring\common\Entities\HistoryEvent.cs(12,23): warning CS8618: Non-nullable property 'CreatedAt' must contain a non-null value when exiting constructor. Consider adding the 'required' modifier or declaring the property as nullable. [C:\Users\richa\source\repos\VideoForensics\src\providers\ring\common\VideoForensics.Providers.Ring.Common.csproj]
C:\Users\richa\source\repos\VideoForensics\src\providers\ring\common\Entities\HistoryEvent.cs(18,29): warning CS8618: Non-nullable property 'Events' must contain a non-null value when exiting constructor. Consider adding the 'required' modifier or declaring the property as nullable. [C:\Users\richa\source\repos\VideoForensics\src\providers\ring\common\VideoForensics.Providers.Ring.Common.csproj]
C:\Users\richa\source\repos\VideoForensics\src\providers\ring\common\Entities\HistoryEvent.cs(21,23): warning CS8618: Non-nullable property 'Kind' must contain a non-null value when exiting constructor. Consider adding the 'required' modifier or declaring the property as nullable. [C:\Users\richa\source\repos\VideoForensics\src\providers\ring\common\VideoForensics.Providers.Ring.Common.csproj]
C:\Users\richa\source\repos\VideoForensics\src\providers\ring\common\Entities\HistoryEvent.cs(27,23): warning CS8618: Non-nullable property 'SnapshotUrl' must contain a non-null value when exiting constructor. Consider adding the 'required' modifier or declaring the property as nullable. [C:\Users\richa\source\repos\VideoForensics\src\providers\ring\common\VideoForensics.Providers.Ring.Common.csproj]
C:\Users\richa\source\repos\VideoForensics\src\providers\ring\common\Entities\HistoryEvent.cs(30,45): warning CS8618: Non-nullable property 'Recording' must contain a non-null value when exiting constructor. Consider adding the 'required' modifier or declaring the property as nullable. [C:\Users\richa\source\repos\VideoForensics\src\providers\ring\common\VideoForensics.Providers.Ring.Common.csproj]
C:\Users\richa\source\repos\VideoForensics\src\providers\ring\common\Entities\HistoryEvent.cs(33,24): warning CS8618: Non-nullable property 'Doorbot' must contain a non-null value when exiting constructor. Consider adding the 'required' modifier or declaring the property as nullable. [C:\Users\richa\source\repos\VideoForensics\src\providers\ring\common\VideoForensics.Providers.Ring.Common.csproj]
C:\Users\richa\source\repos\VideoForensics\src\providers\ring\common\Entities\HistoryEventRecording.cs(8,23): warning CS8618: Non-nullable property 'Status' must contain a non-null value when exiting constructor. Consider adding the 'required' modifier or declaring the property as nullable. [C:\Users\richa\source\repos\VideoForensics\src\providers\ring\common\VideoForensics.Providers.Ring.Common.csproj]
C:\Users\richa\source\repos\VideoForensics\src\providers\ring\common\Entities\Invitation.cs(17,23): warning CS8618: Non-nullable property 'InvitedEmail' must contain a non-null value when exiting constructor. Consider adding the 'required' modifier or declaring the property as nullable. [C:\Users\richa\source\repos\VideoForensics\src\providers\ring\common\VideoForensics.Providers.Ring.Common.csproj]
C:\Users\richa\source\repos\VideoForensics\src\providers\ring\common\Entities\Invitation.cs(21,23): warning CS8618: Non-nullable property 'Status' must contain a non-null value when exiting constructor. Consider adding the 'required' modifier or declaring the property as nullable. [C:\Users\richa\source\repos\VideoForensics\src\providers\ring\common\VideoForensics.Providers.Ring.Common.csproj]
C:\Users\richa\source\repos\VideoForensics\src\providers\ring\common\Entities\Invitation.cs(25,23): warning CS8618: Non-nullable property 'Role' must contain a non-null value when exiting constructor. Consider adding the 'required' modifier or declaring the property as nullable. [C:\Users\richa\source\repos\VideoForensics\src\providers\ring\common\VideoForensics.Providers.Ring.Common.csproj]
C:\Users\richa\source\repos\VideoForensics\src\providers\ring\common\Entities\Location.cs(13,31): warning CS8618: Non-nullable property 'UserLocations' must contain a non-null value when exiting constructor. Consider adding the 'required' modifier or declaring the property as nullable. [C:\Users\richa\source\repos\VideoForensics\src\providers\ring\common\VideoForensics.Providers.Ring.Common.csproj]
C:\Users\richa\source\repos\VideoForensics\src\providers\ring\common\Entities\Location.cs(22,23): warning CS8618: Non-nullable property 'Name' must contain a non-null value when exiting constructor. Consider adding the 'required' modifier or declaring the property as nullable. [C:\Users\richa\source\repos\VideoForensics\src\providers\ring\common\VideoForensics.Providers.Ring.Common.csproj]
C:\Users\richa\source\repos\VideoForensics\src\providers\ring\common\Entities\Location.cs(25,32): warning CS8618: Non-nullable property 'Address' must contain a non-null value when exiting constructor. Consider adding the 'required' modifier or declaring the property as nullable. [C:\Users\richa\source\repos\VideoForensics\src\providers\ring\common\VideoForensics.Providers.Ring.Common.csproj]
C:\Users\richa\source\repos\VideoForensics\src\providers\ring\common\Entities\Location.cs(34,23): warning CS8618: Non-nullable property 'Address1' must contain a non-null value when exiting constructor. Consider adding the 'required' modifier or declaring the property as nullable. [C:\Users\richa\source\repos\VideoForensics\src\providers\ring\common\VideoForensics.Providers.Ring.Common.csproj]
C:\Users\richa\source\repos\VideoForensics\src\providers\ring\common\Entities\Location.cs(37,23): warning CS8618: Non-nullable property 'City' must contain a non-null value when exiting constructor. Consider adding the 'required' modifier or declaring the property as nullable. [C:\Users\richa\source\repos\VideoForensics\src\providers\ring\common\VideoForensics.Providers.Ring.Common.csproj]
C:\Users\richa\source\repos\VideoForensics\src\providers\ring\common\Entities\Location.cs(40,23): warning CS8618: Non-nullable property 'State' must contain a non-null value when exiting constructor. Consider adding the 'required' modifier or declaring the property as nullable. [C:\Users\richa\source\repos\VideoForensics\src\providers\ring\common\VideoForensics.Providers.Ring.Common.csproj]
C:\Users\richa\source\repos\VideoForensics\src\providers\ring\common\Entities\Location.cs(43,23): warning CS8618: Non-nullable property 'ZipCode' must contain a non-null value when exiting constructor. Consider adding the 'required' modifier or declaring the property as nullable. [C:\Users\richa\source\repos\VideoForensics\src\providers\ring\common\VideoForensics.Providers.Ring.Common.csproj]
C:\Users\richa\source\repos\VideoForensics\src\providers\ring\common\Entities\Location.cs(46,23): warning CS8618: Non-nullable property 'TimeZone' must contain a non-null value when exiting constructor. Consider adding the 'required' modifier or declaring the property as nullable. [C:\Users\richa\source\repos\VideoForensics\src\providers\ring\common\VideoForensics.Providers.Ring.Common.csproj]
C:\Users\richa\source\repos\VideoForensics\src\providers\ring\common\Entities\LocationEventsResponse.cs(19,36): warning CS8618: Non-nullable property 'Events' must contain a non-null value when exiting constructor. Consider adding the 'required' modifier or declaring the property as nullable. [C:\Users\richa\source\repos\VideoForensics\src\providers\ring\common\VideoForensics.Providers.Ring.Common.csproj]
C:\Users\richa\source\repos\VideoForensics\src\providers\ring\common\Entities\LocationEventsResponse.cs(22,35): warning CS8618: Non-nullable property 'Meta' must contain a non-null value when exiting constructor. Consider adding the 'required' modifier or declaring the property as nullable. [C:\Users\richa\source\repos\VideoForensics\src\providers\ring\common\VideoForensics.Providers.Ring.Common.csproj]
C:\Users\richa\source\repos\VideoForensics\src\providers\ring\common\Entities\LocationEventsResponse.cs(28,23): warning CS8618: Non-nullable property 'PaginationKey' must contain a non-null value when exiting constructor. Consider adding the 'required' modifier or declaring the property as nullable. [C:\Users\richa\source\repos\VideoForensics\src\providers\ring\common\VideoForensics.Providers.Ring.Common.csproj]
C:\Users\richa\source\repos\VideoForensics\src\providers\ring\common\Entities\LocationEventsResponse.cs(37,23): warning CS8618: Non-nullable property 'EventId' must contain a non-null value when exiting constructor. Consider adding the 'required' modifier or declaring the property as nullable. [C:\Users\richa\source\repos\VideoForensics\src\providers\ring\common\VideoForensics.Providers.Ring.Common.csproj]
C:\Users\richa\source\repos\VideoForensics\src\providers\ring\common\Entities\LocationEventsResponse.cs(40,23): warning CS8618: Non-nullable property 'SourceId' must contain a non-null value when exiting constructor. Consider adding the 'required' modifier or declaring the property as nullable. [C:\Users\richa\source\repos\VideoForensics\src\providers\ring\common\VideoForensics.Providers.Ring.Common.csproj]
C:\Users\richa\source\repos\VideoForensics\src\providers\ring\common\Entities\LocationEventsResponse.cs(43,23): warning CS8618: Non-nullable property 'EventType' must contain a non-null value when exiting constructor. Consider adding the 'required' modifier or declaring the property as nullable. [C:\Users\richa\source\repos\VideoForensics\src\providers\ring\common\VideoForensics.Providers.Ring.Common.csproj]
C:\Users\richa\source\repos\VideoForensics\src\providers\ring\common\Entities\LocationEventsResponse.cs(46,23): warning CS8618: Non-nullable property 'State' must contain a non-null value when exiting constructor. Consider adding the 'required' modifier or declaring the property as nullable. [C:\Users\richa\source\repos\VideoForensics\src\providers\ring\common\VideoForensics.Providers.Ring.Common.csproj]
C:\Users\richa\source\repos\VideoForensics\src\providers\ring\common\Entities\LocationEventsResponse.cs(55,23): warning CS8618: Non-nullable property 'RecordingStatus' must contain a non-null value when exiting constructor. Consider adding the 'required' modifier or declaring the property as nullable. [C:\Users\richa\source\repos\VideoForensics\src\providers\ring\common\VideoForensics.Providers.Ring.Common.csproj]
C:\Users\richa\source\repos\VideoForensics\src\providers\ring\common\Entities\LocationEventsResponse.cs(61,23): warning CS8618: Non-nullable property 'CreatedAt' must contain a non-null value when exiting constructor. Consider adding the 'required' modifier or declaring the property as nullable. [C:\Users\richa\source\repos\VideoForensics\src\providers\ring\common\VideoForensics.Providers.Ring.Common.csproj]
C:\Users\richa\source\repos\VideoForensics\src\providers\ring\common\Entities\LocationEventsResponse.cs(67,23): warning CS8618: Non-nullable property 'OwnerId' must contain a non-null value when exiting constructor. Consider adding the 'required' modifier or declaring the property as nullable. [C:\Users\richa\source\repos\VideoForensics\src\providers\ring\common\VideoForensics.Providers.Ring.Common.csproj]
C:\Users\richa\source\repos\VideoForensics\src\providers\ring\common\Entities\LocationEventsResponse.cs(70,23): warning CS8618: Non-nullable property 'Riid' must contain a non-null value when exiting constructor. Consider adding the 'required' modifier or declaring the property as nullable. [C:\Users\richa\source\repos\VideoForensics\src\providers\ring\common\VideoForensics.Providers.Ring.Common.csproj]
C:\Users\richa\source\repos\VideoForensics\src\providers\ring\common\Entities\LocationEventsResponse.cs(79,23): warning CS8618: Non-nullable property 'DingIdString' must contain a non-null value when exiting constructor. Consider adding the 'required' modifier or declaring the property as nullable. [C:\Users\richa\source\repos\VideoForensics\src\providers\ring\common\VideoForensics.Providers.Ring.Common.csproj]
C:\Users\richa\source\repos\VideoForensics\src\providers\ring\common\Entities\LocationEventsResponse.cs(82,23): warning CS8618: Non-nullable property 'Kind' must contain a non-null value when exiting constructor. Consider adding the 'required' modifier or declaring the property as nullable. [C:\Users\richa\source\repos\VideoForensics\src\providers\ring\common\VideoForensics.Providers.Ring.Common.csproj]
C:\Users\richa\source\repos\VideoForensics\src\providers\ring\common\Entities\LocationEventsResponse.cs(89,37): warning CS8618: Non-nullable property 'Doorbot' must contain a non-null value when exiting constructor. Consider adding the 'required' modifier or declaring the property as nullable. [C:\Users\richa\source\repos\VideoForensics\src\providers\ring\common\VideoForensics.Providers.Ring.Common.csproj]
C:\Users\richa\source\repos\VideoForensics\src\providers\ring\common\Entities\LocationEventsResponse.cs(92,29): warning CS8618: Non-nullable property 'CvProperties' must contain a non-null value when exiting constructor. Consider adding the 'required' modifier or declaring the property as nullable. [C:\Users\richa\source\repos\VideoForensics\src\providers\ring\common\VideoForensics.Providers.Ring.Common.csproj]
C:\Users\richa\source\repos\VideoForensics\src\providers\ring\common\Entities\LocationEventsResponse.cs(95,40): warning CS8618: Non-nullable property 'Properties' must contain a non-null value when exiting constructor. Consider adding the 'required' modifier or declaring the property as nullable. [C:\Users\richa\source\repos\VideoForensics\src\providers\ring\common\VideoForensics.Providers.Ring.Common.csproj]
C:\Users\richa\source\repos\VideoForensics\src\providers\ring\common\Entities\LocationEventsResponse.cs(102,45): warning CS8618: Non-nullable property 'DevicePlacement' must contain a non-null value when exiting constructor. Consider adding the 'required' modifier or declaring the property as nullable. [C:\Users\richa\source\repos\VideoForensics\src\providers\ring\common\VideoForensics.Providers.Ring.Common.csproj]
C:\Users\richa\source\repos\VideoForensics\src\providers\ring\common\Entities\LocationEventsResponse.cs(109,41): warning CS8618: Non-nullable property 'Geolocation' must contain a non-null value when exiting constructor. Consider adding the 'required' modifier or declaring the property as nullable. [C:\Users\richa\source\repos\VideoForensics\src\providers\ring\common\VideoForensics.Providers.Ring.Common.csproj]
C:\Users\richa\source\repos\VideoForensics\src\providers\ring\common\Entities\LocationEventsResponse.cs(116,49): warning CS8618: Non-nullable property 'SubscriptionReceipt' must contain a non-null value when exiting constructor. Consider adding the 'required' modifier or declaring the property as nullable. [C:\Users\richa\source\repos\VideoForensics\src\providers\ring\common\VideoForensics.Providers.Ring.Common.csproj]
C:\Users\richa\source\repos\VideoForensics\src\providers\ring\common\Entities\LocationEventsResponse.cs(124,23): warning CS8618: Non-nullable property 'BatteryPercentage' must contain a non-null value when exiting constructor. Consider adding the 'required' modifier or declaring the property as nullable. [C:\Users\richa\source\repos\VideoForensics\src\providers\ring\common\VideoForensics.Providers.Ring.Common.csproj]
C:\Users\richa\source\repos\VideoForensics\src\providers\ring\common\Entities\LocationEventsResponse.cs(131,23): warning CS8618: Non-nullable property 'BatteryStatus' must contain a non-null value when exiting constructor. Consider adding the 'required' modifier or declaring the property as nullable. [C:\Users\richa\source\repos\VideoForensics\src\providers\ring\common\VideoForensics.Providers.Ring.Common.csproj]
C:\Users\richa\source\repos\VideoForensics\src\providers\ring\common\Entities\LocationEventsResponse.cs(138,38): warning CS8618: Non-nullable property 'LastLocation' must contain a non-null value when exiting constructor. Consider adding the 'required' modifier or declaring the property as nullable. [C:\Users\richa\source\repos\VideoForensics\src\providers\ring\common\VideoForensics.Providers.Ring.Common.csproj]
C:\Users\richa\source\repos\VideoForensics\src\providers\ring\common\Entities\LocationEventsResponse.cs(145,39): warning CS8618: Non-nullable property 'Siren' must contain a non-null value when exiting constructor. Consider adding the 'required' modifier or declaring the property as nullable. [C:\Users\richa\source\repos\VideoForensics\src\providers\ring\common\VideoForensics.Providers.Ring.Common.csproj]
C:\Users\richa\source\repos\VideoForensics\src\providers\ring\common\Entities\Group.cs(12,28): warning CS8618: Non-nullable property 'DeviceGroups' must contain a non-null value when exiting constructor. Consider adding the 'required' modifier or declaring the property as nullable. [C:\Users\richa\source\repos\VideoForensics\src\providers\ring\common\VideoForensics.Providers.Ring.Common.csproj]
C:\Users\richa\source\repos\VideoForensics\src\providers\ring\common\Entities\Group.cs(22,23): warning CS8618: Non-nullable property 'DeviceGroupId' must contain a non-null value when exiting constructor. Consider adding the 'required' modifier or declaring the property as nullable. [C:\Users\richa\source\repos\VideoForensics\src\providers\ring\common\VideoForensics.Providers.Ring.Common.csproj]
C:\Users\richa\source\repos\VideoForensics\src\providers\ring\common\Entities\Group.cs(25,23): warning CS8618: Non-nullable property 'Name' must contain a non-null value when exiting constructor. Consider adding the 'required' modifier or declaring the property as nullable. [C:\Users\richa\source\repos\VideoForensics\src\providers\ring\common\VideoForensics.Providers.Ring.Common.csproj]
C:\Users\richa\source\repos\VideoForensics\src\providers\wyze\provider\Services\WyzeAuthService.cs(14,25): warning CS0169: The field 'WyzeAuthService._currentAccessToken' is never used [C:\Users\richa\source\repos\VideoForensics\src\providers\wyze\provider\VideoForensics.Providers.Wyze.csproj]
C:\Users\richa\source\repos\VideoForensics\src\providers\ring\video\metadata\IVideoFrameExtractor.cs(62,23): warning CS8618: Non-nullable property 'TimeFormatted' must contain a non-null value when exiting constructor. Consider adding the 'required' modifier or declaring the property as nullable. [C:\Users\richa\source\repos\VideoForensics\src\providers\ring\video\metadata\VideoForensics.Providers.Ring.Video.Metadata.csproj]
C:\Users\richa\source\repos\VideoForensics\src\providers\ring\video\metadata\IVideoFrameExtractor.cs(67,23): warning CS8618: Non-nullable property 'FrameFileName' must contain a non-null value when exiting constructor. Consider adding the 'required' modifier or declaring the property as nullable. [C:\Users\richa\source\repos\VideoForensics\src\providers\ring\video\metadata\VideoForensics.Providers.Ring.Video.Metadata.csproj]
C:\Users\richa\source\repos\VideoForensics\src\providers\ring\video\metadata\IVideoFrameExtractor.cs(72,23): warning CS8618: Non-nullable property 'FrameFilePath' must contain a non-null value when exiting constructor. Consider adding the 'required' modifier or declaring the property as nullable. [C:\Users\richa\source\repos\VideoForensics\src\providers\ring\video\metadata\VideoForensics.Providers.Ring.Video.Metadata.csproj]
C:\Users\richa\source\repos\VideoForensics\src\providers\ring\video\metadata\IVideoFrameExtractor.cs(77,23): warning CS8618: Non-nullable property 'DetectionType' must contain a non-null value when exiting constructor. Consider adding the 'required' modifier or declaring the property as nullable. [C:\Users\richa\source\repos\VideoForensics\src\providers\ring\video\metadata\VideoForensics.Providers.Ring.Video.Metadata.csproj]
C:\Users\richa\source\repos\VideoForensics\src\providers\ring\video\metadata\VideoFrameExtractor.cs(213,39): warning CS8601: Possible null reference assignment. [C:\Users\richa\source\repos\VideoForensics\src\providers\ring\video\metadata\VideoForensics.Providers.Ring.Video.Metadata.csproj]
C:\Users\richa\source\repos\VideoForensics\src\providers\ring\auth\CredentialResolver.cs(14,45): warning CS8632: The annotation for nullable reference types should only be used in code within a '#nullable' annotations context. [C:\Users\richa\source\repos\VideoForensics\src\providers\ring\auth\VideoForensics.Providers.Ring.Auth.csproj]
C:\Users\richa\source\repos\VideoForensics\src\providers\ring\auth\CredentialResolver.cs(14,63): warning CS8632: The annotation for nullable reference types should only be used in code within a '#nullable' annotations context. [C:\Users\richa\source\repos\VideoForensics\src\providers\ring\auth\VideoForensics.Providers.Ring.Auth.csproj]
C:\Users\richa\source\repos\VideoForensics\src\providers\ring\auth\CredentialResolver.cs(14,81): warning CS8632: The annotation for nullable reference types should only be used in code within a '#nullable' annotations context. [C:\Users\richa\source\repos\VideoForensics\src\providers\ring\auth\VideoForensics.Providers.Ring.Auth.csproj]
C:\Users\richa\source\repos\VideoForensics\src\providers\ring\auth\CredentialResolver.cs(43,58): warning CS8632: The annotation for nullable reference types should only be used in code within a '#nullable' annotations context. [C:\Users\richa\source\repos\VideoForensics\src\providers\ring\auth\VideoForensics.Providers.Ring.Auth.csproj]
C:\Users\richa\source\repos\VideoForensics\src\providers\ring\auth\CredentialResolver.cs(43,80): warning CS8632: The annotation for nullable reference types should only be used in code within a '#nullable' annotations context. [C:\Users\richa\source\repos\VideoForensics\src\providers\ring\auth\VideoForensics.Providers.Ring.Auth.csproj]
C:\Users\richa\source\repos\VideoForensics\src\providers\ring\auth\CredentialResolver.cs(43,98): warning CS8632: The annotation for nullable reference types should only be used in code within a '#nullable' annotations context. [C:\Users\richa\source\repos\VideoForensics\src\providers\ring\auth\VideoForensics.Providers.Ring.Auth.csproj]
C:\Users\richa\source\repos\VideoForensics\src\providers\ring\auth\CredentialResolver.cs(43,42): warning CS8632: The annotation for nullable reference types should only be used in code within a '#nullable' annotations context. [C:\Users\richa\source\repos\VideoForensics\src\providers\ring\auth\VideoForensics.Providers.Ring.Auth.csproj]
C:\Users\richa\source\repos\VideoForensics\src\providers\ring\auth\Implementations\AesEncryption.cs(100,33): warning SYSLIB0060: 'Rfc2898DeriveBytes.Rfc2898DeriveBytes(string, byte[], int, HashAlgorithmName)' is obsolete: 'The constructors on Rfc2898DeriveBytes are obsolete. Use the static Pbkdf2 method instead.' (https://aka.ms/dotnet-warnings/SYSLIB0060) [C:\Users\richa\source\repos\VideoForensics\src\providers\ring\auth\VideoForensics.Providers.Ring.Auth.csproj]
C:\Users\richa\source\repos\VideoForensics\src\providers\ring\auth\Implementations\AesEncryption.cs(138,34): warning CA1416: This call site is reachable on all platforms. 'RegistryKey.OpenSubKey(string)' is only supported on: 'windows'. (https://learn.microsoft.com/dotnet/fundamentals/code-analysis/quality-rules/ca1416) [C:\Users\richa\source\repos\VideoForensics\src\providers\ring\auth\VideoForensics.Providers.Ring.Auth.csproj]
C:\Users\richa\source\repos\VideoForensics\src\providers\ring\auth\Implementations\AesEncryption.cs(141,37): warning CA1416: This call site is reachable on all platforms. 'RegistryKey.GetValue(string?)' is only supported on: 'windows'. (https://learn.microsoft.com/dotnet/fundamentals/code-analysis/quality-rules/ca1416) [C:\Users\richa\source\repos\VideoForensics\src\providers\ring\auth\VideoForensics.Providers.Ring.Auth.csproj]
C:\Users\richa\source\repos\VideoForensics\src\providers\ring\auth\Implementations\AesEncryption.cs(138,34): warning CA1416: This call site is reachable on all platforms. 'Registry.LocalMachine' is only supported on: 'windows'. (https://learn.microsoft.com/dotnet/fundamentals/code-analysis/quality-rules/ca1416) [C:\Users\richa\source\repos\VideoForensics\src\providers\ring\auth\VideoForensics.Providers.Ring.Auth.csproj]
C:\Users\richa\source\repos\VideoForensics\src\providers\wyze\provider\tests\WyzeDeviceDiscoveryServiceTests.cs(23,32): warning xUnit1051: Calls to methods which accept CancellationToken should use TestContext.Current.CancellationToken to allow test cancellation to be more responsive. (https://xunit.net/xunit.analyzers/rules/xUnit1051) [C:\Users\richa\source\repos\VideoForensics\src\providers\wyze\provider\tests\VideoForensics.Providers.Wyze.Tests.csproj]
C:\Users\richa\source\repos\VideoForensics\src\providers\wyze\provider\tests\WyzeAuthServiceTests.cs(23,32): warning xUnit1051: Calls to methods which accept CancellationToken should use TestContext.Current.CancellationToken to allow test cancellation to be more responsive. (https://xunit.net/xunit.analyzers/rules/xUnit1051) [C:\Users\richa\source\repos\VideoForensics\src\providers\wyze\provider\tests\VideoForensics.Providers.Wyze.Tests.csproj]
C:\Users\richa\source\repos\VideoForensics\src\providers\wyze\provider\tests\WyzeAuthServiceTests.cs(39,32): warning xUnit1051: Calls to methods which accept CancellationToken should use TestContext.Current.CancellationToken to allow test cancellation to be more responsive. (https://xunit.net/xunit.analyzers/rules/xUnit1051) [C:\Users\richa\source\repos\VideoForensics\src\providers\wyze\provider\tests\VideoForensics.Providers.Wyze.Tests.csproj]
C:\Users\richa\source\repos\VideoForensics\src\providers\wyze\provider\tests\WyzeEventAndConfigServiceTests.cs(42,32): warning xUnit1051: Calls to methods which accept CancellationToken should use TestContext.Current.CancellationToken to allow test cancellation to be more responsive. (https://xunit.net/xunit.analyzers/rules/xUnit1051) [C:\Users\richa\source\repos\VideoForensics\src\providers\wyze\provider\tests\VideoForensics.Providers.Wyze.Tests.csproj]
C:\Users\richa\source\repos\VideoForensics\src\providers\wyze\provider\tests\WyzeAuthServiceTests.cs(53,32): warning xUnit1051: Calls to methods which accept CancellationToken should use TestContext.Current.CancellationToken to allow test cancellation to be more responsive. (https://xunit.net/xunit.analyzers/rules/xUnit1051) [C:\Users\richa\source\repos\VideoForensics\src\providers\wyze\provider\tests\VideoForensics.Providers.Wyze.Tests.csproj]
C:\Users\richa\source\repos\VideoForensics\src\providers\wyze\provider\tests\WyzeDeviceDiscoveryServiceTests.cs(53,32): warning xUnit1051: Calls to methods which accept CancellationToken should use TestContext.Current.CancellationToken to allow test cancellation to be more responsive. (https://xunit.net/xunit.analyzers/rules/xUnit1051) [C:\Users\richa\source\repos\VideoForensics\src\providers\wyze\provider\tests\VideoForensics.Providers.Wyze.Tests.csproj]
C:\Users\richa\source\repos\VideoForensics\src\providers\wyze\provider\tests\WyzeEventAndConfigServiceTests.cs(62,32): warning xUnit1051: Calls to methods which accept CancellationToken should use TestContext.Current.CancellationToken to allow test cancellation to be more responsive. (https://xunit.net/xunit.analyzers/rules/xUnit1051) [C:\Users\richa\source\repos\VideoForensics\src\providers\wyze\provider\tests\VideoForensics.Providers.Wyze.Tests.csproj]
C:\Users\richa\source\repos\VideoForensics\src\providers\wyze\provider\tests\WyzeDeviceDiscoveryServiceTests.cs(38,32): warning xUnit1051: Calls to methods which accept CancellationToken should use TestContext.Current.CancellationToken to allow test cancellation to be more responsive. (https://xunit.net/xunit.analyzers/rules/xUnit1051) [C:\Users\richa\source\repos\VideoForensics\src\providers\wyze\provider\tests\VideoForensics.Providers.Wyze.Tests.csproj]
C:\Users\richa\source\repos\VideoForensics\src\providers\wyze\provider\tests\WyzeDeviceDiscoveryServiceTests.cs(80,32): warning xUnit1051: Calls to methods which accept CancellationToken should use TestContext.Current.CancellationToken to allow test cancellation to be more responsive. (https://xunit.net/xunit.analyzers/rules/xUnit1051) [C:\Users\richa\source\repos\VideoForensics\src\providers\wyze\provider\tests\VideoForensics.Providers.Wyze.Tests.csproj]
C:\Users\richa\source\repos\VideoForensics\src\providers\wyze\provider\tests\WyzeEventAndConfigServiceTests.cs(89,32): warning xUnit1051: Calls to methods which accept CancellationToken should use TestContext.Current.CancellationToken to allow test cancellation to be more responsive. (https://xunit.net/xunit.analyzers/rules/xUnit1051) [C:\Users\richa\source\repos\VideoForensics\src\providers\wyze\provider\tests\VideoForensics.Providers.Wyze.Tests.csproj]
C:\Users\richa\source\repos\VideoForensics\src\providers\wyze\provider\tests\WyzeAuthServiceTests.cs(95,32): warning xUnit1051: Calls to methods which accept CancellationToken should use TestContext.Current.CancellationToken to allow test cancellation to be more responsive. (https://xunit.net/xunit.analyzers/rules/xUnit1051) [C:\Users\richa\source\repos\VideoForensics\src\providers\wyze\provider\tests\VideoForensics.Providers.Wyze.Tests.csproj]
C:\Users\richa\source\repos\VideoForensics\src\providers\wyze\provider\tests\WyzeEventAndConfigServiceTests.cs(109,32): warning xUnit1051: Calls to methods which accept CancellationToken should use TestContext.Current.CancellationToken to allow test cancellation to be more responsive. (https://xunit.net/xunit.analyzers/rules/xUnit1051) [C:\Users\richa\source\repos\VideoForensics\src\providers\wyze\provider\tests\VideoForensics.Providers.Wyze.Tests.csproj]
C:\Users\richa\source\repos\VideoForensics\src\providers\wyze\provider\tests\WyzeDeviceDiscoveryServiceTests.cs(95,32): warning xUnit1051: Calls to methods which accept CancellationToken should use TestContext.Current.CancellationToken to allow test cancellation to be more responsive. (https://xunit.net/xunit.analyzers/rules/xUnit1051) [C:\Users\richa\source\repos\VideoForensics\src\providers\wyze\provider\tests\VideoForensics.Providers.Wyze.Tests.csproj]
C:\Users\richa\source\repos\VideoForensics\src\providers\wyze\provider\tests\WyzeDeviceDiscoveryServiceTests.cs(110,32): warning xUnit1051: Calls to methods which accept CancellationToken should use TestContext.Current.CancellationToken to allow test cancellation to be more responsive. (https://xunit.net/xunit.analyzers/rules/xUnit1051) [C:\Users\richa\source\repos\VideoForensics\src\providers\wyze\provider\tests\VideoForensics.Providers.Wyze.Tests.csproj]
C:\Users\richa\source\repos\VideoForensics\src\providers\wyze\provider\tests\WyzeEventAndConfigServiceTests.cs(129,32): warning xUnit1051: Calls to methods which accept CancellationToken should use TestContext.Current.CancellationToken to allow test cancellation to be more responsive. (https://xunit.net/xunit.analyzers/rules/xUnit1051) [C:\Users\richa\source\repos\VideoForensics\src\providers\wyze\provider\tests\VideoForensics.Providers.Wyze.Tests.csproj]
C:\Users\richa\source\repos\VideoForensics\src\providers\wyze\provider\tests\WyzeMediaDownloadServiceTests.cs(23,32): warning xUnit1051: Calls to methods which accept CancellationToken should use TestContext.Current.CancellationToken to allow test cancellation to be more responsive. (https://xunit.net/xunit.analyzers/rules/xUnit1051) [C:\Users\richa\source\repos\VideoForensics\src\providers\wyze\provider\tests\VideoForensics.Providers.Wyze.Tests.csproj]
C:\Users\richa\source\repos\VideoForensics\src\providers\wyze\provider\tests\WyzeEventAndConfigServiceTests.cs(143,32): warning xUnit1051: Calls to methods which accept CancellationToken should use TestContext.Current.CancellationToken to allow test cancellation to be more responsive. (https://xunit.net/xunit.analyzers/rules/xUnit1051) [C:\Users\richa\source\repos\VideoForensics\src\providers\wyze\provider\tests\VideoForensics.Providers.Wyze.Tests.csproj]
C:\Users\richa\source\repos\VideoForensics\src\providers\wyze\provider\tests\WyzeMediaDownloadServiceTests.cs(95,32): warning xUnit1051: Calls to methods which accept CancellationToken should use TestContext.Current.CancellationToken to allow test cancellation to be more responsive. (https://xunit.net/xunit.analyzers/rules/xUnit1051) [C:\Users\richa\source\repos\VideoForensics\src\providers\wyze\provider\tests\VideoForensics.Providers.Wyze.Tests.csproj]
C:\Users\richa\source\repos\VideoForensics\src\providers\wyze\provider\tests\WyzeEventAndConfigServiceTests.cs(23,32): warning xUnit1051: Calls to methods which accept CancellationToken should use TestContext.Current.CancellationToken to allow test cancellation to be more responsive. (https://xunit.net/xunit.analyzers/rules/xUnit1051) [C:\Users\richa\source\repos\VideoForensics\src\providers\wyze\provider\tests\VideoForensics.Providers.Wyze.Tests.csproj]
C:\Users\richa\source\repos\VideoForensics\src\providers\wyze\provider\tests\WyzeMediaDownloadServiceTests.cs(112,32): warning xUnit1051: Calls to methods which accept CancellationToken should use TestContext.Current.CancellationToken to allow test cancellation to be more responsive. (https://xunit.net/xunit.analyzers/rules/xUnit1051) [C:\Users\richa\source\repos\VideoForensics\src\providers\wyze\provider\tests\VideoForensics.Providers.Wyze.Tests.csproj]
C:\Users\richa\source\repos\VideoForensics\src\providers\wyze\provider\tests\WyzeMediaDownloadServiceTests.cs(44,32): warning xUnit1051: Calls to methods which accept CancellationToken should use TestContext.Current.CancellationToken to allow test cancellation to be more responsive. (https://xunit.net/xunit.analyzers/rules/xUnit1051) [C:\Users\richa\source\repos\VideoForensics\src\providers\wyze\provider\tests\VideoForensics.Providers.Wyze.Tests.csproj]
C:\Users\richa\source\repos\VideoForensics\src\providers\wyze\provider\tests\WyzeMediaDownloadServiceTests.cs(127,32): warning xUnit1051: Calls to methods which accept CancellationToken should use TestContext.Current.CancellationToken to allow test cancellation to be more responsive. (https://xunit.net/xunit.analyzers/rules/xUnit1051) [C:\Users\richa\source\repos\VideoForensics\src\providers\wyze\provider\tests\VideoForensics.Providers.Wyze.Tests.csproj]
C:\Users\richa\source\repos\VideoForensics\src\providers\ring\video\metadata\tests\Fixtures\DoorbotHistoryEventBuilder.cs(12,16): warning CS8618: Non-nullable field '_event' must contain a non-null value when exiting constructor. Consider adding the 'required' modifier or declaring the field as nullable. [C:\Users\richa\source\repos\VideoForensics\src\providers\ring\video\metadata\tests\VideoForensics.Providers.Ring.Video.Metadata.Tests.csproj]
C:\Users\richa\source\repos\VideoForensics\src\providers\ring\video\metadata\tests\Fixtures\DoorbotHistoryEventBuilder.cs(12,16): warning CS8618: Non-nullable field '_doorbot' must contain a non-null value when exiting constructor. Consider adding the 'required' modifier or declaring the field as nullable. [C:\Users\richa\source\repos\VideoForensics\src\providers\ring\video\metadata\tests\VideoForensics.Providers.Ring.Video.Metadata.Tests.csproj]
C:\Users\richa\source\repos\VideoForensics\src\providers\ring\video\metadata\tests\Fixtures\DoorbotHistoryEventBuilder.cs(12,16): warning CS8618: Non-nullable field '_cvProperties' must contain a non-null value when exiting constructor. Consider adding the 'required' modifier or declaring the field as nullable. [C:\Users\richa\source\repos\VideoForensics\src\providers\ring\video\metadata\tests\VideoForensics.Providers.Ring.Video.Metadata.Tests.csproj]
C:\Users\richa\source\repos\VideoForensics\src\providers\ring\video\metadata\tests\MetadataExtractorTests.cs(278,13): warning xUnit2017: Do not use Assert.True() to check if a value exists in a collection. Use Assert.Contains instead. (https://xunit.net/xunit.analyzers/rules/xUnit2017) [C:\Users\richa\source\repos\VideoForensics\src\providers\ring\video\metadata\tests\VideoForensics.Providers.Ring.Video.Metadata.Tests.csproj]
C:\Users\richa\source\repos\VideoForensics\src\providers\ring\video\metadata\tests\MetadataExtractorTests.cs(291,13): warning xUnit2017: Do not use Assert.True() to check if a value exists in a collection. Use Assert.Contains instead. (https://xunit.net/xunit.analyzers/rules/xUnit2017) [C:\Users\richa\source\repos\VideoForensics\src\providers\ring\video\metadata\tests\VideoForensics.Providers.Ring.Video.Metadata.Tests.csproj]
C:\Users\richa\source\repos\VideoForensics\src\providers\ring\video\metadata\tests\MetadataExtractorTests.cs(304,13): warning xUnit2017: Do not use Assert.True() to check if a value exists in a collection. Use Assert.Contains instead. (https://xunit.net/xunit.analyzers/rules/xUnit2017) [C:\Users\richa\source\repos\VideoForensics\src\providers\ring\video\metadata\tests\VideoForensics.Providers.Ring.Video.Metadata.Tests.csproj]
C:\Users\richa\source\repos\VideoForensics\src\providers\ring\video\metadata\tests\NoOpMetadataWriterTests.cs(280,13): warning xUnit2017: Do not use Assert.True() to check if a value exists in a collection. Use Assert.Contains instead. (https://xunit.net/xunit.analyzers/rules/xUnit2017) [C:\Users\richa\source\repos\VideoForensics\src\providers\ring\video\metadata\tests\VideoForensics.Providers.Ring.Video.Metadata.Tests.csproj]
C:\Users\richa\source\repos\VideoForensics\src\providers\ring\video\metadata\tests\NoOpMetadataWriterTests.cs(297,13): warning xUnit2017: Do not use Assert.True() to check if a value exists in a collection. Use Assert.Contains instead. (https://xunit.net/xunit.analyzers/rules/xUnit2017) [C:\Users\richa\source\repos\VideoForensics\src\providers\ring\video\metadata\tests\VideoForensics.Providers.Ring.Video.Metadata.Tests.csproj]
C:\Users\richa\source\repos\VideoForensics\src\providers\ring\video\metadata\tests\MetadataExtractorTests.cs(428,13): warning xUnit2017: Do not use Assert.True() to check if a value exists in a collection. Use Assert.Contains instead. (https://xunit.net/xunit.analyzers/rules/xUnit2017) [C:\Users\richa\source\repos\VideoForensics\src\providers\ring\video\metadata\tests\VideoForensics.Providers.Ring.Video.Metadata.Tests.csproj]
C:\Users\richa\source\repos\VideoForensics\src\providers\ring\video\metadata\tests\MetadataExtractorTests.cs(429,13): warning xUnit2017: Do not use Assert.True() to check if a value exists in a collection. Use Assert.Contains instead. (https://xunit.net/xunit.analyzers/rules/xUnit2017) [C:\Users\richa\source\repos\VideoForensics\src\providers\ring\video\metadata\tests\VideoForensics.Providers.Ring.Video.Metadata.Tests.csproj]
C:\Users\richa\source\repos\VideoForensics\src\providers\ring\video\metadata\tests\MetadataExtractorTests.cs(430,13): warning xUnit2017: Do not use Assert.True() to check if a value exists in a collection. Use Assert.Contains instead. (https://xunit.net/xunit.analyzers/rules/xUnit2017) [C:\Users\richa\source\repos\VideoForensics\src\providers\ring\video\metadata\tests\VideoForensics.Providers.Ring.Video.Metadata.Tests.csproj]
C:\Users\richa\source\repos\VideoForensics\src\data\core\data.core.tests\IntegrityVerificationServiceTests.cs(34,23): warning xUnit1051: Calls to methods which accept CancellationToken should use TestContext.Current.CancellationToken to allow test cancellation to be more responsive. (https://xunit.net/xunit.analyzers/rules/xUnit1051) [C:\Users\richa\source\repos\VideoForensics\src\data\core\data.core.tests\VideoForensics.Data.Core.Tests.csproj]
C:\Users\richa\source\repos\VideoForensics\src\data\core\data.core.tests\IntegrityVerificationServiceTests.cs(74,23): warning xUnit1051: Calls to methods which accept CancellationToken should use TestContext.Current.CancellationToken to allow test cancellation to be more responsive. (https://xunit.net/xunit.analyzers/rules/xUnit1051) [C:\Users\richa\source\repos\VideoForensics\src\data\core\data.core.tests\VideoForensics.Data.Core.Tests.csproj]
C:\Users\richa\source\repos\VideoForensics\src\data\core\data.core.tests\IntegrityVerificationServiceTests.cs(98,23): warning xUnit1051: Calls to methods which accept CancellationToken should use TestContext.Current.CancellationToken to allow test cancellation to be more responsive. (https://xunit.net/xunit.analyzers/rules/xUnit1051) [C:\Users\richa\source\repos\VideoForensics\src\data\core\data.core.tests\VideoForensics.Data.Core.Tests.csproj]
C:\Users\richa\source\repos\VideoForensics\src\data\core\data.core.tests\IntegrityVerificationServiceTests.cs(139,23): warning xUnit1051: Calls to methods which accept CancellationToken should use TestContext.Current.CancellationToken to allow test cancellation to be more responsive. (https://xunit.net/xunit.analyzers/rules/xUnit1051) [C:\Users\richa\source\repos\VideoForensics\src\data\core\data.core.tests\VideoForensics.Data.Core.Tests.csproj]
C:\Users\richa\source\repos\VideoForensics\src\data\core\data.core.tests\ReportGenerationServiceTests.cs(164,13): warning xUnit2013: Do not use Assert.Equal() to check for collection size. Use Assert.Single instead. (https://xunit.net/xunit.analyzers/rules/xUnit2013) [C:\Users\richa\source\repos\VideoForensics\src\data\core\data.core.tests\VideoForensics.Data.Core.Tests.csproj]
C:\Users\richa\source\repos\VideoForensics\src\data\core\data.core.tests\IntegrityVerificationServiceTests.cs(228,27): warning xUnit1051: Calls to methods which accept CancellationToken should use TestContext.Current.CancellationToken to allow test cancellation to be more responsive. (https://xunit.net/xunit.analyzers/rules/xUnit1051) [C:\Users\richa\source\repos\VideoForensics\src\data\core\data.core.tests\VideoForensics.Data.Core.Tests.csproj]
C:\Users\richa\source\repos\VideoForensics\src\core\forensics\tests\SignalAnomalyDetectorTests.cs(17,17): warning CS0219: The variable 'deviceId' is assigned but its value is never used [C:\Users\richa\source\repos\VideoForensics\src\core\forensics\tests\VideoForensics.Providers.Ring.Forensics.Tests.csproj]
C:\Users\richa\source\repos\VideoForensics\src\core\forensics\tests\SignalAnomalyDetectorTests.cs(5,40): warning CS0414: The field 'SignalAnomalyDetectorTests._detector' is assigned but its value is never used [C:\Users\richa\source\repos\VideoForensics\src\core\forensics\tests\VideoForensics.Providers.Ring.Forensics.Tests.csproj]
C:\Users\richa\source\repos\VideoForensics\src\core\forensics\tests\EvidenceExtractorTests.cs(5,36): warning CS0414: The field 'EvidenceExtractorTests._extractor' is assigned but its value is never used [C:\Users\richa\source\repos\VideoForensics\src\core\forensics\tests\VideoForensics.Providers.Ring.Forensics.Tests.csproj]
C:\Users\richa\source\repos\VideoForensics\src\providers\ring\core\Alarm\RingAssetSocket.cs(224,68): warning CS8625: Cannot convert null literal to non-nullable reference type. [C:\Users\richa\source\repos\VideoForensics\src\providers\ring\core\VideoForensics.Providers.Ring.Core.csproj]
C:\Users\richa\source\repos\VideoForensics\src\providers\ring\core\Alarm\RingAssetSocket.cs(229,68): warning CS8625: Cannot convert null literal to non-nullable reference type. [C:\Users\richa\source\repos\VideoForensics\src\providers\ring\core\VideoForensics.Providers.Ring.Core.csproj]
C:\Users\richa\source\repos\VideoForensics\src\providers\ring\core\HttpUtility.cs(46,85): warning CS8625: Cannot convert null literal to non-nullable reference type. [C:\Users\richa\source\repos\VideoForensics\src\providers\ring\core\VideoForensics.Providers.Ring.Core.csproj]
C:\Users\richa\source\repos\VideoForensics\src\providers\ring\core\HttpUtility.cs(86,77): warning CS8625: Cannot convert null literal to non-nullable reference type. [C:\Users\richa\source\repos\VideoForensics\src\providers\ring\core\VideoForensics.Providers.Ring.Core.csproj]
C:\Users\richa\source\repos\VideoForensics\src\providers\ring\core\HttpUtility.cs(86,103): warning CS8625: Cannot convert null literal to non-nullable reference type. [C:\Users\richa\source\repos\VideoForensics\src\providers\ring\core\VideoForensics.Providers.Ring.Core.csproj]
C:\Users\richa\source\repos\VideoForensics\src\providers\ring\core\HttpUtility.cs(319,78): warning CS8625: Cannot convert null literal to non-nullable reference type. [C:\Users\richa\source\repos\VideoForensics\src\providers\ring\core\VideoForensics.Providers.Ring.Core.csproj]
C:\Users\richa\source\repos\VideoForensics\src\providers\ring\core\HttpUtility.cs(359,153): warning CS8625: Cannot convert null literal to non-nullable reference type. [C:\Users\richa\source\repos\VideoForensics\src\providers\ring\core\VideoForensics.Providers.Ring.Core.csproj]
C:\Users\richa\source\repos\VideoForensics\src\providers\ring\core\HttpUtility.cs(359,180): warning CS8625: Cannot convert null literal to non-nullable reference type. [C:\Users\richa\source\repos\VideoForensics\src\providers\ring\core\VideoForensics.Providers.Ring.Core.csproj]
C:\Users\richa\source\repos\VideoForensics\src\providers\ring\core\HttpUtility.cs(414,118): warning CS8625: Cannot convert null literal to non-nullable reference type. [C:\Users\richa\source\repos\VideoForensics\src\providers\ring\core\VideoForensics.Providers.Ring.Core.csproj]
C:\Users\richa\source\repos\VideoForensics\src\providers\ring\core\HttpUtility.cs(433,120): warning CS8625: Cannot convert null literal to non-nullable reference type. [C:\Users\richa\source\repos\VideoForensics\src\providers\ring\core\VideoForensics.Providers.Ring.Core.csproj]
C:\Users\richa\source\repos\VideoForensics\src\providers\ring\core\RingVideoService.cs(71,71): warning CS8625: Cannot convert null literal to non-nullable reference type. [C:\Users\richa\source\repos\VideoForensics\src\providers\ring\core\VideoForensics.Providers.Ring.Core.csproj]
C:\Users\richa\source\repos\VideoForensics\src\providers\ring\core\RingVideoService.cs(72,36): warning CS8625: Cannot convert null literal to non-nullable reference type. [C:\Users\richa\source\repos\VideoForensics\src\providers\ring\core\VideoForensics.Providers.Ring.Core.csproj]
C:\Users\richa\source\repos\VideoForensics\src\providers\ring\core\RingVideoService.cs(73,46): warning CS8625: Cannot convert null literal to non-nullable reference type. [C:\Users\richa\source\repos\VideoForensics\src\providers\ring\core\VideoForensics.Providers.Ring.Core.csproj]
C:\Users\richa\source\repos\VideoForensics\src\providers\ring\core\RingVideoService.cs(74,46): warning CS8625: Cannot convert null literal to non-nullable reference type. [C:\Users\richa\source\repos\VideoForensics\src\providers\ring\core\VideoForensics.Providers.Ring.Core.csproj]
C:\Users\richa\source\repos\VideoForensics\src\providers\ring\core\RingVideoService.cs(1157,115): warning CS8625: Cannot convert null literal to non-nullable reference type. [C:\Users\richa\source\repos\VideoForensics\src\providers\ring\core\VideoForensics.Providers.Ring.Core.csproj]
C:\Users\richa\source\repos\VideoForensics\src\providers\ring\core\RingVideoService.cs(1196,90): warning CS8625: Cannot convert null literal to non-nullable reference type. [C:\Users\richa\source\repos\VideoForensics\src\providers\ring\core\VideoForensics.Providers.Ring.Core.csproj]
C:\Users\richa\source\repos\VideoForensics\src\providers\ring\core\Session.CredentialAuth.cs(25,60): warning CS8625: Cannot convert null literal to non-nullable reference type. [C:\Users\richa\source\repos\VideoForensics\src\providers\ring\core\VideoForensics.Providers.Ring.Core.csproj]
C:\Users\richa\source\repos\VideoForensics\src\providers\ring\core\Session.CredentialAuth.cs(26,57): warning CS8625: Cannot convert null literal to non-nullable reference type. [C:\Users\richa\source\repos\VideoForensics\src\providers\ring\core\VideoForensics.Providers.Ring.Core.csproj]
C:\Users\richa\source\repos\VideoForensics\src\providers\ring\core\Session.CredentialAuth.cs(27,65): warning CS8625: Cannot convert null literal to non-nullable reference type. [C:\Users\richa\source\repos\VideoForensics\src\providers\ring\core\VideoForensics.Providers.Ring.Core.csproj]
C:\Users\richa\source\repos\VideoForensics\src\providers\ring\core\Session.cs(115,110): warning CS8625: Cannot convert null literal to non-nullable reference type. [C:\Users\richa\source\repos\VideoForensics\src\providers\ring\core\VideoForensics.Providers.Ring.Core.csproj]
C:\Users\richa\source\repos\VideoForensics\src\providers\ring\core\Session.cs(115,151): warning CS8625: Cannot convert null literal to non-nullable reference type. [C:\Users\richa\source\repos\VideoForensics\src\providers\ring\core\VideoForensics.Providers.Ring.Core.csproj]
C:\Users\richa\source\repos\VideoForensics\src\providers\ring\core\Session.cs(128,77): warning CS8625: Cannot convert null literal to non-nullable reference type. [C:\Users\richa\source\repos\VideoForensics\src\providers\ring\core\VideoForensics.Providers.Ring.Core.csproj]
C:\Users\richa\source\repos\VideoForensics\src\providers\ring\core\Session.cs(128,118): warning CS8625: Cannot convert null literal to non-nullable reference type. [C:\Users\richa\source\repos\VideoForensics\src\providers\ring\core\VideoForensics.Providers.Ring.Core.csproj]
C:\Users\richa\source\repos\VideoForensics\src\providers\ring\core\Session.cs(148,141): warning CS8625: Cannot convert null literal to non-nullable reference type. [C:\Users\richa\source\repos\VideoForensics\src\providers\ring\core\VideoForensics.Providers.Ring.Core.csproj]
C:\Users\richa\source\repos\VideoForensics\src\providers\ring\core\Session.cs(180,81): warning CS8625: Cannot convert null literal to non-nullable reference type. [C:\Users\richa\source\repos\VideoForensics\src\providers\ring\core\VideoForensics.Providers.Ring.Core.csproj]
C:\Users\richa\source\repos\VideoForensics\src\providers\ring\core\Session.cs(191,88): warning CS8625: Cannot convert null literal to non-nullable reference type. [C:\Users\richa\source\repos\VideoForensics\src\providers\ring\core\VideoForensics.Providers.Ring.Core.csproj]
C:\Users\richa\source\repos\VideoForensics\src\providers\ring\core\Alarm\RingAssetSocket.cs(40,18): warning CS8618: Non-nullable field '_receiveLoopTask' must contain a non-null value when exiting constructor. Consider adding the 'required' modifier or declaring the field as nullable. [C:\Users\richa\source\repos\VideoForensics\src\providers\ring\core\VideoForensics.Providers.Ring.Core.csproj]
C:\Users\richa\source\repos\VideoForensics\src\providers\ring\core\Alarm\RingAssetSocket.cs(40,18): warning CS8618: Non-nullable field '_webSocketUrl' must contain a non-null value when exiting constructor. Consider adding the 'required' modifier or declaring the field as nullable. [C:\Users\richa\source\repos\VideoForensics\src\providers\ring\core\VideoForensics.Providers.Ring.Core.csproj]
C:\Users\richa\source\repos\VideoForensics\src\providers\ring\core\Alarm\RingAssetSocket.cs(40,18): warning CS8618: Non-nullable event 'DeviceUpdated' must contain a non-null value when exiting constructor. Consider adding the 'required' modifier or declaring the event as nullable. [C:\Users\richa\source\repos\VideoForensics\src\providers\ring\core\VideoForensics.Providers.Ring.Core.csproj]
C:\Users\richa\source\repos\VideoForensics\src\providers\ring\core\ApiRawLogger.cs(11,23): warning CS8618: Non-nullable property 'Method' must contain a non-null value when exiting constructor. Consider adding the 'required' modifier or declaring the property as nullable. [C:\Users\richa\source\repos\VideoForensics\src\providers\ring\core\VideoForensics.Providers.Ring.Core.csproj]
C:\Users\richa\source\repos\VideoForensics\src\providers\ring\core\ApiRawLogger.cs(12,23): warning CS8618: Non-nullable property 'Url' must contain a non-null value when exiting constructor. Consider adding the 'required' modifier or declaring the property as nullable. [C:\Users\richa\source\repos\VideoForensics\src\providers\ring\core\VideoForensics.Providers.Ring.Core.csproj]
C:\Users\richa\source\repos\VideoForensics\src\providers\ring\core\ApiRawLogger.cs(14,23): warning CS8618: Non-nullable property 'Body' must contain a non-null value when exiting constructor. Consider adding the 'required' modifier or declaring the property as nullable. [C:\Users\richa\source\repos\VideoForensics\src\providers\ring\core\VideoForensics.Providers.Ring.Core.csproj]
C:\Users\richa\source\repos\VideoForensics\src\providers\ring\core\Streaming\RingSignalingClient.cs(38,18): warning CS8618: Non-nullable field '_receiveLoopTask' must contain a non-null value when exiting constructor. Consider adding the 'required' modifier or declaring the field as nullable. [C:\Users\richa\source\repos\VideoForensics\src\providers\ring\core\VideoForensics.Providers.Ring.Core.csproj]
C:\Users\richa\source\repos\VideoForensics\src\providers\ring\core\Streaming\RingSignalingClient.cs(38,18): warning CS8618: Non-nullable field '_pingTimer' must contain a non-null value when exiting constructor. Consider adding the 'required' modifier or declaring the field as nullable. [C:\Users\richa\source\repos\VideoForensics\src\providers\ring\core\VideoForensics.Providers.Ring.Core.csproj]
C:\Users\richa\source\repos\VideoForensics\src\providers\ring\core\Streaming\RingSignalingClient.cs(38,18): warning CS8618: Non-nullable field '_url' must contain a non-null value when exiting constructor. Consider adding the 'required' modifier or declaring the field as nullable. [C:\Users\richa\source\repos\VideoForensics\src\providers\ring\core\VideoForensics.Providers.Ring.Core.csproj]
C:\Users\richa\source\repos\VideoForensics\src\providers\ring\core\Streaming\RingSignalingClient.cs(38,18): warning CS8618: Non-nullable event 'OnSdpAnswer' must contain a non-null value when exiting constructor. Consider adding the 'required' modifier or declaring the event as nullable. [C:\Users\richa\source\repos\VideoForensics\src\providers\ring\core\VideoForensics.Providers.Ring.Core.csproj]
C:\Users\richa\source\repos\VideoForensics\src\providers\ring\core\Streaming\RingSignalingClient.cs(38,18): warning CS8618: Non-nullable event 'OnIceCandidate' must contain a non-null value when exiting constructor. Consider adding the 'required' modifier or declaring the event as nullable. [C:\Users\richa\source\repos\VideoForensics\src\providers\ring\core\VideoForensics.Providers.Ring.Core.csproj]
C:\Users\richa\source\repos\VideoForensics\src\providers\ring\core\ApiRawLogger.cs(25,23): warning CS8618: Non-nullable property 'Category' must contain a non-null value when exiting constructor. Consider adding the 'required' modifier or declaring the property as nullable. [C:\Users\richa\source\repos\VideoForensics\src\providers\ring\core\VideoForensics.Providers.Ring.Core.csproj]
C:\Users\richa\source\repos\VideoForensics\src\providers\ring\core\ApiRawLogger.cs(26,23): warning CS8618: Non-nullable property 'Message' must contain a non-null value when exiting constructor. Consider adding the 'required' modifier or declaring the property as nullable. [C:\Users\richa\source\repos\VideoForensics\src\providers\ring\core\VideoForensics.Providers.Ring.Core.csproj]
C:\Users\richa\source\repos\VideoForensics\src\providers\ring\core\ApiRawLogger.cs(37,23): warning CS8618: Non-nullable property 'Category' must contain a non-null value when exiting constructor. Consider adding the 'required' modifier or declaring the property as nullable. [C:\Users\richa\source\repos\VideoForensics\src\providers\ring\core\VideoForensics.Providers.Ring.Core.csproj]
C:\Users\richa\source\repos\VideoForensics\src\providers\ring\core\ApiRawLogger.cs(38,23): warning CS8618: Non-nullable property 'Message' must contain a non-null value when exiting constructor. Consider adding the 'required' modifier or declaring the property as nullable. [C:\Users\richa\source\repos\VideoForensics\src\providers\ring\core\VideoForensics.Providers.Ring.Core.csproj]
C:\Users\richa\source\repos\VideoForensics\src\providers\ring\core\ApiRawLogger.cs(39,23): warning CS8618: Non-nullable property 'EventsJson' must contain a non-null value when exiting constructor. Consider adding the 'required' modifier or declaring the property as nullable. [C:\Users\richa\source\repos\VideoForensics\src\providers\ring\core\VideoForensics.Providers.Ring.Core.csproj]
C:\Users\richa\source\repos\VideoForensics\src\providers\ring\core\Streaming\RingSignalingClient.cs(54,38): warning CS8625: Cannot convert null literal to non-nullable reference type. [C:\Users\richa\source\repos\VideoForensics\src\providers\ring\core\VideoForensics.Providers.Ring.Core.csproj]
C:\Users\richa\source\repos\VideoForensics\src\providers\ring\core\Alarm\RingAssetSocket.cs(60,28): warning CS8600: Converting null literal or possible null value to non-nullable type. [C:\Users\richa\source\repos\VideoForensics\src\providers\ring\core\VideoForensics.Providers.Ring.Core.csproj]
C:\Users\richa\source\repos\VideoForensics\src\providers\ring\core\Streaming\RingSignalingClient.cs(64,28): warning CS8600: Converting null literal or possible null value to non-nullable type. [C:\Users\richa\source\repos\VideoForensics\src\providers\ring\core\VideoForensics.Providers.Ring.Core.csproj]
C:\Users\richa\source\repos\VideoForensics\src\providers\ring\core\ApiRawLogger.cs(52,48): warning CS8618: Non-nullable event 'OnRawResponse' must contain a non-null value when exiting constructor. Consider adding the 'required' modifier or declaring the event as nullable. [C:\Users\richa\source\repos\VideoForensics\src\providers\ring\core\VideoForensics.Providers.Ring.Core.csproj]
C:\Users\richa\source\repos\VideoForensics\src\providers\ring\core\ApiRawLogger.cs(53,55): warning CS8618: Non-nullable event 'OnEvent' must contain a non-null value when exiting constructor. Consider adding the 'required' modifier or declaring the event as nullable. [C:\Users\richa\source\repos\VideoForensics\src\providers\ring\core\VideoForensics.Providers.Ring.Core.csproj]
C:\Users\richa\source\repos\VideoForensics\src\providers\ring\core\ApiRawLogger.cs(54,53): warning CS8618: Non-nullable event 'OnRingEvents' must contain a non-null value when exiting constructor. Consider adding the 'required' modifier or declaring the event as nullable. [C:\Users\richa\source\repos\VideoForensics\src\providers\ring\core\VideoForensics.Providers.Ring.Core.csproj]
C:\Users\richa\source\repos\VideoForensics\src\providers\ring\core\Streaming\RingSignalingClient.cs(115,26): warning CS8600: Converting null literal or possible null value to non-nullable type. [C:\Users\richa\source\repos\VideoForensics\src\providers\ring\core\VideoForensics.Providers.Ring.Core.csproj]
C:\Users\richa\source\repos\VideoForensics\src\providers\ring\core\Streaming\RingSignalingClient.cs(139,36): warning CS8604: Possible null reference argument for parameter 'arg1' in 'void Action<string, int>.Invoke(string arg1, int arg2)'. [C:\Users\richa\source\repos\VideoForensics\src\providers\ring\core\VideoForensics.Providers.Ring.Core.csproj]
C:\Users\richa\source\repos\VideoForensics\src\providers\ring\core\HttpUtility.cs(50,38): warning CS8601: Possible null reference assignment. [C:\Users\richa\source\repos\VideoForensics\src\providers\ring\core\VideoForensics.Providers.Ring.Core.csproj]
C:\Users\richa\source\repos\VideoForensics\src\providers\ring\core\HttpUtility.cs(46,16): warning CS8618: Non-nullable field '_httpClientHandler' must contain a non-null value when exiting constructor. Consider adding the 'required' modifier or declaring the field as nullable. [C:\Users\richa\source\repos\VideoForensics\src\providers\ring\core\VideoForensics.Providers.Ring.Core.csproj]
C:\Users\richa\source\repos\VideoForensics\src\providers\ring\core\Models\Filter.cs(85,23): warning CS8618: Non-nullable property 'Filter' must contain a non-null value when exiting constructor. Consider adding the 'required' modifier or declaring the property as nullable. [C:\Users\richa\source\repos\VideoForensics\src\providers\ring\core\VideoForensics.Providers.Ring.Core.csproj]
C:\Users\richa\source\repos\VideoForensics\src\providers\ring\core\Streaming\RingLiveViewSession.cs(54,18): warning CS8618: Non-nullable event 'OnVideoFrameReceived' must contain a non-null value when exiting constructor. Consider adding the 'required' modifier or declaring the event as nullable. [C:\Users\richa\source\repos\VideoForensics\src\providers\ring\core\VideoForensics.Providers.Ring.Core.csproj]
C:\Users\richa\source\repos\VideoForensics\src\providers\ring\core\Streaming\RingLiveViewSession.cs(54,18): warning CS8618: Non-nullable event 'OnAudioFrameReceived' must contain a non-null value when exiting constructor. Consider adding the 'required' modifier or declaring the event as nullable. [C:\Users\richa\source\repos\VideoForensics\src\providers\ring\core\VideoForensics.Providers.Ring.Core.csproj]
C:\Users\richa\source\repos\VideoForensics\src\providers\ring\core\Streaming\RingLiveViewSession.cs(54,18): warning CS8618: Non-nullable event 'OnRtpPacketReceived' must contain a non-null value when exiting constructor. Consider adding the 'required' modifier or declaring the event as nullable. [C:\Users\richa\source\repos\VideoForensics\src\providers\ring\core\VideoForensics.Providers.Ring.Core.csproj]
C:\Users\richa\source\repos\VideoForensics\src\providers\ring\core\Streaming\RingLiveViewSession.cs(54,18): warning CS8618: Non-nullable event 'OnConnectionStateChange' must contain a non-null value when exiting constructor. Consider adding the 'required' modifier or declaring the event as nullable. [C:\Users\richa\source\repos\VideoForensics\src\providers\ring\core\VideoForensics.Providers.Ring.Core.csproj]
C:\Users\richa\source\repos\VideoForensics\src\providers\ring\core\RingVideoService.cs(64,41): warning CS8625: Cannot convert null literal to non-nullable reference type. [C:\Users\richa\source\repos\VideoForensics\src\providers\ring\core\VideoForensics.Providers.Ring.Core.csproj]
C:\Users\richa\source\repos\VideoForensics\src\providers\ring\core\RingVideoService.cs(66,16): warning CS8618: Non-nullable field 'ringSession' must contain a non-null value when exiting constructor. Consider adding the 'required' modifier or declaring the field as nullable. [C:\Users\richa\source\repos\VideoForensics\src\providers\ring\core\VideoForensics.Providers.Ring.Core.csproj]
C:\Users\richa\source\repos\VideoForensics\src\providers\ring\core\RingVideoService.cs(66,16): warning CS8618: Non-nullable property 'OnFileDownloadedAsync' must contain a non-null value when exiting constructor. Consider adding the 'required' modifier or declaring the property as nullable. [C:\Users\richa\source\repos\VideoForensics\src\providers\ring\core\VideoForensics.Providers.Ring.Core.csproj]
C:\Users\richa\source\repos\VideoForensics\src\providers\ring\core\RingVideoService.cs(66,16): warning CS8618: Non-nullable field 'reportsDirectory' must contain a non-null value when exiting constructor. Consider adding the 'required' modifier or declaring the field as nullable. [C:\Users\richa\source\repos\VideoForensics\src\providers\ring\core\VideoForensics.Providers.Ring.Core.csproj]
C:\Users\richa\source\repos\VideoForensics\src\providers\ring\core\RingVideoService.cs(66,16): warning CS8618: Non-nullable field 'logsDirectory' must contain a non-null value when exiting constructor. Consider adding the 'required' modifier or declaring the field as nullable. [C:\Users\richa\source\repos\VideoForensics\src\providers\ring\core\VideoForensics.Providers.Ring.Core.csproj]
C:\Users\richa\source\repos\VideoForensics\src\providers\ring\core\HttpUtility.cs(162,42): warning CS8603: Possible null reference return. [C:\Users\richa\source\repos\VideoForensics\src\providers\ring\core\VideoForensics.Providers.Ring.Core.csproj]
C:\Users\richa\source\repos\VideoForensics\src\providers\ring\core\HttpUtility.cs(198,46): warning CS8603: Possible null reference return. [C:\Users\richa\source\repos\VideoForensics\src\providers\ring\core\VideoForensics.Providers.Ring.Core.csproj]
C:\Users\richa\source\repos\VideoForensics\src\providers\ring\core\Models\Filter.cs(45,23): warning CS8618: Non-nullable property 'DownloadPath' must contain a non-null value when exiting constructor. Consider adding the 'required' modifier or declaring the property as nullable. [C:\Users\richa\source\repos\VideoForensics\src\providers\ring\core\VideoForensics.Providers.Ring.Core.csproj]
C:\Users\richa\source\repos\VideoForensics\src\providers\ring\core\Models\Filter.cs(46,23): warning CS8618: Non-nullable property 'TimeZone' must contain a non-null value when exiting constructor. Consider adding the 'required' modifier or declaring the property as nullable. [C:\Users\richa\source\repos\VideoForensics\src\providers\ring\core\VideoForensics.Providers.Ring.Core.csproj]
C:\Users\richa\source\repos\VideoForensics\src\providers\ring\core\Models\Filter.cs(55,23): warning CS8618: Non-nullable property 'Kind' must contain a non-null value when exiting constructor. Consider adding the 'required' modifier or declaring the property as nullable. [C:\Users\richa\source\repos\VideoForensics\src\providers\ring\core\VideoForensics.Providers.Ring.Core.csproj]
C:\Users\richa\source\repos\VideoForensics\src\providers\ring\core\Models\Filter.cs(60,23): warning CS8618: Non-nullable property 'DetectionType' must contain a non-null value when exiting constructor. Consider adding the 'required' modifier or declaring the property as nullable. [C:\Users\richa\source\repos\VideoForensics\src\providers\ring\core\VideoForensics.Providers.Ring.Core.csproj]
C:\Users\richa\source\repos\VideoForensics\src\providers\ring\core\RingVideoService.cs(101,31): warning CS8600: Converting null literal or possible null value to non-nullable type. [C:\Users\richa\source\repos\VideoForensics\src\providers\ring\core\VideoForensics.Providers.Ring.Core.csproj]
C:\Users\richa\source\repos\VideoForensics\src\providers\ring\core\RingVideoService.cs(106,31): warning CS8602: Dereference of a possibly null reference. [C:\Users\richa\source\repos\VideoForensics\src\providers\ring\core\VideoForensics.Providers.Ring.Core.csproj]
C:\Users\richa\source\repos\VideoForensics\src\providers\ring\core\RingVideoService.cs(116,35): warning CS8604: Possible null reference argument for parameter 'savedSettingsContents' in 'void RingVideoService.MigrateLegacyAuth(string savedSettingsContents)'. [C:\Users\richa\source\repos\VideoForensics\src\providers\ring\core\VideoForensics.Providers.Ring.Core.csproj]
C:\Users\richa\source\repos\VideoForensics\src\providers\ring\core\Models\FailedDownload.cs(8,23): warning CS8618: Non-nullable property 'LocationName' must contain a non-null value when exiting constructor. Consider adding the 'required' modifier or declaring the property as nullable. [C:\Users\richa\source\repos\VideoForensics\src\providers\ring\core\VideoForensics.Providers.Ring.Core.csproj]
C:\Users\richa\source\repos\VideoForensics\src\providers\ring\core\Models\FailedDownload.cs(9,23): warning CS8618: Non-nullable property 'CameraName' must contain a non-null value when exiting constructor. Consider adding the 'required' modifier or declaring the property as nullable. [C:\Users\richa\source\repos\VideoForensics\src\providers\ring\core\VideoForensics.Providers.Ring.Core.csproj]
C:\Users\richa\source\repos\VideoForensics\src\providers\ring\core\Models\FailedDownload.cs(11,23): warning CS8618: Non-nullable property 'EventId' must contain a non-null value when exiting constructor. Consider adding the 'required' modifier or declaring the property as nullable. [C:\Users\richa\source\repos\VideoForensics\src\providers\ring\core\VideoForensics.Providers.Ring.Core.csproj]
C:\Users\richa\source\repos\VideoForensics\src\providers\ring\core\Models\FailedDownload.cs(12,23): warning CS8618: Non-nullable property 'EventType' must contain a non-null value when exiting constructor. Consider adding the 'required' modifier or declaring the property as nullable. [C:\Users\richa\source\repos\VideoForensics\src\providers\ring\core\VideoForensics.Providers.Ring.Core.csproj]
C:\Users\richa\source\repos\VideoForensics\src\providers\ring\core\Models\FailedDownload.cs(14,23): warning CS8618: Non-nullable property 'ErrorDescription' must contain a non-null value when exiting constructor. Consider adding the 'required' modifier or declaring the property as nullable. [C:\Users\richa\source\repos\VideoForensics\src\providers\ring\core\VideoForensics.Providers.Ring.Core.csproj]
C:\Users\richa\source\repos\VideoForensics\src\providers\ring\core\Models\DeviceInfo.cs(33,53): warning CS8629: Nullable value type may be null. [C:\Users\richa\source\repos\VideoForensics\src\providers\ring\core\VideoForensics.Providers.Ring.Core.csproj]
C:\Users\richa\source\repos\VideoForensics\src\providers\ring\core\Models\DeviceInfo.cs(9,23): warning CS8618: Non-nullable property 'Name' must contain a non-null value when exiting constructor. Consider adding the 'required' modifier or declaring the property as nullable. [C:\Users\richa\source\repos\VideoForensics\src\providers\ring\core\VideoForensics.Providers.Ring.Core.csproj]
C:\Users\richa\source\repos\VideoForensics\src\providers\ring\core\Models\DeviceInfo.cs(11,23): warning CS8618: Non-nullable property 'DeviceId' must contain a non-null value when exiting constructor. Consider adding the 'required' modifier or declaring the property as nullable. [C:\Users\richa\source\repos\VideoForensics\src\providers\ring\core\VideoForensics.Providers.Ring.Core.csproj]
C:\Users\richa\source\repos\VideoForensics\src\providers\ring\core\Session.Account.cs(30,20): warning CS8603: Possible null reference return. [C:\Users\richa\source\repos\VideoForensics\src\providers\ring\core\VideoForensics.Providers.Ring.Core.csproj]
C:\Users\richa\source\repos\VideoForensics\src\providers\ring\core\Session.CredentialAuth.cs(34,31): warning CS8600: Converting null literal or possible null value to non-nullable type. [C:\Users\richa\source\repos\VideoForensics\src\providers\ring\core\VideoForensics.Providers.Ring.Core.csproj]
C:\Users\richa\source\repos\VideoForensics\src\providers\ring\core\Session.CredentialAuth.cs(47,31): warning CS8600: Converting null literal or possible null value to non-nullable type. [C:\Users\richa\source\repos\VideoForensics\src\providers\ring\core\VideoForensics.Providers.Ring.Core.csproj]
C:\Users\richa\source\repos\VideoForensics\src\providers\ring\core\Session.CredentialAuth.cs(84,20): warning CS8603: Possible null reference return. [C:\Users\richa\source\repos\VideoForensics\src\providers\ring\core\VideoForensics.Providers.Ring.Core.csproj]
C:\Users\richa\source\repos\VideoForensics\src\providers\ring\core\Session.cs(81,26): warning CS8603: Possible null reference return. [C:\Users\richa\source\repos\VideoForensics\src\providers\ring\core\VideoForensics.Providers.Ring.Core.csproj]
C:\Users\richa\source\repos\VideoForensics\src\providers\ring\core\Session.cs(115,16): warning CS8618: Non-nullable property 'OAuthToken' must contain a non-null value when exiting constructor. Consider adding the 'required' modifier or declaring the property as nullable. [C:\Users\richa\source\repos\VideoForensics\src\providers\ring\core\VideoForensics.Providers.Ring.Core.csproj]
C:\Users\richa\source\repos\VideoForensics\src\providers\ring\core\Alarm\RingAssetSocket.cs(184,88): warning CS8625: Cannot convert null literal to non-nullable reference type. [C:\Users\richa\source\repos\VideoForensics\src\providers\ring\core\VideoForensics.Providers.Ring.Core.csproj]
C:\Users\richa\source\repos\VideoForensics\src\providers\ring\core\Session.cs(128,17): warning CS8618: Non-nullable property 'Username' must contain a non-null value when exiting constructor. Consider adding the 'required' modifier or declaring the property as nullable. [C:\Users\richa\source\repos\VideoForensics\src\providers\ring\core\VideoForensics.Providers.Ring.Core.csproj]
C:\Users\richa\source\repos\VideoForensics\src\providers\ring\core\Session.cs(128,17): warning CS8618: Non-nullable property 'Password' must contain a non-null value when exiting constructor. Consider adding the 'required' modifier or declaring the property as nullable. [C:\Users\richa\source\repos\VideoForensics\src\providers\ring\core\VideoForensics.Providers.Ring.Core.csproj]
C:\Users\richa\source\repos\VideoForensics\src\providers\ring\core\Session.cs(128,17): warning CS8618: Non-nullable property 'OAuthToken' must contain a non-null value when exiting constructor. Consider adding the 'required' modifier or declaring the property as nullable. [C:\Users\richa\source\repos\VideoForensics\src\providers\ring\core\VideoForensics.Providers.Ring.Core.csproj]
C:\Users\richa\source\repos\VideoForensics\src\providers\ring\core\Alarm\RingAssetSocket.cs(234,59): warning CS8625: Cannot convert null literal to non-nullable reference type. [C:\Users\richa\source\repos\VideoForensics\src\providers\ring\core\VideoForensics.Providers.Ring.Core.csproj]
C:\Users\richa\source\repos\VideoForensics\src\providers\ring\core\HttpUtility.cs(226,42): warning CS8603: Possible null reference return. [C:\Users\richa\source\repos\VideoForensics\src\providers\ring\core\VideoForensics.Providers.Ring.Core.csproj]
C:\Users\richa\source\repos\VideoForensics\src\providers\ring\core\Session.cs(236,26): warning CS8601: Possible null reference assignment. [C:\Users\richa\source\repos\VideoForensics\src\providers\ring\core\VideoForensics.Providers.Ring.Core.csproj]
C:\Users\richa\source\repos\VideoForensics\src\providers\ring\core\Session.cs(243,20): warning CS8603: Possible null reference return. [C:\Users\richa\source\repos\VideoForensics\src\providers\ring\core\VideoForensics.Providers.Ring.Core.csproj]
C:\Users\richa\source\repos\VideoForensics\src\providers\ring\core\Session.cs(327,30): warning CS8601: Possible null reference assignment. [C:\Users\richa\source\repos\VideoForensics\src\providers\ring\core\VideoForensics.Providers.Ring.Core.csproj]
C:\Users\richa\source\repos\VideoForensics\src\providers\ring\core\HttpUtility.cs(272,42): warning CS8603: Possible null reference return. [C:\Users\richa\source\repos\VideoForensics\src\providers\ring\core\VideoForensics.Providers.Ring.Core.csproj]
C:\Users\richa\source\repos\VideoForensics\src\providers\ring\core\HttpUtility.cs(309,46): warning CS8603: Possible null reference return. [C:\Users\richa\source\repos\VideoForensics\src\providers\ring\core\VideoForensics.Providers.Ring.Core.csproj]
C:\Users\richa\source\repos\VideoForensics\src\providers\ring\core\HttpUtility.cs(420,32): warning CS8600: Converting null literal or possible null value to non-nullable type. [C:\Users\richa\source\repos\VideoForensics\src\providers\ring\core\VideoForensics.Providers.Ring.Core.csproj]
C:\Users\richa\source\repos\VideoForensics\src\providers\ring\core\HttpUtility.cs(421,20): warning CS8603: Possible null reference return. [C:\Users\richa\source\repos\VideoForensics\src\providers\ring\core\VideoForensics.Providers.Ring.Core.csproj]
C:\Users\richa\source\repos\VideoForensics\src\providers\ring\core\Session.cs(450,36): warning CS8602: Dereference of a possibly null reference. [C:\Users\richa\source\repos\VideoForensics\src\providers\ring\core\VideoForensics.Providers.Ring.Core.csproj]
C:\Users\richa\source\repos\VideoForensics\src\providers\ring\core\Session.cs(450,80): warning CS8603: Possible null reference return. [C:\Users\richa\source\repos\VideoForensics\src\providers\ring\core\VideoForensics.Providers.Ring.Core.csproj]
C:\Users\richa\source\repos\VideoForensics\src\providers\ring\core\Session.cs(470,37): warning CS8604: Possible null reference argument for parameter 'collection' in 'void List<DoorbotHistoryEvent>.AddRange(IEnumerable<DoorbotHistoryEvent> collection)'. [C:\Users\richa\source\repos\VideoForensics\src\providers\ring\core\VideoForensics.Providers.Ring.Core.csproj]
C:\Users\richa\source\repos\VideoForensics\src\providers\ring\core\RingVideoService.cs(288,87): warning CS8629: Nullable value type may be null. [C:\Users\richa\source\repos\VideoForensics\src\providers\ring\core\VideoForensics.Providers.Ring.Core.csproj]
C:\Users\richa\source\repos\VideoForensics\src\providers\ring\core\RingVideoService.cs(292,83): warning CS8629: Nullable value type may be null. [C:\Users\richa\source\repos\VideoForensics\src\providers\ring\core\VideoForensics.Providers.Ring.Core.csproj]
C:\Users\richa\source\repos\VideoForensics\src\providers\ring\core\Session.cs(530,37): warning CS8604: Possible null reference argument for parameter 'source' in 'IEnumerable<DoorbotHistoryEvent> Enumerable.Where<DoorbotHistoryEvent>(IEnumerable<DoorbotHistoryEvent> source, Func<DoorbotHistoryEvent, bool> predicate)'. [C:\Users\richa\source\repos\VideoForensics\src\providers\ring\core\VideoForensics.Providers.Ring.Core.csproj]
C:\Users\richa\source\repos\VideoForensics\src\providers\ring\core\Session.cs(667,57): warning CS8600: Converting null literal or possible null value to non-nullable type. [C:\Users\richa\source\repos\VideoForensics\src\providers\ring\core\VideoForensics.Providers.Ring.Core.csproj]
C:\Users\richa\source\repos\VideoForensics\src\providers\ring\core\Session.cs(681,34): warning CS8600: Converting null literal or possible null value to non-nullable type. [C:\Users\richa\source\repos\VideoForensics\src\providers\ring\core\VideoForensics.Providers.Ring.Core.csproj]
C:\Users\richa\source\repos\VideoForensics\src\providers\ring\core\Session.cs(684,48): warning CS8602: Dereference of a possibly null reference. [C:\Users\richa\source\repos\VideoForensics\src\providers\ring\core\VideoForensics.Providers.Ring.Core.csproj]
C:\Users\richa\source\repos\VideoForensics\src\providers\ring\core\Session.cs(761,52): warning CS8600: Converting null literal or possible null value to non-nullable type. [C:\Users\richa\source\repos\VideoForensics\src\providers\ring\core\VideoForensics.Providers.Ring.Core.csproj]
C:\Users\richa\source\repos\VideoForensics\src\providers\ring\core\Session.cs(768,31): warning CS8600: Converting null literal or possible null value to non-nullable type. [C:\Users\richa\source\repos\VideoForensics\src\providers\ring\core\VideoForensics.Providers.Ring.Core.csproj]
C:\Users\richa\source\repos\VideoForensics\src\providers\ring\core\Session.cs(771,48): warning CS8602: Dereference of a possibly null reference. [C:\Users\richa\source\repos\VideoForensics\src\providers\ring\core\VideoForensics.Providers.Ring.Core.csproj]
C:\Users\richa\source\repos\VideoForensics\src\providers\ring\core\Session.cs(782,154): warning CS8600: Converting null literal or possible null value to non-nullable type. [C:\Users\richa\source\repos\VideoForensics\src\providers\ring\core\VideoForensics.Providers.Ring.Core.csproj]
C:\Users\richa\source\repos\VideoForensics\src\providers\ring\core\RingVideoService.cs(337,31): warning CS8600: Converting null literal or possible null value to non-nullable type. [C:\Users\richa\source\repos\VideoForensics\src\providers\ring\core\VideoForensics.Providers.Ring.Core.csproj]
C:\Users\richa\source\repos\VideoForensics\src\providers\ring\core\RingVideoService.cs(397,20): warning CS8603: Possible null reference return. [C:\Users\richa\source\repos\VideoForensics\src\providers\ring\core\VideoForensics.Providers.Ring.Core.csproj]
C:\Users\richa\source\repos\VideoForensics\src\providers\ring\core\Session.DeviceControl.cs(30,112): warning CS8625: Cannot convert null literal to non-nullable reference type. [C:\Users\richa\source\repos\VideoForensics\src\providers\ring\core\VideoForensics.Providers.Ring.Core.csproj]
C:\Users\richa\source\repos\VideoForensics\src\providers\ring\core\Session.DeviceControl.cs(55,112): warning CS8625: Cannot convert null literal to non-nullable reference type. [C:\Users\richa\source\repos\VideoForensics\src\providers\ring\core\VideoForensics.Providers.Ring.Core.csproj]
C:\Users\richa\source\repos\VideoForensics\src\providers\ring\core\Session.EventSubscriptions.cs(37,113): warning CS8625: Cannot convert null literal to non-nullable reference type. [C:\Users\richa\source\repos\VideoForensics\src\providers\ring\core\VideoForensics.Providers.Ring.Core.csproj]
C:\Users\richa\source\repos\VideoForensics\src\providers\ring\core\Session.Health.cs(28,20): warning CS8603: Possible null reference return. [C:\Users\richa\source\repos\VideoForensics\src\providers\ring\core\VideoForensics.Providers.Ring.Core.csproj]
C:\Users\richa\source\repos\VideoForensics\src\providers\ring\core\Session.Health.cs(42,20): warning CS8603: Possible null reference return. [C:\Users\richa\source\repos\VideoForensics\src\providers\ring\core\VideoForensics.Providers.Ring.Core.csproj]
C:\Users\richa\source\repos\VideoForensics\src\providers\ring\core\Session.LiveView.cs(45,103): warning CS8625: Cannot convert null literal to non-nullable reference type. [C:\Users\richa\source\repos\VideoForensics\src\providers\ring\core\VideoForensics.Providers.Ring.Core.csproj]
C:\Users\richa\source\repos\VideoForensics\src\providers\ring\core\Session.LocationMode.cs(37,20): warning CS8603: Possible null reference return. [C:\Users\richa\source\repos\VideoForensics\src\providers\ring\core\VideoForensics.Providers.Ring.Core.csproj]
C:\Users\richa\source\repos\VideoForensics\src\providers\ring\core\Session.LocationMode.cs(101,113): warning CS8625: Cannot convert null literal to non-nullable reference type. [C:\Users\richa\source\repos\VideoForensics\src\providers\ring\core\VideoForensics.Providers.Ring.Core.csproj]
C:\Users\richa\source\repos\VideoForensics\src\providers\ring\core\Session.LocationMode.cs(113,115): warning CS8625: Cannot convert null literal to non-nullable reference type. [C:\Users\richa\source\repos\VideoForensics\src\providers\ring\core\VideoForensics.Providers.Ring.Core.csproj]
C:\Users\richa\source\repos\VideoForensics\src\providers\ring\core\Session.Monitoring.cs(58,113): warning CS8625: Cannot convert null literal to non-nullable reference type. [C:\Users\richa\source\repos\VideoForensics\src\providers\ring\core\VideoForensics.Providers.Ring.Core.csproj]
C:\Users\richa\source\repos\VideoForensics\src\providers\ring\core\Session.SharedUsers.cs(25,37): warning CS8618: Non-nullable property 'Invitations' must contain a non-null value when exiting constructor. Consider adding the 'required' modifier or declaring the property as nullable. [C:\Users\richa\source\repos\VideoForensics\src\providers\ring\core\VideoForensics.Providers.Ring.Core.csproj]
C:\Users\richa\source\repos\VideoForensics\src\providers\ring\core\Session.SnapshotsExtra.cs(68,20): warning CS8603: Possible null reference return. [C:\Users\richa\source\repos\VideoForensics\src\providers\ring\core\VideoForensics.Providers.Ring.Core.csproj]
C:\Users\richa\source\repos\VideoForensics\src\providers\ring\core\RingVideoService.cs(552,25): warning CS8602: Dereference of a possibly null reference. [C:\Users\richa\source\repos\VideoForensics\src\providers\ring\core\VideoForensics.Providers.Ring.Core.csproj]
C:\Users\richa\source\repos\VideoForensics\src\providers\ring\core\RingVideoService.cs(552,61): warning CS8602: Dereference of a possibly null reference. [C:\Users\richa\source\repos\VideoForensics\src\providers\ring\core\VideoForensics.Providers.Ring.Core.csproj]
C:\Users\richa\source\repos\VideoForensics\src\providers\ring\core\RingVideoService.cs(557,43): warning CS8604: Possible null reference argument for parameter 'first' in 'IEnumerable<Doorbot> Enumerable.Concat<Doorbot>(IEnumerable<Doorbot> first, IEnumerable<Doorbot> second)'. [C:\Users\richa\source\repos\VideoForensics\src\providers\ring\core\VideoForensics.Providers.Ring.Core.csproj]
C:\Users\richa\source\repos\VideoForensics\src\providers\ring\core\RingVideoService.cs(566,54): warning CS8629: Nullable value type may be null. [C:\Users\richa\source\repos\VideoForensics\src\providers\ring\core\VideoForensics.Providers.Ring.Core.csproj]
C:\Users\richa\source\repos\VideoForensics\src\providers\ring\core\RingVideoService.cs(567,39): warning CS8604: Possible null reference argument for parameter 'source' in 'IEnumerable<Chime> Enumerable.Where<Chime>(IEnumerable<Chime> source, Func<Chime, bool> predicate)'. [C:\Users\richa\source\repos\VideoForensics\src\providers\ring\core\VideoForensics.Providers.Ring.Core.csproj]
C:\Users\richa\source\repos\VideoForensics\src\providers\ring\core\RingVideoService.cs(568,54): warning CS8629: Nullable value type may be null. [C:\Users\richa\source\repos\VideoForensics\src\providers\ring\core\VideoForensics.Providers.Ring.Core.csproj]
C:\Users\richa\source\repos\VideoForensics\src\providers\ring\core\RingVideoService.cs(570,46): warning CS8629: Nullable value type may be null. [C:\Users\richa\source\repos\VideoForensics\src\providers\ring\core\VideoForensics.Providers.Ring.Core.csproj]
C:\Users\richa\source\repos\VideoForensics\src\providers\ring\core\RingVideoService.cs(570,60): warning CS8629: Nullable value type may be null. [C:\Users\richa\source\repos\VideoForensics\src\providers\ring\core\VideoForensics.Providers.Ring.Core.csproj]
C:\Users\richa\source\repos\VideoForensics\src\providers\ring\core\RingVideoService.cs(631,83): warning CS8629: Nullable value type may be null. [C:\Users\richa\source\repos\VideoForensics\src\providers\ring\core\VideoForensics.Providers.Ring.Core.csproj]
C:\Users\richa\source\repos\VideoForensics\src\providers\ring\core\RingVideoService.cs(702,78): warning CS8602: Dereference of a possibly null reference. [C:\Users\richa\source\repos\VideoForensics\src\providers\ring\core\VideoForensics.Providers.Ring.Core.csproj]
C:\Users\richa\source\repos\VideoForensics\src\providers\ring\core\RingVideoService.cs(702,40): warning CS8602: Dereference of a possibly null reference. [C:\Users\richa\source\repos\VideoForensics\src\providers\ring\core\VideoForensics.Providers.Ring.Core.csproj]
C:\Users\richa\source\repos\VideoForensics\src\providers\ring\core\RingVideoService.cs(885,49): warning CS8629: Nullable value type may be null. [C:\Users\richa\source\repos\VideoForensics\src\providers\ring\core\VideoForensics.Providers.Ring.Core.csproj]
C:\Users\richa\source\repos\VideoForensics\src\providers\ring\core\RingVideoService.cs(908,43): warning CS8600: Converting null literal or possible null value to non-nullable type. [C:\Users\richa\source\repos\VideoForensics\src\providers\ring\core\VideoForensics.Providers.Ring.Core.csproj]
C:\Users\richa\source\repos\VideoForensics\src\providers\ring\core\RingVideoService.cs(909,46): warning CS8600: Converting null literal or possible null value to non-nullable type. [C:\Users\richa\source\repos\VideoForensics\src\providers\ring\core\VideoForensics.Providers.Ring.Core.csproj]
C:\Users\richa\source\repos\VideoForensics\src\providers\ring\core\RingVideoService.cs(910,50): warning CS8600: Converting null literal or possible null value to non-nullable type. [C:\Users\richa\source\repos\VideoForensics\src\providers\ring\core\VideoForensics.Providers.Ring.Core.csproj]
C:\Users\richa\source\repos\VideoForensics\src\providers\ring\core\RingVideoService.cs(948,72): warning CS8602: Dereference of a possibly null reference. [C:\Users\richa\source\repos\VideoForensics\src\providers\ring\core\VideoForensics.Providers.Ring.Core.csproj]
C:\Users\richa\source\repos\VideoForensics\src\providers\ring\core\RingVideoService.cs(970,67): warning CS8604: Possible null reference argument for parameter 'webResponseBody' in 'void RingVideoService.RecordFailedDownload(DoorbotHistoryEvent ding, Exception exception, string webResponseBody = null)'. [C:\Users\richa\source\repos\VideoForensics\src\providers\ring\core\VideoForensics.Providers.Ring.Core.csproj]
C:\Users\richa\source\repos\VideoForensics\src\providers\ring\core\RingVideoService.cs(1010,49): warning CS8604: Possible null reference argument for parameter 'arg1' in 'Task Func<DoorbotHistoryEvent, string, Task>.Invoke(DoorbotHistoryEvent arg1, string arg2)'. [C:\Users\richa\source\repos\VideoForensics\src\providers\ring\core\VideoForensics.Providers.Ring.Core.csproj]
C:\Users\richa\source\repos\VideoForensics\src\providers\ring\core\RingVideoService.cs(1023,24): warning CS8603: Possible null reference return. [C:\Users\richa\source\repos\VideoForensics\src\providers\ring\core\VideoForensics.Providers.Ring.Core.csproj]
C:\Users\richa\source\repos\VideoForensics\src\providers\ring\core\RingVideoService.cs(1037,20): warning CS8603: Possible null reference return. [C:\Users\richa\source\repos\VideoForensics\src\providers\ring\core\VideoForensics.Providers.Ring.Core.csproj]
C:\Users\richa\source\repos\VideoForensics\src\providers\ring\core\RingVideoService.cs(1092,36): warning CS8600: Converting null literal or possible null value to non-nullable type. [C:\Users\richa\source\repos\VideoForensics\src\providers\ring\core\VideoForensics.Providers.Ring.Core.csproj]
C:\Users\richa\source\repos\VideoForensics\src\providers\ring\core\RingVideoService.cs(1161,34): warning CS8600: Converting null literal or possible null value to non-nullable type. [C:\Users\richa\source\repos\VideoForensics\src\providers\ring\core\VideoForensics.Providers.Ring.Core.csproj]
C:\Users\richa\source\repos\VideoForensics\src\providers\ring\core\RingVideoService.cs(1164,45): warning CS8604: Possible null reference argument for parameter 'item' in 'bool HashSet<string>.Contains(string item)'. [C:\Users\richa\source\repos\VideoForensics\src\providers\ring\core\VideoForensics.Providers.Ring.Core.csproj]
C:\Users\richa\source\repos\VideoForensics\src\providers\ring\core\RingVideoService.cs(1182,33): warning CS8629: Nullable value type may be null. [C:\Users\richa\source\repos\VideoForensics\src\providers\ring\core\VideoForensics.Providers.Ring.Core.csproj]
C:\Users\richa\source\repos\VideoForensics\src\providers\ring\core\RingVideoService.cs(1378,36): warning CS8600: Converting null literal or possible null value to non-nullable type. [C:\Users\richa\source\repos\VideoForensics\src\providers\ring\core\VideoForensics.Providers.Ring.Core.csproj]
C:\Users\richa\source\repos\VideoForensics\src\providers\ring\core\RingVideoService.cs(1458,24): warning CS8603: Possible null reference return. [C:\Users\richa\source\repos\VideoForensics\src\providers\ring\core\VideoForensics.Providers.Ring.Core.csproj]
C:\Users\richa\source\repos\VideoForensics\src\providers\ring\core\RingVideoService.cs(1481,24): warning CS8603: Possible null reference return. [C:\Users\richa\source\repos\VideoForensics\src\providers\ring\core\VideoForensics.Providers.Ring.Core.csproj]
C:\Users\richa\source\repos\VideoForensics\src\providers\ring\core\RingVideoService.cs(1494,20): warning CS8603: Possible null reference return. [C:\Users\richa\source\repos\VideoForensics\src\providers\ring\core\VideoForensics.Providers.Ring.Core.csproj]
C:\Users\richa\source\repos\VideoForensics\src\providers\ring\auth\tests\CredentialStoreTests.cs(58,17): warning xUnit2009: Do not use Assert.False() to check for substrings. Use Assert.DoesNotContain instead. (https://xunit.net/xunit.analyzers/rules/xUnit2009) [C:\Users\richa\source\repos\VideoForensics\src\providers\ring\auth\tests\VideoForensics.Providers.Ring.Auth.Tests.csproj]
C:\Users\richa\source\repos\VideoForensics\src\providers\ring\auth\tests\CredentialStoreTests.cs(28,17): warning xUnit2009: Do not use Assert.False() to check for substrings. Use Assert.DoesNotContain instead. (https://xunit.net/xunit.analyzers/rules/xUnit2009) [C:\Users\richa\source\repos\VideoForensics\src\providers\ring\auth\tests\VideoForensics.Providers.Ring.Auth.Tests.csproj]
C:\Users\richa\source\repos\VideoForensics\src\providers\ring\auth\tests\CredentialStoreTests.cs(59,17): warning xUnit2009: Do not use Assert.False() to check for substrings. Use Assert.DoesNotContain instead. (https://xunit.net/xunit.analyzers/rules/xUnit2009) [C:\Users\richa\source\repos\VideoForensics\src\providers\ring\auth\tests\VideoForensics.Providers.Ring.Auth.Tests.csproj]
C:\Users\richa\source\repos\VideoForensics\src\providers\ring\auth\tests\CredentialStoreTests.cs(29,17): warning xUnit2009: Do not use Assert.False() to check for substrings. Use Assert.DoesNotContain instead. (https://xunit.net/xunit.analyzers/rules/xUnit2009) [C:\Users\richa\source\repos\VideoForensics\src\providers\ring\auth\tests\VideoForensics.Providers.Ring.Auth.Tests.csproj]
C:\Users\richa\source\repos\VideoForensics\src\providers\ring\auth\tests\CredentialStoreTests.cs(117,17): warning xUnit2009: Do not use Assert.False() to check for substrings. Use Assert.DoesNotContain instead. (https://xunit.net/xunit.analyzers/rules/xUnit2009) [C:\Users\richa\source\repos\VideoForensics\src\providers\ring\auth\tests\VideoForensics.Providers.Ring.Auth.Tests.csproj]
C:\Users\richa\source\repos\VideoForensics\src\providers\ring\core\tests\UnitTest.cs(351,54): warning CS8604: Possible null reference argument for parameter 'dingId' in 'Task Session.GetDoorbotHistoryRecording(string dingId, string saveAs)'. [C:\Users\richa\source\repos\VideoForensics\src\providers\ring\core\tests\VideoForensics.Providers.Ring.Core.Tests.csproj]
C:\Users\richa\source\repos\VideoForensics\src\providers\ring\core\tests\Mocks\RealSessionHelper.cs(52,43): warning CS8604: Possible null reference argument for parameter 'username' in 'Session.Session(string username, string password, HttpMessageHandler messageHandler = null, IVideoDownloader videoDownloader = null)'. [C:\Users\richa\source\repos\VideoForensics\src\providers\ring\core\tests\VideoForensics.Providers.Ring.Core.Tests.csproj]
C:\Users\richa\source\repos\VideoForensics\src\providers\ring\core\tests\Mocks\RealSessionHelper.cs(52,58): warning CS8604: Possible null reference argument for parameter 'password' in 'Session.Session(string username, string password, HttpMessageHandler messageHandler = null, IVideoDownloader videoDownloader = null)'. [C:\Users\richa\source\repos\VideoForensics\src\providers\ring\core\tests\VideoForensics.Providers.Ring.Core.Tests.csproj]
C:\Users\richa\source\repos\VideoForensics\src\providers\ring\core\tests\SessionTests.cs(108,13): warning xUnit2009: Do not use Assert.True() to check for substrings. Use Assert.Contains instead. (https://xunit.net/xunit.analyzers/rules/xUnit2009) [C:\Users\richa\source\repos\VideoForensics\src\providers\ring\core\tests\VideoForensics.Providers.Ring.Core.Tests.csproj]
C:\Users\richa\source\repos\VideoForensics\src\providers\ring\core\tests\FailedDownloadTests.cs(107,13): warning xUnit2009: Do not use Assert.True() to check for substrings. Use Assert.Contains instead. (https://xunit.net/xunit.analyzers/rules/xUnit2009) [C:\Users\richa\source\repos\VideoForensics\src\providers\ring\core\tests\VideoForensics.Providers.Ring.Core.Tests.csproj]
C:\Users\richa\source\repos\VideoForensics\src\providers\ring\core\tests\FailedDownloadTests.cs(108,13): warning xUnit2009: Do not use Assert.True() to check for substrings. Use Assert.Contains instead. (https://xunit.net/xunit.analyzers/rules/xUnit2009) [C:\Users\richa\source\repos\VideoForensics\src\providers\ring\core\tests\VideoForensics.Providers.Ring.Core.Tests.csproj]
C:\Users\richa\source\repos\VideoForensics\src\providers\ring\core\tests\RawApiLoggingTests.cs(46,19): warning xUnit1051: Calls to methods which accept CancellationToken should use TestContext.Current.CancellationToken to allow test cancellation to be more responsive. (https://xunit.net/xunit.analyzers/rules/xUnit1051) [C:\Users\richa\source\repos\VideoForensics\src\providers\ring\core\tests\VideoForensics.Providers.Ring.Core.Tests.csproj]
C:\Users\richa\source\repos\VideoForensics\src\providers\ring\core\tests\RawApiLoggingTests.cs(64,19): warning xUnit1051: Calls to methods which accept CancellationToken should use TestContext.Current.CancellationToken to allow test cancellation to be more responsive. (https://xunit.net/xunit.analyzers/rules/xUnit1051) [C:\Users\richa\source\repos\VideoForensics\src\providers\ring\core\tests\VideoForensics.Providers.Ring.Core.Tests.csproj]
C:\Users\richa\source\repos\VideoForensics\src\providers\ring\core\tests\RingVideoServiceTests.cs(87,13): warning xUnit2013: Do not use Assert.Equal() to check for collection size. Use Assert.Single instead. (https://xunit.net/xunit.analyzers/rules/xUnit2013) [C:\Users\richa\source\repos\VideoForensics\src\providers\ring\core\tests\VideoForensics.Providers.Ring.Core.Tests.csproj]
C:\Users\richa\source\repos\VideoForensics\src\providers\ring\core\tests\RealIntegrationTests.cs(105,13): warning xUnit2009: Do not use Assert.True() to check for substrings. Use Assert.Contains instead. (https://xunit.net/xunit.analyzers/rules/xUnit2009) [C:\Users\richa\source\repos\VideoForensics\src\providers\ring\core\tests\VideoForensics.Providers.Ring.Core.Tests.csproj]
C:\Users\richa\source\repos\VideoForensics\src\providers\ring\core\tests\RealIntegrationTests.cs(106,13): warning xUnit2009: Do not use Assert.True() to check for substrings. Use Assert.Contains instead. (https://xunit.net/xunit.analyzers/rules/xUnit2009) [C:\Users\richa\source\repos\VideoForensics\src\providers\ring\core\tests\VideoForensics.Providers.Ring.Core.Tests.csproj]
C:\Users\richa\source\repos\VideoForensics\src\providers\ring\core\tests\AlarmAndLiveViewTests.cs(47,13): warning xUnit2009: Do not use Assert.True() to check for substrings. Use Assert.Contains instead. (https://xunit.net/xunit.analyzers/rules/xUnit2009) [C:\Users\richa\source\repos\VideoForensics\src\providers\ring\core\tests\VideoForensics.Providers.Ring.Core.Tests.csproj]
C:\Users\richa\source\repos\VideoForensics\src\providers\ring\core\tests\MockIntegrationTests.cs(580,19): warning xUnit1051: Calls to methods which accept CancellationToken should use TestContext.Current.CancellationToken to allow test cancellation to be more responsive. (https://xunit.net/xunit.analyzers/rules/xUnit1051) [C:\Users\richa\source\repos\VideoForensics\src\providers\ring\core\tests\VideoForensics.Providers.Ring.Core.Tests.csproj]
C:\Users\richa\source\repos\VideoForensics\src\providers\ring\core\tests\MockIntegrationTests.cs(599,19): warning xUnit1051: Calls to methods which accept CancellationToken should use TestContext.Current.CancellationToken to allow test cancellation to be more responsive. (https://xunit.net/xunit.analyzers/rules/xUnit1051) [C:\Users\richa\source\repos\VideoForensics\src\providers\ring\core\tests\VideoForensics.Providers.Ring.Core.Tests.csproj]
C:\Users\richa\source\repos\VideoForensics\src\providers\ring\core\tests\MockIntegrationTests.cs(545,19): warning xUnit1051: Calls to methods which accept CancellationToken should use TestContext.Current.CancellationToken to allow test cancellation to be more responsive. (https://xunit.net/xunit.analyzers/rules/xUnit1051) [C:\Users\richa\source\repos\VideoForensics\src\providers\ring\core\tests\VideoForensics.Providers.Ring.Core.Tests.csproj]
C:\Users\richa\source\repos\VideoForensics\src\providers\ring\core\tests\MockIntegrationTests.cs(616,19): warning xUnit1051: Calls to methods which accept CancellationToken should use TestContext.Current.CancellationToken to allow test cancellation to be more responsive. (https://xunit.net/xunit.analyzers/rules/xUnit1051) [C:\Users\richa\source\repos\VideoForensics\src\providers\ring\core\tests\VideoForensics.Providers.Ring.Core.Tests.csproj]
C:\Users\richa\source\repos\VideoForensics\src\providers\ring\core\tests\MockIntegrationTests.cs(634,23): warning xUnit1051: Calls to methods which accept CancellationToken should use TestContext.Current.CancellationToken to allow test cancellation to be more responsive. (https://xunit.net/xunit.analyzers/rules/xUnit1051) [C:\Users\richa\source\repos\VideoForensics\src\providers\ring\core\tests\VideoForensics.Providers.Ring.Core.Tests.csproj]
C:\Users\richa\source\repos\VideoForensics\src\providers\ring\core\tests\MockIntegrationTests.cs(641,23): warning xUnit1051: Calls to methods which accept CancellationToken should use TestContext.Current.CancellationToken to allow test cancellation to be more responsive. (https://xunit.net/xunit.analyzers/rules/xUnit1051) [C:\Users\richa\source\repos\VideoForensics\src\providers\ring\core\tests\VideoForensics.Providers.Ring.Core.Tests.csproj]
C:\Users\richa\source\repos\VideoForensics\src\providers\ring\core\tests\MockIntegrationTests.cs(648,23): warning xUnit1051: Calls to methods which accept CancellationToken should use TestContext.Current.CancellationToken to allow test cancellation to be more responsive. (https://xunit.net/xunit.analyzers/rules/xUnit1051) [C:\Users\richa\source\repos\VideoForensics\src\providers\ring\core\tests\VideoForensics.Providers.Ring.Core.Tests.csproj]
C:\Users\richa\source\repos\VideoForensics\src\providers\ring\core\tests\MockIntegrationTests.cs(563,19): warning xUnit1051: Calls to methods which accept CancellationToken should use TestContext.Current.CancellationToken to allow test cancellation to be more responsive. (https://xunit.net/xunit.analyzers/rules/xUnit1051) [C:\Users\richa\source\repos\VideoForensics\src\providers\ring\core\tests\VideoForensics.Providers.Ring.Core.Tests.csproj]
C:\Users\richa\source\repos\VideoForensics\src\providers\ring\core\tests\MockIntegrationTests.cs(69,13): warning xUnit2009: Do not use Assert.True() to check for substrings. Use Assert.Contains instead. (https://xunit.net/xunit.analyzers/rules/xUnit2009) [C:\Users\richa\source\repos\VideoForensics\src\providers\ring\core\tests\VideoForensics.Providers.Ring.Core.Tests.csproj]
C:\Users\richa\source\repos\VideoForensics\src\providers\ring\core\tests\MockIntegrationTests.cs(70,13): warning xUnit2009: Do not use Assert.True() to check for substrings. Use Assert.Contains instead. (https://xunit.net/xunit.analyzers/rules/xUnit2009) [C:\Users\richa\source\repos\VideoForensics\src\providers\ring\core\tests\VideoForensics.Providers.Ring.Core.Tests.csproj]
C:\Users\richa\source\repos\VideoForensics\src\providers\ring\core\tests\MockIntegrationTests.cs(663,19): warning xUnit1051: Calls to methods which accept CancellationToken should use TestContext.Current.CancellationToken to allow test cancellation to be more responsive. (https://xunit.net/xunit.analyzers/rules/xUnit1051) [C:\Users\richa\source\repos\VideoForensics\src\providers\ring\core\tests\VideoForensics.Providers.Ring.Core.Tests.csproj]
C:\Users\richa\source\repos\VideoForensics\src\providers\ring\core\tests\MockIntegrationTests.cs(677,19): warning xUnit1051: Calls to methods which accept CancellationToken should use TestContext.Current.CancellationToken to allow test cancellation to be more responsive. (https://xunit.net/xunit.analyzers/rules/xUnit1051) [C:\Users\richa\source\repos\VideoForensics\src\providers\ring\core\tests\VideoForensics.Providers.Ring.Core.Tests.csproj]
C:\Users\richa\source\repos\VideoForensics\src\providers\ring\core\tests\MockIntegrationTests.cs(791,19): warning xUnit1051: Calls to methods which accept CancellationToken should use TestContext.Current.CancellationToken to allow test cancellation to be more responsive. (https://xunit.net/xunit.analyzers/rules/xUnit1051) [C:\Users\richa\source\repos\VideoForensics\src\providers\ring\core\tests\VideoForensics.Providers.Ring.Core.Tests.csproj]
C:\Users\richa\source\repos\VideoForensics\src\providers\ring\core\tests\MockIntegrationTests.cs(814,13): warning xUnit2013: Do not use Assert.Equal() to check for collection size. Use Assert.Single instead. (https://xunit.net/xunit.analyzers/rules/xUnit2013) [C:\Users\richa\source\repos\VideoForensics\src\providers\ring\core\tests\VideoForensics.Providers.Ring.Core.Tests.csproj]
C:\Users\richa\source\repos\VideoForensics\src\providers\ring\core\tests\MockIntegrationTests.cs(816,13): warning xUnit2013: Do not use Assert.Equal() to check for collection size. Use Assert.Single instead. (https://xunit.net/xunit.analyzers/rules/xUnit2013) [C:\Users\richa\source\repos\VideoForensics\src\providers\ring\core\tests\VideoForensics.Providers.Ring.Core.Tests.csproj]
C:\Users\richa\source\repos\VideoForensics\src\providers\ring\core\tests\MockIntegrationTests.cs(834,13): warning xUnit2013: Do not use Assert.Equal() to check for collection size. Use Assert.Single instead. (https://xunit.net/xunit.analyzers/rules/xUnit2013) [C:\Users\richa\source\repos\VideoForensics\src\providers\ring\core\tests\VideoForensics.Providers.Ring.Core.Tests.csproj]
C:\Users\richa\source\repos\VideoForensics\src\providers\ring\core\tests\MockIntegrationTests.cs(917,32): warning xUnit1051: Calls to methods which accept CancellationToken should use TestContext.Current.CancellationToken to allow test cancellation to be more responsive. (https://xunit.net/xunit.analyzers/rules/xUnit1051) [C:\Users\richa\source\repos\VideoForensics\src\providers\ring\core\tests\VideoForensics.Providers.Ring.Core.Tests.csproj]
C:\Users\richa\source\repos\VideoForensics\src\providers\ring\core\tests\MockIntegrationTests.cs(934,32): warning xUnit1051: Calls to methods which accept CancellationToken should use TestContext.Current.CancellationToken to allow test cancellation to be more responsive. (https://xunit.net/xunit.analyzers/rules/xUnit1051) [C:\Users\richa\source\repos\VideoForensics\src\providers\ring\core\tests\VideoForensics.Providers.Ring.Core.Tests.csproj]
C:\Users\richa\source\repos\VideoForensics\src\providers\ring\core\tests\MockIntegrationTests.cs(691,19): warning xUnit1051: Calls to methods which accept CancellationToken should use TestContext.Current.CancellationToken to allow test cancellation to be more responsive. (https://xunit.net/xunit.analyzers/rules/xUnit1051) [C:\Users\richa\source\repos\VideoForensics\src\providers\ring\core\tests\VideoForensics.Providers.Ring.Core.Tests.csproj]
C:\Users\richa\source\repos\VideoForensics\src\providers\ring\core\tests\MockIntegrationTests.cs(949,19): warning xUnit1051: Calls to methods which accept CancellationToken should use TestContext.Current.CancellationToken to allow test cancellation to be more responsive. (https://xunit.net/xunit.analyzers/rules/xUnit1051) [C:\Users\richa\source\repos\VideoForensics\src\providers\ring\core\tests\VideoForensics.Providers.Ring.Core.Tests.csproj]
C:\Users\richa\source\repos\VideoForensics\src\providers\ring\core\tests\MockIntegrationTests.cs(719,19): warning xUnit1051: Calls to methods which accept CancellationToken should use TestContext.Current.CancellationToken to allow test cancellation to be more responsive. (https://xunit.net/xunit.analyzers/rules/xUnit1051) [C:\Users\richa\source\repos\VideoForensics\src\providers\ring\core\tests\VideoForensics.Providers.Ring.Core.Tests.csproj]
C:\Users\richa\source\repos\VideoForensics\src\providers\ring\core\tests\MockIntegrationTests.cs(963,19): warning xUnit1051: Calls to methods which accept CancellationToken should use TestContext.Current.CancellationToken to allow test cancellation to be more responsive. (https://xunit.net/xunit.analyzers/rules/xUnit1051) [C:\Users\richa\source\repos\VideoForensics\src\providers\ring\core\tests\VideoForensics.Providers.Ring.Core.Tests.csproj]
C:\Users\richa\source\repos\VideoForensics\src\providers\ring\core\tests\MockIntegrationTests.cs(977,19): warning xUnit1051: Calls to methods which accept CancellationToken should use TestContext.Current.CancellationToken to allow test cancellation to be more responsive. (https://xunit.net/xunit.analyzers/rules/xUnit1051) [C:\Users\richa\source\repos\VideoForensics\src\providers\ring\core\tests\VideoForensics.Providers.Ring.Core.Tests.csproj]
C:\Users\richa\source\repos\VideoForensics\src\providers\ring\core\tests\MockIntegrationTests.cs(991,19): warning xUnit1051: Calls to methods which accept CancellationToken should use TestContext.Current.CancellationToken to allow test cancellation to be more responsive. (https://xunit.net/xunit.analyzers/rules/xUnit1051) [C:\Users\richa\source\repos\VideoForensics\src\providers\ring\core\tests\VideoForensics.Providers.Ring.Core.Tests.csproj]
C:\Users\richa\source\repos\VideoForensics\src\providers\ring\core\tests\MockIntegrationTests.cs(1042,13): warning xUnit2013: Do not use Assert.Equal() to check for collection size. Use Assert.Single instead. (https://xunit.net/xunit.analyzers/rules/xUnit2013) [C:\Users\richa\source\repos\VideoForensics\src\providers\ring\core\tests\VideoForensics.Providers.Ring.Core.Tests.csproj]
C:\Users\richa\source\repos\VideoForensics\src\providers\ring\core\tests\MockIntegrationTests.cs(1037,13): warning xUnit2009: Do not use Assert.True() to check for substrings. Use Assert.Contains instead. (https://xunit.net/xunit.analyzers/rules/xUnit2009) [C:\Users\richa\source\repos\VideoForensics\src\providers\ring\core\tests\VideoForensics.Providers.Ring.Core.Tests.csproj]
C:\Users\richa\source\repos\VideoForensics\src\providers\ring\core\tests\MockIntegrationTests.cs(1033,33): warning xUnit1051: Calls to methods which accept CancellationToken should use TestContext.Current.CancellationToken to allow test cancellation to be more responsive. (https://xunit.net/xunit.analyzers/rules/xUnit1051) [C:\Users\richa\source\repos\VideoForensics\src\providers\ring\core\tests\VideoForensics.Providers.Ring.Core.Tests.csproj]
C:\Users\richa\source\repos\VideoForensics\src\providers\ring\core\tests\MockIntegrationTests.cs(776,13): warning xUnit2013: Do not use Assert.Equal() to check for collection size. Use Assert.Single instead. (https://xunit.net/xunit.analyzers/rules/xUnit2013) [C:\Users\richa\source\repos\VideoForensics\src\providers\ring\core\tests\VideoForensics.Providers.Ring.Core.Tests.csproj]
C:\Users\richa\source\repos\VideoForensics\src\providers\ring\core\tests\MockIntegrationTests.cs(773,32): warning xUnit1051: Calls to methods which accept CancellationToken should use TestContext.Current.CancellationToken to allow test cancellation to be more responsive. (https://xunit.net/xunit.analyzers/rules/xUnit1051) [C:\Users\richa\source\repos\VideoForensics\src\providers\ring\core\tests\VideoForensics.Providers.Ring.Core.Tests.csproj]
C:\Users\richa\source\repos\VideoForensics\src\providers\ring\core\tests\MockIntegrationTests.cs(1088,13): warning xUnit2013: Do not use Assert.Equal() to check for collection size. Use Assert.Single instead. (https://xunit.net/xunit.analyzers/rules/xUnit2013) [C:\Users\richa\source\repos\VideoForensics\src\providers\ring\core\tests\VideoForensics.Providers.Ring.Core.Tests.csproj]
C:\Users\richa\source\repos\VideoForensics\src\providers\ring\core\tests\MockIntegrationTests.cs(1113,13): warning xUnit2013: Do not use Assert.Equal() to check for collection size. Use Assert.Single instead. (https://xunit.net/xunit.analyzers/rules/xUnit2013) [C:\Users\richa\source\repos\VideoForensics\src\providers\ring\core\tests\VideoForensics.Providers.Ring.Core.Tests.csproj]
C:\Users\richa\source\repos\VideoForensics\src\providers\ring\core\tests\MockIntegrationTests.cs(1131,13): warning xUnit2009: Do not use Assert.True() to check for substrings. Use Assert.Contains instead. (https://xunit.net/xunit.analyzers/rules/xUnit2009) [C:\Users\richa\source\repos\VideoForensics\src\providers\ring\core\tests\VideoForensics.Providers.Ring.Core.Tests.csproj]
C:\Users\richa\source\repos\VideoForensics\src\providers\ring\core\tests\MockIntegrationTests.cs(1127,38): warning xUnit1051: Calls to methods which accept CancellationToken should use TestContext.Current.CancellationToken to allow test cancellation to be more responsive. (https://xunit.net/xunit.analyzers/rules/xUnit1051) [C:\Users\richa\source\repos\VideoForensics\src\providers\ring\core\tests\VideoForensics.Providers.Ring.Core.Tests.csproj]
C:\Users\richa\source\repos\VideoForensics\src\providers\ring\core\tests\MockIntegrationTests.cs(1146,13): warning xUnit2009: Do not use Assert.True() to check for substrings. Use Assert.Contains instead. (https://xunit.net/xunit.analyzers/rules/xUnit2009) [C:\Users\richa\source\repos\VideoForensics\src\providers\ring\core\tests\VideoForensics.Providers.Ring.Core.Tests.csproj]
C:\Users\richa\source\repos\VideoForensics\src\providers\ring\core\tests\MockIntegrationTests.cs(1142,38): warning xUnit1051: Calls to methods which accept CancellationToken should use TestContext.Current.CancellationToken to allow test cancellation to be more responsive. (https://xunit.net/xunit.analyzers/rules/xUnit1051) [C:\Users\richa\source\repos\VideoForensics\src\providers\ring\core\tests\VideoForensics.Providers.Ring.Core.Tests.csproj]
C:\Users\richa\source\repos\VideoForensics\src\providers\ring\core\tests\MockIntegrationTests.cs(1160,33): warning xUnit1051: Calls to methods which accept CancellationToken should use TestContext.Current.CancellationToken to allow test cancellation to be more responsive. (https://xunit.net/xunit.analyzers/rules/xUnit1051) [C:\Users\richa\source\repos\VideoForensics\src\providers\ring\core\tests\VideoForensics.Providers.Ring.Core.Tests.csproj]
C:\Users\richa\source\repos\VideoForensics\src\providers\ring\core\tests\MockIntegrationTests.cs(705,19): warning xUnit1051: Calls to methods which accept CancellationToken should use TestContext.Current.CancellationToken to allow test cancellation to be more responsive. (https://xunit.net/xunit.analyzers/rules/xUnit1051) [C:\Users\richa\source\repos\VideoForensics\src\providers\ring\core\tests\VideoForensics.Providers.Ring.Core.Tests.csproj]
C:\Users\richa\source\repos\VideoForensics\src\providers\ring\core\tests\MockIntegrationTests.cs(1010,34): warning xUnit1051: Calls to methods which accept CancellationToken should use TestContext.Current.CancellationToken to allow test cancellation to be more responsive. (https://xunit.net/xunit.analyzers/rules/xUnit1051) [C:\Users\richa\source\repos\VideoForensics\src\providers\ring\core\tests\VideoForensics.Providers.Ring.Core.Tests.csproj]
C:\Users\richa\source\repos\VideoForensics\src\providers\ring\core\tests\MockIntegrationTests.cs(1288,19): warning xUnit1051: Calls to methods which accept CancellationToken should use TestContext.Current.CancellationToken to allow test cancellation to be more responsive. (https://xunit.net/xunit.analyzers/rules/xUnit1051) [C:\Users\richa\source\repos\VideoForensics\src\providers\ring\core\tests\VideoForensics.Providers.Ring.Core.Tests.csproj]
C:\Users\richa\source\repos\VideoForensics\src\providers\ring\core\tests\MockIntegrationTests.cs(1272,32): warning xUnit1051: Calls to methods which accept CancellationToken should use TestContext.Current.CancellationToken to allow test cancellation to be more responsive. (https://xunit.net/xunit.analyzers/rules/xUnit1051) [C:\Users\richa\source\repos\VideoForensics\src\providers\ring\core\tests\VideoForensics.Providers.Ring.Core.Tests.csproj]
C:\Users\richa\source\repos\VideoForensics\src\providers\ring\core\tests\MockIntegrationTests.cs(1308,33): warning xUnit1051: Calls to methods which accept CancellationToken should use TestContext.Current.CancellationToken to allow test cancellation to be more responsive. (https://xunit.net/xunit.analyzers/rules/xUnit1051) [C:\Users\richa\source\repos\VideoForensics\src\providers\ring\core\tests\VideoForensics.Providers.Ring.Core.Tests.csproj]
C:\Users\richa\source\repos\VideoForensics\src\providers\ring\core\tests\MockIntegrationTests.cs(1369,13): warning xUnit2013: Do not use Assert.Equal() to check for collection size. Use Assert.Single instead. (https://xunit.net/xunit.analyzers/rules/xUnit2013) [C:\Users\richa\source\repos\VideoForensics\src\providers\ring\core\tests\VideoForensics.Providers.Ring.Core.Tests.csproj]
C:\Users\richa\source\repos\VideoForensics\src\providers\ring\core\tests\MockIntegrationTests.cs(1399,19): warning xUnit1051: Calls to methods which accept CancellationToken should use TestContext.Current.CancellationToken to allow test cancellation to be more responsive. (https://xunit.net/xunit.analyzers/rules/xUnit1051) [C:\Users\richa\source\repos\VideoForensics\src\providers\ring\core\tests\VideoForensics.Providers.Ring.Core.Tests.csproj]
C:\Users\richa\source\repos\VideoForensics\src\providers\ring\core\tests\MockIntegrationTests.cs(1487,13): warning xUnit2013: Do not use Assert.Equal() to check for collection size. Use Assert.Single instead. (https://xunit.net/xunit.analyzers/rules/xUnit2013) [C:\Users\richa\source\repos\VideoForensics\src\providers\ring\core\tests\VideoForensics.Providers.Ring.Core.Tests.csproj]
C:\Users\richa\source\repos\VideoForensics\src\providers\ring\core\tests\MockIntegrationTests.cs(1485,31): warning xUnit1051: Calls to methods which accept CancellationToken should use TestContext.Current.CancellationToken to allow test cancellation to be more responsive. (https://xunit.net/xunit.analyzers/rules/xUnit1051) [C:\Users\richa\source\repos\VideoForensics\src\providers\ring\core\tests\VideoForensics.Providers.Ring.Core.Tests.csproj]
C:\Users\richa\source\repos\VideoForensics\src\providers\ring\core\tests\MockIntegrationTests.cs(1533,33): warning xUnit1051: Calls to methods which accept CancellationToken should use TestContext.Current.CancellationToken to allow test cancellation to be more responsive. (https://xunit.net/xunit.analyzers/rules/xUnit1051) [C:\Users\richa\source\repos\VideoForensics\src\providers\ring\core\tests\VideoForensics.Providers.Ring.Core.Tests.csproj]
C:\Users\richa\source\repos\VideoForensics\src\providers\ring\core\tests\MockIntegrationTests.cs(1623,13): warning xUnit2013: Do not use Assert.Equal() to check for collection size. Use Assert.Single instead. (https://xunit.net/xunit.analyzers/rules/xUnit2013) [C:\Users\richa\source\repos\VideoForensics\src\providers\ring\core\tests\VideoForensics.Providers.Ring.Core.Tests.csproj]
C:\Users\richa\source\repos\VideoForensics\src\providers\ring\core\tests\MockIntegrationTests.cs(1517,32): warning xUnit1051: Calls to methods which accept CancellationToken should use TestContext.Current.CancellationToken to allow test cancellation to be more responsive. (https://xunit.net/xunit.analyzers/rules/xUnit1051) [C:\Users\richa\source\repos\VideoForensics\src\providers\ring\core\tests\VideoForensics.Providers.Ring.Core.Tests.csproj]
C:\Users\richa\source\repos\VideoForensics\src\providers\ring\core\tests\AlarmAndLiveViewTests.cs(201,34): warning xUnit1051: Calls to methods which accept CancellationToken should use TestContext.Current.CancellationToken to allow test cancellation to be more responsive. (https://xunit.net/xunit.analyzers/rules/xUnit1051) [C:\Users\richa\source\repos\VideoForensics\src\providers\ring\core\tests\VideoForensics.Providers.Ring.Core.Tests.csproj]
C:\Users\richa\source\repos\VideoForensics\src\providers\ring\core\tests\AlarmAndLiveViewTests.cs(230,23): warning xUnit1051: Calls to methods which accept CancellationToken should use TestContext.Current.CancellationToken to allow test cancellation to be more responsive. (https://xunit.net/xunit.analyzers/rules/xUnit1051) [C:\Users\richa\source\repos\VideoForensics\src\providers\ring\core\tests\VideoForensics.Providers.Ring.Core.Tests.csproj]
C:\Users\richa\source\repos\VideoForensics\src\providers\ring\snapshots\metadata\SnapshotFrameExtractor.cs(162,50): warning CS8602: Dereference of a possibly null reference. [C:\Users\richa\source\repos\VideoForensics\src\providers\ring\snapshots\metadata\VideoForensics.Providers.Ring.Snapshots.Metadata.csproj]
C:\Users\richa\source\repos\VideoForensics\src\providers\ring\provider\tests\MediaFileNamerTests.cs(50,21): warning xUnit1012: Null should not be used for type parameter 'input' of type 'string'. Use a non-null value, or convert the parameter to a nullable type. (https://xunit.net/xunit.analyzers/rules/xUnit1012) [C:\Users\richa\source\repos\VideoForensics\src\providers\ring\provider\tests\VideoForensics.Providers.Ring.Tests.csproj]
C:\Users\richa\source\repos\VideoForensics\src\providers\ring\provider\tests\RingMediaDownloadServiceTests.cs(34,32): warning xUnit1051: Calls to methods which accept CancellationToken should use TestContext.Current.CancellationToken to allow test cancellation to be more responsive. (https://xunit.net/xunit.analyzers/rules/xUnit1051) [C:\Users\richa\source\repos\VideoForensics\src\providers\ring\provider\tests\VideoForensics.Providers.Ring.Tests.csproj]
C:\Users\richa\source\repos\VideoForensics\src\providers\ring\provider\tests\RingDeviceDiscoveryServiceTests.cs(25,32): warning xUnit1051: Calls to methods which accept CancellationToken should use TestContext.Current.CancellationToken to allow test cancellation to be more responsive. (https://xunit.net/xunit.analyzers/rules/xUnit1051) [C:\Users\richa\source\repos\VideoForensics\src\providers\ring\provider\tests\VideoForensics.Providers.Ring.Tests.csproj]
C:\Users\richa\source\repos\VideoForensics\src\providers\ring\provider\tests\RingMediaDownloadServiceTests.cs(57,32): warning xUnit1051: Calls to methods which accept CancellationToken should use TestContext.Current.CancellationToken to allow test cancellation to be more responsive. (https://xunit.net/xunit.analyzers/rules/xUnit1051) [C:\Users\richa\source\repos\VideoForensics\src\providers\ring\provider\tests\VideoForensics.Providers.Ring.Tests.csproj]
C:\Users\richa\source\repos\VideoForensics\src\providers\ring\provider\tests\RingDeviceDiscoveryServiceTests.cs(41,32): warning xUnit1051: Calls to methods which accept CancellationToken should use TestContext.Current.CancellationToken to allow test cancellation to be more responsive. (https://xunit.net/xunit.analyzers/rules/xUnit1051) [C:\Users\richa\source\repos\VideoForensics\src\providers\ring\provider\tests\VideoForensics.Providers.Ring.Tests.csproj]
C:\Users\richa\source\repos\VideoForensics\src\providers\ring\provider\tests\RingEventAndConfigServiceTests.cs(25,32): warning xUnit1051: Calls to methods which accept CancellationToken should use TestContext.Current.CancellationToken to allow test cancellation to be more responsive. (https://xunit.net/xunit.analyzers/rules/xUnit1051) [C:\Users\richa\source\repos\VideoForensics\src\providers\ring\provider\tests\VideoForensics.Providers.Ring.Tests.csproj]
C:\Users\richa\source\repos\VideoForensics\src\providers\ring\provider\tests\RingMediaDownloadServiceTests.cs(81,32): warning xUnit1051: Calls to methods which accept CancellationToken should use TestContext.Current.CancellationToken to allow test cancellation to be more responsive. (https://xunit.net/xunit.analyzers/rules/xUnit1051) [C:\Users\richa\source\repos\VideoForensics\src\providers\ring\provider\tests\VideoForensics.Providers.Ring.Tests.csproj]
C:\Users\richa\source\repos\VideoForensics\src\providers\ring\provider\tests\RingEventAndConfigServiceTests.cs(45,32): warning xUnit1051: Calls to methods which accept CancellationToken should use TestContext.Current.CancellationToken to allow test cancellation to be more responsive. (https://xunit.net/xunit.analyzers/rules/xUnit1051) [C:\Users\richa\source\repos\VideoForensics\src\providers\ring\provider\tests\VideoForensics.Providers.Ring.Tests.csproj]
C:\Users\richa\source\repos\VideoForensics\src\providers\ring\provider\tests\RingMediaDownloadServiceTests.cs(103,32): warning xUnit1051: Calls to methods which accept CancellationToken should use TestContext.Current.CancellationToken to allow test cancellation to be more responsive. (https://xunit.net/xunit.analyzers/rules/xUnit1051) [C:\Users\richa\source\repos\VideoForensics\src\providers\ring\provider\tests\VideoForensics.Providers.Ring.Tests.csproj]
C:\Users\richa\source\repos\VideoForensics\src\providers\ring\provider\tests\RingAuthServiceTests.cs(25,32): warning xUnit1051: Calls to methods which accept CancellationToken should use TestContext.Current.CancellationToken to allow test cancellation to be more responsive. (https://xunit.net/xunit.analyzers/rules/xUnit1051) [C:\Users\richa\source\repos\VideoForensics\src\providers\ring\provider\tests\VideoForensics.Providers.Ring.Tests.csproj]
C:\Users\richa\source\repos\VideoForensics\src\providers\ring\provider\tests\RingDeviceDiscoveryServiceTests.cs(59,32): warning xUnit1051: Calls to methods which accept CancellationToken should use TestContext.Current.CancellationToken to allow test cancellation to be more responsive. (https://xunit.net/xunit.analyzers/rules/xUnit1051) [C:\Users\richa\source\repos\VideoForensics\src\providers\ring\provider\tests\VideoForensics.Providers.Ring.Tests.csproj]
C:\Users\richa\source\repos\VideoForensics\src\providers\ring\provider\tests\RingEventAndConfigServiceTests.cs(65,32): warning xUnit1051: Calls to methods which accept CancellationToken should use TestContext.Current.CancellationToken to allow test cancellation to be more responsive. (https://xunit.net/xunit.analyzers/rules/xUnit1051) [C:\Users\richa\source\repos\VideoForensics\src\providers\ring\provider\tests\VideoForensics.Providers.Ring.Tests.csproj]
C:\Users\richa\source\repos\VideoForensics\src\providers\ring\provider\tests\RingAuthServiceTests.cs(43,19): warning xUnit1051: Calls to methods which accept CancellationToken should use TestContext.Current.CancellationToken to allow test cancellation to be more responsive. (https://xunit.net/xunit.analyzers/rules/xUnit1051) [C:\Users\richa\source\repos\VideoForensics\src\providers\ring\provider\tests\VideoForensics.Providers.Ring.Tests.csproj]
C:\Users\richa\source\repos\VideoForensics\src\providers\ring\provider\tests\RingEventAndConfigServiceTests.cs(87,32): warning xUnit1051: Calls to methods which accept CancellationToken should use TestContext.Current.CancellationToken to allow test cancellation to be more responsive. (https://xunit.net/xunit.analyzers/rules/xUnit1051) [C:\Users\richa\source\repos\VideoForensics\src\providers\ring\provider\tests\VideoForensics.Providers.Ring.Tests.csproj]
C:\Users\richa\source\repos\VideoForensics\src\providers\ring\provider\tests\RingMediaDownloadServiceTests.cs(156,32): warning xUnit1051: Calls to methods which accept CancellationToken should use TestContext.Current.CancellationToken to allow test cancellation to be more responsive. (https://xunit.net/xunit.analyzers/rules/xUnit1051) [C:\Users\richa\source\repos\VideoForensics\src\providers\ring\provider\tests\VideoForensics.Providers.Ring.Tests.csproj]
C:\Users\richa\source\repos\VideoForensics\src\providers\ring\provider\tests\RingEventAndConfigServiceTests.cs(102,32): warning xUnit1051: Calls to methods which accept CancellationToken should use TestContext.Current.CancellationToken to allow test cancellation to be more responsive. (https://xunit.net/xunit.analyzers/rules/xUnit1051) [C:\Users\richa\source\repos\VideoForensics\src\providers\ring\provider\tests\VideoForensics.Providers.Ring.Tests.csproj]
C:\Users\richa\source\repos\VideoForensics\src\providers\ring\provider\tests\RingAuthServiceTests.cs(62,32): warning xUnit1051: Calls to methods which accept CancellationToken should use TestContext.Current.CancellationToken to allow test cancellation to be more responsive. (https://xunit.net/xunit.analyzers/rules/xUnit1051) [C:\Users\richa\source\repos\VideoForensics\src\providers\ring\provider\tests\VideoForensics.Providers.Ring.Tests.csproj]
C:\Users\richa\source\repos\VideoForensics\src\providers\ring\provider\tests\RingAuthServiceTests.cs(78,32): warning xUnit1051: Calls to methods which accept CancellationToken should use TestContext.Current.CancellationToken to allow test cancellation to be more responsive. (https://xunit.net/xunit.analyzers/rules/xUnit1051) [C:\Users\richa\source\repos\VideoForensics\src\providers\ring\provider\tests\VideoForensics.Providers.Ring.Tests.csproj]
C:\Users\richa\source\repos\VideoForensics\src\providers\ring\provider\tests\RingEventAndConfigServiceTests.cs(117,32): warning xUnit1051: Calls to methods which accept CancellationToken should use TestContext.Current.CancellationToken to allow test cancellation to be more responsive. (https://xunit.net/xunit.analyzers/rules/xUnit1051) [C:\Users\richa\source\repos\VideoForensics\src\providers\ring\provider\tests\VideoForensics.Providers.Ring.Tests.csproj]
C:\Users\richa\source\repos\VideoForensics\src\providers\ring\provider\tests\RingEventAndConfigServiceTests.cs(143,32): warning xUnit1051: Calls to methods which accept CancellationToken should use TestContext.Current.CancellationToken to allow test cancellation to be more responsive. (https://xunit.net/xunit.analyzers/rules/xUnit1051) [C:\Users\richa\source\repos\VideoForensics\src\providers\ring\provider\tests\VideoForensics.Providers.Ring.Tests.csproj]
C:\Users\richa\source\repos\VideoForensics\src\providers\ring\provider\tests\RingEventAndConfigServiceTests.cs(164,32): warning xUnit1051: Calls to methods which accept CancellationToken should use TestContext.Current.CancellationToken to allow test cancellation to be more responsive. (https://xunit.net/xunit.analyzers/rules/xUnit1051) [C:\Users\richa\source\repos\VideoForensics\src\providers\ring\provider\tests\VideoForensics.Providers.Ring.Tests.csproj]
C:\Users\richa\source\repos\VideoForensics\src\providers\ring\provider\tests\RingDeviceDiscoveryServiceTests.cs(91,32): warning xUnit1051: Calls to methods which accept CancellationToken should use TestContext.Current.CancellationToken to allow test cancellation to be more responsive. (https://xunit.net/xunit.analyzers/rules/xUnit1051) [C:\Users\richa\source\repos\VideoForensics\src\providers\ring\provider\tests\VideoForensics.Providers.Ring.Tests.csproj]
C:\Users\richa\source\repos\VideoForensics\src\providers\ring\provider\tests\RingDeviceDiscoveryServiceTests.cs(75,32): warning xUnit1051: Calls to methods which accept CancellationToken should use TestContext.Current.CancellationToken to allow test cancellation to be more responsive. (https://xunit.net/xunit.analyzers/rules/xUnit1051) [C:\Users\richa\source\repos\VideoForensics\src\providers\ring\provider\tests\VideoForensics.Providers.Ring.Tests.csproj]
C:\Users\richa\source\repos\VideoForensics\src\providers\ring\provider\tests\RingDeviceDiscoveryServiceTests.cs(108,32): warning xUnit1051: Calls to methods which accept CancellationToken should use TestContext.Current.CancellationToken to allow test cancellation to be more responsive. (https://xunit.net/xunit.analyzers/rules/xUnit1051) [C:\Users\richa\source\repos\VideoForensics\src\providers\ring\provider\tests\VideoForensics.Providers.Ring.Tests.csproj]
C:\Users\richa\source\repos\VideoForensics\src\providers\ring\provider\tests\RingDeviceDiscoveryServiceTests.cs(123,32): warning xUnit1051: Calls to methods which accept CancellationToken should use TestContext.Current.CancellationToken to allow test cancellation to be more responsive. (https://xunit.net/xunit.analyzers/rules/xUnit1051) [C:\Users\richa\source\repos\VideoForensics\src\providers\ring\provider\tests\VideoForensics.Providers.Ring.Tests.csproj]
C:\Users\richa\source\repos\VideoForensics\src\providers\ring\provider\tests\RingAuthServiceTests.cs(95,32): warning xUnit1051: Calls to methods which accept CancellationToken should use TestContext.Current.CancellationToken to allow test cancellation to be more responsive. (https://xunit.net/xunit.analyzers/rules/xUnit1051) [C:\Users\richa\source\repos\VideoForensics\src\providers\ring\provider\tests\VideoForensics.Providers.Ring.Tests.csproj]
C:\Users\richa\source\repos\VideoForensics\src\providers\ring\provider\tests\RingIntegrationTests.cs(129,38): warning xUnit1051: Calls to methods which accept CancellationToken should use TestContext.Current.CancellationToken to allow test cancellation to be more responsive. (https://xunit.net/xunit.analyzers/rules/xUnit1051) [C:\Users\richa\source\repos\VideoForensics\src\providers\ring\provider\tests\VideoForensics.Providers.Ring.Tests.csproj]
C:\Users\richa\source\repos\VideoForensics\src\providers\ring\provider\tests\RingIntegrationTests.cs(133,45): warning xUnit1051: Calls to methods which accept CancellationToken should use TestContext.Current.CancellationToken to allow test cancellation to be more responsive. (https://xunit.net/xunit.analyzers/rules/xUnit1051) [C:\Users\richa\source\repos\VideoForensics\src\providers\ring\provider\tests\VideoForensics.Providers.Ring.Tests.csproj]
C:\Users\richa\source\repos\VideoForensics\src\providers\ring\provider\tests\RingIntegrationTests.cs(137,39): warning xUnit1051: Calls to methods which accept CancellationToken should use TestContext.Current.CancellationToken to allow test cancellation to be more responsive. (https://xunit.net/xunit.analyzers/rules/xUnit1051) [C:\Users\richa\source\repos\VideoForensics\src\providers\ring\provider\tests\VideoForensics.Providers.Ring.Tests.csproj]
C:\Users\richa\source\repos\VideoForensics\src\providers\ring\provider\tests\RingIntegrationTests.cs(149,41): warning xUnit1051: Calls to methods which accept CancellationToken should use TestContext.Current.CancellationToken to allow test cancellation to be more responsive. (https://xunit.net/xunit.analyzers/rules/xUnit1051) [C:\Users\richa\source\repos\VideoForensics\src\providers\ring\provider\tests\VideoForensics.Providers.Ring.Tests.csproj]
C:\Users\richa\source\repos\VideoForensics\src\providers\ring\provider\tests\RingIntegrationTests.cs(172,40): warning xUnit1051: Calls to methods which accept CancellationToken should use TestContext.Current.CancellationToken to allow test cancellation to be more responsive. (https://xunit.net/xunit.analyzers/rules/xUnit1051) [C:\Users\richa\source\repos\VideoForensics\src\providers\ring\provider\tests\VideoForensics.Providers.Ring.Tests.csproj]
C:\Users\richa\source\repos\VideoForensics\src\providers\ring\provider\tests\RingIntegrationTests.cs(222,38): warning xUnit1051: Calls to methods which accept CancellationToken should use TestContext.Current.CancellationToken to allow test cancellation to be more responsive. (https://xunit.net/xunit.analyzers/rules/xUnit1051) [C:\Users\richa\source\repos\VideoForensics\src\providers\ring\provider\tests\VideoForensics.Providers.Ring.Tests.csproj]
C:\Users\richa\source\repos\VideoForensics\src\providers\ring\provider\tests\RingIntegrationTests.cs(226,39): warning xUnit1051: Calls to methods which accept CancellationToken should use TestContext.Current.CancellationToken to allow test cancellation to be more responsive. (https://xunit.net/xunit.analyzers/rules/xUnit1051) [C:\Users\richa\source\repos\VideoForensics\src\providers\ring\provider\tests\VideoForensics.Providers.Ring.Tests.csproj]
C:\Users\richa\source\repos\VideoForensics\src\providers\ring\provider\tests\RingIntegrationTests.cs(232,41): warning xUnit1051: Calls to methods which accept CancellationToken should use TestContext.Current.CancellationToken to allow test cancellation to be more responsive. (https://xunit.net/xunit.analyzers/rules/xUnit1051) [C:\Users\richa\source\repos\VideoForensics\src\providers\ring\provider\tests\VideoForensics.Providers.Ring.Tests.csproj]
C:\Users\richa\source\repos\VideoForensics\src\providers\ring\provider\tests\RingIntegrationTests.cs(260,40): warning xUnit1051: Calls to methods which accept CancellationToken should use TestContext.Current.CancellationToken to allow test cancellation to be more responsive. (https://xunit.net/xunit.analyzers/rules/xUnit1051) [C:\Users\richa\source\repos\VideoForensics\src\providers\ring\provider\tests\VideoForensics.Providers.Ring.Tests.csproj]
C:\Users\richa\source\repos\VideoForensics\src\providers\ring\provider\tests\RingIntegrationTests.cs(313,38): warning xUnit1051: Calls to methods which accept CancellationToken should use TestContext.Current.CancellationToken to allow test cancellation to be more responsive. (https://xunit.net/xunit.analyzers/rules/xUnit1051) [C:\Users\richa\source\repos\VideoForensics\src\providers\ring\provider\tests\VideoForensics.Providers.Ring.Tests.csproj]
C:\Users\richa\source\repos\VideoForensics\src\providers\ring\provider\tests\RingIntegrationTests.cs(317,39): warning xUnit1051: Calls to methods which accept CancellationToken should use TestContext.Current.CancellationToken to allow test cancellation to be more responsive. (https://xunit.net/xunit.analyzers/rules/xUnit1051) [C:\Users\richa\source\repos\VideoForensics\src\providers\ring\provider\tests\VideoForensics.Providers.Ring.Tests.csproj]
C:\Users\richa\source\repos\VideoForensics\src\providers\ring\provider\tests\RingIntegrationTests.cs(323,41): warning xUnit1051: Calls to methods which accept CancellationToken should use TestContext.Current.CancellationToken to allow test cancellation to be more responsive. (https://xunit.net/xunit.analyzers/rules/xUnit1051) [C:\Users\richa\source\repos\VideoForensics\src\providers\ring\provider\tests\VideoForensics.Providers.Ring.Tests.csproj]
C:\Users\richa\source\repos\VideoForensics\src\providers\ring\provider\tests\RingIntegrationTests.cs(339,36): warning xUnit1051: Calls to methods which accept CancellationToken should use TestContext.Current.CancellationToken to allow test cancellation to be more responsive. (https://xunit.net/xunit.analyzers/rules/xUnit1051) [C:\Users\richa\source\repos\VideoForensics\src\providers\ring\provider\tests\VideoForensics.Providers.Ring.Tests.csproj]
C:\Users\richa\source\repos\VideoForensics\src\providers\ring\provider\tests\RingIntegrationTests.cs(432,34): warning xUnit1051: Calls to methods which accept CancellationToken should use TestContext.Current.CancellationToken to allow test cancellation to be more responsive. (https://xunit.net/xunit.analyzers/rules/xUnit1051) [C:\Users\richa\source\repos\VideoForensics\src\providers\ring\provider\tests\VideoForensics.Providers.Ring.Tests.csproj]
C:\Users\richa\source\repos\VideoForensics\src\providers\ring\provider\tests\RingIntegrationTests.cs(433,41): warning xUnit1051: Calls to methods which accept CancellationToken should use TestContext.Current.CancellationToken to allow test cancellation to be more responsive. (https://xunit.net/xunit.analyzers/rules/xUnit1051) [C:\Users\richa\source\repos\VideoForensics\src\providers\ring\provider\tests\VideoForensics.Providers.Ring.Tests.csproj]
C:\Users\richa\source\repos\VideoForensics\src\providers\ring\provider\tests\RingIntegrationTests.cs(454,19): warning xUnit1051: Calls to methods which accept CancellationToken should use TestContext.Current.CancellationToken to allow test cancellation to be more responsive. (https://xunit.net/xunit.analyzers/rules/xUnit1051) [C:\Users\richa\source\repos\VideoForensics\src\providers\ring\provider\tests\VideoForensics.Providers.Ring.Tests.csproj]
C:\Users\richa\source\repos\VideoForensics\src\providers\ring\provider\tests\RingIntegrationTests.cs(455,35): warning xUnit1051: Calls to methods which accept CancellationToken should use TestContext.Current.CancellationToken to allow test cancellation to be more responsive. (https://xunit.net/xunit.analyzers/rules/xUnit1051) [C:\Users\richa\source\repos\VideoForensics\src\providers\ring\provider\tests\VideoForensics.Providers.Ring.Tests.csproj]
C:\Users\richa\source\repos\VideoForensics\src\providers\ring\provider\tests\RingIntegrationTests.cs(462,37): warning xUnit1051: Calls to methods which accept CancellationToken should use TestContext.Current.CancellationToken to allow test cancellation to be more responsive. (https://xunit.net/xunit.analyzers/rules/xUnit1051) [C:\Users\richa\source\repos\VideoForensics\src\providers\ring\provider\tests\VideoForensics.Providers.Ring.Tests.csproj]
C:\Users\richa\source\repos\VideoForensics\src\providers\ring\provider\tests\RingIntegrationTests.cs(481,34): warning xUnit1051: Calls to methods which accept CancellationToken should use TestContext.Current.CancellationToken to allow test cancellation to be more responsive. (https://xunit.net/xunit.analyzers/rules/xUnit1051) [C:\Users\richa\source\repos\VideoForensics\src\providers\ring\provider\tests\VideoForensics.Providers.Ring.Tests.csproj]
C:\Users\richa\source\repos\VideoForensics\src\providers\ring\provider\tests\RingIntegrationTests.cs(591,38): warning xUnit1051: Calls to methods which accept CancellationToken should use TestContext.Current.CancellationToken to allow test cancellation to be more responsive. (https://xunit.net/xunit.analyzers/rules/xUnit1051) [C:\Users\richa\source\repos\VideoForensics\src\providers\ring\provider\tests\VideoForensics.Providers.Ring.Tests.csproj]
C:\Users\richa\source\repos\VideoForensics\src\providers\ring\provider\tests\RingIntegrationTests.cs(594,39): warning xUnit1051: Calls to methods which accept CancellationToken should use TestContext.Current.CancellationToken to allow test cancellation to be more responsive. (https://xunit.net/xunit.analyzers/rules/xUnit1051) [C:\Users\richa\source\repos\VideoForensics\src\providers\ring\provider\tests\VideoForensics.Providers.Ring.Tests.csproj]
C:\Users\richa\source\repos\VideoForensics\src\providers\ring\provider\tests\RingIntegrationTests.cs(606,41): warning xUnit1051: Calls to methods which accept CancellationToken should use TestContext.Current.CancellationToken to allow test cancellation to be more responsive. (https://xunit.net/xunit.analyzers/rules/xUnit1051) [C:\Users\richa\source\repos\VideoForensics\src\providers\ring\provider\tests\VideoForensics.Providers.Ring.Tests.csproj]
C:\Users\richa\source\repos\VideoForensics\src\providers\ring\provider\tests\RingIntegrationTests.cs(618,44): warning xUnit1051: Calls to methods which accept CancellationToken should use TestContext.Current.CancellationToken to allow test cancellation to be more responsive. (https://xunit.net/xunit.analyzers/rules/xUnit1051) [C:\Users\richa\source\repos\VideoForensics\src\providers\ring\provider\tests\VideoForensics.Providers.Ring.Tests.csproj]
C:\Users\richa\source\repos\VideoForensics\src\providers\ring\snapshots\metadata\tests\Fixtures\SnapshotEventBuilder.cs(110,32): warning CS8601: Possible null reference assignment. [C:\Users\richa\source\repos\VideoForensics\src\providers\ring\snapshots\metadata\tests\VideoForensics.Providers.Ring.Snapshots.Metadata.Tests.csproj]
C:\Users\richa\source\repos\VideoForensics\src\providers\ring\snapshots\metadata\tests\SnapshotMetadataExtractorTests.cs(495,37): warning CS8625: Cannot convert null literal to non-nullable reference type. [C:\Users\richa\source\repos\VideoForensics\src\providers\ring\snapshots\metadata\tests\VideoForensics.Providers.Ring.Snapshots.Metadata.Tests.csproj]
C:\Users\richa\source\repos\VideoForensics\src\providers\ring\snapshots\metadata\tests\ImageMetadataWriterTests.cs(302,13): warning xUnit2017: Do not use Assert.True() to check if a value exists in a collection. Use Assert.Contains instead. (https://xunit.net/xunit.analyzers/rules/xUnit2017) [C:\Users\richa\source\repos\VideoForensics\src\providers\ring\snapshots\metadata\tests\VideoForensics.Providers.Ring.Snapshots.Metadata.Tests.csproj]
C:\Users\richa\source\repos\VideoForensics\src\providers\ring\snapshots\metadata\tests\ImageMetadataWriterTests.cs(284,13): warning xUnit2017: Do not use Assert.True() to check if a value exists in a collection. Use Assert.Contains instead. (https://xunit.net/xunit.analyzers/rules/xUnit2017) [C:\Users\richa\source\repos\VideoForensics\src\providers\ring\snapshots\metadata\tests\VideoForensics.Providers.Ring.Snapshots.Metadata.Tests.csproj]
C:\Users\richa\source\repos\VideoForensics\src\providers\ring\snapshots\metadata\tests\SnapshotMetadataExtractorTests.cs(305,13): warning xUnit2012: Do not use Assert.True() to check if a value exists in a collection. Use Assert.Contains instead. (https://xunit.net/xunit.analyzers/rules/xUnit2012) [C:\Users\richa\source\repos\VideoForensics\src\providers\ring\snapshots\metadata\tests\VideoForensics.Providers.Ring.Snapshots.Metadata.Tests.csproj]
C:\Users\richa\source\repos\VideoForensics\src\providers\ring\snapshots\metadata\tests\SnapshotMetadataExtractorTests.cs(320,13): warning xUnit2017: Do not use Assert.True() to check if a value exists in a collection. Use Assert.Contains instead. (https://xunit.net/xunit.analyzers/rules/xUnit2017) [C:\Users\richa\source\repos\VideoForensics\src\providers\ring\snapshots\metadata\tests\VideoForensics.Providers.Ring.Snapshots.Metadata.Tests.csproj]
C:\Users\richa\source\repos\VideoForensics\src\providers\ring\snapshots\metadata\tests\SnapshotMetadataExtractorTests.cs(335,13): warning xUnit2017: Do not use Assert.True() to check if a value exists in a collection. Use Assert.Contains instead. (https://xunit.net/xunit.analyzers/rules/xUnit2017) [C:\Users\richa\source\repos\VideoForensics\src\providers\ring\snapshots\metadata\tests\VideoForensics.Providers.Ring.Snapshots.Metadata.Tests.csproj]
C:\Users\richa\source\repos\VideoForensics\src\providers\ring\snapshots\metadata\tests\SnapshotMetadataExtractorTests.cs(354,13): warning xUnit2009: Do not use Assert.True() to check for substrings. Use Assert.Contains instead. (https://xunit.net/xunit.analyzers/rules/xUnit2009) [C:\Users\richa\source\repos\VideoForensics\src\providers\ring\snapshots\metadata\tests\VideoForensics.Providers.Ring.Snapshots.Metadata.Tests.csproj]
C:\Users\richa\source\repos\VideoForensics\src\providers\ring\snapshots\metadata\tests\SnapshotMetadataExtractorTests.cs(355,13): warning xUnit2009: Do not use Assert.True() to check for substrings. Use Assert.Contains instead. (https://xunit.net/xunit.analyzers/rules/xUnit2009) [C:\Users\richa\source\repos\VideoForensics\src\providers\ring\snapshots\metadata\tests\VideoForensics.Providers.Ring.Snapshots.Metadata.Tests.csproj]
C:\Users\richa\source\repos\VideoForensics\src\providers\ring\snapshots\metadata\tests\SnapshotMetadataExtractorTests.cs(384,13): warning xUnit2009: Do not use Assert.True() to check for substrings. Use Assert.Contains instead. (https://xunit.net/xunit.analyzers/rules/xUnit2009) [C:\Users\richa\source\repos\VideoForensics\src\providers\ring\snapshots\metadata\tests\VideoForensics.Providers.Ring.Snapshots.Metadata.Tests.csproj]
C:\Users\richa\source\repos\VideoForensics\src\providers\ring\snapshots\metadata\tests\SnapshotMetadataExtractorTests.cs(370,13): warning xUnit2009: Do not use Assert.True() to check for substrings. Use Assert.Contains instead. (https://xunit.net/xunit.analyzers/rules/xUnit2009) [C:\Users\richa\source\repos\VideoForensics\src\providers\ring\snapshots\metadata\tests\VideoForensics.Providers.Ring.Snapshots.Metadata.Tests.csproj]
C:\Users\richa\source\repos\VideoForensics\src\data\database\data.database\Configurations\RingAccountConfiguration.cs(25,18): error CS1061: 'PropertyBuilder<SyncStatus>' does not contain a definition for 'HasDefaultValue' and no accessible extension method 'HasDefaultValue' accepting a first argument of type 'PropertyBuilder<SyncStatus>' could be found (are you missing a using directive or an assembly reference?) [C:\Users\richa\source\repos\VideoForensics\src\data\database\data.database\VideoForensics.Data.Database.csproj]
C:\Users\richa\source\repos\VideoForensics\src\data\database\data.database\Configurations\LocationMetadataConfiguration.cs(33,18): error CS1061: 'PropertyBuilder<SyncStatus>' does not contain a definition for 'HasDefaultValue' and no accessible extension method 'HasDefaultValue' accepting a first argument of type 'PropertyBuilder<SyncStatus>' could be found (are you missing a using directive or an assembly reference?) [C:\Users\richa\source\repos\VideoForensics\src\data\database\data.database\VideoForensics.Data.Database.csproj]
C:\Users\richa\source\repos\VideoForensics\src\data\database\data.database\Configurations\DeviceCapabilitiesConfiguration.cs(27,18): error CS1061: 'PropertyBuilder<SyncStatus>' does not contain a definition for 'HasDefaultValue' and no accessible extension method 'HasDefaultValue' accepting a first argument of type 'PropertyBuilder<SyncStatus>' could be found (are you missing a using directive or an assembly reference?) [C:\Users\richa\source\repos\VideoForensics\src\data\database\data.database\VideoForensics.Data.Database.csproj]
C:\Users\richa\source\repos\VideoForensics\src\data\database\data.database\Configurations\DeviceHealthConfiguration.cs(21,18): error CS1061: 'PropertyBuilder<SyncStatus>' does not contain a definition for 'HasDefaultValue' and no accessible extension method 'HasDefaultValue' accepting a first argument of type 'PropertyBuilder<SyncStatus>' could be found (are you missing a using directive or an assembly reference?) [C:\Users\richa\source\repos\VideoForensics\src\data\database\data.database\VideoForensics.Data.Database.csproj]
    677 Warning(s)
    4 Error(s)

Time Elapsed 00:06:40.26
